┏━━━━━━━━━━━━━━━━━━━━━━┳━━━━━━━━━━┳━━━━━━━━━━┳━━━━━━━━━━┳━━━━━━━━━━┳━━━━━━━━━━┳━━━━━━━━━━━┳━━━━━━━━━━┳━━━━━━━━━━━┳━━━━━━━━━━┳━━━━━━━━━━━┳━━━━━━━━━━┳━━━━━━━━━━━┓
┃                      ┃ Hold     ┃ Reg to   ┃          ┃          ┃ of which ┃ Setup     ┃ Reg to   ┃           ┃ Setup    ┃ of which  ┃          ┃           ┃
┃                      ┃ Worst    ┃ Reg      ┃          ┃ Hold Vio ┃ reg to   ┃ Worst     ┃ Reg      ┃           ┃ Vio      ┃ reg to    ┃ Max Cap  ┃ Max Slew  ┃
┃ Corner/Group         ┃ Slack    ┃ Paths    ┃ Hold TNS ┃ Count    ┃ reg      ┃ Slack     ┃ Paths    ┃ Setup TNS ┃ Count    ┃ reg       ┃ Violati… ┃ Violatio… ┃
┡━━━━━━━━━━━━━━━━━━━━━━╇━━━━━━━━━━╇━━━━━━━━━━╇━━━━━━━━━━╇━━━━━━━━━━╇━━━━━━━━━━╇━━━━━━━━━━━╇━━━━━━━━━━╇━━━━━━━━━━━╇━━━━━━━━━━╇━━━━━━━━━━━╇━━━━━━━━━━╇━━━━━━━━━━━┩
│ Overall              │ 0.0414   │ 0.0414   │ 0.0000   │ 0        │ 0        │ -11.1081  │ N/A      │ -1660.23… │ 489      │ 0         │ 19       │ 2383      │
│ nom_tt_025C_1v80     │ 0.2022   │ 0.2022   │ 0.0000   │ 0        │ 0        │ -1.6324   │ N/A      │ -83.1212  │ 128      │ 0         │ 12       │ 1991      │
│ nom_ss_100C_1v60     │ 0.6368   │ 0.6368   │ 0.0000   │ 0        │ 0        │ -11.1081  │ N/A      │ -1660.23… │ 361      │ 0         │ 19       │ 2383      │
│ nom_ff_n40C_1v95     │ 0.0414   │ 0.0414   │ 0.0000   │ 0        │ 0        │ 1.8812    │ N/A      │ 0.0000    │ 0        │ 0         │ 12       │ 1315      │
└──────────────────────┴──────────┴──────────┴──────────┴──────────┴──────────┴───────────┴──────────┴───────────┴──────────┴───────────┴──────────┴───────────┘
