132. Printing statistics.

=== compute_core ===

   Number of wires:               5224
   Number of wire bits:           6460
   Number of public wires:          26
   Number of public wire bits:     456
   Number of ports:                  9
   Number of port bits:            151
   Number of memories:               0
   Number of memory bits:            0
   Number of processes:              0
   Number of cells:               5734
     $_ANDNOT_                    1601
     $_AND_                        267
     $_MUX_                        730
     $_NAND_                       191
     $_NOR_                        126
     $_NOT_                        310
     $_ORNOT_                      112
     $_OR_                         465
     $_XNOR_                       425
     $_XOR_                       1073
     sky130_fd_sc_hd__dfxtp_2      434

   Area for cell type $_NOT_ is unknown!
   Area for cell type $_AND_ is unknown!
   Area for cell type $_NAND_ is unknown!
   Area for cell type $_OR_ is unknown!
   Area for cell type $_NOR_ is unknown!
   Area for cell type $_XOR_ is unknown!
   Area for cell type $_XNOR_ is unknown!
   Area for cell type $_ANDNOT_ is unknown!
   Area for cell type $_ORNOT_ is unknown!
   Area for cell type $_MUX_ is unknown!

   Chip area for module '\compute_core': 9231.353600
     of which used for sequential elements: 9231.353600 (100.00%)

