126. Printing statistics.

=== compute_core ===

   Number of wires:               4494
   Number of wire bits:           5730
   Number of public wires:          26
   Number of public wire bits:     456
   Number of ports:                  9
   Number of port bits:            151
   Number of memories:               0
   Number of memory bits:            0
   Number of processes:              0
   Number of cells:               5004
     $_ANDNOT_                    1601
     $_AND_                        267
     $_DFFE_PP_                      8
     $_NAND_                       191
     $_NOR_                        126
     $_NOT_                        310
     $_ORNOT_                      112
     $_OR_                         465
     $_SDFFCE_PN0P_                 24
     $_SDFFE_PP0P_                 272
     $_SDFF_PP0_                   130
     $_XNOR_                       425
     $_XOR_                       1073

   Area for cell type $_NOT_ is unknown!
   Area for cell type $_AND_ is unknown!
   Area for cell type $_NAND_ is unknown!
   Area for cell type $_OR_ is unknown!
   Area for cell type $_NOR_ is unknown!
   Area for cell type $_XOR_ is unknown!
   Area for cell type $_XNOR_ is unknown!
   Area for cell type $_ANDNOT_ is unknown!
   Area for cell type $_ORNOT_ is unknown!
   Area for cell type $_DFFE_PP_ is unknown!
   Area for cell type $_SDFF_PP0_ is unknown!
   Area for cell type $_SDFFE_PP0P_ is unknown!
   Area for cell type $_SDFFCE_PN0P_ is unknown!

