148. Printing statistics.

=== cnn_top ===

   Number of wires:               1987
   Number of wire bits:           2647
   Number of public wires:          44
   Number of public wire bits:     487
   Number of ports:                 19
   Number of port bits:            148
   Number of memories:               0
   Number of memory bits:            0
   Number of processes:              0
   Number of cells:               2316
     $_ANDNOT_                     529
     $_AND_                         60
     $_MUX_                        562
     $_NAND_                        64
     $_NOR_                         39
     $_NOT_                         65
     $_ORNOT_                       48
     $_OR_                         289
     $_XNOR_                        51
     $_XOR_                        293
     sky130_fd_sc_hd__dfxtp_2      316

   Area for cell type $_NOT_ is unknown!
   Area for cell type $_AND_ is unknown!
   Area for cell type $_NAND_ is unknown!
   Area for cell type $_OR_ is unknown!
   Area for cell type $_NOR_ is unknown!
   Area for cell type $_XOR_ is unknown!
   Area for cell type $_XNOR_ is unknown!
   Area for cell type $_ANDNOT_ is unknown!
   Area for cell type $_ORNOT_ is unknown!
   Area for cell type $_MUX_ is unknown!

   Chip area for module '\cnn_top': 6721.446400
     of which used for sequential elements: 6721.446400 (100.00%)

