142. Printing statistics.

=== cnn_top ===

   Number of wires:               1429
   Number of wire bits:           2089
   Number of public wires:          44
   Number of public wire bits:     487
   Number of ports:                 19
   Number of port bits:            148
   Number of memories:               0
   Number of memory bits:            0
   Number of processes:              0
   Number of cells:               1758
     $_ANDNOT_                     529
     $_AND_                         60
     $_DFFE_PP_                      4
     $_DFF_P_                        8
     $_MUX_                          4
     $_NAND_                        64
     $_NOR_                         39
     $_NOT_                         65
     $_ORNOT_                       48
     $_OR_                         289
     $_SDFFCE_PN0P_                  8
     $_SDFFE_PP0P_                 242
     $_SDFF_PP0_                    54
     $_XNOR_                        51
     $_XOR_                        293

   Area for cell type $_NOT_ is unknown!
   Area for cell type $_AND_ is unknown!
   Area for cell type $_NAND_ is unknown!
   Area for cell type $_OR_ is unknown!
   Area for cell type $_NOR_ is unknown!
   Area for cell type $_XOR_ is unknown!
   Area for cell type $_XNOR_ is unknown!
   Area for cell type $_ANDNOT_ is unknown!
   Area for cell type $_ORNOT_ is unknown!
   Area for cell type $_MUX_ is unknown!
   Area for cell type $_DFF_P_ is unknown!
   Area for cell type $_DFFE_PP_ is unknown!
   Area for cell type $_SDFF_PP0_ is unknown!
   Area for cell type $_SDFFE_PP0P_ is unknown!
   Area for cell type $_SDFFCE_PN0P_ is unknown!

