156. Printing statistics.

=== cnn_top ===

   Number of wires:               1741
   Number of wire bits:           1870
   Number of public wires:         298
   Number of public wire bits:     427
   Number of ports:                 19
   Number of port bits:            148
   Number of memories:               0
   Number of memory bits:            0
   Number of processes:              0
   Number of cells:               1763
     sky130_fd_sc_hd__a2111o_2       2
     sky130_fd_sc_hd__a211o_2        5
     sky130_fd_sc_hd__a211oi_2       1
     sky130_fd_sc_hd__a21bo_2       14
     sky130_fd_sc_hd__a21boi_2       8
     sky130_fd_sc_hd__a21o_2        38
     sky130_fd_sc_hd__a21oi_2       69
     sky130_fd_sc_hd__a221o_2       31
     sky130_fd_sc_hd__a221oi_2       1
     sky130_fd_sc_hd__a22o_2        79
     sky130_fd_sc_hd__a22oi_2       24
     sky130_fd_sc_hd__a311oi_2       2
     sky130_fd_sc_hd__a31o_2        22
     sky130_fd_sc_hd__a31oi_2        2
     sky130_fd_sc_hd__a32o_2         4
     sky130_fd_sc_hd__a41o_2         1
     sky130_fd_sc_hd__and2_2       208
     sky130_fd_sc_hd__and2b_2       24
     sky130_fd_sc_hd__and3_2        38
     sky130_fd_sc_hd__and3b_2        3
     sky130_fd_sc_hd__and4_2         7
     sky130_fd_sc_hd__and4bb_2       1
     sky130_fd_sc_hd__conb_1         4
     sky130_fd_sc_hd__dfxtp_2      316
     sky130_fd_sc_hd__inv_2         23
     sky130_fd_sc_hd__mux2_1       102
     sky130_fd_sc_hd__nand2_2      113
     sky130_fd_sc_hd__nand2b_2      19
     sky130_fd_sc_hd__nand3_2       13
     sky130_fd_sc_hd__nand3b_2       2
     sky130_fd_sc_hd__nand4_2        6
     sky130_fd_sc_hd__nor2_2       111
     sky130_fd_sc_hd__nor3_2         6
     sky130_fd_sc_hd__nor3b_2        1
     sky130_fd_sc_hd__nor4_2         1
     sky130_fd_sc_hd__nor4b_2        1
     sky130_fd_sc_hd__o2111a_2       1
     sky130_fd_sc_hd__o2111ai_2      1
     sky130_fd_sc_hd__o211a_2       58
     sky130_fd_sc_hd__o21a_2        13
     sky130_fd_sc_hd__o21ai_2       17
     sky130_fd_sc_hd__o21ba_2       12
     sky130_fd_sc_hd__o21bai_2      10
     sky130_fd_sc_hd__o221a_2       10
     sky130_fd_sc_hd__o22a_2         1
     sky130_fd_sc_hd__o2bb2a_2       2
     sky130_fd_sc_hd__o31a_2         5
     sky130_fd_sc_hd__o32a_2         4
     sky130_fd_sc_hd__or2_2         92
     sky130_fd_sc_hd__or3_2          7
     sky130_fd_sc_hd__or3b_2         5
     sky130_fd_sc_hd__or4_2          2
     sky130_fd_sc_hd__or4b_2         3
     sky130_fd_sc_hd__or4bb_2        1
     sky130_fd_sc_hd__xnor2_2      153
     sky130_fd_sc_hd__xor2_2        64

   Chip area for module '\cnn_top': 20656.060800
     of which used for sequential elements: 6721.446400 (32.54%)

