
===========================================================================
report_checks -unconstrained
===========================================================================
======================= nom_tt_025C_1v80 Corner ===================================

Startpoint: _2941_ (rising edge-triggered flip-flop clocked by clk)
Endpoint: _3132_ (rising edge-triggered flip-flop clocked by clk)
Path Group: clk
Path Type: max

Fanout         Cap        Slew       Delay        Time   Description
---------------------------------------------------------------------------------------------
                                  0.000000    0.000000   clock clk (rise edge)
                                  0.000000    0.000000   clock source latency
     1    0.022083    0.105005    0.072391    0.072391 ^ clk (in)
                                                         clk (net)
                      0.105013    0.000000    0.072391 ^ clkbuf_0_clk/A (sky130_fd_sc_hd__clkbuf_16)
     2    0.024689    0.046071    0.151518    0.223909 ^ clkbuf_0_clk/X (sky130_fd_sc_hd__clkbuf_16)
                                                         clknet_0_clk (net)
                      0.046108    0.001141    0.225050 ^ clkbuf_1_0__f_clk/A (sky130_fd_sc_hd__clkbuf_16)
    13    0.095927    0.111814    0.182474    0.407525 ^ clkbuf_1_0__f_clk/X (sky130_fd_sc_hd__clkbuf_16)
                                                         clknet_1_0__leaf_clk (net)
                      0.112073    0.004354    0.411879 ^ clkbuf_leaf_20_clk/A (sky130_fd_sc_hd__clkbuf_8)
    14    0.039617    0.081285    0.180704    0.592583 ^ clkbuf_leaf_20_clk/X (sky130_fd_sc_hd__clkbuf_8)
                                                         clknet_leaf_20_clk (net)
                      0.081299    0.001078    0.593661 ^ _2941_/CLK (sky130_fd_sc_hd__dfxtp_1)
     2    0.008887    0.092899    0.353417    0.947078 ^ _2941_/Q (sky130_fd_sc_hd__dfxtp_1)
                                                         u_core.pe_array[0].u_pe.weight_in[1] (net)
                      0.092899    0.000290    0.947369 ^ fanout178/A (sky130_fd_sc_hd__buf_4)
    10    0.040632    0.118864    0.184864    1.132232 ^ fanout178/X (sky130_fd_sc_hd__buf_4)
                                                         net178 (net)
                      0.118967    0.002131    1.134364 ^ _2085_/B (sky130_fd_sc_hd__and3_1)
     1    0.006810    0.084538    0.192245    1.326608 ^ _2085_/X (sky130_fd_sc_hd__and3_1)
                                                         _0540_ (net)
                      0.084538    0.000287    1.326895 ^ fanout127/A (sky130_fd_sc_hd__buf_6)
     6    0.028862    0.066781    0.130858    1.457754 ^ fanout127/X (sky130_fd_sc_hd__buf_6)
                                                         net127 (net)
                      0.066790    0.000857    1.458611 ^ fanout125/A (sky130_fd_sc_hd__buf_12)
     6    0.038385    0.056960    0.120341    1.578952 ^ fanout125/X (sky130_fd_sc_hd__buf_12)
                                                         net125 (net)
                      0.057072    0.001708    1.580660 ^ _2130_/B (sky130_fd_sc_hd__nor2_8)
     2    0.012803    0.073447    0.035648    1.616308 v _2130_/Y (sky130_fd_sc_hd__nor2_8)
                                                         _0584_ (net)
                      0.073447    0.000387    1.616695 v fanout112/A (sky130_fd_sc_hd__buf_12)
     6    0.038184    0.037297    0.147691    1.764386 v fanout112/X (sky130_fd_sc_hd__buf_12)
                                                         net112 (net)
                      0.037313    0.000841    1.765227 v rebuffer1/A (sky130_fd_sc_hd__clkbuf_4)
     5    0.029913    0.072043    0.171463    1.936690 v rebuffer1/X (sky130_fd_sc_hd__clkbuf_4)
                                                         net224 (net)
                      0.072071    0.001364    1.938055 v rebuffer3/A (sky130_fd_sc_hd__clkbuf_2)
     1    0.009298    0.045459    0.130604    2.068659 v rebuffer3/X (sky130_fd_sc_hd__clkbuf_2)
                                                         net226 (net)
                      0.045461    0.000359    2.069017 v _2212_/B (sky130_fd_sc_hd__xnor2_2)
     2    0.011760    0.079544    0.149742    2.218760 v _2212_/Y (sky130_fd_sc_hd__xnor2_2)
                                                         _0664_ (net)
                      0.079546    0.000485    2.219245 v _2214_/A (sky130_fd_sc_hd__xnor2_2)
     2    0.013760    0.218713    0.239553    2.458798 ^ _2214_/Y (sky130_fd_sc_hd__xnor2_2)
                                                         _0666_ (net)
                      0.218713    0.000467    2.459265 ^ _2215_/A (sky130_fd_sc_hd__xor2_2)
     2    0.014401    0.211913    0.234501    2.693766 ^ _2215_/X (sky130_fd_sc_hd__xor2_2)
                                                         _0667_ (net)
                      0.211913    0.000500    2.694266 ^ _2234_/B (sky130_fd_sc_hd__xnor2_2)
     2    0.010902    0.085360    0.111320    2.805586 v _2234_/Y (sky130_fd_sc_hd__xnor2_2)
                                                         _0686_ (net)
                      0.085360    0.000295    2.805881 v _2237_/B (sky130_fd_sc_hd__xnor2_2)
     2    0.016827    0.253144    0.241254    3.047135 ^ _2237_/Y (sky130_fd_sc_hd__xnor2_2)
                                                         _0689_ (net)
                      0.253228    0.000601    3.047736 ^ _2238_/A (sky130_fd_sc_hd__xnor2_2)
     2    0.014070    0.097455    0.143401    3.191136 v _2238_/Y (sky130_fd_sc_hd__xnor2_2)
                                                         _0690_ (net)
                      0.097459    0.000720    3.191856 v _2240_/A (sky130_fd_sc_hd__xnor2_2)
     2    0.022131    0.313063    0.316282    3.508138 ^ _2240_/Y (sky130_fd_sc_hd__xnor2_2)
                                                         _0692_ (net)
                      0.313067    0.000891    3.509029 ^ _2242_/A (sky130_fd_sc_hd__xor2_4)
     4    0.025042    0.107184    0.158550    3.667579 v _2242_/X (sky130_fd_sc_hd__xor2_4)
                                                         _0694_ (net)
                      0.107185    0.000520    3.668099 v _2285_/B (sky130_fd_sc_hd__nor3_2)
     1    0.005884    0.157521    0.195818    3.863917 ^ _2285_/Y (sky130_fd_sc_hd__nor3_2)
                                                         _0735_ (net)
                      0.157521    0.000173    3.864090 ^ _2289_/A1 (sky130_fd_sc_hd__a31o_4)
     2    0.014677    0.065512    0.188576    4.052666 ^ _2289_/X (sky130_fd_sc_hd__a31o_4)
                                                         _0739_ (net)
                      0.065520    0.000745    4.053411 ^ _2441_/A2 (sky130_fd_sc_hd__o2111ai_4)
     4    0.018006    0.148369    0.143269    4.196681 v _2441_/Y (sky130_fd_sc_hd__o2111ai_4)
                                                         _0887_ (net)
                      0.148370    0.000963    4.197644 v _2597_/A2 (sky130_fd_sc_hd__a2111o_1)
     2    0.007219    0.082096    0.468446    4.666090 v _2597_/X (sky130_fd_sc_hd__a2111o_1)
                                                         _1035_ (net)
                      0.082096    0.000316    4.666407 v _2685_/A2 (sky130_fd_sc_hd__a2111o_1)
     2    0.009534    0.092586    0.460401    5.126808 v _2685_/X (sky130_fd_sc_hd__a2111o_1)
                                                         _1119_ (net)
                      0.092586    0.000399    5.127206 v _2729_/A3 (sky130_fd_sc_hd__a311oi_2)
     2    0.008299    0.264688    0.333117    5.460323 ^ _2729_/Y (sky130_fd_sc_hd__a311oi_2)
                                                         _1161_ (net)
                      0.264688    0.000317    5.460639 ^ _2748_/A2 (sky130_fd_sc_hd__o21ai_2)
     3    0.006998    0.061521    0.093923    5.554563 v _2748_/Y (sky130_fd_sc_hd__o21ai_2)
                                                         _1180_ (net)
                      0.061521    0.000217    5.554780 v _2761_/A (sky130_fd_sc_hd__and3_1)
     2    0.005820    0.049719    0.160814    5.715594 v _2761_/X (sky130_fd_sc_hd__and3_1)
                                                         _1192_ (net)
                      0.049719    0.000185    5.715779 v _2763_/B (sky130_fd_sc_hd__or3b_4)
     1    0.002455    0.061232    0.356818    6.072597 v _2763_/X (sky130_fd_sc_hd__or3b_4)
                                                         _1194_ (net)
                      0.061232    0.000056    6.072653 v _2764_/B1_N (sky130_fd_sc_hd__a21bo_1)
     1    0.003005    0.038993    0.177203    6.249856 ^ _2764_/X (sky130_fd_sc_hd__a21bo_1)
                                                         _0246_ (net)
                      0.038993    0.000075    6.249931 ^ _3132_/D (sky130_fd_sc_hd__dfxtp_1)
                                              6.249931   data arrival time

                                 10.000000   10.000000   clock clk (rise edge)
                                  0.000000   10.000000   clock source latency
     1    0.022083    0.105005    0.072391   10.072392 ^ clk (in)
                                                         clk (net)
                      0.105013    0.000000   10.072392 ^ clkbuf_0_clk/A (sky130_fd_sc_hd__clkbuf_16)
     2    0.024689    0.046071    0.151518   10.223909 ^ clkbuf_0_clk/X (sky130_fd_sc_hd__clkbuf_16)
                                                         clknet_0_clk (net)
                      0.046115    0.001231   10.225141 ^ clkbuf_1_1__f_clk/A (sky130_fd_sc_hd__clkbuf_16)
    15    0.103918    0.119391    0.188162   10.413302 ^ clkbuf_1_1__f_clk/X (sky130_fd_sc_hd__clkbuf_16)
                                                         clknet_1_1__leaf_clk (net)
                      0.119606    0.003651   10.416954 ^ clkbuf_leaf_0_clk/A (sky130_fd_sc_hd__clkbuf_8)
    16    0.044662    0.089231    0.189665   10.606619 ^ clkbuf_leaf_0_clk/X (sky130_fd_sc_hd__clkbuf_8)
                                                         clknet_leaf_0_clk (net)
                      0.089246    0.001156   10.607776 ^ _3132_/CLK (sky130_fd_sc_hd__dfxtp_1)
                                 -0.250000   10.357776   clock uncertainty
                                  0.000000   10.357776   clock reconvergence pessimism
                                 -0.046311   10.311464   library setup time
                                             10.311464   data required time
---------------------------------------------------------------------------------------------
                                             10.311464   data required time
                                             -6.249931   data arrival time
---------------------------------------------------------------------------------------------
                                              4.061533   slack (MET)




===========================================================================
report_checks --slack_max -0.01
============================================================================
======================= nom_tt_025C_1v80 Corner ===================================

No paths found.


===========================================================================
 report_check_types -max_slew -max_cap -max_fanout -violators
============================================================================
======================= nom_tt_025C_1v80 Corner ===================================

max fanout

Pin                                   Limit Fanout  Slack
---------------------------------------------------------
clkbuf_leaf_0_clk/X                      10     16     -6 (VIOLATED)
clkbuf_leaf_23_clk/X                     10     16     -6 (VIOLATED)
clkbuf_leaf_24_clk/X                     10     16     -6 (VIOLATED)
clkbuf_leaf_8_clk/X                      10     16     -6 (VIOLATED)
clkbuf_1_1__f_clk/X                      10     15     -5 (VIOLATED)
clkbuf_leaf_3_clk/X                      10     15     -5 (VIOLATED)
clkbuf_leaf_4_clk/X                      10     15     -5 (VIOLATED)
clkbuf_leaf_5_clk/X                      10     15     -5 (VIOLATED)
clkbuf_leaf_11_clk/X                     10     14     -4 (VIOLATED)
clkbuf_leaf_15_clk/X                     10     14     -4 (VIOLATED)
clkbuf_leaf_16_clk/X                     10     14     -4 (VIOLATED)
clkbuf_leaf_18_clk/X                     10     14     -4 (VIOLATED)
clkbuf_leaf_20_clk/X                     10     14     -4 (VIOLATED)
clkbuf_leaf_26_clk/X                     10     14     -4 (VIOLATED)
clkbuf_leaf_7_clk/X                      10     14     -4 (VIOLATED)
clkbuf_leaf_9_clk/X                      10     14     -4 (VIOLATED)
clkbuf_1_0__f_clk/X                      10     13     -3 (VIOLATED)
clkbuf_leaf_13_clk/X                     10     13     -3 (VIOLATED)
clkbuf_leaf_19_clk/X                     10     13     -3 (VIOLATED)
clkbuf_leaf_6_clk/X                      10     13     -3 (VIOLATED)
clkbuf_leaf_10_clk/X                     10     12     -2 (VIOLATED)
clkbuf_leaf_12_clk/X                     10     12     -2 (VIOLATED)
clkbuf_leaf_14_clk/X                     10     11        (VIOLATED)
clkbuf_leaf_17_clk/X                     10     11        (VIOLATED)



===========================================================================
report_parasitic_annotation -report_unannotated
============================================================================
Found 88 unannotated drivers.
 s_araddr[10]
 s_araddr[11]
 s_araddr[12]
 s_araddr[13]
 s_araddr[14]
 s_araddr[15]
 s_araddr[16]
 s_araddr[17]
 s_araddr[18]
 s_araddr[19]
 s_araddr[20]
 s_araddr[21]
 s_araddr[22]
 s_araddr[23]
 s_araddr[24]
 s_araddr[25]
 s_araddr[26]
 s_araddr[27]
 s_araddr[28]
 s_araddr[29]
 s_araddr[30]
 s_araddr[31]
 s_araddr[5]
 s_araddr[6]
 s_araddr[7]
 s_araddr[8]
 s_araddr[9]
 s_awaddr[10]
 s_awaddr[11]
 s_awaddr[12]
 s_awaddr[13]
 s_awaddr[14]
 s_awaddr[15]
 s_awaddr[16]
 s_awaddr[17]
 s_awaddr[18]
 s_awaddr[19]
 s_awaddr[20]
 s_awaddr[21]
 s_awaddr[22]
 s_awaddr[23]
 s_awaddr[24]
 s_awaddr[25]
 s_awaddr[26]
 s_awaddr[27]
 s_awaddr[28]
 s_awaddr[29]
 s_awaddr[30]
 s_awaddr[31]
 s_awaddr[4]
 s_awaddr[5]
 s_awaddr[6]
 s_awaddr[7]
 s_awaddr[8]
 s_awaddr[9]
 s_wstrb[0]
 s_wstrb[1]
 s_wstrb[2]
 s_wstrb[3]
 clkload0/Y
 clkload1/Y
 clkload10/Y
 clkload11/X
 clkload12/Y
 clkload13/Y
 clkload14/X
 clkload15/X
 clkload16/X
 clkload17/Y
 clkload18/Y
 clkload19/Y
 clkload2/Y
 clkload20/Y
 clkload21/Y
 clkload22/Y
 clkload23/Y
 clkload24/Y
 clkload3/Y
 clkload4/Y
 clkload5/Y
 clkload6/Y
 clkload7/Y
 clkload8/Y
 clkload9/Y
 cnn_top_220/HI
 cnn_top_221/HI
 cnn_top_222/HI
 cnn_top_223/HI
Found 0 partially unannotated drivers.

===========================================================================
max slew violation count 0
Writing metric design__max_slew_violation__count__corner:nom_tt_025C_1v80: 0
max fanout violation count 24
Writing metric design__max_fanout_violation__count__corner:nom_tt_025C_1v80: 24
max cap violation count 0
Writing metric design__max_cap_violation__count__corner:nom_tt_025C_1v80: 0
============================================================================

===========================================================================
check_setup -verbose -unconstrained_endpoints -multiple_clock -no_clock -no_input_delay -loops -generated_clocks
===========================================================================
Warning: There are 4 unconstrained endpoints.
  s_bresp[0]
  s_bresp[1]
  s_rresp[0]
  s_rresp[1]
