Clock: clk
Sources: clk 
Generated: no
Virtual: yes
Propagated: no
Period: 10.000000

===========================================================================
report_clock_properties
============================================================================
Clock                   Period          Waveform
----------------------------------------------------
clk                  10.000000    0.000000  5.000000

===========================================================================
report_clock_latency
============================================================================
Clock clk
rise -> rise
    min     max
0.000000 0.000000 source latency
0.582787         network latency _3111_/CLK
        0.609151 network latency _3089_/CLK
---------------
0.582787 0.609151 latency
        0.026365 skew

fall -> fall
    min     max
0.000000 0.000000 source latency
0.538214         network latency _3111_/CLK
        0.558352 network latency _3089_/CLK
---------------
0.538214 0.558352 latency
        0.020138 skew



===========================================================================
report_clock_min_period
============================================================================
clk period_min = 5.94 fmax = 168.39
