
===========================================================================
 report_power
============================================================================
======================= nom_tt_025C_1v80 Corner ===================================

Group                    Internal    Switching      Leakage        Total
                            Power        Power        Power        Power (Watts)
------------------------------------------------------------------------
Sequential           1.276667e-03 1.189561e-05 2.554021e-09 1.288565e-03  55.8%
Combinational        6.605380e-05 8.318443e-05 7.719609e-09 1.492459e-04   6.5%
Clock                4.353345e-04 4.368815e-04 9.138076e-10 8.722169e-04  37.8%
Macro                0.000000e+00 0.000000e+00 0.000000e+00 0.000000e+00   0.0%
Pad                  0.000000e+00 0.000000e+00 0.000000e+00 0.000000e+00   0.0%
------------------------------------------------------------------------
Total                1.778056e-03 5.319614e-04 1.118749e-08 2.310029e-03 100.0%
                            77.0%        23.0%         0.0%
Writing metric power__internal__total: 0.001778056495822966
Writing metric power__switching__total: 0.0005319614429026842
Writing metric power__leakage__total: 1.1187492710007518e-8
Writing metric power__total: 0.0023100292310118675

