
===========================================================================
 report_power
============================================================================
======================= nom_tt_025C_1v80 Corner ===================================

Group                    Internal    Switching      Leakage        Total
                            Power        Power        Power        Power (Watts)
------------------------------------------------------------------------
Sequential           1.793405e-03 4.789088e-05 3.513466e-09 1.841299e-03  31.2%
Combinational        1.157713e-03 1.154597e-03 2.234655e-08 2.312332e-03  39.1%
Clock                9.099151e-04 8.447357e-04 1.627831e-09 1.754652e-03  29.7%
Macro                0.000000e+00 0.000000e+00 0.000000e+00 0.000000e+00   0.0%
Pad                  0.000000e+00 0.000000e+00 0.000000e+00 0.000000e+00   0.0%
------------------------------------------------------------------------
Total                3.861034e-03 2.047223e-03 2.748791e-08 5.908284e-03 100.0%
                            65.3%        34.7%         0.0%
Writing metric power__internal__total: 0.0038610335905104876
Writing metric power__switching__total: 0.0020472228061407804
Writing metric power__leakage__total: 2.7487905285283887e-8
Writing metric power__total: 0.005908283870667219

