Clock: clk
Sources: clk 
Generated: no
Virtual: yes
Propagated: no
Period: 10.000000

===========================================================================
report_clock_properties
============================================================================
Clock                   Period          Waveform
----------------------------------------------------
clk                  10.000000    0.000000  5.000000

===========================================================================
report_clock_latency
============================================================================
Clock clk
rise -> rise
    min     max
0.000000 0.000000 source latency
0.501298         network latency _9209_/CLK
        0.655022 network latency _9142_/CLK
---------------
0.501298 0.655022 latency
        0.153724 skew

fall -> fall
    min     max
0.000000 0.000000 source latency
0.399969         network latency _8925_/CLK
        0.544418 network latency _9142_/CLK
---------------
0.399969 0.544418 latency
        0.144449 skew



===========================================================================
report_clock_min_period
============================================================================
clk period_min = 4.46 fmax = 223.97
