Clock: clk
Sources: clk 
Generated: no
Virtual: yes
Propagated: no
Period: 10.000000

===========================================================================
report_clock_properties
============================================================================
Clock                   Period          Waveform
----------------------------------------------------
clk                  10.000000    0.000000  5.000000

===========================================================================
report_clock_latency
============================================================================
Clock clk
rise -> rise
    min     max
0.000000 0.000000 source latency
1.123047         network latency _9195_/CLK
        1.473672 network latency _9142_/CLK
---------------
1.123047 1.473672 latency
        0.350625 skew

fall -> fall
    min     max
0.000000 0.000000 source latency
0.947186         network latency _9195_/CLK
        1.279596 network latency _9142_/CLK
---------------
0.947186 1.279596 latency
        0.332410 skew



===========================================================================
report_clock_min_period
============================================================================
clk period_min = 12.85 fmax = 77.80
