
===========================================================================
Violator List
============================================================================
[setup reg-reg] _8965_/Q -> _9212_/D : -2.852971
[setup reg-reg] _8965_/Q -> _9205_/D : -2.799962
[setup reg-reg] _8965_/Q -> _9237_/D : -2.743632
[setup reg-reg] _8965_/Q -> _9244_/D : -2.743322
[setup reg-reg] _8965_/Q -> _9245_/D : -2.740609
[setup reg-reg] _8965_/Q -> _9213_/D : -2.685956
[setup reg-reg] _8965_/Q -> _9209_/D : -2.638667
[setup in-reg] pixel_in[7] -> _9145_/D : -2.636983
[setup in-reg] pixel_in[7] -> _8931_/D : -2.584425
[setup in-reg] pixel_in[7] -> _9144_/D : -2.556248
[setup in-reg] pixel_in[7] -> _8930_/D : -2.507619
[setup in-reg] pixel_in[7] -> _9141_/D : -2.479972
[setup reg-reg] _9102_/Q -> _9321_/D : -2.468599
[setup reg-reg] _8965_/Q -> _9236_/D : -2.456989
[setup reg-reg] _8965_/Q -> _9204_/D : -2.455534
[setup reg-reg] _8965_/Q -> _9208_/D : -2.447666
[setup reg-reg] _9102_/Q -> _9289_/D : -2.437528
[setup in-reg] pixel_in[7] -> _8962_/D : -2.428840
[setup in-reg] pixel_in[7] -> _8963_/D : -2.405090
[setup in-reg] pixel_in[7] -> _9177_/D : -2.362353
[setup reg-reg] _8965_/Q -> _9241_/D : -2.329763
[setup reg-reg] _8965_/Q -> _9203_/D : -2.316322
[setup reg-reg] _8965_/Q -> _9240_/D : -2.309212
[setup reg-reg] _8965_/Q -> _9243_/D : -2.303843
[setup reg-reg] _8965_/Q -> _9211_/D : -2.263931
[setup reg-reg] _8965_/Q -> _9210_/D : -2.244848
[setup in-reg] pixel_in[7] -> _9137_/D : -2.241526
[setup reg-reg] _8965_/Q -> _9235_/D : -2.229579
[setup in-reg] pixel_in[7] -> _9176_/D : -2.217630
[setup in-reg] pixel_in[7] -> _9140_/D : -2.193503
[setup in-reg] pixel_in[7] -> _8926_/D : -2.192681
[setup reg-reg] _9102_/Q -> _9320_/D : -2.180735
[setup in-reg] pixel_in[7] -> _8959_/D : -2.157815
[setup reg-reg] _8965_/Q -> _9242_/D : -2.145476
[setup reg-reg] _9102_/Q -> _9288_/D : -2.137161
[setup in-reg] pixel_in[7] -> _9173_/D : -2.123171
[setup in-reg] pixel_in[7] -> _9143_/D : -2.121876
[setup in-reg] pixel_in[7] -> _8927_/D : -2.108687
[setup reg-reg] _9102_/Q -> _9284_/D : -2.093472
[setup in-reg] pixel_in[7] -> _8951_/D : -2.092328
[setup in-reg] pixel_in[7] -> _8958_/D : -2.091512
[setup reg-reg] _9102_/Q -> _9317_/D : -2.073398
[setup in-reg] pixel_in[7] -> _8919_/D : -2.063251
[setup reg-reg] _9102_/Q -> _9285_/D : -2.032873
[setup reg-reg] _9102_/Q -> _9316_/D : -1.992821
[setup in-reg] pixel_in[7] -> _8955_/D : -1.974585
[setup in-reg] pixel_in[7] -> _8961_/D : -1.956121
[setup in-reg] pixel_in[7] -> _8928_/D : -1.941913
[setup in-reg] pixel_in[7] -> _8923_/D : -1.941304
[setup in-reg] pixel_in[7] -> _8929_/D : -1.921922
[setup reg-reg] _9102_/Q -> _9286_/D : -1.910017
[setup in-reg] pixel_in[7] -> _9167_/D : -1.878252
[setup reg-reg] _9102_/Q -> _9287_/D : -1.874635
[setup in-reg] pixel_in[7] -> _9142_/D : -1.870856
[setup reg-reg] _8965_/Q -> _9234_/D : -1.867302
[setup reg-reg] _8965_/Q -> _9233_/D : -1.851052
[setup reg-reg] _9102_/Q -> _9319_/D : -1.847134
[setup in-reg] pixel_in[7] -> _9136_/D : -1.844986
[setup reg-reg] _8965_/Q -> _9202_/D : -1.844933
[setup in-reg] pixel_in[7] -> _9135_/D : -1.844851
[setup reg-reg] _8965_/Q -> _9201_/D : -1.837543
[setup in-reg] pixel_in[7] -> _8960_/D : -1.836776
[setup in-reg] pixel_in[7] -> _9175_/D : -1.836622
[setup in-reg] pixel_in[7] -> _9133_/D : -1.820575
[setup reg-reg] _8965_/Q -> _9200_/D : -1.817372
[setup in-reg] pixel_in[7] -> _9313_/D : -1.811028
[setup in-reg] pixel_in[7] -> _8925_/D : -1.804244
[setup in-reg] pixel_in[7] -> _9169_/D : -1.804237
[setup reg-reg] _9102_/Q -> _9318_/D : -1.784735
[setup reg-reg] _8965_/Q -> _9239_/D : -1.769927
[setup in-reg] pixel_in[7] -> _9281_/D : -1.755789
[setup in-reg] pixel_in[7] -> _9139_/D : -1.754600
[setup in-reg] pixel_in[7] -> _9172_/D : -1.750491
[setup reg-reg] _8965_/Q -> _9207_/D : -1.748259
[setup reg-reg] _8965_/Q -> _9232_/D : -1.730780
[setup in-reg] pixel_in[7] -> _8954_/D : -1.722860
[setup in-reg] pixel_in[7] -> _9280_/D : -1.693018
[setup in-reg] pixel_in[7] -> _8922_/D : -1.679778
[setup in-reg] pixel_in[7] -> _8953_/D : -1.679029
[setup in-reg] pixel_in[7] -> _9309_/D : -1.668067
[setup in-reg] pixel_in[7] -> _8921_/D : -1.653008
[setup reg-reg] _8965_/Q -> _9231_/D : -1.651652
[setup reg-reg] _8965_/Q -> _9199_/D : -1.618555
[setup in-reg] pixel_in[7] -> _9277_/D : -1.617137
[setup in-reg] pixel_in[7] -> _9312_/D : -1.593691
[setup in-reg] pixel_in[7] -> _8957_/D : -1.524368
[setup in-reg] pixel_in[7] -> _9279_/D : -1.509132
[setup in-reg] pixel_in[7] -> _9134_/D : -1.484052
[setup reg-reg] _9102_/Q -> _9315_/D : -1.482024
[setup reg-reg] _8965_/Q -> _9206_/D : -1.479189
[setup in-reg] pixel_in[7] -> _9168_/D : -1.475741
[setup in-reg] pixel_in[7] -> _8918_/D : -1.465250
[setup reg-reg] _9102_/Q -> _9283_/D : -1.462686
[setup in-reg] pixel_in[7] -> _9174_/D : -1.453082
[setup in-reg] pixel_in[7] -> _8952_/D : -1.432071
[setup in-reg] pixel_in[7] -> _9171_/D : -1.418398
[setup reg-reg] _8965_/Q -> _9198_/D : -1.414582
[setup in-reg] pixel_in[7] -> _8950_/D : -1.414013
[setup in-reg] pixel_in[7] -> _8920_/D : -1.400726
[setup in-reg] pixel_in[7] -> _9131_/D : -1.340674
[setup reg-reg] _8965_/Q -> _9230_/D : -1.338901
[setup reg-reg] _8965_/Q -> _9238_/D : -1.338193
[setup in-reg] pixel_in[7] -> _9138_/D : -1.335559
[setup in-reg] pixel_in[7] -> _9129_/D : -1.323934
[setup in-reg] pixel_in[7] -> _8956_/D : -1.318430
[setup in-reg] pixel_in[7] -> _9161_/D : -1.307466
[setup reg-reg] _8965_/Q -> _9196_/D : -1.294779
[setup reg-reg] _8965_/Q -> _9229_/D : -1.289165
[setup in-reg] pixel_in[7] -> _9165_/D : -1.279135
[setup in-reg] pixel_in[7] -> _9276_/D : -1.277246
[setup in-reg] pixel_in[7] -> _9308_/D : -1.274596
[setup in-reg] pixel_in[7] -> _8924_/D : -1.273367
[setup in-reg] pixel_in[7] -> _8949_/D : -1.238381
[setup reg-reg] _8965_/Q -> _9197_/D : -1.238323
[setup in-reg] pixel_in[7] -> _9311_/D : -1.230327
[setup in-reg] pixel_in[7] -> _8917_/D : -1.211269
[setup reg-reg] _8965_/Q -> _9195_/D : -1.190803
[setup in-reg] pixel_in[7] -> _8947_/D : -1.115647
[setup reg-reg] _9102_/Q -> _9314_/D : -1.084585
[setup in-reg] pixel_in[7] -> _9166_/D : -1.078257
[setup in-reg] pixel_in[7] -> _9307_/D : -1.074040
[setup in-reg] pixel_in[7] -> _8915_/D : -1.073786
[setup reg-reg] _9102_/Q -> _9282_/D : -1.058360
[setup reg-reg] _8965_/Q -> _9228_/D : -1.041851
[setup in-reg] pixel_in[6] -> _9305_/D : -1.041355
[setup in-reg] pixel_in[7] -> _9170_/D : -1.027225
[setup in-reg] pixel_in[7] -> _9275_/D : -1.008220
[setup in-reg] pixel_in[6] -> _9273_/D : -0.975544
[setup in-reg] pixel_in[7] -> _9128_/D : -0.946384
[setup in-reg] pixel_in[7] -> _9163_/D : -0.944446
[setup in-reg] pixel_in[6] -> _9272_/D : -0.943338
[setup reg-reg] _8965_/Q -> _9227_/D : -0.938089
[setup reg-reg] _8965_/Q -> _9194_/D : -0.890507
[setup in-reg] pixel_in[7] -> _9310_/D : -0.854390
[setup in-reg] pixel_in[7] -> _9132_/D : -0.850290
[setup in-reg] pixel_in[7] -> _9278_/D : -0.835474
[setup in-reg] pixel_in[7] -> _9130_/D : -0.834839
[setup in-reg] pixel_in[6] -> _9271_/D : -0.828316
[setup reg-reg] _8965_/Q -> _9226_/D : -0.796797
[setup in-reg] pixel_in[7] -> _8913_/D : -0.768748
[setup in-reg] pixel_in[7] -> _8946_/D : -0.766643
[setup in-reg] pixel_in[6] -> _9304_/D : -0.762398
[setup in-reg] pixel_in[7] -> _9127_/D : -0.738290
[setup in-reg] pixel_in[7] -> _8945_/D : -0.727324
[setup in-reg] pixel_in[7] -> _8914_/D : -0.716080
[setup in-reg] pixel_in[6] -> _9303_/D : -0.713998
[setup in-reg] pixel_in[7] -> _9164_/D : -0.707558
[setup in-reg] pixel_in[7] -> _9306_/D : -0.702245
[setup in-reg] pixel_in[7] -> _9274_/D : -0.665988
[setup in-reg] pixel_in[7] -> _9157_/D : -0.613621
[setup in-reg] pixel_in[7] -> _9160_/D : -0.611752
[setup in-reg] pixel_in[7] -> _9125_/D : -0.606921
[setup in-reg] pixel_in[7] -> _8948_/D : -0.594516
[setup in-reg] pixel_in[7] -> _9162_/D : -0.553724
[setup in-reg] pixel_in[7] -> _8916_/D : -0.537829
[setup in-reg] pixel_in[7] -> _9126_/D : -0.506074
[setup in-reg] pixel_in[7] -> _9124_/D : -0.415881
[setup in-reg] pixel_in[6] -> _9270_/D : -0.386772
[setup in-reg] pixel_in[7] -> _9159_/D : -0.382020
[setup in-reg] pixel_in[6] -> _9302_/D : -0.326840
[setup in-reg] pixel_in[2] -> _9269_/D : -0.269883
[setup in-reg] pixel_in[2] -> _9301_/D : -0.237752
[setup in-reg] pixel_in[7] -> _8912_/D : -0.210036
[setup in-reg] pixel_in[2] -> _9268_/D : -0.175653
[setup in-reg] pixel_in[7] -> _8944_/D : -0.170825
[setup in-reg] pixel_in[7] -> _9158_/D : -0.139999
[setup reg-reg] _8965_/Q -> _9225_/D : -0.079594
[setup reg-reg] _8965_/Q -> _9193_/D : -0.061032
