
===========================================================================
report_checks -unconstrained
===========================================================================
======================= nom_tt_025C_1v80 Corner ===================================

Startpoint: _2941_ (rising edge-triggered flip-flop clocked by clk)
Endpoint: _3132_ (rising edge-triggered flip-flop clocked by clk)
Path Group: clk
Path Type: max

Fanout         Cap        Slew       Delay        Time   Description
---------------------------------------------------------------------------------------------
                                  0.000000    0.000000   clock clk (rise edge)
                                  0.000000    0.000000   clock source latency
   316    0.813505    3.615377    2.508445    2.508445 ^ clk (in)
                                                         clk (net)
                      3.616046    0.000000    2.508445 ^ _2941_/CLK (sky130_fd_sc_hd__dfxtp_2)
    18    0.065055    0.152262    0.851173    3.359617 v _2941_/Q (sky130_fd_sc_hd__dfxtp_2)
                                                         u_core.pe_array[0].u_pe.weight_in[1] (net)
                      0.152269    0.001162    3.360779 v _2085_/B (sky130_fd_sc_hd__and3_2)
    27    0.108172    0.255594    0.448540    3.809318 v _2085_/X (sky130_fd_sc_hd__and3_2)
                                                         _0540_ (net)
                      0.255595    0.001053    3.810371 v _2130_/A (sky130_fd_sc_hd__nor2_2)
    22    0.196845    2.032567    1.597365    5.407736 ^ _2130_/Y (sky130_fd_sc_hd__nor2_2)
                                                         _0584_ (net)
                      2.032579    0.004372    5.412108 ^ _2516_/B (sky130_fd_sc_hd__xnor2_2)
     2    0.012513    0.282092    0.205397    5.617505 v _2516_/Y (sky130_fd_sc_hd__xnor2_2)
                                                         _0958_ (net)
                      0.282092    0.000016    5.617521 v _2517_/B (sky130_fd_sc_hd__xnor2_2)
     2    0.006771    0.098045    0.225554    5.843075 v _2517_/Y (sky130_fd_sc_hd__xnor2_2)
                                                         _0959_ (net)
                      0.098045    0.000000    5.843076 v _2519_/B1 (sky130_fd_sc_hd__a211o_2)
     1    0.001725    0.044356    0.308428    6.151504 v _2519_/X (sky130_fd_sc_hd__a211o_2)
                                                         _0961_ (net)
                      0.044356    0.000002    6.151506 v _2520_/B (sky130_fd_sc_hd__and2_2)
     4    0.017367    0.067483    0.225010    6.376516 v _2520_/X (sky130_fd_sc_hd__and2_2)
                                                         _0962_ (net)
                      0.067483    0.000028    6.376545 v _2544_/B (sky130_fd_sc_hd__or2_2)
     1    0.008177    0.071914    0.300664    6.677208 v _2544_/X (sky130_fd_sc_hd__or2_2)
                                                         _0985_ (net)
                      0.071914    0.000005    6.677214 v _2545_/B (sky130_fd_sc_hd__xnor2_2)
     2    0.013252    0.220912    0.206361    6.883575 ^ _2545_/Y (sky130_fd_sc_hd__xnor2_2)
                                                         _0986_ (net)
                      0.220912    0.000003    6.883577 ^ _2565_/A2 (sky130_fd_sc_hd__a22oi_2)
     2    0.006661    0.085626    0.123918    7.007495 v _2565_/Y (sky130_fd_sc_hd__a22oi_2)
                                                         _1005_ (net)
                      0.085626    0.000028    7.007523 v _2567_/B (sky130_fd_sc_hd__and2_2)
     1    0.004520    0.041130    0.208186    7.215709 v _2567_/X (sky130_fd_sc_hd__and2_2)
                                                         _1007_ (net)
                      0.041130    0.000010    7.215719 v _2568_/B (sky130_fd_sc_hd__nor2_2)
     3    0.016220    0.199137    0.169088    7.384807 ^ _2568_/Y (sky130_fd_sc_hd__nor2_2)
                                                         _1008_ (net)
                      0.199137    0.000044    7.384851 ^ _2570_/B (sky130_fd_sc_hd__xor2_2)
     2    0.014277    0.218205    0.233853    7.618704 ^ _2570_/X (sky130_fd_sc_hd__xor2_2)
                                                         _1010_ (net)
                      0.218205    0.000025    7.618729 ^ _2571_/A (sky130_fd_sc_hd__inv_2)
     3    0.011138    0.062969    0.078296    7.697025 v _2571_/Y (sky130_fd_sc_hd__inv_2)
                                                         _1011_ (net)
                      0.062969    0.000021    7.697047 v _2596_/B (sky130_fd_sc_hd__or4_2)
     1    0.002769    0.098781    0.637327    8.334373 v _2596_/X (sky130_fd_sc_hd__or4_2)
                                                         _1034_ (net)
                      0.098781    0.000008    8.334381 v _2597_/C1 (sky130_fd_sc_hd__a2111o_2)
     2    0.005956    0.071337    0.426013    8.760394 v _2597_/X (sky130_fd_sc_hd__a2111o_2)
                                                         _1035_ (net)
                      0.071337    0.000067    8.760461 v _2685_/A1 (sky130_fd_sc_hd__a2111o_2)
     2    0.009907    0.082784    0.452205    9.212667 v _2685_/X (sky130_fd_sc_hd__a2111o_2)
                                                         _1119_ (net)
                      0.082784    0.000138    9.212804 v _2729_/A1 (sky130_fd_sc_hd__a311oi_2)
     2    0.008286    0.264453    0.264857    9.477661 ^ _2729_/Y (sky130_fd_sc_hd__a311oi_2)
                                                         _1161_ (net)
                      0.264453    0.000068    9.477728 ^ _2748_/A1 (sky130_fd_sc_hd__o21ai_2)
     3    0.008623    0.071023    0.118118    9.595846 v _2748_/Y (sky130_fd_sc_hd__o21ai_2)
                                                         _1180_ (net)
                      0.071023    0.000048    9.595894 v _2761_/B (sky130_fd_sc_hd__and3_2)
     2    0.004484    0.042601    0.206660    9.802554 v _2761_/X (sky130_fd_sc_hd__and3_2)
                                                         _1192_ (net)
                      0.042601    0.000011    9.802565 v _2763_/A (sky130_fd_sc_hd__or3b_2)
     1    0.001755    0.070924    0.445251   10.247815 v _2763_/X (sky130_fd_sc_hd__or3b_2)
                                                         _1194_ (net)
                      0.070924    0.000004   10.247819 v _2764_/B1_N (sky130_fd_sc_hd__a21bo_2)
     1    0.001761    0.036103    0.185877   10.433696 ^ _2764_/X (sky130_fd_sc_hd__a21bo_2)
                                                         _0246_ (net)
                      0.036103    0.000000   10.433697 ^ _3132_/D (sky130_fd_sc_hd__dfxtp_2)
                                             10.433697   data arrival time

                                 10.000000   10.000000   clock clk (rise edge)
                                  0.000000   10.000000   clock source latency
   316    0.813505    3.615377    2.482596   12.482596 ^ clk (in)
                                                         clk (net)
                      3.615467    0.000000   12.482596 ^ _3132_/CLK (sky130_fd_sc_hd__dfxtp_2)
                                 -0.250000   12.232596   clock uncertainty
                                  0.000000   12.232596   clock reconvergence pessimism
                                  0.103614   12.336210   library setup time
                                             12.336210   data required time
---------------------------------------------------------------------------------------------
                                             12.336210   data required time
                                            -10.433697   data arrival time
---------------------------------------------------------------------------------------------
                                              1.902514   slack (MET)




===========================================================================
report_checks --slack_max -0.01
============================================================================
======================= nom_tt_025C_1v80 Corner ===================================

No paths found.


===========================================================================
 report_check_types -max_slew -max_cap -max_fanout -violators
============================================================================
======================= nom_tt_025C_1v80 Corner ===================================

max slew

Pin                                        Limit        Slew       Slack
------------------------------------------------------------------------
_2945_/CLK                              0.750000    3.616082   -2.866082 (VIOLATED)
_2946_/CLK                              0.750000    3.616082   -2.866082 (VIOLATED)
_2955_/CLK                              0.750000    3.616082   -2.866082 (VIOLATED)
_3000_/CLK                              0.750000    3.616081   -2.866081 (VIOLATED)
_3001_/CLK                              0.750000    3.616082   -2.866083 (VIOLATED)
_3009_/CLK                              0.750000    3.616082   -2.866083 (VIOLATED)
_3008_/CLK                              0.750000    3.616078   -2.866079 (VIOLATED)
_3040_/CLK                              0.750000    3.616080   -2.866080 (VIOLATED)
_2910_/CLK                              0.750000    3.616074   -2.866075 (VIOLATED)
_2954_/CLK                              0.750000    3.616076   -2.866076 (VIOLATED)
_2964_/CLK                              0.750000    3.616076   -2.866076 (VIOLATED)
_2965_/CLK                              0.750000    3.616076   -2.866076 (VIOLATED)
_3038_/CLK                              0.750000    3.616075   -2.866076 (VIOLATED)
_3041_/CLK                              0.750000    3.616077   -2.866077 (VIOLATED)
_3070_/CLK                              0.750000    3.616074   -2.866074 (VIOLATED)
_3073_/CLK                              0.750000    3.616077   -2.866077 (VIOLATED)
_2891_/CLK                              0.750000    3.616070   -2.866070 (VIOLATED)
_2937_/CLK                              0.750000    3.616071   -2.866071 (VIOLATED)
_2962_/CLK                              0.750000    3.616073   -2.866073 (VIOLATED)
_3106_/CLK                              0.750000    3.616071   -2.866071 (VIOLATED)
_3175_/CLK                              0.750000    3.616073   -2.866073 (VIOLATED)
_3174_/CLK                              0.750000    3.616070   -2.866070 (VIOLATED)
_2892_/CLK                              0.750000    3.616067   -2.866067 (VIOLATED)
_2943_/CLK                              0.750000    3.616068   -2.866067 (VIOLATED)
_2939_/CLK                              0.750000    3.616065   -2.866064 (VIOLATED)
_2952_/CLK                              0.750000    3.616066   -2.866066 (VIOLATED)
_2998_/CLK                              0.750000    3.616064   -2.866064 (VIOLATED)
_3006_/CLK                              0.750000    3.616064   -2.866064 (VIOLATED)
_3072_/CLK                              0.750000    3.616065   -2.866065 (VIOLATED)
_2893_/CLK                              0.750000    3.616060   -2.866060 (VIOLATED)
_2894_/CLK                              0.750000    3.616061   -2.866061 (VIOLATED)
_2903_/CLK                              0.750000    3.616061   -2.866061 (VIOLATED)
_2907_/CLK                              0.750000    3.616062   -2.866063 (VIOLATED)
_2909_/CLK                              0.750000    3.616065   -2.866065 (VIOLATED)
_3172_/CLK                              0.750000    3.616062   -2.866062 (VIOLATED)
_2938_/CLK                              0.750000    3.616058   -2.866058 (VIOLATED)
_2950_/CLK                              0.750000    3.616057   -2.866057 (VIOLATED)
_3100_/CLK                              0.750000    3.616053   -2.866053 (VIOLATED)
_3107_/CLK                              0.750000    3.616052   -2.866051 (VIOLATED)
_2940_/CLK                              0.750000    3.616045   -2.866045 (VIOLATED)
_2941_/CLK                              0.750000    3.616046   -2.866047 (VIOLATED)
_2942_/CLK                              0.750000    3.616048   -2.866048 (VIOLATED)
_2944_/CLK                              0.750000    3.616051   -2.866050 (VIOLATED)
_2947_/CLK                              0.750000    3.616052   -2.866052 (VIOLATED)
_2948_/CLK                              0.750000    3.616055   -2.866055 (VIOLATED)
_3004_/CLK                              0.750000    3.616046   -2.866046 (VIOLATED)
_3104_/CLK                              0.750000    3.616048   -2.866048 (VIOLATED)
_3136_/CLK                              0.750000    3.616049   -2.866049 (VIOLATED)
_3138_/CLK                              0.750000    3.616050   -2.866050 (VIOLATED)
_3139_/CLK                              0.750000    3.616051   -2.866051 (VIOLATED)
_2996_/CLK                              0.750000    3.616040   -2.866040 (VIOLATED)
_3002_/CLK                              0.750000    3.616035   -2.866035 (VIOLATED)
_3134_/CLK                              0.750000    3.616034   -2.866034 (VIOLATED)
_3102_/CLK                              0.750000    3.616029   -2.866029 (VIOLATED)
_3101_/CLK                              0.750000    3.616003   -2.866003 (VIOLATED)
_3169_/CLK                              0.750000    3.615993   -2.865994 (VIOLATED)
_2951_/CLK                              0.750000    3.615989   -2.865989 (VIOLATED)
_3042_/CLK                              0.750000    3.615963   -2.865963 (VIOLATED)
_3103_/CLK                              0.750000    3.615963   -2.865963 (VIOLATED)
_3135_/CLK                              0.750000    3.615963   -2.865963 (VIOLATED)
_3171_/CLK                              0.750000    3.615956   -2.865957 (VIOLATED)
_2906_/CLK                              0.750000    3.615949   -2.865949 (VIOLATED)
_3005_/CLK                              0.750000    3.615949   -2.865949 (VIOLATED)
_2895_/CLK                              0.750000    3.615931   -2.865931 (VIOLATED)
_2896_/CLK                              0.750000    3.615931   -2.865931 (VIOLATED)
_2897_/CLK                              0.750000    3.615930   -2.865930 (VIOLATED)
_2991_/CLK                              0.750000    3.615929   -2.865929 (VIOLATED)
_3201_/CLK                              0.750000    3.615929   -2.865928 (VIOLATED)
_2886_/CLK                              0.750000    3.615925   -2.865925 (VIOLATED)
_2898_/CLK                              0.750000    3.615925   -2.865925 (VIOLATED)
_2992_/CLK                              0.750000    3.615926   -2.865926 (VIOLATED)
_3035_/CLK                              0.750000    3.615927   -2.865927 (VIOLATED)
_2995_/CLK                              0.750000    3.615924   -2.865924 (VIOLATED)
_2887_/CLK                              0.750000    3.615921   -2.865921 (VIOLATED)
_3036_/CLK                              0.750000    3.615923   -2.865924 (VIOLATED)
_3068_/CLK                              0.750000    3.615923   -2.865923 (VIOLATED)
_3099_/CLK                              0.750000    3.615925   -2.865924 (VIOLATED)
_2994_/CLK                              0.750000    3.615919   -2.865919 (VIOLATED)
_3179_/CLK                              0.750000    3.615921   -2.865921 (VIOLATED)
_2905_/CLK                              0.750000    3.615914   -2.865914 (VIOLATED)
_2949_/CLK                              0.750000    3.615914   -2.865914 (VIOLATED)
_2997_/CLK                              0.750000    3.615914   -2.865914 (VIOLATED)
_3170_/CLK                              0.750000    3.615915   -2.865915 (VIOLATED)
_3003_/CLK                              0.750000    3.615911   -2.865911 (VIOLATED)
_2966_/CLK                              0.750000    3.615907   -2.865907 (VIOLATED)
_3067_/CLK                              0.750000    3.615904   -2.865905 (VIOLATED)
_2904_/CLK                              0.750000    3.615901   -2.865901 (VIOLATED)
_3037_/CLK                              0.750000    3.615901   -2.865901 (VIOLATED)
_2888_/CLK                              0.750000    3.615896   -2.865896 (VIOLATED)
_2899_/CLK                              0.750000    3.615897   -2.865897 (VIOLATED)
_2900_/CLK                              0.750000    3.615895   -2.865895 (VIOLATED)
_2901_/CLK                              0.750000    3.615895   -2.865895 (VIOLATED)
_2902_/CLK                              0.750000    3.615895   -2.865895 (VIOLATED)
_2993_/CLK                              0.750000    3.615897   -2.865897 (VIOLATED)
_3069_/CLK                              0.750000    3.615896   -2.865896 (VIOLATED)
_2959_/CLK                              0.750000    3.615892   -2.865892 (VIOLATED)
_2960_/CLK                              0.750000    3.615891   -2.865891 (VIOLATED)
_2961_/CLK                              0.750000    3.615891   -2.865891 (VIOLATED)
_2913_/CLK                              0.750000    3.615885   -2.865885 (VIOLATED)
_2914_/CLK                              0.750000    3.615885   -2.865885 (VIOLATED)
_2969_/CLK                              0.750000    3.615887   -2.865887 (VIOLATED)
_3013_/CLK                              0.750000    3.615884   -2.865884 (VIOLATED)
_3045_/CLK                              0.750000    3.615884   -2.865885 (VIOLATED)
_3077_/CLK                              0.750000    3.615886   -2.865886 (VIOLATED)
_2968_/CLK                              0.750000    3.615865   -2.865865 (VIOLATED)
_3012_/CLK                              0.750000    3.615863   -2.865863 (VIOLATED)
_3044_/CLK                              0.750000    3.615865   -2.865865 (VIOLATED)
_3046_/CLK                              0.750000    3.615865   -2.865865 (VIOLATED)
_3076_/CLK                              0.750000    3.615865   -2.865865 (VIOLATED)
_3014_/CLK                              0.750000    3.615839   -2.865839 (VIOLATED)
_2970_/CLK                              0.750000    3.615827   -2.865827 (VIOLATED)
_3078_/CLK                              0.750000    3.615827   -2.865827 (VIOLATED)
_2908_/CLK                              0.750000    3.615791   -2.865791 (VIOLATED)
_2911_/CLK                              0.750000    3.615793   -2.865793 (VIOLATED)
_3010_/CLK                              0.750000    3.615793   -2.865793 (VIOLATED)
_2912_/CLK                              0.750000    3.615789   -2.865789 (VIOLATED)
_2915_/CLK                              0.750000    3.615791   -2.865791 (VIOLATED)
_2916_/CLK                              0.750000    3.615790   -2.865789 (VIOLATED)
_3074_/CLK                              0.750000    3.615792   -2.865792 (VIOLATED)
_3105_/CLK                              0.750000    3.615792   -2.865792 (VIOLATED)
_3111_/CLK                              0.750000    3.615794   -2.865794 (VIOLATED)
_3133_/CLK                              0.750000    3.615794   -2.865794 (VIOLATED)
_3173_/CLK                              0.750000    3.615792   -2.865792 (VIOLATED)
_3176_/CLK                              0.750000    3.615794   -2.865794 (VIOLATED)
_3177_/CLK                              0.750000    3.615790   -2.865790 (VIOLATED)
_3178_/CLK                              0.750000    3.615792   -2.865792 (VIOLATED)
_3180_/CLK                              0.750000    3.615793   -2.865793 (VIOLATED)
_3011_/CLK                              0.750000    3.615785   -2.865785 (VIOLATED)
_3043_/CLK                              0.750000    3.615788   -2.865788 (VIOLATED)
_3075_/CLK                              0.750000    3.615782   -2.865782 (VIOLATED)
_2967_/CLK                              0.750000    3.615779   -2.865779 (VIOLATED)
_2971_/CLK                              0.750000    3.615779   -2.865779 (VIOLATED)
_3015_/CLK                              0.750000    3.615777   -2.865777 (VIOLATED)
_3047_/CLK                              0.750000    3.615778   -2.865778 (VIOLATED)
_3079_/CLK                              0.750000    3.615779   -2.865779 (VIOLATED)
_3082_/CLK                              0.750000    3.615720   -2.865720 (VIOLATED)
_2972_/CLK                              0.750000    3.615690   -2.865690 (VIOLATED)
_3016_/CLK                              0.750000    3.615691   -2.865691 (VIOLATED)
_3080_/CLK                              0.750000    3.615691   -2.865691 (VIOLATED)
_2974_/CLK                              0.750000    3.615687   -2.865687 (VIOLATED)
_3018_/CLK                              0.750000    3.615687   -2.865687 (VIOLATED)
_2999_/CLK                              0.750000    3.615681   -2.865682 (VIOLATED)
_3108_/CLK                              0.750000    3.615683   -2.865683 (VIOLATED)
_3007_/CLK                              0.750000    3.615680   -2.865680 (VIOLATED)
_3039_/CLK                              0.750000    3.615680   -2.865680 (VIOLATED)
_3050_/CLK                              0.750000    3.615681   -2.865681 (VIOLATED)
_3110_/CLK                              0.750000    3.615682   -2.865682 (VIOLATED)
_3137_/CLK                              0.750000    3.615683   -2.865682 (VIOLATED)
_3140_/CLK                              0.750000    3.615683   -2.865683 (VIOLATED)
_2936_/CLK                              0.750000    3.615676   -2.865676 (VIOLATED)
_2963_/CLK                              0.750000    3.615677   -2.865677 (VIOLATED)
_3071_/CLK                              0.750000    3.615678   -2.865679 (VIOLATED)
_3017_/CLK                              0.750000    3.615672   -2.865672 (VIOLATED)
_3049_/CLK                              0.750000    3.615673   -2.865674 (VIOLATED)
_2917_/CLK                              0.750000    3.615669   -2.865669 (VIOLATED)
_2918_/CLK                              0.750000    3.615670   -2.865670 (VIOLATED)
_2919_/CLK                              0.750000    3.615670   -2.865670 (VIOLATED)
_2973_/CLK                              0.750000    3.615669   -2.865669 (VIOLATED)
_3081_/CLK                              0.750000    3.615670   -2.865670 (VIOLATED)
_2920_/CLK                              0.750000    3.615665   -2.865665 (VIOLATED)
_2922_/CLK                              0.750000    3.615664   -2.865664 (VIOLATED)
_3048_/CLK                              0.750000    3.615667   -2.865666 (VIOLATED)
_3165_/CLK                              0.750000    3.615669   -2.865669 (VIOLATED)
_3166_/CLK                              0.750000    3.615667   -2.865667 (VIOLATED)
_3167_/CLK                              0.750000    3.615669   -2.865669 (VIOLATED)
_3168_/CLK                              0.750000    3.615669   -2.865669 (VIOLATED)
_3185_/CLK                              0.750000    3.615669   -2.865669 (VIOLATED)
_3021_/CLK                              0.750000    3.615663   -2.865663 (VIOLATED)
_3187_/CLK                              0.750000    3.615665   -2.865666 (VIOLATED)
_3053_/CLK                              0.750000    3.615660   -2.865660 (VIOLATED)
_3085_/CLK                              0.750000    3.615656   -2.865656 (VIOLATED)
_2977_/CLK                              0.750000    3.615650   -2.865649 (VIOLATED)
_3019_/CLK                              0.750000    3.615646   -2.865646 (VIOLATED)
_2975_/CLK                              0.750000    3.615593   -2.865594 (VIOLATED)
_2990_/CLK                              0.750000    3.615593   -2.865593 (VIOLATED)
_3066_/CLK                              0.750000    3.615593   -2.865593 (VIOLATED)
_3098_/CLK                              0.750000    3.615593   -2.865593 (VIOLATED)
_2980_/CLK                              0.750000    3.615549   -2.865549 (VIOLATED)
_2982_/CLK                              0.750000    3.615551   -2.865551 (VIOLATED)
_3026_/CLK                              0.750000    3.615551   -2.865551 (VIOLATED)
_3034_/CLK                              0.750000    3.615550   -2.865550 (VIOLATED)
_3058_/CLK                              0.750000    3.615551   -2.865551 (VIOLATED)
_3051_/CLK                              0.750000    3.615542   -2.865542 (VIOLATED)
_3083_/CLK                              0.750000    3.615540   -2.865540 (VIOLATED)
_2956_/CLK                              0.750000    3.615509   -2.865509 (VIOLATED)
_3112_/CLK                              0.750000    3.615507   -2.865507 (VIOLATED)
_3141_/CLK                              0.750000    3.615509   -2.865509 (VIOLATED)
_3142_/CLK                              0.750000    3.615510   -2.865510 (VIOLATED)
_3143_/CLK                              0.750000    3.615510   -2.865510 (VIOLATED)
_3144_/CLK                              0.750000    3.615508   -2.865508 (VIOLATED)
_3145_/CLK                              0.750000    3.615509   -2.865509 (VIOLATED)
_2931_/CLK                              0.750000    3.615502   -2.865502 (VIOLATED)
_2953_/CLK                              0.750000    3.615504   -2.865504 (VIOLATED)
_3024_/CLK                              0.750000    3.615502   -2.865502 (VIOLATED)
_3056_/CLK                              0.750000    3.615502   -2.865502 (VIOLATED)
_3062_/CLK                              0.750000    3.615501   -2.865501 (VIOLATED)
_3088_/CLK                              0.750000    3.615502   -2.865502 (VIOLATED)
_3109_/CLK                              0.750000    3.615504   -2.865504 (VIOLATED)
_3113_/CLK                              0.750000    3.615507   -2.865507 (VIOLATED)
_3114_/CLK                              0.750000    3.615505   -2.865505 (VIOLATED)
_3115_/CLK                              0.750000    3.615504   -2.865504 (VIOLATED)
_3116_/CLK                              0.750000    3.615505   -2.865505 (VIOLATED)
_3146_/CLK                              0.750000    3.615502   -2.865502 (VIOLATED)
_3147_/CLK                              0.750000    3.615502   -2.865502 (VIOLATED)
_3148_/CLK                              0.750000    3.615502   -2.865502 (VIOLATED)
_2921_/CLK                              0.750000    3.615496   -2.865496 (VIOLATED)
_3117_/CLK                              0.750000    3.615499   -2.865499 (VIOLATED)
_3118_/CLK                              0.750000    3.615499   -2.865499 (VIOLATED)
_3149_/CLK                              0.750000    3.615501   -2.865501 (VIOLATED)
_3181_/CLK                              0.750000    3.615504   -2.865504 (VIOLATED)
_3150_/CLK                              0.750000    3.615500   -2.865500 (VIOLATED)
_3182_/CLK                              0.750000    3.615501   -2.865501 (VIOLATED)
_3183_/CLK                              0.750000    3.615502   -2.865502 (VIOLATED)
_3184_/CLK                              0.750000    3.615501   -2.865501 (VIOLATED)
_3186_/CLK                              0.750000    3.615498   -2.865498 (VIOLATED)
_2986_/CLK                              0.750000    3.615490   -2.865490 (VIOLATED)
_3030_/CLK                              0.750000    3.615490   -2.865490 (VIOLATED)
_3094_/CLK                              0.750000    3.615490   -2.865490 (VIOLATED)
_3119_/CLK                              0.750000    3.615493   -2.865493 (VIOLATED)
_3188_/CLK                              0.750000    3.615489   -2.865488 (VIOLATED)
_2923_/CLK                              0.750000    3.615484   -2.865484 (VIOLATED)
_3022_/CLK                              0.750000    3.615482   -2.865482 (VIOLATED)
_3054_/CLK                              0.750000    3.615477   -2.865477 (VIOLATED)
_2978_/CLK                              0.750000    3.615474   -2.865474 (VIOLATED)
_3086_/CLK                              0.750000    3.615476   -2.865476 (VIOLATED)
_3124_/CLK                              0.750000    3.615471   -2.865472 (VIOLATED)
_3151_/CLK                              0.750000    3.615467   -2.865468 (VIOLATED)
_3152_/CLK                              0.750000    3.615468   -2.865468 (VIOLATED)
_3153_/CLK                              0.750000    3.615468   -2.865468 (VIOLATED)
_3154_/CLK                              0.750000    3.615467   -2.865468 (VIOLATED)
_2924_/CLK                              0.750000    3.615464   -2.865464 (VIOLATED)
_2925_/CLK                              0.750000    3.615463   -2.865463 (VIOLATED)
_2926_/CLK                              0.750000    3.615463   -2.865463 (VIOLATED)
_2927_/CLK                              0.750000    3.615464   -2.865464 (VIOLATED)
_2935_/CLK                              0.750000    3.615465   -2.865465 (VIOLATED)
_3090_/CLK                              0.750000    3.615464   -2.865464 (VIOLATED)
_3120_/CLK                              0.750000    3.615467   -2.865467 (VIOLATED)
_3122_/CLK                              0.750000    3.615470   -2.865470 (VIOLATED)
_3121_/CLK                              0.750000    3.615466   -2.865466 (VIOLATED)
_3123_/CLK                              0.750000    3.615465   -2.865465 (VIOLATED)
_3131_/CLK                              0.750000    3.615466   -2.865466 (VIOLATED)
_3132_/CLK                              0.750000    3.615467   -2.865467 (VIOLATED)
_3155_/CLK                              0.750000    3.615467   -2.865467 (VIOLATED)
_3156_/CLK                              0.750000    3.615467   -2.865467 (VIOLATED)
_3157_/CLK                              0.750000    3.615466   -2.865466 (VIOLATED)
_3158_/CLK                              0.750000    3.615466   -2.865466 (VIOLATED)
_3159_/CLK                              0.750000    3.615465   -2.865465 (VIOLATED)
_2928_/CLK                              0.750000    3.615456   -2.865456 (VIOLATED)
_2929_/CLK                              0.750000    3.615457   -2.865456 (VIOLATED)
_2979_/CLK                              0.750000    3.615458   -2.865459 (VIOLATED)
_3023_/CLK                              0.750000    3.615461   -2.865461 (VIOLATED)
_3052_/CLK                              0.750000    3.615460   -2.865460 (VIOLATED)
_3055_/CLK                              0.750000    3.615460   -2.865460 (VIOLATED)
_3087_/CLK                              0.750000    3.615460   -2.865460 (VIOLATED)
_3125_/CLK                              0.750000    3.615461   -2.865461 (VIOLATED)
_3160_/CLK                              0.750000    3.615464   -2.865464 (VIOLATED)
_3161_/CLK                              0.750000    3.615465   -2.865465 (VIOLATED)
_3162_/CLK                              0.750000    3.615465   -2.865465 (VIOLATED)
_3163_/CLK                              0.750000    3.615466   -2.865466 (VIOLATED)
_3164_/CLK                              0.750000    3.615467   -2.865468 (VIOLATED)
_3189_/CLK                              0.750000    3.615464   -2.865464 (VIOLATED)
_3190_/CLK                              0.750000    3.615466   -2.865466 (VIOLATED)
_3191_/CLK                              0.750000    3.615464   -2.865464 (VIOLATED)
_3192_/CLK                              0.750000    3.615465   -2.865465 (VIOLATED)
_3200_/CLK                              0.750000    3.615465   -2.865465 (VIOLATED)
_3095_/CLK                              0.750000    3.615457   -2.865456 (VIOLATED)
_3126_/CLK                              0.750000    3.615457   -2.865457 (VIOLATED)
_3193_/CLK                              0.750000    3.615459   -2.865459 (VIOLATED)
_3128_/CLK                              0.750000    3.615456   -2.865456 (VIOLATED)
_3129_/CLK                              0.750000    3.615457   -2.865457 (VIOLATED)
_3130_/CLK                              0.750000    3.615457   -2.865456 (VIOLATED)
_3194_/CLK                              0.750000    3.615457   -2.865457 (VIOLATED)
_3198_/CLK                              0.750000    3.615456   -2.865456 (VIOLATED)
_3028_/CLK                              0.750000    3.615453   -2.865453 (VIOLATED)
_3060_/CLK                              0.750000    3.615454   -2.865454 (VIOLATED)
_3127_/CLK                              0.750000    3.615453   -2.865452 (VIOLATED)
_2933_/CLK                              0.750000    3.615447   -2.865447 (VIOLATED)
_2984_/CLK                              0.750000    3.615447   -2.865447 (VIOLATED)
_3092_/CLK                              0.750000    3.615448   -2.865448 (VIOLATED)
_2987_/CLK                              0.750000    3.615443   -2.865443 (VIOLATED)
_3031_/CLK                              0.750000    3.615443   -2.865443 (VIOLATED)
_3063_/CLK                              0.750000    3.615443   -2.865443 (VIOLATED)
_3064_/CLK                              0.750000    3.615439   -2.865439 (VIOLATED)
_3096_/CLK                              0.750000    3.615429   -2.865429 (VIOLATED)
_2976_/CLK                              0.750000    3.615423   -2.865423 (VIOLATED)
_2981_/CLK                              0.750000    3.615423   -2.865423 (VIOLATED)
_3057_/CLK                              0.750000    3.615424   -2.865424 (VIOLATED)
_3089_/CLK                              0.750000    3.615424   -2.865424 (VIOLATED)
_2889_/CLK                              0.750000    3.615420   -2.865420 (VIOLATED)
_2890_/CLK                              0.750000    3.615422   -2.865422 (VIOLATED)
_2957_/CLK                              0.750000    3.615419   -2.865419 (VIOLATED)
_2958_/CLK                              0.750000    3.615421   -2.865421 (VIOLATED)
_2983_/CLK                              0.750000    3.615421   -2.865421 (VIOLATED)
_3020_/CLK                              0.750000    3.615424   -2.865424 (VIOLATED)
_3025_/CLK                              0.750000    3.615424   -2.865424 (VIOLATED)
_3027_/CLK                              0.750000    3.615423   -2.865423 (VIOLATED)
_3059_/CLK                              0.750000    3.615423   -2.865423 (VIOLATED)
_3084_/CLK                              0.750000    3.615424   -2.865424 (VIOLATED)
_3091_/CLK                              0.750000    3.615423   -2.865423 (VIOLATED)
_2988_/CLK                              0.750000    3.615418   -2.865418 (VIOLATED)
_3032_/CLK                              0.750000    3.615418   -2.865418 (VIOLATED)
_3097_/CLK                              0.750000    3.615413   -2.865413 (VIOLATED)
_2930_/CLK                              0.750000    3.615410   -2.865410 (VIOLATED)
_2932_/CLK                              0.750000    3.615410   -2.865410 (VIOLATED)
_2934_/CLK                              0.750000    3.615410   -2.865410 (VIOLATED)
_3029_/CLK                              0.750000    3.615408   -2.865408 (VIOLATED)
_3061_/CLK                              0.750000    3.615409   -2.865409 (VIOLATED)
_3093_/CLK                              0.750000    3.615409   -2.865409 (VIOLATED)
_3195_/CLK                              0.750000    3.615410   -2.865410 (VIOLATED)
_3196_/CLK                              0.750000    3.615411   -2.865411 (VIOLATED)
_3197_/CLK                              0.750000    3.615411   -2.865411 (VIOLATED)
_3199_/CLK                              0.750000    3.615410   -2.865410 (VIOLATED)
_2985_/CLK                              0.750000    3.615401   -2.865401 (VIOLATED)
_2989_/CLK                              0.750000    3.615393   -2.865393 (VIOLATED)
_3033_/CLK                              0.750000    3.615393   -2.865393 (VIOLATED)
_3065_/CLK                              0.750000    3.615393   -2.865393 (VIOLATED)
clk                                     0.750000    3.615377   -2.865377 (VIOLATED)
_1582_/A1                               0.750000    2.685192   -1.935192 (VIOLATED)
_1584_/A1                               0.750000    2.685192   -1.935192 (VIOLATED)
_1743_/B                                0.750000    2.685191   -1.935192 (VIOLATED)
_1760_/A                                0.750000    2.685191   -1.935191 (VIOLATED)
_1825_/A                                0.750000    2.685191   -1.935191 (VIOLATED)
_1890_/A                                0.750000    2.685190   -1.935190 (VIOLATED)
_1517_/C1                               0.750000    2.685188   -1.935188 (VIOLATED)
_1595_/B                                0.750000    2.685189   -1.935189 (VIOLATED)
_1515_/C1                               0.750000    2.685185   -1.935185 (VIOLATED)
_1886_/A                                0.750000    2.685184   -1.935184 (VIOLATED)
_1593_/B                                0.750000    2.685182   -1.935182 (VIOLATED)
_1741_/B                                0.750000    2.685184   -1.935184 (VIOLATED)
_1756_/A                                0.750000    2.685184   -1.935184 (VIOLATED)
_1578_/A1                               0.750000    2.685178   -1.935178 (VIOLATED)
_1596_/B                                0.750000    2.685178   -1.935177 (VIOLATED)
_1744_/B                                0.750000    2.685178   -1.935178 (VIOLATED)
_1762_/A                                0.750000    2.685178   -1.935177 (VIOLATED)
_2858_/B                                0.750000    2.685179   -1.935179 (VIOLATED)
_2859_/B                                0.750000    2.685179   -1.935179 (VIOLATED)
_1827_/A                                0.750000    2.685177   -1.935177 (VIOLATED)
_1511_/C1                               0.750000    2.685174   -1.935174 (VIOLATED)
_1630_/C1                               0.750000    2.685174   -1.935174 (VIOLATED)
_1634_/C1                               0.750000    2.685175   -1.935175 (VIOLATED)
_1892_/A                                0.750000    2.685176   -1.935176 (VIOLATED)
_1821_/A                                0.750000    2.685172   -1.935172 (VIOLATED)
_2856_/B                                0.750000    2.685172   -1.935173 (VIOLATED)
_1622_/C1                               0.750000    2.685169   -1.935169 (VIOLATED)
_1591_/B                                0.750000    2.685166   -1.935166 (VIOLATED)
_1486_/C1                               0.750000    2.685163   -1.935164 (VIOLATED)
_1572_/A1                               0.750000    2.685163   -1.935163 (VIOLATED)
_1574_/A1                               0.750000    2.685164   -1.935164 (VIOLATED)
_1576_/A1                               0.750000    2.685164   -1.935164 (VIOLATED)
_1580_/A1                               0.750000    2.685164   -1.935165 (VIOLATED)
_1586_/A1                               0.750000    2.685162   -1.935161 (VIOLATED)
_1569_/C                                0.750000    2.685158   -1.935158 (VIOLATED)
_1739_/B                                0.750000    2.685153   -1.935153 (VIOLATED)
_1944_/A                                0.750000    2.685152   -1.935153 (VIOLATED)
_1752_/A                                0.750000    2.685148   -1.935148 (VIOLATED)
_1453_/B1                               0.750000    2.685146   -1.935146 (VIOLATED)
_1482_/A                                0.750000    2.685147   -1.935147 (VIOLATED)
_1568_/A                                0.750000    2.685146   -1.935146 (VIOLATED)
_1817_/A                                0.750000    2.685142   -1.935142 (VIOLATED)
_1882_/A                                0.750000    2.685135   -1.935135 (VIOLATED)
_1507_/C1                               0.750000    2.685115   -1.935115 (VIOLATED)
_2854_/B                                0.750000    2.685109   -1.935109 (VIOLATED)
_1505_/C1                               0.750000    2.685089   -1.935089 (VIOLATED)
_1740_/B                                0.750000    2.685090   -1.935090 (VIOLATED)
_2853_/B                                0.750000    2.685090   -1.935090 (VIOLATED)
_1494_/B1                               0.750000    2.685079   -1.935079 (VIOLATED)
_1729_/B1                               0.750000    2.685078   -1.935077 (VIOLATED)
_1738_/B                                0.750000    2.685076   -1.935077 (VIOLATED)
_1815_/A                                0.750000    2.685076   -1.935077 (VIOLATED)
_1456_/B1                               0.750000    2.685073   -1.935073 (VIOLATED)
_1469_/D                                0.750000    2.685075   -1.935075 (VIOLATED)
_1471_/A1                               0.750000    2.685074   -1.935074 (VIOLATED)
_1474_/A2                               0.750000    2.685073   -1.935073 (VIOLATED)
_1734_/C1                               0.750000    2.685075   -1.935074 (VIOLATED)
_1736_/A1                               0.750000    2.685073   -1.935073 (VIOLATED)
_1819_/A                                0.750000    2.685069   -1.935069 (VIOLATED)
_1590_/B                                0.750000    2.685066   -1.935066 (VIOLATED)
_1750_/A                                0.750000    2.685066   -1.935066 (VIOLATED)
_1880_/A                                0.750000    2.685062   -1.935062 (VIOLATED)
_1612_/C1                               0.750000    2.685060   -1.935060 (VIOLATED)
_1884_/A                                0.750000    2.685045   -1.935045 (VIOLATED)
_1616_/C1                               0.750000    2.685018   -1.935018 (VIOLATED)
_1619_/C1                               0.750000    2.685018   -1.935018 (VIOLATED)
_1649_/C1                               0.750000    2.685017   -1.935018 (VIOLATED)
_1770_/A                                0.750000    2.685016   -1.935016 (VIOLATED)
_1900_/A                                0.750000    2.685017   -1.935018 (VIOLATED)
_1835_/A                                0.750000    2.685013   -1.935013 (VIOLATED)
_1509_/C1                               0.750000    2.685007   -1.935007 (VIOLATED)
_1592_/B                                0.750000    2.685008   -1.935008 (VIOLATED)
_1745_/B                                0.750000    2.685008   -1.935008 (VIOLATED)
_1754_/A                                0.750000    2.685008   -1.935008 (VIOLATED)
_2855_/B                                0.750000    2.685008   -1.935008 (VIOLATED)
_1525_/C1                               0.750000    2.685005   -1.935006 (VIOLATED)
_1768_/A                                0.750000    2.684979   -1.934979 (VIOLATED)
_1645_/C1                               0.750000    2.684974   -1.934974 (VIOLATED)
_1833_/A                                0.750000    2.684974   -1.934974 (VIOLATED)
_1898_/A                                0.750000    2.684974   -1.934974 (VIOLATED)
_1523_/C1                               0.750000    2.684947   -1.934947 (VIOLATED)
_1638_/C1                               0.750000    2.684948   -1.934948 (VIOLATED)
_1837_/A                                0.750000    2.684946   -1.934947 (VIOLATED)
_1772_/A                                0.750000    2.684939   -1.934939 (VIOLATED)
_1653_/C1                               0.750000    2.684932   -1.934932 (VIOLATED)
_1902_/A                                0.750000    2.684932   -1.934931 (VIOLATED)
_1597_/B                                0.750000    2.684914   -1.934914 (VIOLATED)
_1764_/A                                0.750000    2.684913   -1.934914 (VIOLATED)
_1829_/A                                0.750000    2.684914   -1.934914 (VIOLATED)
_1513_/C1                               0.750000    2.684911   -1.934911 (VIOLATED)
_1519_/C1                               0.750000    2.684913   -1.934913 (VIOLATED)
_1894_/A                                0.750000    2.684913   -1.934913 (VIOLATED)
_2857_/B                                0.750000    2.684912   -1.934912 (VIOLATED)
_2860_/B                                0.750000    2.684913   -1.934913 (VIOLATED)
_2862_/B                                0.750000    2.684912   -1.934912 (VIOLATED)
_2863_/B                                0.750000    2.684914   -1.934914 (VIOLATED)
_1521_/C1                               0.750000    2.684910   -1.934910 (VIOLATED)
_1527_/C1                               0.750000    2.684911   -1.934911 (VIOLATED)
_1529_/C1                               0.750000    2.684910   -1.934910 (VIOLATED)
_1626_/C1                               0.750000    2.684911   -1.934911 (VIOLATED)
_1766_/A                                0.750000    2.684906   -1.934906 (VIOLATED)
_1831_/A                                0.750000    2.684907   -1.934907 (VIOLATED)
_1642_/C1                               0.750000    2.684902   -1.934902 (VIOLATED)
_1896_/A                                0.750000    2.684903   -1.934903 (VIOLATED)
_1657_/C1                               0.750000    2.684899   -1.934898 (VIOLATED)
_1774_/A                                0.750000    2.684898   -1.934898 (VIOLATED)
_1839_/A                                0.750000    2.684898   -1.934898 (VIOLATED)
_1904_/A                                0.750000    2.684898   -1.934898 (VIOLATED)
_1910_/A                                0.750000    2.684857   -1.934857 (VIOLATED)
_1667_/C1                               0.750000    2.684837   -1.934837 (VIOLATED)
_1780_/A                                0.750000    2.684837   -1.934837 (VIOLATED)
_1845_/A                                0.750000    2.684833   -1.934833 (VIOLATED)
_1531_/C1                               0.750000    2.684824   -1.934824 (VIOLATED)
_1888_/A                                0.750000    2.684824   -1.934824 (VIOLATED)
_1537_/C1                               0.750000    2.684822   -1.934822 (VIOLATED)
_1541_/C1                               0.750000    2.684821   -1.934821 (VIOLATED)
_1589_/B                                0.750000    2.684822   -1.934822 (VIOLATED)
_1663_/C1                               0.750000    2.684821   -1.934821 (VIOLATED)
_1778_/A                                0.750000    2.684821   -1.934821 (VIOLATED)
_1786_/A                                0.750000    2.684819   -1.934819 (VIOLATED)
_1841_/A                                0.750000    2.684820   -1.934820 (VIOLATED)
_1843_/A                                0.750000    2.684821   -1.934821 (VIOLATED)
_1908_/A                                0.750000    2.684821   -1.934821 (VIOLATED)
_1949_/B1                               0.750000    2.684823   -1.934823 (VIOLATED)
_2844_/C1                               0.750000    2.684824   -1.934824 (VIOLATED)
_2849_/B1                               0.750000    2.684823   -1.934824 (VIOLATED)
_1851_/A                                0.750000    2.684818   -1.934818 (VIOLATED)
_1660_/C1                               0.750000    2.684815   -1.934816 (VIOLATED)
_1679_/C1                               0.750000    2.684814   -1.934814 (VIOLATED)
_1776_/A                                0.750000    2.684816   -1.934816 (VIOLATED)
_1906_/A                                0.750000    2.684816   -1.934816 (VIOLATED)
_1916_/A                                0.750000    2.684816   -1.934816 (VIOLATED)
_1782_/A                                0.750000    2.684805   -1.934805 (VIOLATED)
_1551_/C1                               0.750000    2.684777   -1.934777 (VIOLATED)
_1698_/C1                               0.750000    2.684776   -1.934776 (VIOLATED)
_1796_/A                                0.750000    2.684777   -1.934776 (VIOLATED)
_1812_/A                                0.750000    2.684776   -1.934775 (VIOLATED)
_1861_/A                                0.750000    2.684777   -1.934776 (VIOLATED)
_1926_/A                                0.750000    2.684777   -1.934777 (VIOLATED)
_1671_/C1                               0.750000    2.684772   -1.934772 (VIOLATED)
_1728_/C1                               0.750000    2.684772   -1.934772 (VIOLATED)
_1877_/A                                0.750000    2.684771   -1.934771 (VIOLATED)
_1942_/A                                0.750000    2.684771   -1.934772 (VIOLATED)
_1547_/C1                               0.750000    2.684740   -1.934740 (VIOLATED)
_1567_/C1                               0.750000    2.684741   -1.934741 (VIOLATED)
_1690_/C1                               0.750000    2.684738   -1.934738 (VIOLATED)
_1792_/A                                0.750000    2.684740   -1.934740 (VIOLATED)
_1847_/A                                0.750000    2.684739   -1.934740 (VIOLATED)
_1857_/A                                0.750000    2.684739   -1.934740 (VIOLATED)
_1912_/A                                0.750000    2.684740   -1.934740 (VIOLATED)
_2874_/B                                0.750000    2.684741   -1.934741 (VIOLATED)
_2876_/B                                0.750000    2.684741   -1.934741 (VIOLATED)
_1922_/A                                0.750000    2.684739   -1.934739 (VIOLATED)
_2883_/B                                0.750000    2.684740   -1.934740 (VIOLATED)
_1869_/A                                0.750000    2.684714   -1.934714 (VIOLATED)
_1804_/A                                0.750000    2.684708   -1.934708 (VIOLATED)
_1533_/C1                               0.750000    2.684697   -1.934697 (VIOLATED)
_1535_/C1                               0.750000    2.684697   -1.934697 (VIOLATED)
_1594_/B                                0.750000    2.684698   -1.934698 (VIOLATED)
_1742_/B                                0.750000    2.684698   -1.934698 (VIOLATED)
_1758_/A                                0.750000    2.684698   -1.934698 (VIOLATED)
_1823_/A                                0.750000    2.684698   -1.934698 (VIOLATED)
_2801_/A                                0.750000    2.684699   -1.934699 (VIOLATED)
_2806_/A                                0.750000    2.684699   -1.934699 (VIOLATED)
_2861_/B                                0.750000    2.684698   -1.934698 (VIOLATED)
_2864_/B                                0.750000    2.684698   -1.934698 (VIOLATED)
_2865_/B                                0.750000    2.684698   -1.934698 (VIOLATED)
_2866_/B                                0.750000    2.684698   -1.934698 (VIOLATED)
_2867_/B                                0.750000    2.684698   -1.934698 (VIOLATED)
_2868_/B                                0.750000    2.684698   -1.934698 (VIOLATED)
_1543_/C1                               0.750000    2.684693   -1.934693 (VIOLATED)
_2871_/B                                0.750000    2.684695   -1.934695 (VIOLATED)
_1539_/C1                               0.750000    2.684690   -1.934691 (VIOLATED)
_1788_/A                                0.750000    2.684692   -1.934693 (VIOLATED)
_1545_/C1                               0.750000    2.684690   -1.934690 (VIOLATED)
_1557_/C1                               0.750000    2.684691   -1.934691 (VIOLATED)
_1559_/C1                               0.750000    2.684691   -1.934691 (VIOLATED)
_1561_/C1                               0.750000    2.684691   -1.934691 (VIOLATED)
_1565_/C1                               0.750000    2.684691   -1.934691 (VIOLATED)
_1853_/A                                0.750000    2.684691   -1.934691 (VIOLATED)
_1918_/A                                0.750000    2.684691   -1.934691 (VIOLATED)
_1549_/C1                               0.750000    2.684689   -1.934689 (VIOLATED)
_1683_/C1                               0.750000    2.684690   -1.934690 (VIOLATED)
_1936_/A                                0.750000    2.684690   -1.934690 (VIOLATED)
_2840_/A                                0.750000    2.684690   -1.934690 (VIOLATED)
_2869_/B                                0.750000    2.684691   -1.934691 (VIOLATED)
_2870_/B                                0.750000    2.684691   -1.934691 (VIOLATED)
_2872_/B                                0.750000    2.684690   -1.934690 (VIOLATED)
_2873_/B                                0.750000    2.684690   -1.934690 (VIOLATED)
_2879_/B                                0.750000    2.684691   -1.934691 (VIOLATED)
_2880_/B                                0.750000    2.684691   -1.934692 (VIOLATED)
_2881_/B                                0.750000    2.684691   -1.934692 (VIOLATED)
_2875_/B                                0.750000    2.684689   -1.934689 (VIOLATED)
_2884_/B                                0.750000    2.684690   -1.934690 (VIOLATED)
_1553_/C1                               0.750000    2.684687   -1.934687 (VIOLATED)
_1555_/C1                               0.750000    2.684687   -1.934688 (VIOLATED)
_1686_/C1                               0.750000    2.684687   -1.934687 (VIOLATED)
_1790_/A                                0.750000    2.684687   -1.934688 (VIOLATED)
_1849_/A                                0.750000    2.684688   -1.934688 (VIOLATED)
_1855_/A                                0.750000    2.684687   -1.934688 (VIOLATED)
_1859_/A                                0.750000    2.684688   -1.934688 (VIOLATED)
_1920_/A                                0.750000    2.684687   -1.934688 (VIOLATED)
_2877_/B                                0.750000    2.684688   -1.934688 (VIOLATED)
_2878_/B                                0.750000    2.684688   -1.934688 (VIOLATED)
_1675_/C1                               0.750000    2.684685   -1.934685 (VIOLATED)
_1694_/C1                               0.750000    2.684685   -1.934685 (VIOLATED)
_1702_/C1                               0.750000    2.684684   -1.934684 (VIOLATED)
_1784_/A                                0.750000    2.684685   -1.934685 (VIOLATED)
_1794_/A                                0.750000    2.684685   -1.934685 (VIOLATED)
_1798_/A                                0.750000    2.684684   -1.934685 (VIOLATED)
_1800_/A                                0.750000    2.684685   -1.934685 (VIOLATED)
_1863_/A                                0.750000    2.684684   -1.934684 (VIOLATED)
_1865_/A                                0.750000    2.684686   -1.934686 (VIOLATED)
_2882_/B                                0.750000    2.684687   -1.934687 (VIOLATED)
_1871_/A                                0.750000    2.684684   -1.934684 (VIOLATED)
_1914_/A                                0.750000    2.684685   -1.934685 (VIOLATED)
_1924_/A                                0.750000    2.684685   -1.934685 (VIOLATED)
_1928_/A                                0.750000    2.684684   -1.934684 (VIOLATED)
_1705_/C1                               0.750000    2.684681   -1.934681 (VIOLATED)
_1930_/A                                0.750000    2.684682   -1.934682 (VIOLATED)
_1563_/C1                               0.750000    2.684679   -1.934679 (VIOLATED)
_1873_/A                                0.750000    2.684678   -1.934678 (VIOLATED)
_1598_/B1                               0.750000    2.684674   -1.934674 (VIOLATED)
_1720_/C1                               0.750000    2.684674   -1.934674 (VIOLATED)
_1808_/A                                0.750000    2.684674   -1.934674 (VIOLATED)
_1938_/A                                0.750000    2.684676   -1.934676 (VIOLATED)
_1448_/Y                                0.750000    2.684669   -1.934669 (VIOLATED)
_1709_/C1                               0.750000    2.684669   -1.934669 (VIOLATED)
_1713_/C1                               0.750000    2.684669   -1.934669 (VIOLATED)
_1716_/C1                               0.750000    2.684669   -1.934669 (VIOLATED)
_1724_/C1                               0.750000    2.684669   -1.934669 (VIOLATED)
_1802_/A                                0.750000    2.684669   -1.934669 (VIOLATED)
_1806_/A                                0.750000    2.684669   -1.934669 (VIOLATED)
_1810_/A                                0.750000    2.684669   -1.934669 (VIOLATED)
_1867_/A                                0.750000    2.684669   -1.934669 (VIOLATED)
_1875_/A                                0.750000    2.684669   -1.934669 (VIOLATED)
_1932_/A                                0.750000    2.684669   -1.934669 (VIOLATED)
_1934_/A                                0.750000    2.684669   -1.934669 (VIOLATED)
_1940_/A                                0.750000    2.684669   -1.934669 (VIOLATED)
_2580_/B                                0.750000    2.032581   -1.282581 (VIOLATED)
_2516_/B                                0.750000    2.032579   -1.282579 (VIOLATED)
_2539_/B                                0.750000    2.032580   -1.282580 (VIOLATED)
_2557_/B                                0.750000    2.032581   -1.282581 (VIOLATED)
_2494_/B                                0.750000    2.032578   -1.282578 (VIOLATED)
_2519_/A2                               0.750000    2.032578   -1.282578 (VIOLATED)
_2605_/B                                0.750000    2.032578   -1.282578 (VIOLATED)
_2626_/B                                0.750000    2.032578   -1.282578 (VIOLATED)
_2645_/B                                0.750000    2.032577   -1.282577 (VIOLATED)
_2668_/B                                0.750000    2.032577   -1.282577 (VIOLATED)
_2330_/B                                0.750000    2.032574   -1.282574 (VIOLATED)
_2364_/B                                0.750000    2.032575   -1.282575 (VIOLATED)
_2691_/B                                0.750000    2.032575   -1.282575 (VIOLATED)
_2711_/B                                0.750000    2.032574   -1.282574 (VIOLATED)
_2295_/B                                0.750000    2.032572   -1.282572 (VIOLATED)
_2734_/B                                0.750000    2.032573   -1.282572 (VIOLATED)
_2754_/B                                0.750000    2.032571   -1.282571 (VIOLATED)
_2130_/Y                                0.750000    2.032567   -1.282567 (VIOLATED)
_2131_/B                                0.750000    2.032567   -1.282567 (VIOLATED)
_2171_/B                                0.750000    2.032567   -1.282567 (VIOLATED)
_2172_/B                                0.750000    2.032567   -1.282567 (VIOLATED)
_2212_/B                                0.750000    2.032567   -1.282567 (VIOLATED)
_2249_/B                                0.750000    2.032567   -1.282567 (VIOLATED)
_2833_/B2                               0.750000    1.732780   -0.982780 (VIOLATED)
_2776_/B                                0.750000    1.732778   -0.982778 (VIOLATED)
_2782_/B                                0.750000    1.732779   -0.982779 (VIOLATED)
_2784_/B2                               0.750000    1.732779   -0.982779 (VIOLATED)
_2823_/B2                               0.750000    1.732778   -0.982778 (VIOLATED)
_2827_/B2                               0.750000    1.732779   -0.982779 (VIOLATED)
_2829_/B2                               0.750000    1.732779   -0.982779 (VIOLATED)
_2831_/B2                               0.750000    1.732779   -0.982779 (VIOLATED)
_2770_/B                                0.750000    1.732777   -0.982777 (VIOLATED)
_2800_/B2                               0.750000    1.732777   -0.982777 (VIOLATED)
_2803_/B                                0.750000    1.732777   -0.982777 (VIOLATED)
_2805_/B2                               0.750000    1.732777   -0.982777 (VIOLATED)
_2808_/B                                0.750000    1.732777   -0.982777 (VIOLATED)
_2821_/B2                               0.750000    1.732777   -0.982777 (VIOLATED)
_2825_/B2                               0.750000    1.732778   -0.982778 (VIOLATED)
_2773_/B                                0.750000    1.732775   -0.982775 (VIOLATED)
_2789_/B                                0.750000    1.732776   -0.982776 (VIOLATED)
_2792_/B                                0.750000    1.732775   -0.982775 (VIOLATED)
_2795_/B                                0.750000    1.732775   -0.982775 (VIOLATED)
_2798_/B                                0.750000    1.732776   -0.982776 (VIOLATED)
_2819_/B2                               0.750000    1.732776   -0.982776 (VIOLATED)
_2786_/B2                               0.750000    1.732774   -0.982774 (VIOLATED)
_2817_/B2                               0.750000    1.732774   -0.982774 (VIOLATED)
_2835_/B2                               0.750000    1.732773   -0.982773 (VIOLATED)
_2837_/B2                               0.750000    1.732773   -0.982773 (VIOLATED)
_2839_/B2                               0.750000    1.732772   -0.982772 (VIOLATED)
_2779_/B                                0.750000    1.732771   -0.982771 (VIOLATED)
_2815_/A2_N                             0.750000    1.732770   -0.982770 (VIOLATED)
_2813_/B                                0.750000    1.732768   -0.982768 (VIOLATED)
_2765_/Y                                0.750000    1.732761   -0.982761 (VIOLATED)
_2844_/A2                               0.750000    1.732761   -0.982761 (VIOLATED)
_1672_/B1                               0.750000    1.475776   -0.725776 (VIOLATED)
_1691_/B1                               0.750000    1.475776   -0.725776 (VIOLATED)
_1699_/B1                               0.750000    1.475775   -0.725775 (VIOLATED)
_1684_/B1                               0.750000    1.475774   -0.725774 (VIOLATED)
_1703_/B1                               0.750000    1.475772   -0.725772 (VIOLATED)
_1687_/B1                               0.750000    1.475765   -0.725765 (VIOLATED)
_1706_/A2                               0.750000    1.475765   -0.725765 (VIOLATED)
_1717_/B1                               0.750000    1.475765   -0.725765 (VIOLATED)
_1721_/A2                               0.750000    1.475764   -0.725764 (VIOLATED)
_1680_/B1                               0.750000    1.475763   -0.725763 (VIOLATED)
_1714_/A2                               0.750000    1.475762   -0.725762 (VIOLATED)
_1695_/A2                               0.750000    1.475761   -0.725761 (VIOLATED)
_1711_/B1                               0.750000    1.475760   -0.725760 (VIOLATED)
_1725_/B1                               0.750000    1.475757   -0.725757 (VIOLATED)
_1668_/B1                               0.750000    1.475750   -0.725750 (VIOLATED)
_1664_/A2                               0.750000    1.475744   -0.725744 (VIOLATED)
_1676_/B1                               0.750000    1.475739   -0.725739 (VIOLATED)
_1623_/B1                               0.750000    1.475738   -0.725738 (VIOLATED)
_1659_/B1                               0.750000    1.475738   -0.725738 (VIOLATED)
_1661_/B1                               0.750000    1.475738   -0.725738 (VIOLATED)
_1639_/B1                               0.750000    1.475737   -0.725737 (VIOLATED)
_1655_/B1                               0.750000    1.475736   -0.725736 (VIOLATED)
_1651_/B1                               0.750000    1.475727   -0.725727 (VIOLATED)
_1643_/B1                               0.750000    1.475721   -0.725721 (VIOLATED)
_1647_/B1                               0.750000    1.475713   -0.725713 (VIOLATED)
_1617_/B1                               0.750000    1.475705   -0.725705 (VIOLATED)
_1636_/A2                               0.750000    1.475705   -0.725705 (VIOLATED)
_1611_/B1                               0.750000    1.475698   -0.725698 (VIOLATED)
_1614_/B1                               0.750000    1.475693   -0.725693 (VIOLATED)
_1610_/Y                                0.750000    1.475688   -0.725688 (VIOLATED)
_1620_/B1                               0.750000    1.475688   -0.725688 (VIOLATED)
_1629_/A2                               0.750000    1.475688   -0.725688 (VIOLATED)
_1631_/B1                               0.750000    1.475688   -0.725688 (VIOLATED)
_2646_/A                                0.750000    1.418877   -0.668877 (VIOLATED)
_2647_/A                                0.750000    1.418877   -0.668877 (VIOLATED)
_2669_/A                                0.750000    1.418877   -0.668877 (VIOLATED)
_2670_/A                                0.750000    1.418877   -0.668877 (VIOLATED)
_2627_/A                                0.750000    1.418876   -0.668876 (VIOLATED)
_2628_/A                                0.750000    1.418876   -0.668876 (VIOLATED)
_2606_/A                                0.750000    1.418874   -0.668874 (VIOLATED)
_2607_/A                                0.750000    1.418874   -0.668874 (VIOLATED)
_2581_/A                                0.750000    1.418871   -0.668871 (VIOLATED)
_2582_/A                                0.750000    1.418871   -0.668871 (VIOLATED)
_2558_/A                                0.750000    1.418868   -0.668868 (VIOLATED)
_2559_/A                                0.750000    1.418868   -0.668868 (VIOLATED)
_2540_/A                                0.750000    1.418865   -0.668865 (VIOLATED)
_2541_/A                                0.750000    1.418865   -0.668865 (VIOLATED)
_2537_/A1                               0.750000    1.418862   -0.668862 (VIOLATED)
_2495_/A                                0.750000    1.418859   -0.668859 (VIOLATED)
_2365_/A                                0.750000    1.418855   -0.668855 (VIOLATED)
_2366_/A                                0.750000    1.418855   -0.668855 (VIOLATED)
_2692_/A                                0.750000    1.418853   -0.668853 (VIOLATED)
_2693_/A                                0.750000    1.418853   -0.668853 (VIOLATED)
_2712_/A                                0.750000    1.418853   -0.668853 (VIOLATED)
_2713_/A                                0.750000    1.418853   -0.668853 (VIOLATED)
_2735_/A                                0.750000    1.418852   -0.668852 (VIOLATED)
_2736_/A                                0.750000    1.418852   -0.668852 (VIOLATED)
_2362_/A1                               0.750000    1.418851   -0.668852 (VIOLATED)
_2424_/A                                0.750000    1.418850   -0.668850 (VIOLATED)
_2328_/A1                               0.750000    1.418849   -0.668849 (VIOLATED)
_2293_/Y                                0.750000    1.418844   -0.668844 (VIOLATED)
_1473_/A                                0.750000    1.180483   -0.430483 (VIOLATED)
_1730_/B1                               0.750000    1.180481   -0.430481 (VIOLATED)
_2885_/A                                0.750000    1.180477   -0.430477 (VIOLATED)
_1496_/C1                               0.750000    1.180473   -0.430473 (VIOLATED)
_1491_/A                                0.750000    1.180469   -0.430469 (VIOLATED)
_1489_/A                                0.750000    1.180464   -0.430464 (VIOLATED)
_1468_/B1                               0.750000    1.180460   -0.430460 (VIOLATED)
_1459_/B1                               0.750000    1.180448   -0.430448 (VIOLATED)
_1480_/A                                0.750000    1.180448   -0.430448 (VIOLATED)
_1467_/A                                0.750000    1.180445   -0.430445 (VIOLATED)
_1484_/A                                0.750000    1.180443   -0.430443 (VIOLATED)
_1570_/C                                0.750000    1.180440   -0.430440 (VIOLATED)
_2785_/A                                0.750000    1.180406   -0.430406 (VIOLATED)
_2783_/B1                               0.750000    1.180404   -0.430404 (VIOLATED)
_2777_/B1                               0.750000    1.180401   -0.430401 (VIOLATED)
_2771_/B1                               0.750000    1.180387   -0.430387 (VIOLATED)
_2774_/B1                               0.750000    1.180343   -0.430343 (VIOLATED)
_2768_/A                                0.750000    1.180303   -0.430303 (VIOLATED)
_2796_/B1                               0.750000    1.180302   -0.430302 (VIOLATED)
_2793_/B1                               0.750000    1.180301   -0.430301 (VIOLATED)
_2780_/B1                               0.750000    1.180301   -0.430301 (VIOLATED)
_2787_/A                                0.750000    1.180299   -0.430299 (VIOLATED)
_2790_/B1                               0.750000    1.180299   -0.430299 (VIOLATED)
_2804_/B1                               0.750000    1.180296   -0.430296 (VIOLATED)
_2834_/A                                0.750000    1.180296   -0.430296 (VIOLATED)
_2832_/A                                0.750000    1.180295   -0.430295 (VIOLATED)
_2809_/B1                               0.750000    1.180295   -0.430295 (VIOLATED)
_2830_/A                                0.750000    1.180294   -0.430294 (VIOLATED)
_2799_/B1                               0.750000    1.180292   -0.430292 (VIOLATED)
_2828_/A                                0.750000    1.180292   -0.430292 (VIOLATED)
_2824_/A                                0.750000    1.180288   -0.430288 (VIOLATED)
_2826_/A                                0.750000    1.180285   -0.430285 (VIOLATED)
_2822_/A                                0.750000    1.180281   -0.430281 (VIOLATED)
_2811_/A                                0.750000    1.180277   -0.430277 (VIOLATED)
_2820_/A                                0.750000    1.180273   -0.430273 (VIOLATED)
_2814_/B1                               0.750000    1.180262   -0.430262 (VIOLATED)
_2818_/A                                0.750000    1.180263   -0.430263 (VIOLATED)
_2816_/A                                0.750000    1.180249   -0.430249 (VIOLATED)
_2836_/A                                0.750000    1.180242   -0.430242 (VIOLATED)
_2838_/A                                0.750000    1.180241   -0.430242 (VIOLATED)
_2842_/A                                0.750000    1.180239   -0.430239 (VIOLATED)
_2847_/A                                0.750000    1.180165   -0.430165 (VIOLATED)
_1478_/B1                               0.750000    1.179915   -0.429915 (VIOLATED)
_1462_/A                                0.750000    1.179905   -0.429905 (VIOLATED)
_1600_/C1                               0.750000    1.179905   -0.429905 (VIOLATED)
_1448_/A                                0.750000    1.179864   -0.429864 (VIOLATED)
rst                                     0.750000    1.179859   -0.429859 (VIOLATED)
_1704_/C1                               0.750000    1.097187   -0.347187 (VIOLATED)
_1707_/C1                               0.750000    1.097186   -0.347186 (VIOLATED)
_1722_/C1                               0.750000    1.097185   -0.347186 (VIOLATED)
_1715_/C1                               0.750000    1.097184   -0.347184 (VIOLATED)
_1711_/C1                               0.750000    1.097182   -0.347182 (VIOLATED)
_1688_/C1                               0.750000    1.097181   -0.347181 (VIOLATED)
_1669_/C1                               0.750000    1.097180   -0.347180 (VIOLATED)
_1726_/C1                               0.750000    1.097178   -0.347178 (VIOLATED)
_1681_/C1                               0.750000    1.097176   -0.347176 (VIOLATED)
_1696_/C1                               0.750000    1.097175   -0.347175 (VIOLATED)
_1677_/C1                               0.750000    1.097174   -0.347174 (VIOLATED)
_1659_/C1                               0.750000    1.097172   -0.347172 (VIOLATED)
_1665_/C1                               0.750000    1.097171   -0.347171 (VIOLATED)
_1655_/C1                               0.750000    1.097166   -0.347166 (VIOLATED)
_1651_/C1                               0.750000    1.097161   -0.347161 (VIOLATED)
_1644_/C1                               0.750000    1.097157   -0.347157 (VIOLATED)
_1636_/C1                               0.750000    1.097156   -0.347156 (VIOLATED)
_1647_/C1                               0.750000    1.097153   -0.347153 (VIOLATED)
_1616_/B1                               0.750000    1.097149   -0.347149 (VIOLATED)
_1619_/B1                               0.750000    1.097149   -0.347149 (VIOLATED)
_1606_/B1                               0.750000    1.097147   -0.347147 (VIOLATED)
_1604_/Y                                0.750000    1.097140   -0.347140 (VIOLATED)
_1622_/B1                               0.750000    1.097140   -0.347140 (VIOLATED)
_1629_/C1                               0.750000    1.097140   -0.347140 (VIOLATED)
_1632_/C1                               0.750000    1.097140   -0.347140 (VIOLATED)
_1807_/S                                0.750000    0.987261   -0.237261 (VIOLATED)
_1801_/S                                0.750000    0.987260   -0.237260 (VIOLATED)
_1809_/S                                0.750000    0.987258   -0.237258 (VIOLATED)
_1805_/S                                0.750000    0.987255   -0.237255 (VIOLATED)
_1803_/S                                0.750000    0.987251   -0.237251 (VIOLATED)
_1793_/S                                0.750000    0.987247   -0.237247 (VIOLATED)
_1783_/S                                0.750000    0.987247   -0.237247 (VIOLATED)
_1797_/S                                0.750000    0.987245   -0.237245 (VIOLATED)
_1811_/S                                0.750000    0.987244   -0.237244 (VIOLATED)
_1789_/S                                0.750000    0.987243   -0.237243 (VIOLATED)
_1799_/S                                0.750000    0.987242   -0.237242 (VIOLATED)
_1781_/S                                0.750000    0.987240   -0.237240 (VIOLATED)
_1791_/S                                0.750000    0.987239   -0.237239 (VIOLATED)
_1795_/S                                0.750000    0.987238   -0.237238 (VIOLATED)
_1785_/S                                0.750000    0.987237   -0.237237 (VIOLATED)
_1779_/S                                0.750000    0.987236   -0.237236 (VIOLATED)
_1777_/S                                0.750000    0.987235   -0.237235 (VIOLATED)
_1775_/S                                0.750000    0.987233   -0.237233 (VIOLATED)
_1787_/S                                0.750000    0.987232   -0.237232 (VIOLATED)
_1765_/S                                0.750000    0.987231   -0.237231 (VIOLATED)
_1773_/S                                0.750000    0.987228   -0.237228 (VIOLATED)
_1757_/S                                0.750000    0.987219   -0.237219 (VIOLATED)
_1771_/S                                0.750000    0.987219   -0.237219 (VIOLATED)
_1767_/S                                0.750000    0.987209   -0.237209 (VIOLATED)
_1763_/S                                0.750000    0.987202   -0.237202 (VIOLATED)
_1769_/S                                0.750000    0.987200   -0.237200 (VIOLATED)
_1753_/S                                0.750000    0.987186   -0.237186 (VIOLATED)
_1749_/S                                0.750000    0.987175   -0.237175 (VIOLATED)
_1759_/S                                0.750000    0.987174   -0.237174 (VIOLATED)
_1761_/S                                0.750000    0.987174   -0.237174 (VIOLATED)
_1755_/S                                0.750000    0.987174   -0.237174 (VIOLATED)
_1751_/S                                0.750000    0.987172   -0.237173 (VIOLATED)
_1748_/X                                0.750000    0.987171   -0.237171 (VIOLATED)
_2718_/A                                0.750000    0.945159   -0.195159 (VIOLATED)
_2696_/A                                0.750000    0.945159   -0.195159 (VIOLATED)
_2673_/A                                0.750000    0.945158   -0.195158 (VIOLATED)
_2650_/A                                0.750000    0.945156   -0.195156 (VIOLATED)
_2633_/A                                0.750000    0.945154   -0.195154 (VIOLATED)
_2612_/A                                0.750000    0.945151   -0.195151 (VIOLATED)
_2585_/A                                0.750000    0.945149   -0.195149 (VIOLATED)
_2562_/A                                0.750000    0.945147   -0.195147 (VIOLATED)
_2544_/A                                0.750000    0.945146   -0.195146 (VIOLATED)
_2731_/A                                0.750000    0.945143   -0.195143 (VIOLATED)
_2547_/A1                               0.750000    0.945142   -0.195142 (VIOLATED)
_2499_/B1                               0.750000    0.945142   -0.195142 (VIOLATED)
_2512_/A_N                              0.750000    0.945141   -0.195141 (VIOLATED)
_2467_/B1                               0.750000    0.945141   -0.195141 (VIOLATED)
_2428_/B1                               0.750000    0.945140   -0.195140 (VIOLATED)
_2429_/A                                0.750000    0.945140   -0.195140 (VIOLATED)
_2419_/B1                               0.750000    0.945136   -0.195136 (VIOLATED)
_2374_/Y                                0.750000    0.945132   -0.195132 (VIOLATED)
_1923_/S                                0.750000    0.856853   -0.106853 (VIOLATED)
_1913_/S                                0.750000    0.856853   -0.106853 (VIOLATED)
_1927_/S                                0.750000    0.856850   -0.106850 (VIOLATED)
_1929_/S                                0.750000    0.856847   -0.106847 (VIOLATED)
_1937_/S                                0.750000    0.856842   -0.106842 (VIOLATED)
_1931_/S                                0.750000    0.856837   -0.106837 (VIOLATED)
_1939_/S                                0.750000    0.856833   -0.106833 (VIOLATED)
_1935_/S                                0.750000    0.856825   -0.106825 (VIOLATED)
_1933_/S                                0.750000    0.856814   -0.106814 (VIOLATED)
_1921_/S                                0.750000    0.856808   -0.106808 (VIOLATED)
_1911_/S                                0.750000    0.856806   -0.106806 (VIOLATED)
_1919_/S                                0.750000    0.856802   -0.106802 (VIOLATED)
_1917_/S                                0.750000    0.856799   -0.106799 (VIOLATED)
_1941_/S                                0.750000    0.856796   -0.106796 (VIOLATED)
_1925_/S                                0.750000    0.856793   -0.106793 (VIOLATED)
_1915_/S                                0.750000    0.856787   -0.106787 (VIOLATED)
_1907_/S                                0.750000    0.856783   -0.106783 (VIOLATED)
_1905_/S                                0.750000    0.856781   -0.106781 (VIOLATED)
_1909_/S                                0.750000    0.856776   -0.106776 (VIOLATED)
_1903_/S                                0.750000    0.856757   -0.106757 (VIOLATED)
_1895_/S                                0.750000    0.856752   -0.106752 (VIOLATED)
_1901_/S                                0.750000    0.856742   -0.106742 (VIOLATED)
_1897_/S                                0.750000    0.856729   -0.106729 (VIOLATED)
_1899_/S                                0.750000    0.856717   -0.106717 (VIOLATED)
_1887_/S                                0.750000    0.856714   -0.106715 (VIOLATED)
_1893_/S                                0.750000    0.856713   -0.106713 (VIOLATED)
_1883_/S                                0.750000    0.856701   -0.106701 (VIOLATED)
_1879_/S                                0.750000    0.856694   -0.106694 (VIOLATED)
_1889_/S                                0.750000    0.856692   -0.106692 (VIOLATED)
_1891_/S                                0.750000    0.856692   -0.106692 (VIOLATED)
_1885_/S                                0.750000    0.856692   -0.106692 (VIOLATED)
_1878_/X                                0.750000    0.856690   -0.106690 (VIOLATED)
_1881_/S                                0.750000    0.856690   -0.106690 (VIOLATED)
_1858_/S                                0.750000    0.827285   -0.077285 (VIOLATED)
_1862_/S                                0.750000    0.827285   -0.077285 (VIOLATED)
_1848_/S                                0.750000    0.827285   -0.077285 (VIOLATED)
_1854_/S                                0.750000    0.827281   -0.077281 (VIOLATED)
_1864_/S                                0.750000    0.827278   -0.077278 (VIOLATED)
_1852_/S                                0.750000    0.827270   -0.077270 (VIOLATED)
_1856_/S                                0.750000    0.827256   -0.077256 (VIOLATED)
_1860_/S                                0.750000    0.827249   -0.077249 (VIOLATED)
_1872_/S                                0.750000    0.827247   -0.077247 (VIOLATED)
_1866_/S                                0.750000    0.827246   -0.077246 (VIOLATED)
_1874_/S                                0.750000    0.827244   -0.077244 (VIOLATED)
_1870_/S                                0.750000    0.827241   -0.077241 (VIOLATED)
_1850_/S                                0.750000    0.827240   -0.077240 (VIOLATED)
_1868_/S                                0.750000    0.827236   -0.077236 (VIOLATED)
_1846_/S                                0.750000    0.827232   -0.077232 (VIOLATED)
_1840_/S                                0.750000    0.827231   -0.077231 (VIOLATED)
_1876_/S                                0.750000    0.827227   -0.077227 (VIOLATED)
_1822_/S                                0.750000    0.827222   -0.077222 (VIOLATED)
_1842_/S                                0.750000    0.827222   -0.077222 (VIOLATED)
_1830_/S                                0.750000    0.827219   -0.077219 (VIOLATED)
_1844_/S                                0.750000    0.827217   -0.077217 (VIOLATED)
_1838_/S                                0.750000    0.827208   -0.077208 (VIOLATED)
_1836_/S                                0.750000    0.827203   -0.077203 (VIOLATED)
_1832_/S                                0.750000    0.827186   -0.077186 (VIOLATED)
_1834_/S                                0.750000    0.827170   -0.077170 (VIOLATED)
_1828_/S                                0.750000    0.827164   -0.077164 (VIOLATED)
_1818_/S                                0.750000    0.827149   -0.077149 (VIOLATED)
_1824_/S                                0.750000    0.827142   -0.077142 (VIOLATED)
_1826_/S                                0.750000    0.827141   -0.077141 (VIOLATED)
_1820_/S                                0.750000    0.827141   -0.077141 (VIOLATED)
_1816_/S                                0.750000    0.827139   -0.077139 (VIOLATED)
_1814_/S                                0.750000    0.827138   -0.077138 (VIOLATED)
_1813_/X                                0.750000    0.827135   -0.077135 (VIOLATED)
_2376_/A                                0.750000    0.808170   -0.058170 (VIOLATED)
_2419_/A1                               0.750000    0.808170   -0.058170 (VIOLATED)
_2377_/A                                0.750000    0.808170   -0.058170 (VIOLATED)
_2343_/A                                0.750000    0.808169   -0.058169 (VIOLATED)
_2369_/A1                               0.750000    0.808169   -0.058169 (VIOLATED)
_2310_/A                                0.750000    0.808169   -0.058169 (VIOLATED)
_2344_/A1                               0.750000    0.808169   -0.058169 (VIOLATED)
_2374_/A                                0.750000    0.808168   -0.058168 (VIOLATED)
_2256_/Y                                0.750000    0.808167   -0.058167 (VIOLATED)
_2266_/A                                0.750000    0.808167   -0.058167 (VIOLATED)
_2311_/A1                               0.750000    0.808167   -0.058167 (VIOLATED)
_2833_/A1                               0.750000    0.750617   -0.000617 (VIOLATED)
_2831_/A1                               0.750000    0.750617   -0.000617 (VIOLATED)
_2829_/A1                               0.750000    0.750616   -0.000616 (VIOLATED)
_2827_/A1                               0.750000    0.750616   -0.000616 (VIOLATED)
_2823_/A1                               0.750000    0.750615   -0.000615 (VIOLATED)
_2825_/A1                               0.750000    0.750614   -0.000614 (VIOLATED)
_2794_/A                                0.750000    0.750614   -0.000614 (VIOLATED)
_2791_/A                                0.750000    0.750614   -0.000614 (VIOLATED)
_2821_/A1                               0.750000    0.750613   -0.000613 (VIOLATED)
_2788_/A                                0.750000    0.750613   -0.000613 (VIOLATED)
_2802_/A                                0.750000    0.750613   -0.000613 (VIOLATED)
_2807_/A                                0.750000    0.750613   -0.000613 (VIOLATED)
_2805_/A1                               0.750000    0.750612   -0.000612 (VIOLATED)
_2800_/A1                               0.750000    0.750612   -0.000612 (VIOLATED)
_2819_/A1                               0.750000    0.750612   -0.000612 (VIOLATED)
_2797_/A                                0.750000    0.750611   -0.000611 (VIOLATED)
_2784_/A1                               0.750000    0.750610   -0.000610 (VIOLATED)
_2817_/A1                               0.750000    0.750610   -0.000610 (VIOLATED)
_2781_/A                                0.750000    0.750610   -0.000610 (VIOLATED)
_2775_/A                                0.750000    0.750609   -0.000609 (VIOLATED)
_2769_/A                                0.750000    0.750608   -0.000608 (VIOLATED)
_2835_/A1                               0.750000    0.750608   -0.000608 (VIOLATED)
_2837_/A1                               0.750000    0.750608   -0.000608 (VIOLATED)
_2839_/A1                               0.750000    0.750607   -0.000607 (VIOLATED)
_2786_/A1                               0.750000    0.750607   -0.000607 (VIOLATED)
_2772_/A                                0.750000    0.750606   -0.000606 (VIOLATED)
_2778_/A                                0.750000    0.750605   -0.000605 (VIOLATED)
_2767_/A1_N                             0.750000    0.750605   -0.000605 (VIOLATED)
_2812_/A                                0.750000    0.750603   -0.000603 (VIOLATED)
_1443_/Y                                0.750000    0.750600   -0.000600 (VIOLATED)
_1949_/A1                               0.750000    0.750600   -0.000600 (VIOLATED)
_2765_/A                                0.750000    0.750600   -0.000600 (VIOLATED)

max fanout

Pin                                   Limit Fanout  Slack
---------------------------------------------------------
clk                                      10    316   -306 (VIOLATED)
_1448_/Y                                 10    238   -228 (VIOLATED)
rst                                      10     46    -36 (VIOLATED)
_1475_/X                                 10     33    -23 (VIOLATED)
_1503_/Y                                 10     33    -23 (VIOLATED)
_1589_/X                                 10     33    -23 (VIOLATED)
_1949_/X                                 10     33    -23 (VIOLATED)
_1502_/X                                 10     32    -22 (VIOLATED)
_1605_/X                                 10     32    -22 (VIOLATED)
_1607_/X                                 10     32    -22 (VIOLATED)
_1610_/Y                                 10     32    -22 (VIOLATED)
_1748_/X                                 10     32    -22 (VIOLATED)
_1813_/X                                 10     32    -22 (VIOLATED)
_1878_/X                                 10     32    -22 (VIOLATED)
_1443_/Y                                 10     31    -21 (VIOLATED)
_1613_/X                                 10     31    -21 (VIOLATED)
_2765_/Y                                 10     30    -20 (VIOLATED)
_2085_/X                                 10     27    -17 (VIOLATED)
_2293_/Y                                 10     27    -17 (VIOLATED)
_1604_/Y                                 10     24    -14 (VIOLATED)
_2128_/X                                 10     23    -13 (VIOLATED)
_2130_/Y                                 10     22    -12 (VIOLATED)
_2940_/Q                                 10     20    -10 (VIOLATED)
_2941_/Q                                 10     18     -8 (VIOLATED)
_2374_/Y                                 10     17     -7 (VIOLATED)
_2942_/Q                                 10     17     -7 (VIOLATED)
_2943_/Q                                 10     17     -7 (VIOLATED)
_2944_/Q                                 10     17     -7 (VIOLATED)
_2956_/Q                                 10     17     -7 (VIOLATED)
_2945_/Q                                 10     16     -6 (VIOLATED)
_2955_/Q                                 10     16     -6 (VIOLATED)
_2951_/Q                                 10     15     -5 (VIOLATED)
_2952_/Q                                 10     15     -5 (VIOLATED)
_2946_/Q                                 10     14     -4 (VIOLATED)
_2953_/Q                                 10     14     -4 (VIOLATED)
_2954_/Q                                 10     14     -4 (VIOLATED)
_2950_/Q                                 10     13     -3 (VIOLATED)
_2294_/X                                 10     12     -2 (VIOLATED)
_1476_/Y                                 10     11        (VIOLATED)
_2947_/Q                                 10     11        (VIOLATED)
_2949_/Q                                 10     11        (VIOLATED)

max capacitance

Pin                                        Limit         Cap       Slack
------------------------------------------------------------------------
clk                                     0.200000    0.813505   -0.613505 (VIOLATED)
_1448_/Y                                0.200000    0.607617   -0.407617 (VIOLATED)
rst                                     0.200000    0.265047   -0.065047 (VIOLATED)
_2130_/Y                                0.141917    0.196845   -0.054927 (VIOLATED)
_2765_/Y                                0.141917    0.167637   -0.025720 (VIOLATED)
_1610_/Y                                0.141917    0.142055   -0.000138 (VIOLATED)



===========================================================================
report_parasitic_annotation -report_unannotated
============================================================================
Found 63 unannotated drivers.
 s_araddr[10]
 s_araddr[11]
 s_araddr[12]
 s_araddr[13]
 s_araddr[14]
 s_araddr[15]
 s_araddr[16]
 s_araddr[17]
 s_araddr[18]
 s_araddr[19]
 s_araddr[20]
 s_araddr[21]
 s_araddr[22]
 s_araddr[23]
 s_araddr[24]
 s_araddr[25]
 s_araddr[26]
 s_araddr[27]
 s_araddr[28]
 s_araddr[29]
 s_araddr[30]
 s_araddr[31]
 s_araddr[5]
 s_araddr[6]
 s_araddr[7]
 s_araddr[8]
 s_araddr[9]
 s_awaddr[10]
 s_awaddr[11]
 s_awaddr[12]
 s_awaddr[13]
 s_awaddr[14]
 s_awaddr[15]
 s_awaddr[16]
 s_awaddr[17]
 s_awaddr[18]
 s_awaddr[19]
 s_awaddr[20]
 s_awaddr[21]
 s_awaddr[22]
 s_awaddr[23]
 s_awaddr[24]
 s_awaddr[25]
 s_awaddr[26]
 s_awaddr[27]
 s_awaddr[28]
 s_awaddr[29]
 s_awaddr[30]
 s_awaddr[31]
 s_awaddr[4]
 s_awaddr[5]
 s_awaddr[6]
 s_awaddr[7]
 s_awaddr[8]
 s_awaddr[9]
 s_wstrb[0]
 s_wstrb[1]
 s_wstrb[2]
 s_wstrb[3]
 _3202_/HI
 _3203_/HI
 _3204_/HI
 _3205_/HI
Found 0 partially unannotated drivers.

===========================================================================
max slew violation count 903
Writing metric design__max_slew_violation__count__corner:nom_tt_025C_1v80: 903
max fanout violation count 41
Writing metric design__max_fanout_violation__count__corner:nom_tt_025C_1v80: 41
max cap violation count 6
Writing metric design__max_cap_violation__count__corner:nom_tt_025C_1v80: 6
============================================================================

===========================================================================
check_setup -verbose -unconstrained_endpoints -multiple_clock -no_clock -no_input_delay -loops -generated_clocks
===========================================================================
Warning: There are 4 unconstrained endpoints.
  s_bresp[0]
  s_bresp[1]
  s_rresp[0]
  s_rresp[1]
