Clock: clk
Sources: clk 
Generated: no
Virtual: yes
Propagated: no
Period: 10.000000

===========================================================================
report_clock_properties
============================================================================
Clock                   Period          Waveform
----------------------------------------------------
clk                  10.000000    0.000000  5.000000

===========================================================================
report_clock_latency
============================================================================
Clock clk
rise -> rise
    min     max
0.000000 0.000000 source latency
2.473842         network latency _3033_/CLK
        2.509521 network latency _3009_/CLK
---------------
2.473842 2.509521 latency
        0.035678 skew

fall -> fall
    min     max
0.000000 0.000000 source latency
1.212887         network latency _3033_/CLK
        1.245991 network latency _3009_/CLK
---------------
1.212887 1.245991 latency
        0.033104 skew



===========================================================================
report_clock_min_period
============================================================================
clk period_min = 8.10 fmax = 123.50
