
===========================================================================
 report_power
============================================================================
======================= nom_tt_025C_1v80 Corner ===================================

Group                    Internal    Switching      Leakage        Total
                            Power        Power        Power        Power (Watts)
------------------------------------------------------------------------
Sequential           1.362033e-03 4.016786e-05 2.706231e-09 1.402203e-03  95.6%
Combinational        3.473098e-05 2.918314e-05 5.801158e-09 6.391991e-05   4.4%
Clock                0.000000e+00 0.000000e+00 5.378464e-10 5.378464e-10   0.0%
Macro                0.000000e+00 0.000000e+00 0.000000e+00 0.000000e+00   0.0%
Pad                  0.000000e+00 0.000000e+00 0.000000e+00 0.000000e+00   0.0%
------------------------------------------------------------------------
Total                1.396764e-03 6.935097e-05 9.045245e-09 1.466124e-03 100.0%
                            95.3%         4.7%         0.0%
Writing metric power__internal__total: 0.0013967638369649649
Writing metric power__switching__total: 6.935097189852968e-5
Writing metric power__leakage__total: 9.045244553362863e-9
Writing metric power__total: 0.001466123852878809

