
===========================================================================
Violator List
============================================================================
[hold in-reg] s_rready -> _2958_/D : -0.914718
[hold in-reg] s_awvalid -> _2886_/D : -0.857812
[hold in-reg] s_wdata[0] -> _3099_/D : -0.853567
[hold in-reg] s_rready -> _2890_/D : -0.822964
[hold in-reg] s_wvalid -> _2993_/D : -0.812212
[hold in-reg] s_awaddr[1] -> _2900_/D : -0.770076
[hold in-reg] s_awaddr[0] -> _2899_/D : -0.769481
[hold in-reg] s_awaddr[2] -> _2901_/D : -0.769364
[hold in-reg] s_awaddr[3] -> _2902_/D : -0.767882
[hold in-reg] s_bready -> _2887_/D : -0.757010
[hold in-reg] s_awvalid -> _2992_/D : -0.742134
[hold in-reg] s_wvalid -> _2888_/D : -0.730713
[hold in-reg] s_wvalid -> _2994_/D : -0.682175
[hold in-reg] s_wdata[6] -> _3041_/D : -0.612286
[hold in-reg] s_wdata[6] -> _3009_/D : -0.611069
[hold in-reg] s_wdata[6] -> _3073_/D : -0.610124
[hold in-reg] s_wdata[5] -> _3008_/D : -0.607740
[hold in-reg] s_wdata[5] -> _3072_/D : -0.606331
[hold in-reg] s_wdata[3] -> _3006_/D : -0.605353
[hold in-reg] s_wdata[5] -> _3040_/D : -0.605315
[hold in-reg] s_wdata[3] -> _3038_/D : -0.604414
[hold in-reg] s_wdata[10] -> _3013_/D : -0.604028
[hold in-reg] s_wdata[10] -> _3045_/D : -0.603303
[hold in-reg] s_wdata[12] -> _3047_/D : -0.602248
[hold in-reg] s_wdata[10] -> _3077_/D : -0.602099
[hold in-reg] s_wdata[11] -> _3014_/D : -0.601839
[hold in-reg] s_wdata[9] -> _3044_/D : -0.601714
[hold in-reg] s_wdata[12] -> _3015_/D : -0.601140
[hold in-reg] s_wdata[2] -> _3037_/D : -0.601123
[hold in-reg] s_wdata[11] -> _3046_/D : -0.600619
[hold in-reg] s_wdata[9] -> _3012_/D : -0.600459
[hold in-reg] s_wdata[1] -> _3004_/D : -0.600449
[hold in-reg] s_wdata[12] -> _3079_/D : -0.600334
[hold in-reg] s_wdata[3] -> _3070_/D : -0.600245
[hold in-reg] s_wdata[1] -> _3036_/D : -0.599758
[hold in-reg] s_wdata[2] -> _3005_/D : -0.599599
[hold in-reg] s_wdata[9] -> _3076_/D : -0.599496
[hold in-reg] s_wdata[11] -> _3078_/D : -0.598903
[hold in-reg] s_wdata[15] -> _3018_/D : -0.597729
[hold in-reg] s_wdata[7] -> _3042_/D : -0.596414
[hold in-reg] s_wdata[15] -> _3050_/D : -0.595271
[hold in-reg] s_wdata[2] -> _3069_/D : -0.595027
[hold in-reg] s_wdata[15] -> _3082_/D : -0.594624
[hold in-reg] s_wdata[8] -> _3011_/D : -0.594092
[hold in-reg] s_wdata[8] -> _3043_/D : -0.593595
[hold in-reg] s_wdata[0] -> _3003_/D : -0.593056
[hold in-reg] s_wdata[7] -> _3010_/D : -0.591830
[hold in-reg] s_wdata[0] -> _3035_/D : -0.591797
[hold in-reg] s_wdata[13] -> _3016_/D : -0.591044
[hold in-reg] s_wdata[31] -> _3066_/D : -0.590637
[hold in-reg] s_wdata[1] -> _3068_/D : -0.590223
[hold in-reg] s_wdata[8] -> _3075_/D : -0.589931
[hold in-reg] s_wdata[18] -> _3053_/D : -0.589498
[hold in-reg] s_wdata[31] -> _3098_/D : -0.588901
[hold in-reg] s_wdata[13] -> _3048_/D : -0.588809
[hold in-reg] s_wdata[18] -> _3021_/D : -0.588139
[hold in-reg] s_wdata[13] -> _3080_/D : -0.587469
[hold in-reg] s_wdata[31] -> _3034_/D : -0.587256
[hold in-reg] s_wdata[16] -> _3019_/D : -0.585928
[hold in-reg] s_wdata[14] -> _3017_/D : -0.585124
[hold in-reg] s_wdata[14] -> _3049_/D : -0.584579
[hold in-reg] s_wdata[7] -> _3074_/D : -0.584275
[hold in-reg] s_wdata[18] -> _3085_/D : -0.584210
[hold in-reg] s_wdata[23] -> _3026_/D : -0.583211
[hold in-reg] s_wdata[23] -> _3058_/D : -0.583061
[hold in-reg] s_wdata[17] -> _3052_/D : -0.582728
[hold in-reg] s_wdata[27] -> _3062_/D : -0.581683
[hold in-reg] s_wdata[16] -> _3051_/D : -0.581601
[hold in-reg] s_wdata[27] -> _3030_/D : -0.581328
[hold in-reg] s_wdata[21] -> _3056_/D : -0.581088
[hold in-reg] s_wdata[0] -> _3067_/D : -0.580753
[hold in-reg] s_wdata[21] -> _3024_/D : -0.580071
[hold in-reg] s_wdata[24] -> _3027_/D : -0.579248
[hold in-reg] s_wdata[27] -> _3094_/D : -0.579104
[hold in-reg] s_wdata[28] -> _3031_/D : -0.578895
[hold in-reg] s_wdata[4] -> _3007_/D : -0.578159
[hold in-reg] s_wdata[4] -> _3039_/D : -0.577923
[hold in-reg] s_wdata[24] -> _3059_/D : -0.577699
[hold in-reg] s_wdata[17] -> _3020_/D : -0.577575
[hold in-reg] s_wdata[20] -> _3023_/D : -0.577521
[hold in-reg] s_wdata[20] -> _3055_/D : -0.577478
[hold in-reg] s_wdata[28] -> _3063_/D : -0.577075
[hold in-reg] s_wdata[21] -> _3088_/D : -0.576490
[hold in-reg] s_wdata[24] -> _3091_/D : -0.576412
[hold in-reg] s_wdata[14] -> _3081_/D : -0.576065
[hold in-reg] s_wdata[16] -> _3083_/D : -0.575748
[hold in-reg] s_wdata[29] -> _3064_/D : -0.575531
[hold in-reg] s_wdata[17] -> _3084_/D : -0.575522
[hold in-reg] s_wdata[22] -> _3057_/D : -0.575414
[hold in-reg] s_wdata[25] -> _3060_/D : -0.575376
[hold in-reg] s_wdata[28] -> _3095_/D : -0.575338
[hold in-reg] s_wdata[26] -> _3029_/D : -0.574796
[hold in-reg] s_wdata[25] -> _3028_/D : -0.574762
[hold in-reg] s_wdata[19] -> _3022_/D : -0.574756
[hold in-reg] s_wdata[26] -> _3061_/D : -0.574666
[hold in-reg] s_wdata[19] -> _3054_/D : -0.574505
[hold in-reg] s_wdata[29] -> _3032_/D : -0.574377
[hold in-reg] s_wdata[20] -> _3087_/D : -0.574212
[hold in-reg] s_wdata[22] -> _3025_/D : -0.573035
[hold in-reg] s_wdata[30] -> _3033_/D : -0.572792
[hold in-reg] s_wdata[29] -> _3096_/D : -0.571841
[hold in-reg] s_wdata[30] -> _3065_/D : -0.571783
[hold in-reg] s_wdata[26] -> _3093_/D : -0.571558
[hold in-reg] s_wdata[30] -> _3097_/D : -0.571215
[hold in-reg] s_wdata[22] -> _3089_/D : -0.570273
[hold in-reg] s_wdata[25] -> _3092_/D : -0.570028
[hold in-reg] s_wdata[23] -> _3090_/D : -0.569152
[hold in-reg] s_wdata[4] -> _3071_/D : -0.566901
[hold in-reg] s_wdata[19] -> _3086_/D : -0.565036
[hold in-reg] s_arvalid -> _2957_/D : -0.562860
[hold in-reg] s_rready -> _2889_/D : -0.541124
[hold in-reg] s_araddr[2] -> _2959_/D : -0.398353
[hold in-reg] s_arvalid -> _2967_/D : -0.323878
[hold in-reg] s_arvalid -> _2963_/D : -0.318984
[hold in-reg] s_arvalid -> _2973_/D : -0.315749
[hold in-reg] s_arvalid -> _2964_/D : -0.308364
[hold in-reg] s_arvalid -> _2965_/D : -0.307906
[hold in-reg] s_arvalid -> _2983_/D : -0.302339
[hold in-reg] s_arvalid -> _2979_/D : -0.302006
[hold in-reg] s_arvalid -> _2981_/D : -0.301611
[hold in-reg] s_arvalid -> _2976_/D : -0.301499
[hold in-reg] rst -> _2937_/D : -0.301218
[hold in-reg] s_arvalid -> _2988_/D : -0.299563
[hold in-reg] s_arvalid -> _2962_/D : -0.274840
[hold in-reg] s_arvalid -> _2960_/D : -0.272005
[hold in-reg] s_arvalid -> _2961_/D : -0.271971
[hold in-reg] s_arvalid -> _2968_/D : -0.271773
[hold in-reg] s_arvalid -> _2972_/D : -0.266286
[hold in-reg] s_arvalid -> _2984_/D : -0.254106
[hold in-reg] s_arvalid -> _2987_/D : -0.251426
[hold in-reg] rst -> _2893_/D : -0.241488
[hold in-reg] rst -> _3139_/D : -0.241367
[hold in-reg] rst -> _2903_/D : -0.239678
[hold in-reg] rst -> _2939_/D : -0.237084
[hold in-reg] rst -> _3133_/D : -0.236103
[hold in-reg] rst -> _3135_/D : -0.236037
[hold in-reg] rst -> _3134_/D : -0.235829
[hold in-reg] rst -> _3138_/D : -0.235459
[hold in-reg] rst -> _3136_/D : -0.234169
[hold in-reg] rst -> _3140_/D : -0.231255
[hold in-reg] rst -> _3201_/D : -0.223007
[hold in-reg] rst -> _3137_/D : -0.221115
[hold in-reg] rst -> _3151_/D : -0.219680
[hold in-reg] rst -> _3153_/D : -0.219454
[hold in-reg] rst -> _3152_/D : -0.219269
[hold in-reg] rst -> _3159_/D : -0.219245
[hold in-reg] rst -> _3154_/D : -0.219156
[hold in-reg] rst -> _3149_/D : -0.219109
[hold in-reg] rst -> _3161_/D : -0.218755
[hold in-reg] rst -> _3157_/D : -0.218358
[hold in-reg] rst -> _3162_/D : -0.218199
[hold in-reg] rst -> _3156_/D : -0.218191
[hold in-reg] rst -> _3155_/D : -0.218072
[hold in-reg] rst -> _3160_/D : -0.217590
[hold in-reg] rst -> _3158_/D : -0.216099
[hold in-reg] rst -> _3164_/D : -0.215681
[hold in-reg] rst -> _3150_/D : -0.215570
[hold in-reg] rst -> _3148_/D : -0.214364
[hold in-reg] rst -> _3144_/D : -0.213829
[hold in-reg] rst -> _3146_/D : -0.213662
[hold in-reg] rst -> _3141_/D : -0.212916
[hold in-reg] rst -> _3142_/D : -0.212674
[hold in-reg] rst -> _3143_/D : -0.212595
[hold in-reg] s_araddr[4] -> _2975_/D : -0.186385
[hold in-reg] s_araddr[4] -> _2977_/D : -0.184476
[hold in-reg] s_araddr[4] -> _2990_/D : -0.183350
[hold in-reg] s_araddr[4] -> _2980_/D : -0.177770
[hold in-reg] s_araddr[4] -> _2978_/D : -0.176329
[hold in-reg] rst -> _2891_/D : -0.154454
[hold in-reg] rst -> _3166_/D : -0.149387
[hold in-reg] s_arvalid -> _2966_/D : -0.144114
[hold in-reg] s_araddr[4] -> _2974_/D : -0.142911
[hold in-reg] s_arvalid -> _2969_/D : -0.141757
[hold in-reg] s_arvalid -> _2970_/D : -0.140000
[hold in-reg] s_arvalid -> _2971_/D : -0.137337
[hold in-reg] s_araddr[4] -> _2982_/D : -0.134980
[hold in-reg] s_arvalid -> _2986_/D : -0.123803
[hold in-reg] s_araddr[4] -> _2985_/D : -0.120868
[hold in-reg] s_araddr[4] -> _2989_/D : -0.119200
[hold in-reg] rst -> _2896_/D : -0.115989
[hold in-reg] rst -> _2895_/D : -0.115372
Writing metric timing__hold_vio__count__corner:nom_tt_025C_1v80: 181
Writing metric timing__hold_r2r__ws__corner:nom_tt_025C_1v80: 0.309676
Writing metric timing__hold_r2r_vio__count__corner:nom_tt_025C_1v80: 0
Writing metric timing__setup_vio__count__corner:nom_tt_025C_1v80: 0
Writing metric timing__setup_r2r__ws__corner:nom_tt_025C_1v80: 1.902514
Writing metric timing__setup_r2r_vio__count__corner:nom_tt_025C_1v80: 0
