Clock: clk
Sources: clk 
Generated: no
Virtual: yes
Propagated: no
Period: 10.000000

===========================================================================
report_clock_properties
============================================================================
Clock                   Period          Waveform
----------------------------------------------------
clk                  10.000000    0.000000  5.000000

===========================================================================
report_clock_latency
============================================================================
Clock clk
rise -> rise
    min     max
0.000000 0.000000 source latency
0.723166         network latency _9209_/CLK
        0.942760 network latency _9142_/CLK
---------------
0.723166 0.942760 latency
        0.219595 skew

fall -> fall
    min     max
0.000000 0.000000 source latency
0.575672         network latency _9209_/CLK
        0.779411 network latency _9142_/CLK
---------------
0.575672 0.779411 latency
        0.203739 skew



===========================================================================
report_clock_min_period
============================================================================
clk period_min = 7.01 fmax = 142.71
