
===========================================================================
 report_power
============================================================================
======================= max_tt_025C_1v80 Corner ===================================

Group                    Internal    Switching      Leakage        Total
                            Power        Power        Power        Power (Watts)
------------------------------------------------------------------------
Sequential           1.793121e-03 6.296972e-05 3.513466e-09 1.856094e-03  29.3%
Combinational        1.159784e-03 1.380386e-03 2.234655e-08 2.540193e-03  40.1%
Clock                9.108033e-04 1.022287e-03 1.031779e-08 1.933101e-03  30.5%
Macro                0.000000e+00 0.000000e+00 0.000000e+00 0.000000e+00   0.0%
Pad                  0.000000e+00 0.000000e+00 0.000000e+00 0.000000e+00   0.0%
------------------------------------------------------------------------
Total                3.863714e-03 2.465648e-03 3.617761e-08 6.329399e-03 100.0%
                            61.0%        39.0%         0.0%

