Clock: clk
Sources: clk 
Generated: no
Virtual: yes
Propagated: no
Period: 10.000000

===========================================================================
report_clock_properties
============================================================================
Clock                   Period          Waveform
----------------------------------------------------
clk                  10.000000    0.000000  5.000000

===========================================================================
report_clock_latency
============================================================================
Clock clk
rise -> rise
    min     max
0.000000 0.000000 source latency
0.539456         network latency _8925_/CLK
        0.738921 network latency _8964_/CLK
---------------
0.539456 0.738921 latency
        0.199465 skew

fall -> fall
    min     max
0.000000 0.000000 source latency
0.454832         network latency _8925_/CLK
        0.644221 network latency _8964_/CLK
---------------
0.454832 0.644221 latency
        0.189389 skew



===========================================================================
report_clock_min_period
============================================================================
clk period_min = 6.64 fmax = 150.63
