
===========================================================================
 report_power
============================================================================
======================= nom_tt_025C_1v80 Corner ===================================

Group                    Internal    Switching      Leakage        Total
                            Power        Power        Power        Power (Watts)
------------------------------------------------------------------------
Sequential           1.793169e-03 5.372097e-05 3.513466e-09 1.846894e-03  30.3%
Combinational        1.159878e-03 1.287221e-03 2.234655e-08 2.447122e-03  40.1%
Clock                9.110557e-04 8.998518e-04 1.627899e-09 1.810909e-03  29.7%
Macro                0.000000e+00 0.000000e+00 0.000000e+00 0.000000e+00   0.0%
Pad                  0.000000e+00 0.000000e+00 0.000000e+00 0.000000e+00   0.0%
------------------------------------------------------------------------
Total                3.864106e-03 2.240795e-03 2.748798e-08 6.104928e-03 100.0%
                            63.3%        36.7%         0.0%
Writing metric power__internal__total: 0.0038641062565147877
Writing metric power__switching__total: 0.002240794710814953
Writing metric power__leakage__total: 2.748797989227114e-8
Writing metric power__total: 0.006104928441345692

