Clock: clk
Sources: clk 
Generated: no
Virtual: yes
Propagated: no
Period: 10.000000

===========================================================================
report_clock_properties
============================================================================
Clock                   Period          Waveform
----------------------------------------------------
clk                  10.000000    0.000000  5.000000

===========================================================================
report_clock_latency
============================================================================
Clock clk
rise -> rise
    min     max
0.000000 0.000000 source latency
0.577088         network latency _3111_/CLK
        0.594104 network latency _3086_/CLK
---------------
0.577088 0.594104 latency
        0.017017 skew

fall -> fall
    min     max
0.000000 0.000000 source latency
0.533598         network latency _3111_/CLK
        0.546451 network latency _3086_/CLK
---------------
0.533598 0.546451 latency
        0.012853 skew



===========================================================================
report_clock_min_period
============================================================================
clk period_min = 6.73 fmax = 148.56
