
===========================================================================
 report_power
============================================================================
======================= nom_tt_025C_1v80 Corner ===================================

Group                    Internal    Switching      Leakage        Total
                            Power        Power        Power        Power (Watts)
------------------------------------------------------------------------
Sequential           1.276541e-03 1.045855e-05 2.553502e-09 1.287002e-03  57.4%
Combinational        4.757816e-05 7.350378e-05 6.064799e-09 1.210880e-04   5.4%
Clock                4.345955e-04 4.013114e-04 9.137917e-10 8.359078e-04  37.3%
Macro                0.000000e+00 0.000000e+00 0.000000e+00 0.000000e+00   0.0%
Pad                  0.000000e+00 0.000000e+00 0.000000e+00 0.000000e+00   0.0%
------------------------------------------------------------------------
Total                1.758715e-03 4.852736e-04 9.532135e-09 2.243998e-03 100.0%
                            78.4%        21.6%         0.0%
Writing metric power__internal__total: 0.0017587145557627082
Writing metric power__switching__total: 0.0004852736310567707
Writing metric power__leakage__total: 9.532135081258275e-9
Writing metric power__total: 0.002243997761979699

