[20:56:12] INFO     Starting a new run of the 'Classic' flow     flow.py:628
                    with the tag 'RUN_2026-05-24_20-56-12'.                 
[20:56:12] INFO     Starting…                              sequential.py:294
[20:56:12] INFO     Gating variable for step               sequential.py:317
                    'Verilator.Lint' set to 'False'- the                    
                    step will be skipped.                                   
[20:56:12] INFO     Skipping step 'Verilator Lint'…        sequential.py:325
[20:56:12] INFO     Gating variable for step               sequential.py:317
                    'Checker.LintTimingConstructs' set to                   
                    'False'- the step will be skipped.                      
[20:56:12] INFO     Skipping step 'Lint Timing Error       sequential.py:325
                    Checker'…                                               
[20:56:12] INFO     Gating variable for step               sequential.py:317
                    'Checker.LintErrors' set to 'False'-                    
                    the step will be skipped.                               
[20:56:12] INFO     Skipping step 'Lint Errors Checker'…   sequential.py:325
[20:56:12] INFO     Gating variable for step               sequential.py:317
                    'Checker.LintWarnings' set to 'False'-                  
                    the step will be skipped.                               
[20:56:12] INFO     Skipping step 'Lint Warnings Checker'… sequential.py:325
─────────────────────────── Generate JSON Header ───────────────────────────
[20:56:12] VERBOSE  Running 'Yosys.JsonHeader' at               step.py:1122
                    'runs/RUN_2026-05-24_20-56-12/01-yosys-json             
                    header'…                                                
[20:56:12] VERBOSE  Logging subprocess to                       step.py:1318
                    'runs/RUN_2026-05-24_20-56-12/01-yosys-json             
                    header/yosys-jsonheader.log'…                           
yosys: invalid option -- 'y'                                                
Run 'yosys -h' for help.                                                    
[20:56:13] ERROR    Subprocess had a non-zero exit.             step.py:1364
[20:56:13] ERROR    Last 2 line(s):                             step.py:1369
                    yosys: invalid option -- 'y'                            
                    Run 'yosys -h' for help.                                
                                                                            
[20:56:13] ERROR    Full log file:                              step.py:1372
                    'runs/RUN_2026-05-24_20-56-12/01-yosys-json             
                    header/yosys-jsonheader.log'                            
Classic - Stage 5 - Generate JSON Header ━                      4/78 0:00:00
[20:56:13] ERROR    The following error was encountered      __main__.py:187
                    while running the flow:                                 
                    Generate JSON Header: subprocess (1,                    
                    ['yosys', '-y',                                         
                    '/home/vanamala/.local/lib/python3.12/si                
                    te-packages/openlane/scripts/pyosys/json                
                    _header.py', '--', '--config-in',                       
                    '/home/vanamala/ECE510/project/m3/synth/                
                    runs/RUN_2026-05-24_20-56-12/01-yosys-js                
                    onheader/config.json', '--extra-in',                    
                    '/home/vanamala/ECE510/project/m3/synth/                
                    runs/RUN_2026-05-24_20-56-12/01-yosys-js                
                    onheader/extra.json', '--output',                       
                    '/home/vanamala/ECE510/project/m3/synth/                
                    runs/RUN_2026-05-24_20-56-12/01-yosys-js                
                    onheader/top.h.json']) failed                           
[20:56:13] ERROR    OpenLane will now quit.                  __main__.py:188
OpenLane 2.3.10 attempted but failed: Yosys 0.33 incompatible with OpenLane 2.3.10 JsonHeader step (needs Yosys 0.40+). Yosys standalone synthesis succeeded with 4305 cells.
