Reading OpenROAD database at '/home/vanamala/ECE510/codefest/cf07/runs/RUN_2026-05-14_17-45-44/20-openroad-generatepdn/compute_core.odb'…
Reading library file at '/home/vanamala/.volare/volare/sky130/versions/0fe599b2afb6708d281543108caf8310912f54af/sky130A/libs.ref/sky130_fd_sc_hd/lib/sky130_fd_sc_hd__tt_025C_1v80.lib'…
Reading design constraints file at '/nix/store/ss2cw3sxbrwwx9jl0rrppbw4kgcmgi2n-python3-3.11.9-env/lib/python3.11/site-packages/openlane/scripts/base.sdc'…
[INFO] Using clock clk…
[INFO] Setting output delay to: 2.0
[INFO] Setting input delay to: 2.0
[INFO] Setting load to: 0.033442
[INFO] Setting clock uncertainty to: 0.25
[INFO] Setting clock transition to: 0.1499999999999999944488848768742172978818416595458984375
[INFO] Setting timing derate to: 5%
+ global_placement -density 0.621192 -skip_io -pad_right 0 -pad_left 0 -init_wirelength_coef 0.25
[INFO GPL-0002] DBU: 1000
[INFO GPL-0003] SiteSize: (  0.460  2.720 ) um
[INFO GPL-0004] CoreBBox: (  5.520 10.880 ) ( 328.900 331.840 ) um
[INFO GPL-0006] NumInstances:              6554
[INFO GPL-0007] NumPlaceInstances:         4878
[INFO GPL-0008] NumFixedInstances:         1676
[INFO GPL-0009] NumDummyInstances:            0
[INFO GPL-0010] NumNets:                   4900
[INFO GPL-0011] NumPins:                  18097
[INFO GPL-0012] DieBBox:  (  0.000  0.000 ) ( 334.440 345.160 ) um
[INFO GPL-0013] CoreBBox: (  5.520 10.880 ) ( 328.900 331.840 ) um
[INFO GPL-0016] CoreArea:            103792.045 um^2
[INFO GPL-0017] NonPlaceInstsArea:     2687.578 um^2
[INFO GPL-0018] PlaceInstsArea:       52293.904 um^2
[INFO GPL-0019] Util:                    51.723 %
[INFO GPL-0020] StdInstsArea:         52293.904 um^2
[INFO GPL-0021] MacroInstsArea:           0.000 um^2
[INFO GPL-0031] FillerInit:NumGCells:      5887
[INFO GPL-0032] FillerInit:NumGNets:       4900
[INFO GPL-0033] FillerInit:NumGPins:      18097
[INFO GPL-0023] TargetDensity:            0.621
[INFO GPL-0024] AvrgPlaceInstArea:       10.720 um^2
[INFO GPL-0025] IdealBinArea:            17.258 um^2
[INFO GPL-0026] IdealBinCnt:               6014
[INFO GPL-0027] TotalBinArea:        103792.045 um^2
[INFO GPL-0028] BinCnt:        64     64
[INFO GPL-0029] BinSize: (  5.053  5.015 )
[INFO GPL-0030] NumBins: 4096
[NesterovSolve] Iter:    1 overflow: 0.999 HPWL: 13041681
[NesterovSolve] Iter:   10 overflow: 0.998 HPWL: 9085502
[NesterovSolve] Iter:   20 overflow: 0.997 HPWL: 8826428
[NesterovSolve] Iter:   30 overflow: 0.997 HPWL: 8764028
[NesterovSolve] Iter:   40 overflow: 0.997 HPWL: 8754581
[NesterovSolve] Iter:   50 overflow: 0.997 HPWL: 8755029
[NesterovSolve] Iter:   60 overflow: 0.997 HPWL: 8755519
[NesterovSolve] Iter:   70 overflow: 0.997 HPWL: 8755070
[NesterovSolve] Iter:   80 overflow: 0.997 HPWL: 8766789
[NesterovSolve] Iter:   90 overflow: 0.997 HPWL: 8799815
[NesterovSolve] Iter:  100 overflow: 0.997 HPWL: 8864494
[NesterovSolve] Iter:  110 overflow: 0.996 HPWL: 9015108
[NesterovSolve] Iter:  120 overflow: 0.995 HPWL: 9384307
[NesterovSolve] Iter:  130 overflow: 0.992 HPWL: 10237037
[NesterovSolve] Iter:  140 overflow: 0.988 HPWL: 11818044
[NesterovSolve] Iter:  150 overflow: 0.977 HPWL: 13857058
[NesterovSolve] Iter:  160 overflow: 0.960 HPWL: 15680783
[NesterovSolve] Iter:  170 overflow: 0.947 HPWL: 17364176
[NesterovSolve] Iter:  180 overflow: 0.933 HPWL: 19812798
[NesterovSolve] Iter:  190 overflow: 0.912 HPWL: 22949122
[NesterovSolve] Iter:  200 overflow: 0.881 HPWL: 25964508
[NesterovSolve] Iter:  210 overflow: 0.852 HPWL: 28744647
[NesterovSolve] Iter:  220 overflow: 0.820 HPWL: 31700194
[NesterovSolve] Iter:  230 overflow: 0.786 HPWL: 34475360
[NesterovSolve] Iter:  240 overflow: 0.746 HPWL: 37268945
[NesterovSolve] Iter:  250 overflow: 0.700 HPWL: 40134069
[NesterovSolve] Iter:  260 overflow: 0.659 HPWL: 42878437
[NesterovSolve] Iter:  270 overflow: 0.616 HPWL: 45239674
[NesterovSolve] Iter:  280 overflow: 0.570 HPWL: 47210255
[NesterovSolve] Iter:  290 overflow: 0.526 HPWL: 48522603
[NesterovSolve] Iter:  300 overflow: 0.475 HPWL: 50069913
[NesterovSolve] Iter:  310 overflow: 0.427 HPWL: 51477237
[NesterovSolve] Iter:  320 overflow: 0.381 HPWL: 52568938
[NesterovSolve] Iter:  330 overflow: 0.336 HPWL: 53881232
[NesterovSolve] Iter:  340 overflow: 0.302 HPWL: 54616941
[NesterovSolve] Iter:  350 overflow: 0.270 HPWL: 55472712
[NesterovSolve] Iter:  360 overflow: 0.239 HPWL: 56045496
[NesterovSolve] Iter:  370 overflow: 0.213 HPWL: 56476438
[NesterovSolve] Iter:  380 overflow: 0.189 HPWL: 56813294
[NesterovSolve] Iter:  390 overflow: 0.170 HPWL: 57144739
[NesterovSolve] Iter:  400 overflow: 0.155 HPWL: 57418319
[NesterovSolve] Iter:  410 overflow: 0.137 HPWL: 57677793
[NesterovSolve] Iter:  420 overflow: 0.123 HPWL: 58031338
[NesterovSolve] Iter:  430 overflow: 0.108 HPWL: 58278709
[NesterovSolve] Finished with Overflow: 0.099184
[INFO] Setting RC values…
Setting global connections for newly added cells…
[INFO] Setting global connections...
Updating metrics…
Cell type report:                       Count       Area
  Fill cell                               236     885.85
  Tap cell                               1440    1801.73
  Inverter                                 61     228.97
  Sequential cell                         434    9231.35
  Multi-Input combinational cell         4383   42833.58
  Total                                  6554   54981.48
Writing OpenROAD database to '/home/vanamala/ECE510/codefest/cf07/runs/RUN_2026-05-14_17-45-44/23-openroad-globalplacementskipio/compute_core.odb'…
Writing netlist to '/home/vanamala/ECE510/codefest/cf07/runs/RUN_2026-05-14_17-45-44/23-openroad-globalplacementskipio/compute_core.nl.v'…
Writing powered netlist to '/home/vanamala/ECE510/codefest/cf07/runs/RUN_2026-05-14_17-45-44/23-openroad-globalplacementskipio/compute_core.pnl.v'…
Writing layout to '/home/vanamala/ECE510/codefest/cf07/runs/RUN_2026-05-14_17-45-44/23-openroad-globalplacementskipio/compute_core.def'…
Writing timing constraints to '/home/vanamala/ECE510/codefest/cf07/runs/RUN_2026-05-14_17-45-44/23-openroad-globalplacementskipio/compute_core.sdc'…
