Clock: clk
Sources: clk 
Generated: no
Virtual: no
Propagated: no
Period: 10.000000

===========================================================================
report_clock_properties
============================================================================
Clock                   Period          Waveform
----------------------------------------------------
clk                  10.000000    0.000000  5.000000

===========================================================================
report_clock_latency
============================================================================
Clock clk
rise -> rise
    min     max
0.000000 0.000000 source latency
2.703377         network latency _2886_/CLK
        2.703377 network latency _2886_/CLK
---------------
2.703377 2.703377 latency
        0.000000 skew

fall -> fall
    min     max
0.000000 0.000000 source latency
1.519783         network latency _2886_/CLK
        1.519783 network latency _2886_/CLK
---------------
1.519783 1.519783 latency
        0.000000 skew



===========================================================================
report_clock_min_period
============================================================================
clk period_min = 14.74 fmax = 67.82
