Clock: clk
Sources: clk 
Generated: no
Virtual: yes
Propagated: no
Period: 10.000000

===========================================================================
report_clock_properties
============================================================================
Clock                   Period          Waveform
----------------------------------------------------
clk                  10.000000    0.000000  5.000000

===========================================================================
report_clock_latency
============================================================================
Clock clk
rise -> rise
    min     max
0.000000 0.000000 source latency
0.526623         network latency _9195_/CLK
        0.713288 network latency _9142_/CLK
---------------
0.526623 0.713288 latency
        0.186665 skew

fall -> fall
    min     max
0.000000 0.000000 source latency
0.446731         network latency _9195_/CLK
        0.624727 network latency _9142_/CLK
---------------
0.446731 0.624727 latency
        0.177997 skew



===========================================================================
report_clock_min_period
============================================================================
clk period_min = 6.79 fmax = 147.19
