
===========================================================================
 report_power
============================================================================
======================= nom_tt_025C_1v80 Corner ===================================

Group                    Internal    Switching      Leakage        Total
                            Power        Power        Power        Power (Watts)
------------------------------------------------------------------------
Sequential           1.793242e-03 4.037873e-05 3.513002e-09 1.833624e-03  33.3%
Combinational        9.281356e-04 9.965482e-04 1.921507e-08 1.924703e-03  34.9%
Clock                9.098595e-04 8.428511e-04 1.627831e-09 1.752712e-03  31.8%
Macro                0.000000e+00 0.000000e+00 0.000000e+00 0.000000e+00   0.0%
Pad                  0.000000e+00 0.000000e+00 0.000000e+00 0.000000e+00   0.0%
------------------------------------------------------------------------
Total                3.631250e-03 1.879778e-03 2.435596e-08 5.511052e-03 100.0%
                            65.9%        34.1%         0.0%
Writing metric power__internal__total: 0.003631250001490116
Writing metric power__switching__total: 0.0018797775264829397
Writing metric power__leakage__total: 2.4355955474675284e-8
Writing metric power__total: 0.0055110519751906395

