Reading timing models for corner nom_tt_025C_1v80…
Reading timing library for the 'nom_tt_025C_1v80' corner at '/home/vanamala/.volare/volare/sky130/versions/0fe599b2afb6708d281543108caf8310912f54af/sky130A/libs.ref/sky130_fd_sc_hd/lib/sky130_fd_sc_hd__tt_025C_1v80.lib'…
Reading timing models for corner nom_ff_n40C_1v95…
Reading timing library for the 'nom_ff_n40C_1v95' corner at '/home/vanamala/.volare/volare/sky130/versions/0fe599b2afb6708d281543108caf8310912f54af/sky130A/libs.ref/sky130_fd_sc_hd/lib/sky130_fd_sc_hd__ff_n40C_1v95.lib'…
Reading timing models for corner nom_ss_100C_1v60…
Reading timing library for the 'nom_ss_100C_1v60' corner at '/home/vanamala/.volare/volare/sky130/versions/0fe599b2afb6708d281543108caf8310912f54af/sky130A/libs.ref/sky130_fd_sc_hd/lib/sky130_fd_sc_hd__ss_100C_1v60.lib'…
Reading OpenROAD database at '/home/vanamala/ECE510/codefest/cf07/runs/RUN_2026-05-14_17-45-44/33-openroad-detailedplacement/compute_core.odb'…
Reading design constraints file at '/nix/store/ss2cw3sxbrwwx9jl0rrppbw4kgcmgi2n-python3-3.11.9-env/lib/python3.11/site-packages/openlane/scripts/base.sdc'…
[INFO] Using clock clk…
[INFO] Setting output delay to: 2.0
[INFO] Setting input delay to: 2.0
[INFO] Setting load to: 0.033442
[INFO] Setting clock uncertainty to: 0.25
[INFO] Setting clock transition to: 0.1499999999999999944488848768742172978818416595458984375
[INFO] Setting timing derate to: 5%
[INFO] Setting RC values…
[INFO] Configuring cts characterization…
[INFO] Performing clock tree synthesis…
[INFO] Looking for the following net(s): clk
[INFO] Running Clock Tree Synthesis…
[INFO CTS-0050] Root buffer is sky130_fd_sc_hd__clkbuf_16.
[INFO CTS-0051] Sink buffer is sky130_fd_sc_hd__clkbuf_8.
[INFO CTS-0052] The following clock buffers will be used for CTS:
                    sky130_fd_sc_hd__clkbuf_2
                    sky130_fd_sc_hd__clkbuf_4
                    sky130_fd_sc_hd__clkbuf_8
[INFO CTS-0049] Characterization buffer is sky130_fd_sc_hd__clkbuf_8.
[INFO CTS-0007] Net "clk" found for clock "clk".
[INFO CTS-0010]  Clock net "clk" has 434 sinks.
[INFO CTS-0008] TritonCTS found 1 clock nets.
[INFO CTS-0097] Characterization used 3 buffer(s) types.
[INFO CTS-0200] 0 placement blockages have been identified.
[INFO CTS-0201] 0 placed hard macros will be treated like blockages.
[INFO CTS-0027] Generating H-Tree topology for net clk.
[INFO CTS-0028]  Total number of sinks: 434.
[INFO CTS-0029]  Sinks will be clustered in groups of up to 25 and with maximum cluster diameter of 50.0 um.
[INFO CTS-0030]  Number of static layers: 0.
[INFO CTS-0020]  Wire segment unit: 13600  dbu (13 um).
[INFO CTS-0204] A clustering solution was found from clustering size of 25 and clustering diameter of 50.
[INFO CTS-0205] Better solution may be possible if either -sink_clustering_size, -sink_clustering_max_diameter, or both options are omitted to enable automatic clustering.
[INFO CTS-0019]  Total number of sinks after clustering: 69.
[INFO CTS-0024]  Normalized sink region: [(0.97125, 1.26404), (23.2634, 24.0956)].
[INFO CTS-0025]     Width:  22.2922.
[INFO CTS-0026]     Height: 22.8316.
 Level 1
    Direction: Vertical
    Sinks per sub-region: 35
    Sub-region size: 22.2922 X 11.4158
[INFO CTS-0034]     Segment length (rounded): 6.
 Level 2
    Direction: Horizontal
    Sinks per sub-region: 18
    Sub-region size: 11.1461 X 11.4158
[INFO CTS-0034]     Segment length (rounded): 6.
 Level 3
    Direction: Vertical
    Sinks per sub-region: 9
    Sub-region size: 11.1461 X 5.7079
[INFO CTS-0034]     Segment length (rounded): 2.
[INFO CTS-0032]  Stop criterion found. Max number of sinks is 15.
[INFO CTS-0035]  Number of sinks covered: 69.
[INFO CTS-0018]     Created 69 clock buffers.
[INFO CTS-0012]     Minimum number of buffers in the clock path: 2.
[INFO CTS-0013]     Maximum number of buffers in the clock path: 3.
[INFO CTS-0015]     Created 69 clock nets.
[INFO CTS-0016]     Fanout distribution for the current clock = 2:8, 3:10, 4:5, 5:6, 6:5, 7:3, 8:9, 9:7, 11:6, 12:1, 15:2, 16:3, 17:1, 18:1, 21:1..
[INFO CTS-0017]     Max level of the clock tree: 3.
[INFO CTS-0098] Clock net "clk"
[INFO CTS-0099]  Sinks 492
[INFO CTS-0100]  Leaf buffers 60
[INFO CTS-0101]  Average sink wire length 542.76 um
[INFO CTS-0102]  Path depth 2 - 3
[INFO CTS-0207]  Leaf load cells 58
[INFO] Repairing long wires on clock nets…
[INFO RSZ-0058] Using max wire length 6335um.
Setting global connections for newly added cells…
[INFO] Setting global connections...
Updating metrics…
Cell type report:                       Count       Area
  Fill cell                               236     885.85
  Tap cell                               1440    1801.73
  Clock buffer                             71    1066.02
  Timing Repair Buffer                    515    2850.23
  Inverter                                 61     228.97
  Clock inverter                           56     688.16
  Sequential cell                         434    8689.58
  Multi-Input combinational cell         4383   31241.21
  Total                                  7196   47451.76
Writing OpenROAD database to '/home/vanamala/ECE510/codefest/cf07/runs/RUN_2026-05-14_17-45-44/34-openroad-cts/compute_core.odb'…
Writing netlist to '/home/vanamala/ECE510/codefest/cf07/runs/RUN_2026-05-14_17-45-44/34-openroad-cts/compute_core.nl.v'…
Writing powered netlist to '/home/vanamala/ECE510/codefest/cf07/runs/RUN_2026-05-14_17-45-44/34-openroad-cts/compute_core.pnl.v'…
Writing layout to '/home/vanamala/ECE510/codefest/cf07/runs/RUN_2026-05-14_17-45-44/34-openroad-cts/compute_core.def'…
Writing timing constraints to '/home/vanamala/ECE510/codefest/cf07/runs/RUN_2026-05-14_17-45-44/34-openroad-cts/compute_core.sdc'…
[INFO] Legalizing…
Placement Analysis
---------------------------------
total displacement        870.8 u
average displacement        0.1 u
max displacement            9.2 u
original HPWL          104849.7 u
legalized HPWL         109088.1 u
delta HPWL                    4 %

[INFO DPL-0020] Mirrored 2307 instances
[INFO DPL-0021] HPWL before          109088.1 u
[INFO DPL-0022] HPWL after           105277.5 u
[INFO DPL-0023] HPWL delta               -3.5 %
Setting global connections for newly added cells…
[INFO] Setting global connections...
Updating metrics…
Cell type report:                       Count       Area
  Fill cell                               236     885.85
  Tap cell                               1440    1801.73
  Clock buffer                             71    1066.02
  Timing Repair Buffer                    515    2850.23
  Inverter                                 61     228.97
  Clock inverter                           56     688.16
  Sequential cell                         434    8689.58
  Multi-Input combinational cell         4383   31241.21
  Total                                  7196   47451.76
Writing OpenROAD database to '/home/vanamala/ECE510/codefest/cf07/runs/RUN_2026-05-14_17-45-44/34-openroad-cts/compute_core.odb'…
Writing netlist to '/home/vanamala/ECE510/codefest/cf07/runs/RUN_2026-05-14_17-45-44/34-openroad-cts/compute_core.nl.v'…
Writing powered netlist to '/home/vanamala/ECE510/codefest/cf07/runs/RUN_2026-05-14_17-45-44/34-openroad-cts/compute_core.pnl.v'…
Writing layout to '/home/vanamala/ECE510/codefest/cf07/runs/RUN_2026-05-14_17-45-44/34-openroad-cts/compute_core.def'…
Writing timing constraints to '/home/vanamala/ECE510/codefest/cf07/runs/RUN_2026-05-14_17-45-44/34-openroad-cts/compute_core.sdc'…
%OL_CREATE_REPORT cts.rpt
[INFO CTS-0003] Total number of Clock Roots: 1.
[INFO CTS-0004] Total number of Buffers Inserted: 69.
[INFO CTS-0005] Total number of Clock Subnets: 69.
[INFO CTS-0006] Total number of Sinks: 434.
%OL_END_REPORT
