Clock: clk
Sources: clk 
Generated: no
Virtual: no
Propagated: no
Period: 10.000000

===========================================================================
report_clock_properties
============================================================================
Clock                   Period          Waveform
----------------------------------------------------
clk                  10.000000    0.000000  5.000000

===========================================================================
report_clock_latency
============================================================================
Clock clk
rise -> rise
    min     max
0.000000 0.000000 source latency
1.815194         network latency _2886_/CLK
        1.815194 network latency _2886_/CLK
---------------
1.815194 1.815194 latency
        0.000000 skew

fall -> fall
    min     max
0.000000 0.000000 source latency
0.870319         network latency _2886_/CLK
        0.870319 network latency _2886_/CLK
---------------
0.870319 0.870319 latency
        0.000000 skew



===========================================================================
report_clock_min_period
============================================================================
clk period_min = 7.36 fmax = 135.89
