
===========================================================================
 report_power
============================================================================
======================= nom_tt_025C_1v80 Corner ===================================

Group                    Internal    Switching      Leakage        Total
                            Power        Power        Power        Power (Watts)
------------------------------------------------------------------------
Sequential           1.283427e-03 3.703918e-05 2.706231e-09 1.320469e-03  95.9%
Combinational        3.443217e-05 2.145537e-05 5.801158e-09 5.589335e-05   4.1%
Clock                0.000000e+00 0.000000e+00 0.000000e+00 0.000000e+00   0.0%
Macro                0.000000e+00 0.000000e+00 0.000000e+00 0.000000e+00   0.0%
Pad                  0.000000e+00 0.000000e+00 0.000000e+00 0.000000e+00   0.0%
------------------------------------------------------------------------
Total                1.317859e-03 5.849457e-05 8.507392e-09 1.376362e-03 100.0%
                            95.7%         4.2%         0.0%

