[INFO PSM-0040] All shapes on net VPWR are connected.
########## IR report #################
Net              : VPWR
Corner           : nom_tt_025C_1v80
Supply voltage   : 1.80e+00 V
Worstcase voltage: 1.80e+00 V
Average voltage  : 1.80e+00 V
Average IR drop  : 2.95e-04 V
Worstcase IR drop: 1.79e-03 V
Percentage drop  : 0.10 %
######################################
[INFO PSM-0040] All shapes on net VGND are connected.
########## IR report #################
Net              : VGND
Corner           : nom_tt_025C_1v80
Supply voltage   : 0.00e+00 V
Worstcase voltage: 1.66e-03 V
Average voltage  : 2.79e-04 V
Average IR drop  : 2.79e-04 V
Worstcase IR drop: 1.66e-03 V
Percentage drop  : 0.09 %
######################################
