Reading timing models for corner nom_tt_025C_1v80…
Reading timing library for the 'nom_tt_025C_1v80' corner at '/home/vanamala/.volare/volare/sky130/versions/0fe599b2afb6708d281543108caf8310912f54af/sky130A/libs.ref/sky130_fd_sc_hd/lib/sky130_fd_sc_hd__tt_025C_1v80.lib'…
Reading timing models for corner nom_ff_n40C_1v95…
Reading timing library for the 'nom_ff_n40C_1v95' corner at '/home/vanamala/.volare/volare/sky130/versions/0fe599b2afb6708d281543108caf8310912f54af/sky130A/libs.ref/sky130_fd_sc_hd/lib/sky130_fd_sc_hd__ff_n40C_1v95.lib'…
Reading timing models for corner nom_ss_100C_1v60…
Reading timing library for the 'nom_ss_100C_1v60' corner at '/home/vanamala/.volare/volare/sky130/versions/0fe599b2afb6708d281543108caf8310912f54af/sky130A/libs.ref/sky130_fd_sc_hd/lib/sky130_fd_sc_hd__ss_100C_1v60.lib'…
Reading OpenROAD database at '/home/vanamala/ECE510/codefest/cf07/runs/RUN_2026-05-14_17-45-44/34-openroad-cts/compute_core.odb'…
Reading design constraints file at '/nix/store/ss2cw3sxbrwwx9jl0rrppbw4kgcmgi2n-python3-3.11.9-env/lib/python3.11/site-packages/openlane/scripts/base.sdc'…
[INFO] Using clock clk…
[INFO] Setting output delay to: 2.0
[INFO] Setting input delay to: 2.0
[INFO] Setting load to: 0.033442
[INFO] Setting clock uncertainty to: 0.25
[INFO] Setting clock transition to: 0.1499999999999999944488848768742172978818416595458984375
[INFO] Setting timing derate to: 5%
[INFO] Setting RC values…
[INFO RSZ-0094] Found 186 endpoints with setup violations.
[INFO RSZ-0099] Repairing 186 out of 186 (100.00%) violating endpoints...
   Iter   | Removed | Resized | Inserted | Cloned |  Pin  |    WNS   |   TNS      |  Viol  | Worst
          | Buffers |  Gates  | Buffers  |  Gates | Swaps |          |            | Endpts | Endpt
---------------------------------------------------------------------------------------------------
        0 |       0 |       0 |        0 |      0 |     0 |   -4.410 |     -437.2 |    186 | _9212_/D
       10 |       0 |       6 |        0 |      0 |     3 |   -4.096 |     -416.7 |    186 | _9205_/D
       20 |       0 |      15 |        0 |      0 |     4 |   -3.986 |     -404.0 |    186 | _9212_/D
       30 |       0 |      19 |        4 |      0 |     8 |   -3.741 |     -387.6 |    186 | _9212_/D
       40 |       0 |      29 |        4 |      0 |     8 |   -3.644 |     -378.4 |    186 | _9212_/D
       50 |       0 |      39 |        4 |      0 |     8 |   -3.542 |     -368.3 |    186 | _8930_/D
       60 |       0 |      46 |        4 |      0 |    11 |   -3.476 |     -362.5 |    186 | _8930_/D
       70 |       0 |      54 |        6 |      0 |    12 |   -3.378 |     -349.6 |    186 | _8930_/D
       80 |       0 |      63 |        8 |      0 |    12 |   -3.337 |     -344.7 |    186 | _9212_/D
       90 |       0 |      71 |        8 |      0 |    14 |   -3.257 |     -334.9 |    186 | _9212_/D
      100 |       0 |      79 |        8 |      0 |    16 |   -3.293 |     -332.2 |    186 | _9212_/D
      110 |       0 |      87 |       10 |      0 |    17 |   -3.199 |     -324.9 |    186 | _9212_/D
      120 |       0 |      95 |       10 |      0 |    19 |   -3.121 |     -319.8 |    186 | _8930_/D
      130 |       0 |     101 |       10 |      0 |    23 |   -3.085 |     -312.4 |    186 | _8930_/D
      140 |       0 |     109 |       10 |      0 |    25 |   -3.007 |     -304.8 |    186 | _9212_/D
      150 |       0 |     119 |       10 |      0 |    25 |   -3.011 |     -298.0 |    186 | _9212_/D
      160 |       0 |     127 |       12 |      0 |    26 |   -2.906 |     -290.4 |    186 | _9212_/D
      170 |       0 |     134 |       12 |      0 |    29 |   -2.894 |     -289.6 |    186 | _9212_/D
      180 |       0 |     141 |       12 |      0 |    32 |   -2.880 |     -288.3 |    186 | _8930_/D
      190 |       1 |     150 |       12 |      0 |    32 |   -2.854 |     -285.2 |    186 | _9212_/D
      200 |       1 |     159 |       12 |      0 |    33 |   -2.809 |     -281.3 |    186 | _9145_/D
      210 |       1 |     165 |       12 |      0 |    37 |   -2.821 |     -275.8 |    186 | _9212_/D
      220 |       1 |     171 |       16 |      0 |    39 |   -2.763 |     -273.0 |    186 | _9212_/D
      230 |       1 |     179 |       20 |      0 |    40 |   -2.718 |     -266.5 |    186 | _8930_/D
      240 |       1 |     186 |       20 |      0 |    43 |   -2.766 |     -266.4 |    186 | _9212_/D
      250 |       1 |     192 |       24 |      0 |    45 |   -2.705 |     -266.2 |    186 | _8930_/D
      260 |       1 |     198 |       27 |      0 |    48 |   -2.725 |     -265.8 |    186 | _9212_/D
      270 |       1 |     205 |       27 |      0 |    51 |   -2.663 |     -263.1 |    186 | _9289_/D
      280 |       1 |     213 |       27 |      0 |    53 |   -2.608 |     -258.6 |    186 | _8930_/D
      290 |       1 |     217 |       32 |      0 |    58 |   -2.706 |     -260.3 |    186 | _8930_/D
      300 |       1 |     227 |       32 |      0 |    58 |   -2.591 |     -255.7 |    186 | _9145_/D
      310 |       1 |     232 |       32 |      0 |    63 |   -2.585 |     -253.0 |    186 | _8930_/D
      320 |       1 |     239 |       34 |      0 |    65 |   -2.542 |     -252.0 |    186 | _8930_/D
      330 |       1 |     245 |       36 |      0 |    68 |   -2.643 |     -251.7 |    186 | _9212_/D
      340 |       1 |     246 |       40 |      0 |    75 |   -2.586 |     -249.5 |    186 | _9212_/D
      350 |       1 |     252 |       48 |      0 |    77 |   -2.534 |     -240.1 |    186 | _8930_/D
      360 |       1 |     257 |       54 |      0 |    79 |   -2.474 |     -238.4 |    186 | _8930_/D
      370 |       1 |     262 |       60 |      0 |    81 |   -2.466 |     -237.4 |    186 | _9212_/D
      380 |       1 |     269 |       60 |      1 |    83 |   -2.445 |     -236.5 |    186 | _9212_/D
      390 |       1 |     271 |       74 |      1 |    84 |   -2.437 |     -236.3 |    186 | _9213_/D
      400 |       1 |     278 |       74 |      1 |    87 |   -2.395 |     -235.1 |    186 | _9289_/D
      410 |       1 |     283 |       77 |      1 |    91 |   -2.460 |     -234.5 |    186 | _9289_/D
      420 |       1 |     290 |       77 |      1 |    94 |   -2.400 |     -232.9 |    186 | _9289_/D
      430 |       1 |     296 |       77 |      1 |    98 |   -2.398 |     -228.9 |    186 | _9145_/D
      437 |       1 |     298 |       77 |      1 |    99 |   -2.367 |     -227.0 |    186 | _9212_/D
      440 |       1 |     300 |       77 |      1 |    99 |   -2.367 |     -226.9 |    186 | _9212_/D
      443 |       1 |     300 |       77 |      1 |    99 |   -2.367 |     -226.9 |    186 | _9212_/D
      448 |       1 |     302 |       77 |      1 |   100 |   -2.367 |     -226.9 |    186 | _9212_/D
      450 |       1 |     303 |       77 |      1 |   100 |   -2.367 |     -226.9 |    186 | _9212_/D
      453 |       1 |     303 |       77 |      1 |   100 |   -2.367 |     -226.9 |    186 | _9212_/D
      460 |       1 |     306 |       77 |      1 |   103 |   -2.367 |     -226.6 |    186 | _9212_/D
      463 |       1 |     307 |       77 |      1 |   103 |   -2.367 |     -226.5 |    186 | _9212_/D
      470 |       1 |     310 |       77 |      1 |   106 |   -2.367 |     -226.6 |    186 | _9212_/D
      471 |       1 |     310 |       77 |      1 |   105 |   -2.367 |     -226.5 |    186 | _9212_/D
      480 |       1 |     318 |       77 |      1 |   105 |   -2.367 |     -222.8 |    186 | _9212_/D
      490 |       1 |     326 |       79 |      1 |   106 |   -2.367 |     -221.1 |    186 | _9212_/D
      500 |       1 |     332 |       81 |      1 |   109 |   -2.367 |     -221.0 |    186 | _9212_/D
      510 |       1 |     339 |       83 |      1 |   111 |   -2.367 |     -217.4 |    186 | _9212_/D
      520 |       1 |     345 |       83 |      1 |   115 |   -2.367 |     -218.0 |    186 | _9212_/D
      530 |       1 |     350 |       87 |      1 |   118 |   -2.367 |     -220.8 |    186 | _9212_/D
      540 |       1 |     355 |       93 |      1 |   120 |   -2.647 |     -227.9 |    186 | _9321_/D
      550 |       1 |     362 |       93 |      3 |   121 |   -2.377 |     -222.5 |    186 | _9212_/D
      550 |       1 |     346 |       88 |      1 |   113 |   -2.367 |     -217.6 |    186 | _9212_/D
      553 |       1 |     346 |       88 |      1 |   113 |   -2.367 |     -217.6 |    186 | _9212_/D
      555 |       1 |     346 |       88 |      1 |   113 |   -2.367 |     -217.6 |    186 | _9212_/D
      560 |       1 |     348 |       88 |      1 |   115 |   -2.367 |     -217.3 |    186 | _9212_/D
      564 |       1 |     349 |       88 |      1 |   115 |   -2.367 |     -217.2 |    186 | _9212_/D
      570 |       1 |     352 |       90 |      1 |   116 |   -2.367 |     -217.1 |    186 | _9212_/D
      580 |       1 |     358 |       96 |      2 |   116 |   -2.367 |     -222.0 |    186 | _9212_/D
      590 |       1 |     366 |       96 |      2 |   118 |   -2.367 |     -219.0 |    186 | _9212_/D
      592 |       1 |     366 |       97 |      2 |   118 |   -2.367 |     -219.0 |    186 | _9212_/D
      595 |       1 |     366 |       97 |      2 |   119 |   -2.367 |     -219.0 |    186 | _9212_/D
      600 |       1 |     369 |       97 |      2 |   120 |   -2.380 |     -218.8 |    186 | _9212_/D
      603 |       1 |     367 |       97 |      2 |   119 |   -2.367 |     -218.9 |    186 | _9212_/D
      610 |       1 |     371 |       99 |      2 |   120 |   -2.367 |     -218.0 |    186 | _9212_/D
      620 |       1 |     378 |      101 |      2 |   122 |   -2.367 |     -215.4 |    186 | _9212_/D
      630 |       1 |     385 |      101 |      2 |   125 |   -2.367 |     -214.7 |    186 | _9212_/D
      640 |       1 |     392 |      103 |      2 |   127 |   -2.367 |     -214.4 |    186 | _9212_/D
      650 |       1 |     397 |      109 |      2 |   129 |   -2.367 |     -219.2 |    186 | _9212_/D
      660 |       1 |     404 |      111 |      2 |   131 |   -2.367 |     -217.4 |    186 | _9212_/D
      670 |       1 |     408 |      117 |      2 |   134 |   -2.367 |     -215.9 |    186 | _9212_/D
      680 |       1 |     414 |      122 |      2 |   137 |   -2.367 |     -215.2 |    186 | _9212_/D
      690 |       1 |     421 |      122 |      2 |   140 |   -2.367 |     -213.8 |    186 | _9212_/D
      700 |       1 |     428 |      122 |      3 |   142 |   -2.367 |     -210.5 |    186 | _9212_/D
      710 |       1 |     435 |      122 |      4 |   144 |   -2.367 |     -210.3 |    186 | _9212_/D
      720 |       1 |     439 |      126 |      4 |   148 |   -2.367 |     -209.1 |    186 | _9212_/D
      727 |       1 |     444 |      126 |      4 |   148 |   -2.367 |     -208.4 |    186 | _9212_/D
      730 |       1 |     445 |      128 |      4 |   148 |   -2.373 |     -231.6 |    186 | _9321_/D
      736 |       1 |     445 |      127 |      4 |   148 |   -2.367 |     -208.4 |    186 | _9212_/D
      740 |       1 |     446 |      129 |      4 |   149 |   -2.357 |     -220.5 |    186 | _9212_/D
      750 |       1 |     451 |      135 |      4 |   151 |   -2.619 |     -225.3 |    186 | _9321_/D
      760 |       1 |     457 |      142 |      4 |   152 |   -2.357 |     -226.3 |    186 | _9212_/D
      761 |       1 |     457 |      141 |      4 |   151 |   -2.357 |     -226.2 |    186 | _9212_/D
      768 |       1 |     458 |      141 |      4 |   151 |   -2.357 |     -226.2 |    186 | _9212_/D
      770 |       1 |     458 |      141 |      4 |   152 |   -2.357 |     -226.1 |    186 | _9212_/D
      779 |       1 |     461 |      143 |      4 |   154 |   -2.357 |     -225.7 |    186 | _9212_/D
      780 |       1 |     461 |      143 |      4 |   154 |   -2.357 |     -225.7 |    186 | _9212_/D
      790 |       1 |     467 |      143 |      4 |   158 |   -2.357 |     -222.1 |    186 | _9212_/D
      800 |       1 |     475 |      143 |      4 |   160 |   -2.357 |     -219.7 |    186 | _9212_/D
      810 |       1 |     479 |      145 |      4 |   165 |   -2.362 |     -220.1 |    186 | _9212_/D
      820 |       1 |     485 |      145 |      4 |   169 |   -2.362 |     -215.5 |    186 | _9212_/D
      830 |       1 |     493 |      145 |      4 |   171 |   -2.363 |     -210.8 |    186 | _9212_/D
      840 |       1 |     501 |      145 |      4 |   173 |   -2.363 |     -208.5 |    186 | _9212_/D
      850 |       1 |     509 |      147 |      4 |   174 |   -2.363 |     -207.3 |    186 | _9212_/D
      860 |       1 |     514 |      151 |      4 |   177 |   -2.354 |     -212.3 |    186 | _9212_/D
      870 |       1 |     519 |      157 |      4 |   179 |   -2.353 |     -223.2 |    186 | _9212_/D
      880 |       1 |     526 |      157 |      5 |   181 |   -2.354 |     -211.8 |    186 | _9212_/D
      890 |       1 |     532 |      159 |      5 |   184 |   -2.354 |     -210.0 |    186 | _9212_/D
      900 |       1 |     538 |      159 |      6 |   187 |   -2.359 |     -206.2 |    186 | _9212_/D
      910 |       1 |     545 |      161 |      6 |   189 |   -2.353 |     -221.4 |    186 | _9212_/D
      920 |       1 |     554 |      163 |      6 |   189 |   -2.354 |     -218.0 |    186 | _9212_/D
      930 |       1 |     562 |      165 |      7 |   189 |   -2.353 |     -233.0 |    186 | _9212_/D
      940 |       1 |     568 |      165 |      7 |   193 |   -2.354 |     -225.2 |    186 | _9212_/D
      950 |       1 |     574 |      171 |      7 |   194 |   -2.359 |     -223.3 |    186 | _9212_/D
      960 |       1 |     580 |      175 |      8 |   195 |   -2.354 |     -230.7 |    186 | _9212_/D
      960 |       1 |     558 |      169 |      6 |   189 |   -2.353 |     -222.2 |    186 | _9212_/D
      963 |       1 |     558 |      169 |      6 |   189 |   -2.353 |     -222.2 |    186 | _9212_/D
      967 |       1 |     558 |      169 |      6 |   189 |   -2.353 |     -222.2 |    186 | _9212_/D
      970 |       1 |     558 |      171 |      6 |   190 |   -2.353 |     -222.2 |    186 | _9212_/D
      971 |       1 |     558 |      171 |      6 |   190 |   -2.353 |     -222.2 |    186 | _9212_/D
      974 |       1 |     559 |      171 |      6 |   190 |   -2.353 |     -222.2 |    186 | _9212_/D
      980 |       1 |     563 |      171 |      6 |   191 |   -2.362 |     -223.7 |    186 | _9212_/D
      980 |       1 |     562 |      171 |      6 |   191 |   -2.353 |     -222.2 |    186 | _9212_/D
      990 |       1 |     565 |      175 |      7 |   194 |   -2.353 |     -221.4 |    186 | _9212_/D
     1000 |       1 |     573 |      175 |      7 |   196 |   -2.353 |     -219.1 |    186 | _9212_/D
     1010 |       1 |     581 |      177 |      8 |   196 |   -2.353 |     -217.6 |    186 | _9212_/D
     1020 |       1 |     585 |      183 |      8 |   199 |   -2.353 |     -223.3 |    186 | _9212_/D
     1030 |       1 |     591 |      187 |      8 |   201 |   -2.353 |     -222.7 |    186 | _9212_/D
     1033 |       1 |     583 |      182 |      8 |   196 |   -2.353 |     -217.8 |    186 | _9212_/D
     1040 |       1 |     586 |      182 |      8 |   199 |   -2.353 |     -217.8 |    186 | _9212_/D
     1050 |       1 |     593 |      184 |      8 |   201 |   -2.353 |     -226.8 |    186 | _9212_/D
     1052 |       1 |     589 |      183 |      8 |   199 |   -2.353 |     -217.6 |    186 | _9212_/D
     1060 |       1 |     594 |      185 |      8 |   200 |   -2.353 |     -225.0 |    186 | _9212_/D
     1064 |       1 |     596 |      185 |      8 |   200 |   -2.353 |     -224.9 |    186 | _9212_/D
     1070 |       1 |     599 |      185 |      8 |   202 |   -2.354 |     -216.0 |    186 | _9212_/D
     1080 |       1 |     607 |      189 |      8 |   202 |   -2.396 |     -236.9 |    186 | _9145_/D
     1090 |       1 |     616 |      189 |      9 |   202 |   -2.353 |     -235.6 |    186 | _9212_/D
     1100 |       1 |     624 |      193 |      9 |   202 |   -2.491 |     -239.4 |    186 | _9145_/D
     1100 |       1 |     624 |      193 |      9 |   202 |   -2.491 |     -239.4 |    186 | _9145_/D
     1106 |       1 |     627 |      193 |      9 |   202 |   -2.491 |     -239.1 |    186 | _9145_/D
     1110 |       1 |     630 |      193 |      9 |   202 |   -2.491 |     -239.0 |    186 | _9145_/D
     1113 |       1 |     630 |      193 |      9 |   202 |   -2.491 |     -239.0 |    186 | _9145_/D
     1120 |       1 |     633 |      197 |      9 |   203 |   -2.491 |     -237.2 |    186 | _9145_/D
     1129 |       1 |     634 |      198 |      9 |   203 |   -2.491 |     -237.2 |    186 | _9145_/D
     1130 |       1 |     634 |      198 |      9 |   203 |   -2.491 |     -237.2 |    186 | _9145_/D
     1136 |       1 |     638 |      198 |      9 |   203 |   -2.491 |     -237.4 |    186 | _9145_/D
     1140 |       1 |     639 |      198 |     10 |   204 |   -2.491 |     -237.8 |    186 | _9145_/D
     1144 |       1 |     641 |      198 |     10 |   204 |   -2.491 |     -237.0 |    186 | _9145_/D
     1150 |       1 |     644 |      200 |     10 |   205 |   -2.491 |     -240.1 |    186 | _9145_/D
     1154 |       1 |     641 |      199 |     10 |   204 |   -2.491 |     -237.0 |    186 | _9145_/D
     1157 |       1 |     642 |      199 |     10 |   204 |   -2.491 |     -237.0 |    186 | _9145_/D
     1160 |       1 |     643 |      199 |     10 |   205 |   -2.491 |     -237.0 |    186 | _9145_/D
     1161 |       1 |     643 |      199 |     10 |   205 |   -2.491 |     -237.0 |    186 | _9145_/D
     1170 |       1 |     648 |      201 |     10 |   207 |   -2.491 |     -237.9 |    186 | _9145_/D
     1178 |       1 |     650 |      201 |     11 |   209 |   -2.491 |     -237.2 |    186 | _9145_/D
     1180 |       1 |     651 |      201 |     11 |   209 |   -2.509 |     -237.3 |    186 | _9145_/D
     1190 |       1 |     658 |      203 |     12 |   210 |   -2.370 |     -228.9 |    186 | _9212_/D
     1200 |       1 |     664 |      203 |     14 |   212 |   -2.370 |     -231.9 |    186 | _9212_/D
     1210 |       1 |     667 |      205 |     14 |   218 |   -2.370 |     -228.4 |    186 | _9212_/D
     1220 |       1 |     672 |      212 |     14 |   220 |   -2.370 |     -231.3 |    186 | _9212_/D
     1230 |       1 |     677 |      220 |     14 |   221 |   -2.379 |     -230.3 |    186 | _9212_/D
     1230 |       1 |     670 |      213 |     14 |   220 |   -2.370 |     -227.9 |    186 | _9212_/D
     1236 |       1 |     670 |      214 |     14 |   220 |   -2.370 |     -227.9 |    186 | _9212_/D
     1240 |       1 |     673 |      214 |     14 |   220 |   -2.379 |     -229.5 |    186 | _9212_/D
     1240 |       1 |     672 |      214 |     14 |   220 |   -2.370 |     -228.0 |    186 | _9212_/D
     1243 |       1 |     672 |      214 |     14 |   221 |   -2.370 |     -228.0 |    186 | _9212_/D
     1250 |       1 |     678 |      214 |     14 |   221 |   -2.370 |     -228.3 |    186 | _9212_/D
     1253 |       1 |     678 |      214 |     14 |   221 |   -2.370 |     -228.3 |    186 | _9212_/D
     1260 |       1 |     681 |      214 |     14 |   224 |   -2.370 |     -228.3 |    186 | _9212_/D
     1264 |       1 |     682 |      214 |     14 |   224 |   -2.370 |     -228.1 |    186 | _9212_/D
     1270 |       1 |     686 |      214 |     14 |   225 |   -2.379 |     -229.5 |    186 | _9212_/D
     1271 |       1 |     685 |      214 |     14 |   224 |   -2.370 |     -227.9 |    186 | _9212_/D
     1280 |       1 |     689 |      221 |     14 |   225 |   -2.370 |     -231.9 |    186 | _9212_/D
     1287 |       1 |     687 |      220 |     14 |   224 |   -2.370 |     -227.9 |    186 | _9212_/D
     1290 |       1 |     689 |      220 |     14 |   224 |   -2.379 |     -229.4 |    186 | _9212_/D
     1290 |       1 |     688 |      220 |     14 |   224 |   -2.370 |     -227.9 |    186 | _9212_/D
     1300 |       1 |     695 |      220 |     14 |   226 |   -2.370 |     -227.4 |    186 | _9212_/D
     1310 |       1 |     699 |      220 |     14 |   232 |   -2.370 |     -226.8 |    186 | _9212_/D
     1320 |       1 |     702 |      224 |     14 |   237 |   -2.370 |     -227.0 |    186 | _9212_/D
     1330 |       1 |     708 |      228 |     15 |   238 |   -2.370 |     -224.3 |    186 | _9212_/D
     1340 |       1 |     712 |      232 |     15 |   242 |   -2.370 |     -224.2 |    186 | _9212_/D
     1350 |       1 |     717 |      234 |     16 |   245 |   -2.370 |     -227.5 |    186 | _9212_/D
     1356 |       1 |     719 |      234 |     17 |   246 |   -2.370 |     -225.3 |    186 | _9212_/D
     1360 |       1 |     722 |      234 |     17 |   246 |   -2.497 |     -227.2 |    186 | _9212_/D
     1364 |       1 |     721 |      235 |     17 |   246 |   -2.370 |     -225.3 |    186 | _9212_/D
     1370 |       1 |     725 |      235 |     17 |   247 |   -2.370 |     -224.9 |    186 | _9212_/D
     1380 |       1 |     729 |      237 |     17 |   252 |   -2.370 |     -225.9 |    186 | _9212_/D
     1390 |       1 |     736 |      239 |     18 |   253 |   -2.370 |     -223.9 |    186 | _9212_/D
     1400 |       1 |     743 |      244 |     18 |   254 |   -2.370 |     -223.2 |    186 | _9212_/D
     1410 |       1 |     749 |      246 |     18 |   257 |   -2.480 |     -226.0 |    186 | _8931_/D
     1420 |       1 |     753 |      251 |     18 |   261 |   -2.480 |     -226.2 |    186 | _8931_/D
     1430 |       1 |     758 |      258 |     19 |   263 |   -2.514 |     -240.8 |    186 | _8931_/D
     1440 |       1 |     765 |      258 |     21 |   264 |   -2.500 |     -239.7 |    186 | _8931_/D
     1443 |       1 |     750 |      250 |     18 |   255 |   -2.370 |     -223.3 |    186 | _9212_/D
     1450 |       1 |     753 |      250 |     18 |   258 |   -2.370 |     -223.3 |    186 | _9212_/D
     1457 |       1 |     756 |      250 |     18 |   260 |   -2.370 |     -223.2 |    186 | _9212_/D
     1460 |       1 |     757 |      250 |     18 |   261 |   -2.370 |     -223.0 |    186 | _9212_/D
     1465 |       1 |     758 |      250 |     18 |   261 |   -2.370 |     -223.0 |    186 | _9212_/D
     1470 |       1 |     761 |      250 |     18 |   262 |   -2.370 |     -221.9 |    186 | _9212_/D
     1480 |       1 |     768 |      254 |     18 |   263 |   -2.366 |     -229.2 |    186 | _9212_/D
     1490 |       1 |     773 |      254 |     20 |   266 |   -2.424 |     -230.1 |    186 | _9145_/D
     1491 |       1 |     771 |      254 |     20 |   263 |   -2.366 |     -228.1 |    186 | _9212_/D
     1500 |       1 |     778 |      254 |     20 |   264 |   -2.366 |     -228.1 |    186 | _9212_/D
     1500 |       1 |     778 |      254 |     20 |   264 |   -2.366 |     -228.1 |    186 | _9212_/D
     1503 |       1 |     778 |      254 |     20 |   265 |   -2.366 |     -228.1 |    186 | _9212_/D
     1510 |       1 |     782 |      254 |     20 |   267 |   -2.366 |     -228.3 |    186 | _9212_/D
     1512 |       1 |     782 |      254 |     20 |   267 |   -2.366 |     -228.3 |    186 | _9212_/D
     1518 |       1 |     783 |      254 |     20 |   267 |   -2.366 |     -228.3 |    186 | _9212_/D
     1520 |       1 |     784 |      254 |     20 |   267 |   -2.366 |     -227.9 |    186 | _9212_/D
     1530 |       1 |     791 |      254 |     20 |   270 |   -2.366 |     -227.4 |    186 | _9212_/D
     1533 |       1 |     792 |      254 |     20 |   270 |   -2.366 |     -227.4 |    186 | _9212_/D
     1537 |       1 |     793 |      254 |     20 |   271 |   -2.366 |     -227.4 |    186 | _9212_/D
     1540 |       1 |     795 |      254 |     20 |   271 |   -2.375 |     -228.9 |    186 | _9212_/D
     1540 |       1 |     794 |      254 |     20 |   271 |   -2.366 |     -227.4 |    186 | _9212_/D
     1550 |       1 |     801 |      254 |     20 |   273 |   -2.366 |     -227.1 |    186 | _9212_/D
     1551 |       1 |     800 |      254 |     20 |   272 |   -2.366 |     -227.1 |    186 | _9212_/D
     1555 |       1 |     802 |      254 |     20 |   272 |   -2.365 |     -227.1 |    186 | _9212_/D
     1558 |       1 |     802 |      254 |     20 |   273 |   -2.365 |     -227.1 |    186 | _9212_/D
     1560 |       1 |     802 |      254 |     20 |   274 |   -2.365 |     -227.0 |    186 | _9212_/D
     1570 |       1 |     810 |      259 |     20 |   274 |   -2.365 |     -227.5 |    186 | _9212_/D
     1580 |       1 |     816 |      261 |     23 |   274 |   -2.365 |     -226.8 |    186 | _9212_/D
     1589 |       1 |     811 |      260 |     20 |   274 |   -2.365 |     -226.3 |    186 | _9212_/D
     1590 |       1 |     811 |      260 |     20 |   274 |   -2.365 |     -226.3 |    186 | _9212_/D
     1592 |       1 |     811 |      260 |     20 |   275 |   -2.365 |     -226.3 |    186 | _9212_/D
     1600 |       1 |     816 |      260 |     20 |   277 |   -2.394 |     -225.8 |    186 | _9145_/D
     1605 |       1 |     813 |      260 |     20 |   275 |   -2.365 |     -226.3 |    186 | _9212_/D
     1608 |       1 |     813 |      260 |     20 |   275 |   -2.365 |     -226.3 |    186 | _9212_/D
     1610 |       1 |     814 |      260 |     20 |   275 |   -2.365 |     -226.3 |    186 | _9212_/D
     1620 |       1 |     820 |      265 |     21 |   276 |   -2.365 |     -227.5 |    186 | _9212_/D
     1630 |       1 |     825 |      269 |     24 |   276 |   -2.365 |     -227.0 |    186 | _9212_/D
     1635 |       1 |     818 |      266 |     20 |   275 |   -2.365 |     -226.3 |    186 | _9212_/D
     1638 |       1 |     819 |      266 |     20 |   275 |   -2.365 |     -226.3 |    186 | _9212_/D
     1640 |       1 |     820 |      266 |     20 |   275 |   -2.365 |     -226.3 |    186 | _9212_/D
     1646 |       1 |     823 |      266 |     20 |   276 |   -2.365 |     -226.5 |    186 | _9212_/D
     1650 |       1 |     824 |      268 |     20 |   277 |   -2.365 |     -225.9 |    186 | _9212_/D
     1660 |       1 |     830 |      273 |     20 |   279 |   -2.441 |     -226.3 |    186 | _9145_/D
     1669 |       1 |     827 |      275 |     20 |   277 |   -2.365 |     -225.7 |    186 | _9212_/D
     1670 |       1 |     827 |      275 |     20 |   277 |   -2.365 |     -225.7 |    186 | _9212_/D
     1680 |       1 |     834 |      280 |     20 |   278 |   -2.365 |     -227.6 |    186 | _9212_/D
     1690 |       1 |     839 |      282 |     23 |   279 |   -2.365 |     -227.5 |    186 | _9212_/D
     1700 |       1 |     845 |      284 |     24 |   281 |   -2.374 |     -228.4 |    186 | _9212_/D
     1700 |       1 |     845 |      284 |     24 |   281 |   -2.374 |     -228.4 |    186 | _9212_/D
     1702 |       1 |     846 |      284 |     24 |   281 |   -2.374 |     -228.4 |    186 | _9212_/D
     1710 |       1 |     851 |      284 |     24 |   283 |   -2.417 |     -226.7 |    186 | _9145_/D
     1720 |       1 |     857 |      286 |     25 |   285 |   -2.614 |     -235.4 |    186 | _9145_/D
     1727 |       1 |     848 |      286 |     24 |   282 |   -2.384 |     -227.4 |    186 | _9145_/D
     1730 |       1 |     850 |      286 |     24 |   282 |   -2.384 |     -227.2 |    186 | _9145_/D
     1733 |       1 |     852 |      286 |     24 |   282 |   -2.384 |     -227.2 |    186 | _9145_/D
     1736 |       1 |     853 |      286 |     24 |   282 |   -2.384 |     -227.2 |    186 | _9145_/D
     1740 |       1 |     856 |      286 |     24 |   282 |   -2.384 |     -227.1 |    186 | _9145_/D
     1745 |       1 |     856 |      288 |     24 |   282 |   -2.384 |     -227.1 |    186 | _9145_/D
     1750 |       1 |     858 |      292 |     24 |   283 |   -2.394 |     -227.5 |    186 | _9212_/D
     1760 |       1 |     861 |      298 |     24 |   287 |   -2.399 |     -228.1 |    186 | _9212_/D
     1770 |       1 |     865 |      301 |     24 |   292 |   -2.391 |     -227.9 |    186 | _9212_/D
     1770 |       1 |     857 |      293 |     24 |   282 |   -2.384 |     -227.1 |    186 | _9145_/D
     1780 |       1 |     862 |      293 |     24 |   286 |   -2.384 |     -227.0 |    186 | _9145_/D
     1784 |       1 |     862 |      295 |     24 |   285 |   -2.384 |     -226.9 |    186 | _9145_/D
     1790 |       1 |     867 |      295 |     24 |   285 |   -2.415 |     -226.0 |    186 | _9145_/D
     1798 |       1 |     865 |      297 |     24 |   285 |   -2.384 |     -226.9 |    186 | _9145_/D
     1800 |       1 |     866 |      297 |     24 |   285 |   -2.392 |     -227.3 |    186 | _9212_/D
     1804 |       1 |     867 |      297 |     24 |   285 |   -2.384 |     -226.9 |    186 | _9145_/D
     1807 |       1 |     868 |      297 |     24 |   286 |   -2.384 |     -226.9 |    186 | _9145_/D
     1810 |       1 |     870 |      297 |     24 |   286 |   -2.384 |     -227.1 |    186 | _9145_/D
     1810 |       1 |     870 |      297 |     24 |   286 |   -2.384 |     -227.1 |    186 | _9145_/D
     1820 |       1 |     876 |      299 |     24 |   288 |   -2.384 |     -227.0 |    186 | _9145_/D
     1826 |       1 |     880 |      299 |     24 |   289 |   -2.384 |     -228.0 |    186 | _9145_/D
     1830 |       1 |     883 |      299 |     24 |   289 |   -2.470 |     -230.0 |    186 | _9212_/D
     1831 |       1 |     881 |      299 |     24 |   289 |   -2.384 |     -228.0 |    186 | _9145_/D
     1840 |       1 |     886 |      304 |     24 |   290 |   -2.467 |     -229.4 |    186 | _9145_/D
     1843 |       1 |     883 |      301 |     24 |   289 |   -2.384 |     -228.0 |    186 | _9145_/D
     1850 |       1 |     887 |      301 |     24 |   291 |   -2.384 |     -227.9 |    186 | _9145_/D
     1850 |       1 |     887 |      301 |     24 |   290 |   -2.384 |     -227.8 |    186 | _9145_/D
     1856 |       1 |     887 |      303 |     24 |   291 |   -2.384 |     -227.8 |    186 | _9145_/D
     1860 |       1 |     890 |      303 |     24 |   291 |   -2.415 |     -227.1 |    186 | _9145_/D
     1867 |       1 |     888 |      305 |     24 |   291 |   -2.384 |     -227.8 |    186 | _9145_/D
     1870 |       1 |     889 |      305 |     24 |   292 |   -2.384 |     -228.1 |    186 | _9145_/D
     1873 |       1 |     888 |      307 |     24 |   292 |   -2.384 |     -227.8 |    186 | _9145_/D
     1879 |       1 |     891 |      307 |     24 |   293 |   -2.384 |     -227.8 |    186 | _9145_/D
     1880 |       1 |     891 |      307 |     24 |   293 |   -2.384 |     -227.8 |    186 | _9145_/D
     1882 |       1 |     893 |      307 |     24 |   293 |   -2.384 |     -227.8 |    186 | _9145_/D
     1890 |       1 |     898 |      307 |     24 |   295 |   -2.384 |     -227.9 |    186 | _9145_/D
     1892 |       1 |     899 |      307 |     24 |   295 |   -2.384 |     -227.8 |    186 | _9145_/D
     1898 |       1 |     902 |      307 |     24 |   296 |   -2.384 |     -227.8 |    186 | _9145_/D
     1900 |       1 |     903 |      307 |     24 |   296 |   -2.384 |     -227.8 |    186 | _9145_/D
     1900 |       1 |     903 |      307 |     24 |   296 |   -2.384 |     -227.8 |    186 | _9145_/D
     1910 |       1 |     911 |      307 |     24 |   297 |   -2.384 |     -227.2 |    186 | _9145_/D
     1914 |       1 |     911 |      309 |     24 |   297 |   -2.384 |     -227.2 |    186 | _9145_/D
     1918 |       1 |     912 |      309 |     24 |   297 |   -2.384 |     -227.2 |    186 | _9145_/D
     1920 |       1 |     913 |      309 |     24 |   297 |   -2.384 |     -227.2 |    186 | _9145_/D
     1929 |       1 |     916 |      311 |     24 |   298 |   -2.384 |     -227.2 |    186 | _9145_/D
     1930 |       1 |     916 |      311 |     24 |   298 |   -2.384 |     -227.2 |    186 | _9145_/D
     1939 |       1 |     917 |      313 |     24 |   298 |   -2.384 |     -227.2 |    186 | _9145_/D
     1940 |       1 |     917 |      313 |     24 |   298 |   -2.384 |     -227.2 |    186 | _9145_/D
     1950 |       1 |     925 |      313 |     25 |   299 |   -2.438 |     -226.5 |    186 | _9145_/D
     1959 |       1 |     919 |      315 |     24 |   298 |   -2.384 |     -227.2 |    186 | _9145_/D
     1960 |       1 |     919 |      315 |     24 |   298 |   -2.384 |     -227.2 |    186 | _9145_/D
     1970 |       1 |     924 |      317 |     25 |   301 |   -2.614 |     -235.2 |    186 | _9145_/D
     1973 |       1 |     920 |      317 |     24 |   298 |   -2.384 |     -227.2 |    186 | _9145_/D
     1975 |       1 |     920 |      317 |     24 |   298 |   -2.384 |     -227.2 |    186 | _9145_/D
     1980 |       1 |     923 |      319 |     24 |   298 |   -2.657 |     -231.2 |    186 | _9145_/D
     1986 |       1 |     921 |      319 |     24 |   298 |   -2.384 |     -227.2 |    186 | _9145_/D
     1990 |       1 |     924 |      319 |     24 |   298 |   -2.394 |     -226.8 |    186 | _9145_/D
     1997 |       1 |     923 |      321 |     24 |   298 |   -2.384 |     -227.3 |    186 | _9145_/D
     2000 |       1 |     925 |      321 |     24 |   298 |   -2.414 |     -227.4 |    186 | _9145_/D
     2010 |       1 |     930 |      327 |     24 |   300 |   -2.431 |     -227.7 |    186 | _9145_/D
     2020 |       1 |     935 |      335 |     25 |   300 |   -2.412 |     -227.4 |    186 | _9145_/D
     2030 |       1 |     941 |      342 |     25 |   301 |   -2.570 |     -230.2 |    186 | _9145_/D
     2030 |       1 |     930 |      331 |     24 |   298 |   -2.394 |     -227.4 |    186 | _9145_/D
     2040 |       1 |     937 |      331 |     25 |   299 |   -2.451 |     -227.0 |    186 | _9145_/D
     2046 |       1 |     930 |      333 |     24 |   298 |   -2.394 |     -227.4 |    186 | _9145_/D
     2048 |       1 |     930 |      333 |     24 |   299 |   -2.394 |     -227.4 |    186 | _9145_/D
     2050 |       1 |     931 |      333 |     24 |   299 |   -2.405 |     -226.8 |    186 | _9145_/D
     2060 |       1 |     937 |      338 |     24 |   301 |   -2.469 |     -228.2 |    186 | _9145_/D
     2061 |       1 |     932 |      335 |     24 |   299 |   -2.394 |     -227.4 |    186 | _9145_/D
     2070 |       1 |     939 |      335 |     24 |   300 |   -2.394 |     -228.2 |    186 | _9145_/D
     2070 |       1 |     937 |      335 |     24 |   299 |   -2.394 |     -227.2 |    186 | _9145_/D
     2080 |       1 |     944 |      335 |     24 |   301 |   -2.394 |     -228.1 |    186 | _9145_/D
     2083 |       1 |     942 |      337 |     24 |   299 |   -2.394 |     -227.8 |    186 | _9145_/D
     2089 |       1 |     943 |      339 |     24 |   299 |   -2.394 |     -227.8 |    186 | _9145_/D
     2090 |       1 |     943 |      339 |     24 |   299 |   -2.394 |     -227.8 |    186 | _9145_/D
     2100 |       1 |     953 |      339 |     24 |   299 |   -2.394 |     -225.6 |    186 | _9145_/D
     2104 |       1 |     954 |      339 |     24 |   299 |   -2.394 |     -225.6 |    186 | _9145_/D
     2110 |       1 |     957 |      339 |     24 |   301 |   -2.394 |     -225.4 |    186 | _9145_/D
     2110 |       1 |     957 |      339 |     24 |   301 |   -2.394 |     -225.4 |    186 | _9145_/D
     2112 |       1 |     957 |      339 |     24 |   301 |   -2.394 |     -225.4 |    186 | _9145_/D
     2117 |       1 |     960 |      339 |     24 |   302 |   -2.394 |     -226.3 |    186 | _9145_/D
     2120 |       1 |     961 |      339 |     24 |   303 |   -2.394 |     -226.3 |    186 | _9145_/D
     2124 |       1 |     961 |      341 |     24 |   303 |   -2.394 |     -226.3 |    186 | _9145_/D
     2128 |       1 |     961 |      341 |     24 |   304 |   -2.394 |     -226.3 |    186 | _9145_/D
     2130 |       1 |     962 |      341 |     24 |   304 |   -2.394 |     -226.3 |    186 | _9145_/D
     2135 |       1 |     965 |      341 |     24 |   305 |   -2.394 |     -226.3 |    186 | _9145_/D
     2138 |       1 |     966 |      341 |     24 |   306 |   -2.394 |     -226.3 |    186 | _9145_/D
     2140 |       1 |     967 |      341 |     24 |   306 |   -2.394 |     -226.0 |    186 | _9145_/D
     2150 |       1 |     973 |      346 |     24 |   308 |   -2.394 |     -224.0 |    186 | _9145_/D
     2160 |       1 |     980 |      348 |     24 |   310 |   -2.394 |     -223.0 |    186 | _9145_/D
     2170 |       1 |     987 |      348 |     24 |   313 |   -2.394 |     -222.8 |    186 | _9145_/D
     2180 |       1 |     993 |      350 |     24 |   316 |   -2.394 |     -222.1 |    186 | _9145_/D
     2190 |       1 |     999 |      352 |     24 |   319 |   -2.394 |     -221.5 |    186 | _9145_/D
     2200 |       1 |    1004 |      352 |     24 |   324 |   -2.394 |     -222.3 |    186 | _9145_/D
     2210 |       1 |    1009 |      354 |     25 |   327 |   -2.412 |     -225.3 |    186 | _9321_/D
     2219 |       1 |     997 |      352 |     24 |   313 |   -2.394 |     -221.3 |    186 | _9145_/D
     2220 |       1 |     997 |      352 |     24 |   313 |   -2.394 |     -221.3 |    186 | _9145_/D
     2230 |       1 |    1004 |      352 |     24 |   316 |   -2.394 |     -220.4 |    186 | _9145_/D
     2240 |       1 |    1009 |      354 |     24 |   320 |   -2.394 |     -221.1 |    186 | _9145_/D
     2240 |       1 |    1009 |      354 |     24 |   319 |   -2.394 |     -221.0 |    186 | _9145_/D
     2250 |       1 |    1016 |      354 |     24 |   321 |   -2.448 |     -220.7 |    186 | _9145_/D
     2260 |       1 |    1021 |      359 |     24 |   324 |   -2.661 |     -224.0 |    186 | _9145_/D
     2270 |       1 |    1027 |      363 |     24 |   326 |   -2.661 |     -224.2 |    186 | _9145_/D
     2275 |       1 |    1012 |      359 |     24 |   319 |   -2.394 |     -221.0 |    186 | _9145_/D
     2280 |       1 |    1016 |      359 |     24 |   319 |   -2.444 |     -221.2 |    186 | _9145_/D
     2290 |       1 |    1022 |      364 |     25 |   320 |   -2.439 |     -221.7 |    186 | _9145_/D
     2291 |       1 |    1012 |      361 |     24 |   319 |   -2.394 |     -221.0 |    186 | _9145_/D
     2295 |       1 |    1012 |      362 |     24 |   320 |   -2.394 |     -221.0 |    186 | _9145_/D
     2300 |       1 |    1015 |      362 |     24 |   321 |   -2.413 |     -220.9 |    186 | _9145_/D
     2307 |       1 |    1014 |      364 |     24 |   320 |   -2.394 |     -221.0 |    186 | _9145_/D
     2309 |       1 |    1015 |      364 |     24 |   320 |   -2.394 |     -221.0 |    186 | _9145_/D
     2310 |       1 |    1015 |      364 |     24 |   320 |   -2.394 |     -221.0 |    186 | _9145_/D
     2319 |       1 |    1016 |      366 |     24 |   320 |   -2.394 |     -221.0 |    186 | _9145_/D
     2320 |       1 |    1016 |      366 |     24 |   320 |   -2.394 |     -221.0 |    186 | _9145_/D
     2322 |       1 |    1017 |      366 |     24 |   320 |   -2.394 |     -221.0 |    186 | _9145_/D
     2324 |       1 |    1017 |      366 |     24 |   320 |   -2.394 |     -221.0 |    186 | _9145_/D
     2330 |       1 |    1021 |      368 |     24 |   320 |   -2.394 |     -221.4 |    186 | _9145_/D
     2340 |       1 |    1026 |      374 |     24 |   322 |   -2.394 |     -224.0 |    186 | _9145_/D
     2350 |       1 |    1030 |      381 |     24 |   325 |   -2.394 |     -222.7 |    186 | _9145_/D
     2360 |       1 |    1036 |      385 |     25 |   326 |   -2.412 |     -225.9 |    186 | _9321_/D
     2368 |       1 |    1026 |      376 |     24 |   320 |   -2.394 |     -221.2 |    186 | _9145_/D
     2370 |       1 |    1027 |      376 |     24 |   320 |   -2.394 |     -220.8 |    186 | _9145_/D
     2380 |       1 |    1033 |      378 |     24 |   323 |   -2.411 |     -221.9 |    186 | _9145_/D
     2382 |       1 |    1030 |      377 |     24 |   320 |   -2.394 |     -220.6 |    186 | _9145_/D
     2390 |       1 |    1034 |      381 |     24 |   321 |   -2.394 |     -221.2 |    186 | _9145_/D
     2400 |       1 |    1043 |      383 |     24 |   321 |   -2.394 |     -220.9 |    186 | _9145_/D
     2400 |       1 |    1043 |      383 |     24 |   321 |   -2.394 |     -220.9 |    186 | _9145_/D
     2410 |       1 |    1051 |      383 |     24 |   322 |   -2.418 |     -221.1 |    186 | _9145_/D
     2414 |       1 |    1045 |      383 |     24 |   321 |   -2.394 |     -220.9 |    186 | _9145_/D
     2420 |       1 |    1048 |      383 |     24 |   323 |   -2.394 |     -220.6 |    186 | _9145_/D
     2429 |       1 |    1054 |      389 |     24 |   325 |   -2.394 |     -220.4 |    184 | _9145_/D
     2430 |       1 |    1054 |      389 |     24 |   325 |   -2.394 |     -220.4 |    184 | _9145_/D
     2433 |       1 |    1057 |      389 |     24 |   325 |   -2.394 |     -220.5 |    184 | _9145_/D
     2440 |       1 |    1061 |      389 |     25 |   326 |   -2.398 |     -219.7 |    184 | _9145_/D
     2442 |       1 |    1058 |      389 |     24 |   325 |   -2.394 |     -220.5 |    184 | _9145_/D
     2443 |       1 |    1058 |      389 |     24 |   325 |   -2.394 |     -220.5 |    183 | _9145_/D
     2448 |       1 |    1061 |      389 |     24 |   326 |   -2.394 |     -220.7 |    183 | _9145_/D
     2450 |       1 |    1061 |      389 |     24 |   327 |   -2.394 |     -220.7 |    183 | _9145_/D
     2450 |       1 |    1061 |      389 |     24 |   327 |   -2.394 |     -220.7 |    183 | _9145_/D
     2460 |       1 |    1067 |      391 |     25 |   328 |   -2.418 |     -222.6 |    183 | _9321_/D
     2463 |       1 |    1065 |      391 |     24 |   328 |   -2.394 |     -220.7 |    183 | _9145_/D
     2470 |       1 |    1068 |      391 |     25 |   330 |   -2.451 |     -220.2 |    183 | _9145_/D
     2474 |       1 |    1065 |      393 |     24 |   328 |   -2.394 |     -220.7 |    183 | _9145_/D
     2480 |       1 |    1067 |      398 |     24 |   329 |   -2.508 |     -223.9 |    183 | _9145_/D
     2482 |       1 |    1065 |      395 |     24 |   328 |   -2.394 |     -220.7 |    183 | _9145_/D
     2490 |       1 |    1070 |      395 |     25 |   329 |   -2.451 |     -220.5 |    183 | _9145_/D
     2494 |       1 |    1065 |      397 |     24 |   328 |   -2.394 |     -220.7 |    183 | _9145_/D
     2500 |       1 |    1069 |      397 |     24 |   329 |   -2.448 |     -220.8 |    183 | _9145_/D
     2500 |       1 |    1069 |      397 |     24 |   329 |   -2.448 |     -220.8 |    183 | _9145_/D
    2500* |       1 |    1069 |      397 |     24 |   329 |   -2.448 |     -220.8 |    167 | _9145_/D
    2501* |       1 |    1069 |      397 |     24 |   329 |   -2.448 |     -220.8 |    167 | _9145_/D
    2502* |       1 |    1069 |      397 |     24 |   329 |   -2.448 |     -220.8 |    167 | _9145_/D
    2503* |       1 |    1069 |      397 |     24 |   329 |   -2.448 |     -220.8 |    167 | _9145_/D
    2504* |       1 |    1069 |      397 |     24 |   329 |   -2.448 |     -220.8 |    167 | _9145_/D
    2505* |       1 |    1069 |      397 |     24 |   329 |   -2.448 |     -220.8 |    167 | _9145_/D
    2507* |       1 |    1070 |      397 |     24 |   329 |   -2.448 |     -219.8 |    167 | _9145_/D
    2508* |       1 |    1070 |      397 |     24 |   329 |   -2.448 |     -219.8 |    167 | _9145_/D
    2509* |       1 |    1070 |      397 |     24 |   329 |   -2.448 |     -219.8 |    167 | _9145_/D
    2510* |       1 |    1070 |      397 |     24 |   329 |   -2.448 |     -219.8 |    167 | _9145_/D
    2510* |       1 |    1070 |      397 |     24 |   329 |   -2.448 |     -219.8 |    167 | _9145_/D
    2511* |       1 |    1070 |      397 |     24 |   329 |   -2.448 |     -219.8 |    167 | _9145_/D
    2512* |       1 |    1070 |      397 |     24 |   329 |   -2.448 |     -219.8 |    167 | _9145_/D
    2513* |       1 |    1070 |      397 |     24 |   329 |   -2.448 |     -219.8 |    167 | _9145_/D
    2514* |       1 |    1070 |      397 |     24 |   329 |   -2.448 |     -219.8 |    167 | _9145_/D
    2515* |       1 |    1070 |      397 |     24 |   329 |   -2.448 |     -219.8 |    167 | _9145_/D
    2516* |       1 |    1070 |      397 |     24 |   329 |   -2.448 |     -219.8 |    167 | _9145_/D
    2517* |       1 |    1070 |      397 |     24 |   329 |   -2.448 |     -219.8 |    167 | _9145_/D
    2518* |       1 |    1070 |      397 |     24 |   329 |   -2.448 |     -219.8 |    167 | _9145_/D
    2519* |       1 |    1070 |      397 |     24 |   329 |   -2.448 |     -219.8 |    167 | _9145_/D
    2520* |       1 |    1070 |      397 |     24 |   329 |   -2.448 |     -219.8 |    167 | _9145_/D
    2522* |       1 |    1072 |      397 |     24 |   329 |   -2.448 |     -219.6 |    167 | _9145_/D
    2523* |       1 |    1072 |      397 |     24 |   329 |   -2.448 |     -219.6 |    167 | _9145_/D
    2524* |       1 |    1072 |      397 |     24 |   329 |   -2.448 |     -219.6 |    167 | _9145_/D
    2527* |       1 |    1074 |      397 |     24 |   329 |   -2.448 |     -219.4 |    167 | _9145_/D
    2528* |       1 |    1074 |      397 |     24 |   329 |   -2.448 |     -219.4 |    167 | _9145_/D
    2529* |       1 |    1074 |      397 |     24 |   329 |   -2.448 |     -219.4 |    167 | _9145_/D
    2530* |       1 |    1074 |      397 |     24 |   329 |   -2.448 |     -219.4 |    167 | _9145_/D
    2530* |       1 |    1074 |      397 |     24 |   329 |   -2.448 |     -219.4 |    167 | _9145_/D
    2531* |       1 |    1074 |      397 |     24 |   329 |   -2.448 |     -219.4 |    167 | _9145_/D
    2532* |       1 |    1074 |      397 |     24 |   329 |   -2.448 |     -219.4 |    167 | _9145_/D
    2533* |       1 |    1074 |      397 |     24 |   329 |   -2.448 |     -219.4 |    167 | _9145_/D
    2534* |       1 |    1074 |      397 |     24 |   329 |   -2.448 |     -219.4 |    167 | _9145_/D
    2535* |       1 |    1074 |      397 |     24 |   329 |   -2.448 |     -219.4 |    167 | _9145_/D
    2536* |       1 |    1074 |      397 |     24 |   329 |   -2.448 |     -219.4 |    167 | _9145_/D
    2539* |       1 |    1076 |      397 |     24 |   329 |   -2.448 |     -219.2 |    167 | _9145_/D
    2540* |       1 |    1076 |      397 |     24 |   329 |   -2.448 |     -219.2 |    167 | _9145_/D
    2540* |       1 |    1076 |      397 |     24 |   329 |   -2.448 |     -219.2 |    167 | _9145_/D
    2541* |       1 |    1076 |      397 |     24 |   329 |   -2.448 |     -219.2 |    167 | _9145_/D
    2542* |       1 |    1076 |      397 |     24 |   329 |   -2.448 |     -219.2 |    167 | _9145_/D
    2543* |       1 |    1076 |      397 |     24 |   329 |   -2.448 |     -219.2 |    167 | _9145_/D
    2544* |       1 |    1076 |      397 |     24 |   329 |   -2.448 |     -219.2 |    167 | _9145_/D
    2545* |       1 |    1076 |      397 |     24 |   329 |   -2.448 |     -219.2 |    167 | _9145_/D
    2546* |       1 |    1076 |      397 |     24 |   329 |   -2.448 |     -219.2 |    167 | _9145_/D
    2547* |       1 |    1076 |      397 |     24 |   329 |   -2.448 |     -219.2 |    167 | _9145_/D
    2548* |       1 |    1076 |      397 |     24 |   329 |   -2.448 |     -219.2 |    167 | _9145_/D
    2549* |       1 |    1076 |      397 |     24 |   329 |   -2.448 |     -219.2 |    167 | _9145_/D
    2550* |       1 |    1076 |      397 |     24 |   329 |   -2.448 |     -219.2 |    167 | _9145_/D
    2550* |       1 |    1076 |      397 |     24 |   329 |   -2.448 |     -219.2 |    167 | _9145_/D
    2551* |       1 |    1076 |      397 |     24 |   329 |   -2.448 |     -219.2 |    167 | _9145_/D
    2552* |       1 |    1076 |      397 |     24 |   329 |   -2.448 |     -219.2 |    167 | _9145_/D
    2553* |       1 |    1076 |      397 |     24 |   329 |   -2.448 |     -219.2 |    167 | _9145_/D
    2554* |       1 |    1076 |      397 |     24 |   329 |   -2.448 |     -219.2 |    167 | _9145_/D
    2555* |       1 |    1076 |      397 |     24 |   329 |   -2.448 |     -219.2 |    167 | _9145_/D
    2556* |       1 |    1076 |      397 |     24 |   329 |   -2.448 |     -219.2 |    167 | _9145_/D
    2557* |       1 |    1076 |      397 |     24 |   329 |   -2.448 |     -219.2 |    167 | _9145_/D
    2558* |       1 |    1076 |      397 |     24 |   329 |   -2.448 |     -219.2 |    167 | _9145_/D
    2559* |       1 |    1076 |      397 |     24 |   329 |   -2.448 |     -219.2 |    167 | _9145_/D
    2560* |       1 |    1076 |      397 |     24 |   329 |   -2.448 |     -219.2 |    167 | _9145_/D
    2560* |       1 |    1076 |      397 |     24 |   329 |   -2.448 |     -219.2 |    167 | _9145_/D
    2561* |       1 |    1076 |      397 |     24 |   329 |   -2.448 |     -219.2 |    167 | _9145_/D
    2564* |       1 |    1078 |      397 |     24 |   329 |   -2.448 |     -219.1 |    167 | _9145_/D
    2565* |       1 |    1078 |      397 |     24 |   329 |   -2.448 |     -219.1 |    167 | _9145_/D
    2566* |       1 |    1078 |      397 |     24 |   329 |   -2.448 |     -219.1 |    167 | _9145_/D
    2567* |       1 |    1078 |      397 |     24 |   329 |   -2.448 |     -219.1 |    167 | _9145_/D
    2568* |       1 |    1078 |      397 |     24 |   329 |   -2.448 |     -219.1 |    167 | _9145_/D
    2569* |       1 |    1078 |      397 |     24 |   329 |   -2.448 |     -219.1 |    167 | _9145_/D
    2570* |       1 |    1078 |      397 |     24 |   329 |   -2.448 |     -219.1 |    167 | _9145_/D
    2570* |       1 |    1078 |      397 |     24 |   329 |   -2.448 |     -219.1 |    167 | _9145_/D
    2571* |       1 |    1078 |      397 |     24 |   329 |   -2.448 |     -219.1 |    167 | _9145_/D
    2572* |       1 |    1078 |      397 |     24 |   329 |   -2.448 |     -219.1 |    167 | _9145_/D
    2573* |       1 |    1078 |      397 |     24 |   329 |   -2.448 |     -219.1 |    167 | _9145_/D
    2574* |       1 |    1078 |      397 |     24 |   329 |   -2.448 |     -219.1 |    167 | _9145_/D
    2575* |       1 |    1078 |      397 |     24 |   329 |   -2.448 |     -219.1 |    167 | _9145_/D
    2576* |       1 |    1078 |      397 |     24 |   329 |   -2.448 |     -219.1 |    167 | _9145_/D
    2577* |       1 |    1078 |      397 |     24 |   329 |   -2.448 |     -219.1 |    167 | _9145_/D
    2578* |       1 |    1078 |      397 |     24 |   329 |   -2.448 |     -219.1 |    167 | _9145_/D
    2579* |       1 |    1078 |      397 |     24 |   329 |   -2.448 |     -219.1 |    167 | _9145_/D
    2580* |       1 |    1078 |      397 |     24 |   329 |   -2.448 |     -219.1 |    167 | _9145_/D
    2580* |       1 |    1078 |      397 |     24 |   329 |   -2.448 |     -219.1 |    167 | _9145_/D
    2581* |       1 |    1078 |      397 |     24 |   329 |   -2.448 |     -219.1 |    167 | _9145_/D
    2582* |       1 |    1078 |      397 |     24 |   329 |   -2.448 |     -219.1 |    167 | _9145_/D
    2583* |       1 |    1078 |      397 |     24 |   329 |   -2.448 |     -219.1 |    167 | _9145_/D
    2584* |       1 |    1078 |      397 |     24 |   329 |   -2.448 |     -219.1 |    167 | _9145_/D
    2585* |       1 |    1078 |      397 |     24 |   329 |   -2.448 |     -219.1 |    167 | _9145_/D
    2586* |       1 |    1078 |      397 |     24 |   329 |   -2.448 |     -219.1 |    167 | _9145_/D
    2587* |       1 |    1078 |      397 |     24 |   329 |   -2.448 |     -219.1 |    167 | _9145_/D
    2588* |       1 |    1078 |      397 |     24 |   329 |   -2.448 |     -219.1 |    167 | _9145_/D
    2589* |       1 |    1078 |      397 |     24 |   329 |   -2.448 |     -219.1 |    167 | _9145_/D
    2590* |       1 |    1078 |      397 |     24 |   329 |   -2.448 |     -219.1 |    167 | _9145_/D
    2590* |       1 |    1078 |      397 |     24 |   329 |   -2.448 |     -219.1 |    167 | _9145_/D
    2591* |       1 |    1078 |      397 |     24 |   329 |   -2.448 |     -219.1 |    167 | _9145_/D
    2592* |       1 |    1078 |      397 |     24 |   329 |   -2.448 |     -219.1 |    167 | _9145_/D
    2593* |       1 |    1078 |      397 |     24 |   329 |   -2.448 |     -219.1 |    167 | _9145_/D
    2594* |       1 |    1078 |      397 |     24 |   329 |   -2.448 |     -219.1 |    167 | _9145_/D
    2595* |       1 |    1078 |      397 |     24 |   329 |   -2.448 |     -219.1 |    167 | _9145_/D
    2596* |       1 |    1078 |      397 |     24 |   329 |   -2.448 |     -219.1 |    167 | _9145_/D
    2597* |       1 |    1078 |      397 |     24 |   329 |   -2.448 |     -219.1 |    167 | _9145_/D
    2598* |       1 |    1078 |      397 |     24 |   329 |   -2.448 |     -219.1 |    167 | _9145_/D
    2599* |       1 |    1078 |      397 |     24 |   329 |   -2.448 |     -219.1 |    167 | _9145_/D
    2600* |       1 |    1078 |      397 |     24 |   329 |   -2.448 |     -219.1 |    167 | _9145_/D
    2601* |       1 |    1078 |      397 |     24 |   329 |   -2.448 |     -219.1 |    167 | _9145_/D
    2602* |       1 |    1078 |      397 |     24 |   329 |   -2.448 |     -219.1 |    167 | _9145_/D
    2603* |       1 |    1078 |      397 |     24 |   329 |   -2.448 |     -219.1 |    167 | _9145_/D
    2604* |       1 |    1078 |      397 |     24 |   329 |   -2.448 |     -219.1 |    167 | _9145_/D
    2605* |       1 |    1078 |      397 |     24 |   329 |   -2.448 |     -219.1 |    167 | _9145_/D
    2606* |       1 |    1078 |      397 |     24 |   329 |   -2.448 |     -219.1 |    167 | _9145_/D
    2607* |       1 |    1078 |      397 |     24 |   329 |   -2.448 |     -219.1 |    167 | _9145_/D
    2608* |       1 |    1078 |      397 |     24 |   329 |   -2.448 |     -219.1 |    167 | _9145_/D
    2609* |       1 |    1078 |      397 |     24 |   329 |   -2.448 |     -219.1 |    167 | _9145_/D
    2610* |       1 |    1078 |      397 |     24 |   329 |   -2.448 |     -219.1 |    167 | _9145_/D
    2610* |       1 |    1078 |      397 |     24 |   329 |   -2.448 |     -219.1 |    167 | _9145_/D
    2611* |       1 |    1078 |      397 |     24 |   329 |   -2.448 |     -219.1 |    167 | _9145_/D
    2612* |       1 |    1078 |      397 |     24 |   329 |   -2.448 |     -219.1 |    167 | _9145_/D
    2613* |       1 |    1078 |      397 |     24 |   329 |   -2.448 |     -219.1 |    167 | _9145_/D
    2614* |       1 |    1078 |      397 |     24 |   329 |   -2.448 |     -219.1 |    167 | _9145_/D
    2615* |       1 |    1078 |      397 |     24 |   329 |   -2.448 |     -219.1 |    167 | _9145_/D
    2616* |       1 |    1078 |      397 |     24 |   329 |   -2.448 |     -219.1 |    167 | _9145_/D
    2617* |       1 |    1078 |      397 |     24 |   329 |   -2.448 |     -219.1 |    167 | _9145_/D
    2618* |       1 |    1078 |      397 |     24 |   329 |   -2.448 |     -219.1 |    167 | _9145_/D
    2619* |       1 |    1078 |      397 |     24 |   329 |   -2.448 |     -219.1 |    167 | _9145_/D
    2620* |       1 |    1078 |      397 |     24 |   329 |   -2.448 |     -219.1 |    167 | _9145_/D
    2620* |       1 |    1078 |      397 |     24 |   329 |   -2.448 |     -219.1 |    167 | _9145_/D
    2621* |       1 |    1078 |      397 |     24 |   329 |   -2.448 |     -219.1 |    167 | _9145_/D
    2622* |       1 |    1078 |      397 |     24 |   329 |   -2.448 |     -219.1 |    167 | _9145_/D
    2623* |       1 |    1078 |      397 |     24 |   329 |   -2.448 |     -219.1 |    167 | _9145_/D
    2628* |       1 |    1082 |      397 |     24 |   329 |   -2.448 |     -218.4 |    167 | _9145_/D
    2629* |       1 |    1082 |      397 |     24 |   329 |   -2.448 |     -218.4 |    167 | _9145_/D
    2630* |       1 |    1082 |      397 |     24 |   329 |   -2.448 |     -218.4 |    167 | _9145_/D
    2630* |       1 |    1082 |      397 |     24 |   329 |   -2.448 |     -218.4 |    167 | _9145_/D
    2631* |       1 |    1082 |      397 |     24 |   329 |   -2.448 |     -218.4 |    167 | _9145_/D
    2632* |       1 |    1082 |      397 |     24 |   329 |   -2.448 |     -218.4 |    167 | _9145_/D
    2633* |       1 |    1082 |      397 |     24 |   329 |   -2.448 |     -218.4 |    167 | _9145_/D
    2635* |       1 |    1083 |      397 |     24 |   329 |   -2.448 |     -218.3 |    167 | _9145_/D
    2637* |       1 |    1084 |      397 |     24 |   329 |   -2.448 |     -218.2 |    167 | _9145_/D
    2638* |       1 |    1084 |      397 |     24 |   329 |   -2.448 |     -218.2 |    167 | _9145_/D
    2639* |       1 |    1084 |      397 |     24 |   329 |   -2.448 |     -218.2 |    167 | _9145_/D
    2640* |       1 |    1084 |      397 |     24 |   329 |   -2.448 |     -218.2 |    167 | _9145_/D
    2640* |       1 |    1084 |      397 |     24 |   329 |   -2.448 |     -218.2 |    167 | _9145_/D
    2641* |       1 |    1084 |      397 |     24 |   329 |   -2.448 |     -218.2 |    167 | _9145_/D
    2642* |       1 |    1084 |      397 |     24 |   329 |   -2.448 |     -218.2 |    167 | _9145_/D
    2643* |       1 |    1084 |      397 |     24 |   329 |   -2.448 |     -218.2 |    167 | _9145_/D
    2644* |       1 |    1084 |      397 |     24 |   329 |   -2.448 |     -218.2 |    167 | _9145_/D
    2645* |       1 |    1084 |      397 |     24 |   329 |   -2.448 |     -218.2 |    167 | _9145_/D
    2646* |       1 |    1084 |      397 |     24 |   329 |   -2.448 |     -218.2 |    167 | _9145_/D
    2647* |       1 |    1084 |      397 |     24 |   329 |   -2.448 |     -218.2 |    167 | _9145_/D
    2648* |       1 |    1084 |      397 |     24 |   329 |   -2.448 |     -218.2 |    167 | _9145_/D
    2649* |       1 |    1084 |      397 |     24 |   329 |   -2.448 |     -218.2 |    167 | _9145_/D
    2650* |       1 |    1084 |      397 |     24 |   329 |   -2.448 |     -218.2 |    167 | _9145_/D
    2650* |       1 |    1084 |      397 |     24 |   329 |   -2.448 |     -218.2 |    167 | _9145_/D
    2651* |       1 |    1084 |      397 |     24 |   329 |   -2.448 |     -218.2 |    167 | _9145_/D
    2652* |       1 |    1084 |      397 |     24 |   329 |   -2.448 |     -218.2 |    167 | _9145_/D
    2654* |       1 |    1085 |      397 |     24 |   329 |   -2.448 |     -217.9 |    167 | _9145_/D
    2655* |       1 |    1085 |      397 |     24 |   329 |   -2.448 |     -217.9 |    167 | _9145_/D
    2656* |       1 |    1085 |      397 |     24 |   329 |   -2.448 |     -217.9 |    167 | _9145_/D
    2657* |       1 |    1085 |      397 |     24 |   329 |   -2.448 |     -217.9 |    167 | _9145_/D
    2660* |       1 |    1087 |      397 |     24 |   329 |   -2.448 |     -217.8 |    167 | _9145_/D
    2660* |       1 |    1087 |      397 |     24 |   329 |   -2.448 |     -217.8 |    167 | _9145_/D
    2661* |       1 |    1087 |      397 |     24 |   329 |   -2.448 |     -217.8 |    167 | _9145_/D
    2662* |       1 |    1087 |      397 |     24 |   329 |   -2.448 |     -217.8 |    167 | _9145_/D
    2663* |       1 |    1087 |      397 |     24 |   329 |   -2.448 |     -217.8 |    167 | _9145_/D
    2664* |       1 |    1087 |      397 |     24 |   329 |   -2.448 |     -217.8 |    167 | _9145_/D
    2665* |       1 |    1087 |      397 |     24 |   329 |   -2.448 |     -217.8 |    167 | _9145_/D
    2666* |       1 |    1087 |      397 |     24 |   329 |   -2.448 |     -217.8 |    167 | _9145_/D
    2667* |       1 |    1087 |      397 |     24 |   329 |   -2.448 |     -217.8 |    167 | _9145_/D
    2670* |       1 |    1089 |      397 |     24 |   329 |   -2.448 |     -217.5 |    167 | _9145_/D
    2671* |       1 |    1090 |      397 |     24 |   329 |   -2.448 |     -217.3 |    167 | _9145_/D
    2672* |       1 |    1090 |      397 |     24 |   329 |   -2.448 |     -217.3 |    167 | _9145_/D
    2673* |       1 |    1090 |      397 |     24 |   329 |   -2.448 |     -217.3 |    167 | _9145_/D
    2674* |       1 |    1090 |      397 |     24 |   329 |   -2.448 |     -217.3 |    167 | _9145_/D
    2675* |       1 |    1090 |      397 |     24 |   329 |   -2.448 |     -217.3 |    167 | _9145_/D
    2676* |       1 |    1090 |      397 |     24 |   329 |   -2.448 |     -217.3 |    167 | _9145_/D
    2677* |       1 |    1090 |      397 |     24 |   329 |   -2.448 |     -217.3 |    167 | _9145_/D
    2680* |       1 |    1092 |      397 |     24 |   329 |   -2.448 |     -217.1 |    167 | _9145_/D
    2682* |       1 |    1094 |      397 |     24 |   329 |   -2.448 |     -216.9 |    167 | _9145_/D
    2683* |       1 |    1094 |      397 |     24 |   329 |   -2.448 |     -216.9 |    167 | _9145_/D
    2684* |       1 |    1094 |      397 |     24 |   329 |   -2.448 |     -216.9 |    167 | _9145_/D
    2685* |       1 |    1094 |      397 |     24 |   329 |   -2.448 |     -216.9 |    167 | _9145_/D
    2686* |       1 |    1094 |      397 |     24 |   329 |   -2.448 |     -216.9 |    167 | _9145_/D
    2687* |       1 |    1094 |      397 |     24 |   329 |   -2.448 |     -216.9 |    167 | _9145_/D
    2688* |       1 |    1094 |      397 |     24 |   329 |   -2.448 |     -216.9 |    167 | _9145_/D
    2689* |       1 |    1094 |      397 |     24 |   329 |   -2.448 |     -216.9 |    167 | _9145_/D
    2690* |       1 |    1094 |      397 |     24 |   329 |   -2.448 |     -216.9 |    167 | _9145_/D
    2690* |       1 |    1094 |      397 |     24 |   329 |   -2.448 |     -216.9 |    167 | _9145_/D
    2691* |       1 |    1094 |      397 |     24 |   329 |   -2.448 |     -216.9 |    166 | _9145_/D
    2692* |       1 |    1094 |      397 |     24 |   329 |   -2.448 |     -216.9 |    165 | _9145_/D
    final |       1 |    1094 |      397 |     24 |   329 |   -2.448 |     -216.9 |    165 | _9145_/D
---------------------------------------------------------------------------------------------------
[INFO RSZ-0059] Removed 1 buffers.
[INFO RSZ-0040] Inserted 134 buffers.
[INFO RSZ-0041] Resized 1094 instances.
[INFO RSZ-0043] Swapped pins on 329 instances.
[INFO RSZ-0049] Cloned 24 instances.
[WARNING RSZ-0062] Unable to repair all setup violations.
[INFO RSZ-0046] Found 274 endpoints with hold violations.
Iteration | Resized | Buffers | Cloned Gates |   WNS   |   TNS   | Endpoint
---------------------------------------------------------------------------
        0 |       0 |       0 |            0 |   0.025 |   0.000 | _8989_/D
    final |       0 |     146 |            0 |   0.106 |   0.000 | _9145_/D
---------------------------------------------------------------------------
[INFO RSZ-0032] Inserted 146 hold buffers.
Placement Analysis
---------------------------------
total displacement       3732.0 u
average displacement        0.5 u
max displacement           16.1 u
original HPWL          108867.5 u
legalized HPWL         116253.0 u
delta HPWL                    7 %

[INFO DPL-0020] Mirrored 2495 instances
[INFO DPL-0021] HPWL before          116253.0 u
[INFO DPL-0022] HPWL after           111603.2 u
[INFO DPL-0023] HPWL delta               -4.0 %
[INFO] Setting RC values…
Setting global connections for newly added cells…
[INFO] Setting global connections...
Updating metrics…
Cell type report:                       Count       Area
  Fill cell                               236     885.85
  Tap cell                               1440    1801.73
  Clock buffer                             71    1066.02
  Timing Repair Buffer                    818    6203.45
  Inverter                                 61     228.97
  Clock inverter                           56     688.16
  Sequential cell                         434    8690.84
  Multi-Input combinational cell         4383   34639.47
  Total                                  7499   54204.49
Writing OpenROAD database to '/home/vanamala/ECE510/codefest/cf07/runs/RUN_2026-05-14_17-45-44/36-openroad-resizertimingpostcts/compute_core.odb'…
Writing netlist to '/home/vanamala/ECE510/codefest/cf07/runs/RUN_2026-05-14_17-45-44/36-openroad-resizertimingpostcts/compute_core.nl.v'…
Writing powered netlist to '/home/vanamala/ECE510/codefest/cf07/runs/RUN_2026-05-14_17-45-44/36-openroad-resizertimingpostcts/compute_core.pnl.v'…
Writing layout to '/home/vanamala/ECE510/codefest/cf07/runs/RUN_2026-05-14_17-45-44/36-openroad-resizertimingpostcts/compute_core.def'…
Writing timing constraints to '/home/vanamala/ECE510/codefest/cf07/runs/RUN_2026-05-14_17-45-44/36-openroad-resizertimingpostcts/compute_core.sdc'…
