
===========================================================================
report_checks -unconstrained
===========================================================================
======================= nom_ff_n40C_1v95 Corner ===================================

Startpoint: _2941_ (rising edge-triggered flip-flop clocked by clk)
Endpoint: _3132_ (rising edge-triggered flip-flop clocked by clk)
Path Group: clk
Path Type: max

Fanout         Cap        Slew       Delay        Time   Description
---------------------------------------------------------------------------------------------
                      0.150000    0.000000    0.000000   clock clk (rise edge)
                                  0.000000    0.000000   clock network delay (ideal)
                      0.150000    0.000000    0.000000 ^ _2941_/CLK (sky130_fd_sc_hd__dfxtp_2)
    18    0.054283    0.091535    0.290191    0.290191 v _2941_/Q (sky130_fd_sc_hd__dfxtp_2)
                                                         u_core.pe_array[0].u_pe.weight_in[1] (net)
                      0.091535    0.000000    0.290191 v _2085_/B (sky130_fd_sc_hd__and3_2)
    27    0.077885    0.138521    0.255349    0.545540 v _2085_/X (sky130_fd_sc_hd__and3_2)
                                                         _0540_ (net)
                      0.138521    0.000000    0.545540 v _2130_/A (sky130_fd_sc_hd__nor2_2)
    22    0.168245    1.267642    0.969960    1.515500 ^ _2130_/Y (sky130_fd_sc_hd__nor2_2)
                                                         _0584_ (net)
                      1.267642    0.000000    1.515500 ^ _2516_/B (sky130_fd_sc_hd__xnor2_2)
     2    0.012130    0.176840   -0.013255    1.502244 v _2516_/Y (sky130_fd_sc_hd__xnor2_2)
                                                         _0958_ (net)
                      0.176840    0.000000    1.502244 v _2517_/B (sky130_fd_sc_hd__xnor2_2)
     2    0.006484    0.067503    0.136355    1.638599 v _2517_/Y (sky130_fd_sc_hd__xnor2_2)
                                                         _0959_ (net)
                      0.067503    0.000000    1.638599 v _2519_/B1 (sky130_fd_sc_hd__a211o_2)
     1    0.001495    0.030256    0.144841    1.783440 v _2519_/X (sky130_fd_sc_hd__a211o_2)
                                                         _0961_ (net)
                      0.030256    0.000000    1.783440 v _2520_/B (sky130_fd_sc_hd__and2_2)
     4    0.015577    0.048262    0.141185    1.924625 v _2520_/X (sky130_fd_sc_hd__and2_2)
                                                         _0962_ (net)
                      0.048262    0.000000    1.924625 v _2544_/B (sky130_fd_sc_hd__or2_2)
     1    0.008002    0.048901    0.176245    2.100870 v _2544_/X (sky130_fd_sc_hd__or2_2)
                                                         _0985_ (net)
                      0.048901    0.000000    2.100870 v _2545_/B (sky130_fd_sc_hd__xnor2_2)
     2    0.012965    0.163614    0.143822    2.244691 ^ _2545_/Y (sky130_fd_sc_hd__xnor2_2)
                                                         _0986_ (net)
                      0.163614    0.000000    2.244691 ^ _2565_/A2 (sky130_fd_sc_hd__a22oi_2)
     2    0.005640    0.054015    0.057131    2.301823 v _2565_/Y (sky130_fd_sc_hd__a22oi_2)
                                                         _1005_ (net)
                      0.054015    0.000000    2.301823 v _2567_/B (sky130_fd_sc_hd__and2_2)
     1    0.004145    0.029831    0.125829    2.427652 v _2567_/X (sky130_fd_sc_hd__and2_2)
                                                         _1007_ (net)
                      0.029831    0.000000    2.427652 v _2568_/B (sky130_fd_sc_hd__nor2_2)
     3    0.015448    0.137811    0.114435    2.542087 ^ _2568_/Y (sky130_fd_sc_hd__nor2_2)
                                                         _1008_ (net)
                      0.137811    0.000000    2.542087 ^ _2570_/B (sky130_fd_sc_hd__xor2_2)
     2    0.013629    0.158695    0.144267    2.686353 ^ _2570_/X (sky130_fd_sc_hd__xor2_2)
                                                         _1010_ (net)
                      0.158695    0.000000    2.686353 ^ _2571_/A (sky130_fd_sc_hd__inv_2)
     3    0.010346    0.045036    0.033135    2.719488 v _2571_/Y (sky130_fd_sc_hd__inv_2)
                                                         _1011_ (net)
                      0.045036    0.000000    2.719488 v _2596_/B (sky130_fd_sc_hd__or4_2)
     1    0.002310    0.063543    0.357668    3.077156 v _2596_/X (sky130_fd_sc_hd__or4_2)
                                                         _1034_ (net)
                      0.063543    0.000000    3.077156 v _2597_/C1 (sky130_fd_sc_hd__a2111o_2)
     2    0.003879    0.045999    0.196661    3.273817 v _2597_/X (sky130_fd_sc_hd__a2111o_2)
                                                         _1035_ (net)
                      0.045999    0.000000    3.273817 v _2685_/A1 (sky130_fd_sc_hd__a2111o_2)
     2    0.005842    0.050995    0.260944    3.534761 v _2685_/X (sky130_fd_sc_hd__a2111o_2)
                                                         _1119_ (net)
                      0.050995    0.000000    3.534761 v _2729_/A1 (sky130_fd_sc_hd__a311oi_2)
     2    0.006833    0.180376    0.164924    3.699685 ^ _2729_/Y (sky130_fd_sc_hd__a311oi_2)
                                                         _1161_ (net)
                      0.180376    0.000000    3.699685 ^ _2748_/A1 (sky130_fd_sc_hd__o21ai_2)
     3    0.007663    0.050752    0.053826    3.753510 v _2748_/Y (sky130_fd_sc_hd__o21ai_2)
                                                         _1180_ (net)
                      0.050752    0.000000    3.753510 v _2761_/B (sky130_fd_sc_hd__and3_2)
     2    0.003708    0.030194    0.126601    3.880111 v _2761_/X (sky130_fd_sc_hd__and3_2)
                                                         _1192_ (net)
                      0.030194    0.000000    3.880111 v _2763_/A (sky130_fd_sc_hd__or3b_2)
     1    0.001353    0.046246    0.253496    4.133607 v _2763_/X (sky130_fd_sc_hd__or3b_2)
                                                         _1194_ (net)
                      0.046246    0.000000    4.133607 v _2764_/B1_N (sky130_fd_sc_hd__a21bo_2)
     1    0.001748    0.024595    0.115299    4.248906 ^ _2764_/X (sky130_fd_sc_hd__a21bo_2)
                                                         _0246_ (net)
                      0.024595    0.000000    4.248906 ^ _3132_/D (sky130_fd_sc_hd__dfxtp_2)
                                              4.248906   data arrival time

                      0.150000   10.000000   10.000000   clock clk (rise edge)
                                  0.000000   10.000000   clock network delay (ideal)
                                 -0.250000    9.750000   clock uncertainty
                                  0.000000    9.750000   clock reconvergence pessimism
                                              9.750000 ^ _3132_/CLK (sky130_fd_sc_hd__dfxtp_2)
                                 -0.027051    9.722949   library setup time
                                              9.722949   data required time
---------------------------------------------------------------------------------------------
                                              9.722949   data required time
                                             -4.248906   data arrival time
---------------------------------------------------------------------------------------------
                                              5.474043   slack (MET)




===========================================================================
report_checks --slack_max -0.01
============================================================================
======================= nom_ff_n40C_1v95 Corner ===================================

No paths found.


===========================================================================
 report_check_types -max_slew -max_cap -max_fanout -violators
============================================================================
======================= nom_ff_n40C_1v95 Corner ===================================

max slew

Pin                                        Limit        Slew       Slack
------------------------------------------------------------------------
_1448_/Y                                0.750000    1.556397   -0.806397 (VIOLATED)
_1453_/B1                               0.750000    1.556397   -0.806397 (VIOLATED)
_1456_/B1                               0.750000    1.556397   -0.806397 (VIOLATED)
_1469_/D                                0.750000    1.556397   -0.806397 (VIOLATED)
_1471_/A1                               0.750000    1.556397   -0.806397 (VIOLATED)
_1474_/A2                               0.750000    1.556397   -0.806397 (VIOLATED)
_1482_/A                                0.750000    1.556397   -0.806397 (VIOLATED)
_1486_/C1                               0.750000    1.556397   -0.806397 (VIOLATED)
_1494_/B1                               0.750000    1.556397   -0.806397 (VIOLATED)
_1505_/C1                               0.750000    1.556397   -0.806397 (VIOLATED)
_1507_/C1                               0.750000    1.556397   -0.806397 (VIOLATED)
_1509_/C1                               0.750000    1.556397   -0.806397 (VIOLATED)
_1511_/C1                               0.750000    1.556397   -0.806397 (VIOLATED)
_1513_/C1                               0.750000    1.556397   -0.806397 (VIOLATED)
_1515_/C1                               0.750000    1.556397   -0.806397 (VIOLATED)
_1517_/C1                               0.750000    1.556397   -0.806397 (VIOLATED)
_1519_/C1                               0.750000    1.556397   -0.806397 (VIOLATED)
_1521_/C1                               0.750000    1.556397   -0.806397 (VIOLATED)
_1523_/C1                               0.750000    1.556397   -0.806397 (VIOLATED)
_1525_/C1                               0.750000    1.556397   -0.806397 (VIOLATED)
_1527_/C1                               0.750000    1.556397   -0.806397 (VIOLATED)
_1529_/C1                               0.750000    1.556397   -0.806397 (VIOLATED)
_1531_/C1                               0.750000    1.556397   -0.806397 (VIOLATED)
_1533_/C1                               0.750000    1.556397   -0.806397 (VIOLATED)
_1535_/C1                               0.750000    1.556397   -0.806397 (VIOLATED)
_1537_/C1                               0.750000    1.556397   -0.806397 (VIOLATED)
_1539_/C1                               0.750000    1.556397   -0.806397 (VIOLATED)
_1541_/C1                               0.750000    1.556397   -0.806397 (VIOLATED)
_1543_/C1                               0.750000    1.556397   -0.806397 (VIOLATED)
_1545_/C1                               0.750000    1.556397   -0.806397 (VIOLATED)
_1547_/C1                               0.750000    1.556397   -0.806397 (VIOLATED)
_1549_/C1                               0.750000    1.556397   -0.806397 (VIOLATED)
_1551_/C1                               0.750000    1.556397   -0.806397 (VIOLATED)
_1553_/C1                               0.750000    1.556397   -0.806397 (VIOLATED)
_1555_/C1                               0.750000    1.556397   -0.806397 (VIOLATED)
_1557_/C1                               0.750000    1.556397   -0.806397 (VIOLATED)
_1559_/C1                               0.750000    1.556397   -0.806397 (VIOLATED)
_1561_/C1                               0.750000    1.556397   -0.806397 (VIOLATED)
_1563_/C1                               0.750000    1.556397   -0.806397 (VIOLATED)
_1565_/C1                               0.750000    1.556397   -0.806397 (VIOLATED)
_1567_/C1                               0.750000    1.556397   -0.806397 (VIOLATED)
_1568_/A                                0.750000    1.556397   -0.806397 (VIOLATED)
_1569_/C                                0.750000    1.556397   -0.806397 (VIOLATED)
_1572_/A1                               0.750000    1.556397   -0.806397 (VIOLATED)
_1574_/A1                               0.750000    1.556397   -0.806397 (VIOLATED)
_1576_/A1                               0.750000    1.556397   -0.806397 (VIOLATED)
_1578_/A1                               0.750000    1.556397   -0.806397 (VIOLATED)
_1580_/A1                               0.750000    1.556397   -0.806397 (VIOLATED)
_1582_/A1                               0.750000    1.556397   -0.806397 (VIOLATED)
_1584_/A1                               0.750000    1.556397   -0.806397 (VIOLATED)
_1586_/A1                               0.750000    1.556397   -0.806397 (VIOLATED)
_1589_/B                                0.750000    1.556397   -0.806397 (VIOLATED)
_1590_/B                                0.750000    1.556397   -0.806397 (VIOLATED)
_1591_/B                                0.750000    1.556397   -0.806397 (VIOLATED)
_1592_/B                                0.750000    1.556397   -0.806397 (VIOLATED)
_1593_/B                                0.750000    1.556397   -0.806397 (VIOLATED)
_1594_/B                                0.750000    1.556397   -0.806397 (VIOLATED)
_1595_/B                                0.750000    1.556397   -0.806397 (VIOLATED)
_1596_/B                                0.750000    1.556397   -0.806397 (VIOLATED)
_1597_/B                                0.750000    1.556397   -0.806397 (VIOLATED)
_1598_/B1                               0.750000    1.556397   -0.806397 (VIOLATED)
_1612_/C1                               0.750000    1.556397   -0.806397 (VIOLATED)
_1616_/C1                               0.750000    1.556397   -0.806397 (VIOLATED)
_1619_/C1                               0.750000    1.556397   -0.806397 (VIOLATED)
_1622_/C1                               0.750000    1.556397   -0.806397 (VIOLATED)
_1626_/C1                               0.750000    1.556397   -0.806397 (VIOLATED)
_1630_/C1                               0.750000    1.556397   -0.806397 (VIOLATED)
_1634_/C1                               0.750000    1.556397   -0.806397 (VIOLATED)
_1638_/C1                               0.750000    1.556397   -0.806397 (VIOLATED)
_1642_/C1                               0.750000    1.556397   -0.806397 (VIOLATED)
_1645_/C1                               0.750000    1.556397   -0.806397 (VIOLATED)
_1649_/C1                               0.750000    1.556397   -0.806397 (VIOLATED)
_1653_/C1                               0.750000    1.556397   -0.806397 (VIOLATED)
_1657_/C1                               0.750000    1.556397   -0.806397 (VIOLATED)
_1660_/C1                               0.750000    1.556397   -0.806397 (VIOLATED)
_1663_/C1                               0.750000    1.556397   -0.806397 (VIOLATED)
_1667_/C1                               0.750000    1.556397   -0.806397 (VIOLATED)
_1671_/C1                               0.750000    1.556397   -0.806397 (VIOLATED)
_1675_/C1                               0.750000    1.556397   -0.806397 (VIOLATED)
_1679_/C1                               0.750000    1.556397   -0.806397 (VIOLATED)
_1683_/C1                               0.750000    1.556397   -0.806397 (VIOLATED)
_1686_/C1                               0.750000    1.556397   -0.806397 (VIOLATED)
_1690_/C1                               0.750000    1.556397   -0.806397 (VIOLATED)
_1694_/C1                               0.750000    1.556397   -0.806397 (VIOLATED)
_1698_/C1                               0.750000    1.556397   -0.806397 (VIOLATED)
_1702_/C1                               0.750000    1.556397   -0.806397 (VIOLATED)
_1705_/C1                               0.750000    1.556397   -0.806397 (VIOLATED)
_1709_/C1                               0.750000    1.556397   -0.806397 (VIOLATED)
_1713_/C1                               0.750000    1.556397   -0.806397 (VIOLATED)
_1716_/C1                               0.750000    1.556397   -0.806397 (VIOLATED)
_1720_/C1                               0.750000    1.556397   -0.806397 (VIOLATED)
_1724_/C1                               0.750000    1.556397   -0.806397 (VIOLATED)
_1728_/C1                               0.750000    1.556397   -0.806397 (VIOLATED)
_1729_/B1                               0.750000    1.556397   -0.806397 (VIOLATED)
_1734_/C1                               0.750000    1.556397   -0.806397 (VIOLATED)
_1736_/A1                               0.750000    1.556397   -0.806397 (VIOLATED)
_1738_/B                                0.750000    1.556397   -0.806397 (VIOLATED)
_1739_/B                                0.750000    1.556397   -0.806397 (VIOLATED)
_1740_/B                                0.750000    1.556397   -0.806397 (VIOLATED)
_1741_/B                                0.750000    1.556397   -0.806397 (VIOLATED)
_1742_/B                                0.750000    1.556397   -0.806397 (VIOLATED)
_1743_/B                                0.750000    1.556397   -0.806397 (VIOLATED)
_1744_/B                                0.750000    1.556397   -0.806397 (VIOLATED)
_1745_/B                                0.750000    1.556397   -0.806397 (VIOLATED)
_1750_/A                                0.750000    1.556397   -0.806397 (VIOLATED)
_1752_/A                                0.750000    1.556397   -0.806397 (VIOLATED)
_1754_/A                                0.750000    1.556397   -0.806397 (VIOLATED)
_1756_/A                                0.750000    1.556397   -0.806397 (VIOLATED)
_1758_/A                                0.750000    1.556397   -0.806397 (VIOLATED)
_1760_/A                                0.750000    1.556397   -0.806397 (VIOLATED)
_1762_/A                                0.750000    1.556397   -0.806397 (VIOLATED)
_1764_/A                                0.750000    1.556397   -0.806397 (VIOLATED)
_1766_/A                                0.750000    1.556397   -0.806397 (VIOLATED)
_1768_/A                                0.750000    1.556397   -0.806397 (VIOLATED)
_1770_/A                                0.750000    1.556397   -0.806397 (VIOLATED)
_1772_/A                                0.750000    1.556397   -0.806397 (VIOLATED)
_1774_/A                                0.750000    1.556397   -0.806397 (VIOLATED)
_1776_/A                                0.750000    1.556397   -0.806397 (VIOLATED)
_1778_/A                                0.750000    1.556397   -0.806397 (VIOLATED)
_1780_/A                                0.750000    1.556397   -0.806397 (VIOLATED)
_1782_/A                                0.750000    1.556397   -0.806397 (VIOLATED)
_1784_/A                                0.750000    1.556397   -0.806397 (VIOLATED)
_1786_/A                                0.750000    1.556397   -0.806397 (VIOLATED)
_1788_/A                                0.750000    1.556397   -0.806397 (VIOLATED)
_1790_/A                                0.750000    1.556397   -0.806397 (VIOLATED)
_1792_/A                                0.750000    1.556397   -0.806397 (VIOLATED)
_1794_/A                                0.750000    1.556397   -0.806397 (VIOLATED)
_1796_/A                                0.750000    1.556397   -0.806397 (VIOLATED)
_1798_/A                                0.750000    1.556397   -0.806397 (VIOLATED)
_1800_/A                                0.750000    1.556397   -0.806397 (VIOLATED)
_1802_/A                                0.750000    1.556397   -0.806397 (VIOLATED)
_1804_/A                                0.750000    1.556397   -0.806397 (VIOLATED)
_1806_/A                                0.750000    1.556397   -0.806397 (VIOLATED)
_1808_/A                                0.750000    1.556397   -0.806397 (VIOLATED)
_1810_/A                                0.750000    1.556397   -0.806397 (VIOLATED)
_1812_/A                                0.750000    1.556397   -0.806397 (VIOLATED)
_1815_/A                                0.750000    1.556397   -0.806397 (VIOLATED)
_1817_/A                                0.750000    1.556397   -0.806397 (VIOLATED)
_1819_/A                                0.750000    1.556397   -0.806397 (VIOLATED)
_1821_/A                                0.750000    1.556397   -0.806397 (VIOLATED)
_1823_/A                                0.750000    1.556397   -0.806397 (VIOLATED)
_1825_/A                                0.750000    1.556397   -0.806397 (VIOLATED)
_1827_/A                                0.750000    1.556397   -0.806397 (VIOLATED)
_1829_/A                                0.750000    1.556397   -0.806397 (VIOLATED)
_1831_/A                                0.750000    1.556397   -0.806397 (VIOLATED)
_1833_/A                                0.750000    1.556397   -0.806397 (VIOLATED)
_1835_/A                                0.750000    1.556397   -0.806397 (VIOLATED)
_1837_/A                                0.750000    1.556397   -0.806397 (VIOLATED)
_1839_/A                                0.750000    1.556397   -0.806397 (VIOLATED)
_1841_/A                                0.750000    1.556397   -0.806397 (VIOLATED)
_1843_/A                                0.750000    1.556397   -0.806397 (VIOLATED)
_1845_/A                                0.750000    1.556397   -0.806397 (VIOLATED)
_1847_/A                                0.750000    1.556397   -0.806397 (VIOLATED)
_1849_/A                                0.750000    1.556397   -0.806397 (VIOLATED)
_1851_/A                                0.750000    1.556397   -0.806397 (VIOLATED)
_1853_/A                                0.750000    1.556397   -0.806397 (VIOLATED)
_1855_/A                                0.750000    1.556397   -0.806397 (VIOLATED)
_1857_/A                                0.750000    1.556397   -0.806397 (VIOLATED)
_1859_/A                                0.750000    1.556397   -0.806397 (VIOLATED)
_1861_/A                                0.750000    1.556397   -0.806397 (VIOLATED)
_1863_/A                                0.750000    1.556397   -0.806397 (VIOLATED)
_1865_/A                                0.750000    1.556397   -0.806397 (VIOLATED)
_1867_/A                                0.750000    1.556397   -0.806397 (VIOLATED)
_1869_/A                                0.750000    1.556397   -0.806397 (VIOLATED)
_1871_/A                                0.750000    1.556397   -0.806397 (VIOLATED)
_1873_/A                                0.750000    1.556397   -0.806397 (VIOLATED)
_1875_/A                                0.750000    1.556397   -0.806397 (VIOLATED)
_1877_/A                                0.750000    1.556397   -0.806397 (VIOLATED)
_1880_/A                                0.750000    1.556397   -0.806397 (VIOLATED)
_1882_/A                                0.750000    1.556397   -0.806397 (VIOLATED)
_1884_/A                                0.750000    1.556397   -0.806397 (VIOLATED)
_1886_/A                                0.750000    1.556397   -0.806397 (VIOLATED)
_1888_/A                                0.750000    1.556397   -0.806397 (VIOLATED)
_1890_/A                                0.750000    1.556397   -0.806397 (VIOLATED)
_1892_/A                                0.750000    1.556397   -0.806397 (VIOLATED)
_1894_/A                                0.750000    1.556397   -0.806397 (VIOLATED)
_1896_/A                                0.750000    1.556397   -0.806397 (VIOLATED)
_1898_/A                                0.750000    1.556397   -0.806397 (VIOLATED)
_1900_/A                                0.750000    1.556397   -0.806397 (VIOLATED)
_1902_/A                                0.750000    1.556397   -0.806397 (VIOLATED)
_1904_/A                                0.750000    1.556397   -0.806397 (VIOLATED)
_1906_/A                                0.750000    1.556397   -0.806397 (VIOLATED)
_1908_/A                                0.750000    1.556397   -0.806397 (VIOLATED)
_1910_/A                                0.750000    1.556397   -0.806397 (VIOLATED)
_1912_/A                                0.750000    1.556397   -0.806397 (VIOLATED)
_1914_/A                                0.750000    1.556397   -0.806397 (VIOLATED)
_1916_/A                                0.750000    1.556397   -0.806397 (VIOLATED)
_1918_/A                                0.750000    1.556397   -0.806397 (VIOLATED)
_1920_/A                                0.750000    1.556397   -0.806397 (VIOLATED)
_1922_/A                                0.750000    1.556397   -0.806397 (VIOLATED)
_1924_/A                                0.750000    1.556397   -0.806397 (VIOLATED)
_1926_/A                                0.750000    1.556397   -0.806397 (VIOLATED)
_1928_/A                                0.750000    1.556397   -0.806397 (VIOLATED)
_1930_/A                                0.750000    1.556397   -0.806397 (VIOLATED)
_1932_/A                                0.750000    1.556397   -0.806397 (VIOLATED)
_1934_/A                                0.750000    1.556397   -0.806397 (VIOLATED)
_1936_/A                                0.750000    1.556397   -0.806397 (VIOLATED)
_1938_/A                                0.750000    1.556397   -0.806397 (VIOLATED)
_1940_/A                                0.750000    1.556397   -0.806397 (VIOLATED)
_1942_/A                                0.750000    1.556397   -0.806397 (VIOLATED)
_1944_/A                                0.750000    1.556397   -0.806397 (VIOLATED)
_1949_/B1                               0.750000    1.556397   -0.806397 (VIOLATED)
_2801_/A                                0.750000    1.556397   -0.806397 (VIOLATED)
_2806_/A                                0.750000    1.556397   -0.806397 (VIOLATED)
_2840_/A                                0.750000    1.556397   -0.806397 (VIOLATED)
_2844_/C1                               0.750000    1.556397   -0.806397 (VIOLATED)
_2849_/B1                               0.750000    1.556397   -0.806397 (VIOLATED)
_2853_/B                                0.750000    1.556397   -0.806397 (VIOLATED)
_2854_/B                                0.750000    1.556397   -0.806397 (VIOLATED)
_2855_/B                                0.750000    1.556397   -0.806397 (VIOLATED)
_2856_/B                                0.750000    1.556397   -0.806397 (VIOLATED)
_2857_/B                                0.750000    1.556397   -0.806397 (VIOLATED)
_2858_/B                                0.750000    1.556397   -0.806397 (VIOLATED)
_2859_/B                                0.750000    1.556397   -0.806397 (VIOLATED)
_2860_/B                                0.750000    1.556397   -0.806397 (VIOLATED)
_2861_/B                                0.750000    1.556397   -0.806397 (VIOLATED)
_2862_/B                                0.750000    1.556397   -0.806397 (VIOLATED)
_2863_/B                                0.750000    1.556397   -0.806397 (VIOLATED)
_2864_/B                                0.750000    1.556397   -0.806397 (VIOLATED)
_2865_/B                                0.750000    1.556397   -0.806397 (VIOLATED)
_2866_/B                                0.750000    1.556397   -0.806397 (VIOLATED)
_2867_/B                                0.750000    1.556397   -0.806397 (VIOLATED)
_2868_/B                                0.750000    1.556397   -0.806397 (VIOLATED)
_2869_/B                                0.750000    1.556397   -0.806397 (VIOLATED)
_2870_/B                                0.750000    1.556397   -0.806397 (VIOLATED)
_2871_/B                                0.750000    1.556397   -0.806397 (VIOLATED)
_2872_/B                                0.750000    1.556397   -0.806397 (VIOLATED)
_2873_/B                                0.750000    1.556397   -0.806397 (VIOLATED)
_2874_/B                                0.750000    1.556397   -0.806397 (VIOLATED)
_2875_/B                                0.750000    1.556397   -0.806397 (VIOLATED)
_2876_/B                                0.750000    1.556397   -0.806397 (VIOLATED)
_2877_/B                                0.750000    1.556397   -0.806397 (VIOLATED)
_2878_/B                                0.750000    1.556397   -0.806397 (VIOLATED)
_2879_/B                                0.750000    1.556397   -0.806397 (VIOLATED)
_2880_/B                                0.750000    1.556397   -0.806397 (VIOLATED)
_2881_/B                                0.750000    1.556397   -0.806397 (VIOLATED)
_2882_/B                                0.750000    1.556397   -0.806397 (VIOLATED)
_2883_/B                                0.750000    1.556397   -0.806397 (VIOLATED)
_2884_/B                                0.750000    1.556397   -0.806397 (VIOLATED)
_2130_/Y                                0.750000    1.267642   -0.517642 (VIOLATED)
_2131_/B                                0.750000    1.267642   -0.517642 (VIOLATED)
_2171_/B                                0.750000    1.267642   -0.517642 (VIOLATED)
_2172_/B                                0.750000    1.267642   -0.517642 (VIOLATED)
_2212_/B                                0.750000    1.267642   -0.517642 (VIOLATED)
_2249_/B                                0.750000    1.267642   -0.517642 (VIOLATED)
_2295_/B                                0.750000    1.267642   -0.517642 (VIOLATED)
_2330_/B                                0.750000    1.267642   -0.517642 (VIOLATED)
_2364_/B                                0.750000    1.267642   -0.517642 (VIOLATED)
_2494_/B                                0.750000    1.267642   -0.517642 (VIOLATED)
_2516_/B                                0.750000    1.267642   -0.517642 (VIOLATED)
_2519_/A2                               0.750000    1.267642   -0.517642 (VIOLATED)
_2539_/B                                0.750000    1.267642   -0.517642 (VIOLATED)
_2557_/B                                0.750000    1.267642   -0.517642 (VIOLATED)
_2580_/B                                0.750000    1.267642   -0.517642 (VIOLATED)
_2605_/B                                0.750000    1.267642   -0.517642 (VIOLATED)
_2626_/B                                0.750000    1.267642   -0.517642 (VIOLATED)
_2645_/B                                0.750000    1.267642   -0.517642 (VIOLATED)
_2668_/B                                0.750000    1.267642   -0.517642 (VIOLATED)
_2691_/B                                0.750000    1.267642   -0.517642 (VIOLATED)
_2711_/B                                0.750000    1.267642   -0.517642 (VIOLATED)
_2734_/B                                0.750000    1.267642   -0.517642 (VIOLATED)
_2754_/B                                0.750000    1.267642   -0.517642 (VIOLATED)
_2765_/Y                                0.750000    0.961412   -0.211412 (VIOLATED)
_2770_/B                                0.750000    0.961412   -0.211412 (VIOLATED)
_2773_/B                                0.750000    0.961412   -0.211412 (VIOLATED)
_2776_/B                                0.750000    0.961412   -0.211412 (VIOLATED)
_2779_/B                                0.750000    0.961412   -0.211412 (VIOLATED)
_2782_/B                                0.750000    0.961412   -0.211412 (VIOLATED)
_2784_/B2                               0.750000    0.961412   -0.211412 (VIOLATED)
_2786_/B2                               0.750000    0.961412   -0.211412 (VIOLATED)
_2789_/B                                0.750000    0.961412   -0.211412 (VIOLATED)
_2792_/B                                0.750000    0.961412   -0.211412 (VIOLATED)
_2795_/B                                0.750000    0.961412   -0.211412 (VIOLATED)
_2798_/B                                0.750000    0.961412   -0.211412 (VIOLATED)
_2800_/B2                               0.750000    0.961412   -0.211412 (VIOLATED)
_2803_/B                                0.750000    0.961412   -0.211412 (VIOLATED)
_2805_/B2                               0.750000    0.961412   -0.211412 (VIOLATED)
_2808_/B                                0.750000    0.961412   -0.211412 (VIOLATED)
_2813_/B                                0.750000    0.961412   -0.211412 (VIOLATED)
_2815_/A2_N                             0.750000    0.961412   -0.211412 (VIOLATED)
_2817_/B2                               0.750000    0.961412   -0.211412 (VIOLATED)
_2819_/B2                               0.750000    0.961412   -0.211412 (VIOLATED)
_2821_/B2                               0.750000    0.961412   -0.211412 (VIOLATED)
_2823_/B2                               0.750000    0.961412   -0.211412 (VIOLATED)
_2825_/B2                               0.750000    0.961412   -0.211412 (VIOLATED)
_2827_/B2                               0.750000    0.961412   -0.211412 (VIOLATED)
_2829_/B2                               0.750000    0.961412   -0.211412 (VIOLATED)
_2831_/B2                               0.750000    0.961412   -0.211412 (VIOLATED)
_2833_/B2                               0.750000    0.961412   -0.211412 (VIOLATED)
_2835_/B2                               0.750000    0.961412   -0.211412 (VIOLATED)
_2837_/B2                               0.750000    0.961412   -0.211412 (VIOLATED)
_2839_/B2                               0.750000    0.961412   -0.211412 (VIOLATED)
_2844_/A2                               0.750000    0.961412   -0.211412 (VIOLATED)
_2293_/Y                                0.750000    0.813760   -0.063760 (VIOLATED)
_2328_/A1                               0.750000    0.813760   -0.063760 (VIOLATED)
_2362_/A1                               0.750000    0.813760   -0.063760 (VIOLATED)
_2365_/A                                0.750000    0.813760   -0.063760 (VIOLATED)
_2366_/A                                0.750000    0.813760   -0.063760 (VIOLATED)
_2424_/A                                0.750000    0.813760   -0.063760 (VIOLATED)
_2495_/A                                0.750000    0.813760   -0.063760 (VIOLATED)
_2537_/A1                               0.750000    0.813760   -0.063760 (VIOLATED)
_2540_/A                                0.750000    0.813760   -0.063760 (VIOLATED)
_2541_/A                                0.750000    0.813760   -0.063760 (VIOLATED)
_2558_/A                                0.750000    0.813760   -0.063760 (VIOLATED)
_2559_/A                                0.750000    0.813760   -0.063760 (VIOLATED)
_2581_/A                                0.750000    0.813760   -0.063760 (VIOLATED)
_2582_/A                                0.750000    0.813760   -0.063760 (VIOLATED)
_2606_/A                                0.750000    0.813760   -0.063760 (VIOLATED)
_2607_/A                                0.750000    0.813760   -0.063760 (VIOLATED)
_2627_/A                                0.750000    0.813760   -0.063760 (VIOLATED)
_2628_/A                                0.750000    0.813760   -0.063760 (VIOLATED)
_2646_/A                                0.750000    0.813760   -0.063760 (VIOLATED)
_2647_/A                                0.750000    0.813760   -0.063760 (VIOLATED)
_2669_/A                                0.750000    0.813760   -0.063760 (VIOLATED)
_2670_/A                                0.750000    0.813760   -0.063760 (VIOLATED)
_2692_/A                                0.750000    0.813760   -0.063760 (VIOLATED)
_2693_/A                                0.750000    0.813760   -0.063760 (VIOLATED)
_2712_/A                                0.750000    0.813760   -0.063760 (VIOLATED)
_2713_/A                                0.750000    0.813760   -0.063760 (VIOLATED)
_2735_/A                                0.750000    0.813760   -0.063760 (VIOLATED)
_2736_/A                                0.750000    0.813760   -0.063760 (VIOLATED)

max fanout

Pin                                   Limit Fanout  Slack
---------------------------------------------------------
_1448_/Y                                 10    238   -228 (VIOLATED)
rst                                      10     46    -36 (VIOLATED)
_1475_/X                                 10     33    -23 (VIOLATED)
_1503_/Y                                 10     33    -23 (VIOLATED)
_1589_/X                                 10     33    -23 (VIOLATED)
_1949_/X                                 10     33    -23 (VIOLATED)
_1502_/X                                 10     32    -22 (VIOLATED)
_1605_/X                                 10     32    -22 (VIOLATED)
_1607_/X                                 10     32    -22 (VIOLATED)
_1610_/Y                                 10     32    -22 (VIOLATED)
_1748_/X                                 10     32    -22 (VIOLATED)
_1813_/X                                 10     32    -22 (VIOLATED)
_1878_/X                                 10     32    -22 (VIOLATED)
_1443_/Y                                 10     31    -21 (VIOLATED)
_1613_/X                                 10     31    -21 (VIOLATED)
_2765_/Y                                 10     30    -20 (VIOLATED)
_2085_/X                                 10     27    -17 (VIOLATED)
_2293_/Y                                 10     27    -17 (VIOLATED)
_1604_/Y                                 10     24    -14 (VIOLATED)
_2128_/X                                 10     23    -13 (VIOLATED)
_2130_/Y                                 10     22    -12 (VIOLATED)
_2940_/Q                                 10     20    -10 (VIOLATED)
_2941_/Q                                 10     18     -8 (VIOLATED)
_2374_/Y                                 10     17     -7 (VIOLATED)
_2942_/Q                                 10     17     -7 (VIOLATED)
_2943_/Q                                 10     17     -7 (VIOLATED)
_2944_/Q                                 10     17     -7 (VIOLATED)
_2956_/Q                                 10     17     -7 (VIOLATED)
_2945_/Q                                 10     16     -6 (VIOLATED)
_2955_/Q                                 10     16     -6 (VIOLATED)
_2951_/Q                                 10     15     -5 (VIOLATED)
_2952_/Q                                 10     15     -5 (VIOLATED)
_2946_/Q                                 10     14     -4 (VIOLATED)
_2953_/Q                                 10     14     -4 (VIOLATED)
_2954_/Q                                 10     14     -4 (VIOLATED)
_2950_/Q                                 10     13     -3 (VIOLATED)
_2294_/X                                 10     12     -2 (VIOLATED)
_1476_/Y                                 10     11        (VIOLATED)
_2947_/Q                                 10     11        (VIOLATED)
_2949_/Q                                 10     11        (VIOLATED)

max capacitance

Pin                                        Limit         Cap       Slack
------------------------------------------------------------------------
_1448_/Y                                0.200000    0.460414   -0.260414 (VIOLATED)
rst                                     0.200000    0.202611   -0.002611 (VIOLATED)



===========================================================================
report_parasitic_annotation -report_unannotated
============================================================================
Found 1874 unannotated drivers.
 clk
 rst
 s_araddr[0]
 s_araddr[10]
 s_araddr[11]
 s_araddr[12]
 s_araddr[13]
 s_araddr[14]
 s_araddr[15]
 s_araddr[16]
 s_araddr[17]
 s_araddr[18]
 s_araddr[19]
 s_araddr[1]
 s_araddr[20]
 s_araddr[21]
 s_araddr[22]
 s_araddr[23]
 s_araddr[24]
 s_araddr[25]
 s_araddr[26]
 s_araddr[27]
 s_araddr[28]
 s_araddr[29]
 s_araddr[2]
 s_araddr[30]
 s_araddr[31]
 s_araddr[3]
 s_araddr[4]
 s_araddr[5]
 s_araddr[6]
 s_araddr[7]
 s_araddr[8]
 s_araddr[9]
 s_arvalid
 s_awaddr[0]
 s_awaddr[10]
 s_awaddr[11]
 s_awaddr[12]
 s_awaddr[13]
 s_awaddr[14]
 s_awaddr[15]
 s_awaddr[16]
 s_awaddr[17]
 s_awaddr[18]
 s_awaddr[19]
 s_awaddr[1]
 s_awaddr[20]
 s_awaddr[21]
 s_awaddr[22]
 s_awaddr[23]
 s_awaddr[24]
 s_awaddr[25]
 s_awaddr[26]
 s_awaddr[27]
 s_awaddr[28]
 s_awaddr[29]
 s_awaddr[2]
 s_awaddr[30]
 s_awaddr[31]
 s_awaddr[3]
 s_awaddr[4]
 s_awaddr[5]
 s_awaddr[6]
 s_awaddr[7]
 s_awaddr[8]
 s_awaddr[9]
 s_awvalid
 s_bready
 s_rready
 s_wdata[0]
 s_wdata[10]
 s_wdata[11]
 s_wdata[12]
 s_wdata[13]
 s_wdata[14]
 s_wdata[15]
 s_wdata[16]
 s_wdata[17]
 s_wdata[18]
 s_wdata[19]
 s_wdata[1]
 s_wdata[20]
 s_wdata[21]
 s_wdata[22]
 s_wdata[23]
 s_wdata[24]
 s_wdata[25]
 s_wdata[26]
 s_wdata[27]
 s_wdata[28]
 s_wdata[29]
 s_wdata[2]
 s_wdata[30]
 s_wdata[31]
 s_wdata[3]
 s_wdata[4]
 s_wdata[5]
 s_wdata[6]
 s_wdata[7]
 s_wdata[8]
 s_wdata[9]
 s_wstrb[0]
 s_wstrb[1]
 s_wstrb[2]
 s_wstrb[3]
 s_wvalid
 _1443_/Y
 _1444_/Y
 _1445_/Y
 _1446_/Y
 _1447_/Y
 _1448_/Y
 _1449_/Y
 _1450_/X
 _1451_/Y
 _1452_/X
 _1453_/X
 _1454_/X
 _1455_/Y
 _1456_/X
 _1457_/Y
 _1458_/Y
 _1459_/X
 _1460_/X
 _1461_/X
 _1462_/X
 _1463_/X
 _1464_/Y
 _1465_/X
 _1466_/Y
 _1467_/Y
 _1468_/Y
 _1469_/X
 _1470_/Y
 _1471_/X
 _1472_/Y
 _1473_/Y
 _1474_/X
 _1475_/X
 _1476_/Y
 _1477_/X
 _1478_/Y
 _1479_/Y
 _1480_/Y
 _1481_/X
 _1482_/X
 _1483_/Y
 _1484_/Y
 _1485_/X
 _1486_/X
 _1487_/Y
 _1488_/X
 _1489_/Y
 _1490_/X
 _1491_/Y
 _1492_/X
 _1493_/X
 _1494_/Y
 _1495_/Y
 _1496_/X
 _1497_/X
 _1498_/X
 _1499_/X
 _1500_/X
 _1501_/X
 _1502_/X
 _1503_/Y
 _1504_/X
 _1505_/X
 _1506_/X
 _1507_/X
 _1508_/X
 _1509_/X
 _1510_/X
 _1511_/X
 _1512_/X
 _1513_/X
 _1514_/X
 _1515_/X
 _1516_/X
 _1517_/X
 _1518_/X
 _1519_/X
 _1520_/X
 _1521_/X
 _1522_/X
 _1523_/X
 _1524_/X
 _1525_/X
 _1526_/X
 _1527_/X
 _1528_/X
 _1529_/X
 _1530_/X
 _1531_/X
 _1532_/X
 _1533_/X
 _1534_/X
 _1535_/X
 _1536_/X
 _1537_/X
 _1538_/X
 _1539_/X
 _1540_/X
 _1541_/X
 _1542_/X
 _1543_/X
 _1544_/X
 _1545_/X
 _1546_/X
 _1547_/X
 _1548_/X
 _1549_/X
 _1550_/X
 _1551_/X
 _1552_/X
 _1553_/X
 _1554_/X
 _1555_/X
 _1556_/X
 _1557_/X
 _1558_/X
 _1559_/X
 _1560_/X
 _1561_/X
 _1562_/X
 _1563_/X
 _1564_/X
 _1565_/X
 _1566_/X
 _1567_/X
 _1568_/X
 _1569_/X
 _1570_/X
 _1571_/X
 _1572_/X
 _1573_/X
 _1574_/X
 _1575_/X
 _1576_/X
 _1577_/X
 _1578_/X
 _1579_/X
 _1580_/X
 _1581_/X
 _1582_/X
 _1583_/X
 _1584_/X
 _1585_/X
 _1586_/X
 _1587_/X
 _1588_/Y
 _1589_/X
 _1590_/X
 _1591_/X
 _1592_/X
 _1593_/X
 _1594_/X
 _1595_/X
 _1596_/X
 _1597_/X
 _1598_/X
 _1599_/X
 _1600_/Y
 _1601_/Y
 _1602_/X
 _1603_/Y
 _1604_/Y
 _1605_/X
 _1606_/X
 _1607_/X
 _1608_/X
 _1609_/X
 _1610_/Y
 _1611_/X
 _1612_/X
 _1613_/X
 _1614_/X
 _1615_/X
 _1616_/X
 _1617_/X
 _1618_/X
 _1619_/X
 _1620_/X
 _1621_/X
 _1622_/X
 _1623_/X
 _1624_/X
 _1625_/X
 _1626_/X
 _1627_/X
 _1628_/X
 _1629_/X
 _1630_/X
 _1631_/X
 _1632_/X
 _1633_/X
 _1634_/X
 _1635_/X
 _1636_/X
 _1637_/X
 _1638_/X
 _1639_/X
 _1640_/X
 _1641_/X
 _1642_/X
 _1643_/X
 _1644_/X
 _1645_/X
 _1646_/X
 _1647_/X
 _1648_/X
 _1649_/X
 _1650_/X
 _1651_/X
 _1652_/X
 _1653_/X
 _1654_/X
 _1655_/X
 _1656_/X
 _1657_/X
 _1658_/X
 _1659_/X
 _1660_/X
 _1661_/X
 _1662_/X
 _1663_/X
 _1664_/X
 _1665_/X
 _1666_/X
 _1667_/X
 _1668_/X
 _1669_/X
 _1670_/X
 _1671_/X
 _1672_/X
 _1673_/X
 _1674_/X
 _1675_/X
 _1676_/X
 _1677_/X
 _1678_/X
 _1679_/X
 _1680_/X
 _1681_/X
 _1682_/X
 _1683_/X
 _1684_/X
 _1685_/X
 _1686_/X
 _1687_/X
 _1688_/X
 _1689_/X
 _1690_/X
 _1691_/X
 _1692_/X
 _1693_/X
 _1694_/X
 _1695_/X
 _1696_/X
 _1697_/X
 _1698_/X
 _1699_/X
 _1700_/X
 _1701_/X
 _1702_/X
 _1703_/X
 _1704_/X
 _1705_/X
 _1706_/X
 _1707_/X
 _1708_/X
 _1709_/X
 _1710_/X
 _1711_/X
 _1712_/X
 _1713_/X
 _1714_/X
 _1715_/X
 _1716_/X
 _1717_/X
 _1718_/X
 _1719_/X
 _1720_/X
 _1721_/X
 _1722_/X
 _1723_/X
 _1724_/X
 _1725_/X
 _1726_/X
 _1727_/X
 _1728_/X
 _1729_/X
 _1730_/X
 _1731_/X
 _1732_/X
 _1733_/X
 _1734_/X
 _1735_/Y
 _1736_/X
 _1737_/X
 _1738_/X
 _1739_/X
 _1740_/X
 _1741_/X
 _1742_/X
 _1743_/X
 _1744_/X
 _1745_/X
 _1746_/X
 _1747_/Y
 _1748_/X
 _1749_/X
 _1750_/X
 _1751_/X
 _1752_/X
 _1753_/X
 _1754_/X
 _1755_/X
 _1756_/X
 _1757_/X
 _1758_/X
 _1759_/X
 _1760_/X
 _1761_/X
 _1762_/X
 _1763_/X
 _1764_/X
 _1765_/X
 _1766_/X
 _1767_/X
 _1768_/X
 _1769_/X
 _1770_/X
 _1771_/X
 _1772_/X
 _1773_/X
 _1774_/X
 _1775_/X
 _1776_/X
 _1777_/X
 _1778_/X
 _1779_/X
 _1780_/X
 _1781_/X
 _1782_/X
 _1783_/X
 _1784_/X
 _1785_/X
 _1786_/X
 _1787_/X
 _1788_/X
 _1789_/X
 _1790_/X
 _1791_/X
 _1792_/X
 _1793_/X
 _1794_/X
 _1795_/X
 _1796_/X
 _1797_/X
 _1798_/X
 _1799_/X
 _1800_/X
 _1801_/X
 _1802_/X
 _1803_/X
 _1804_/X
 _1805_/X
 _1806_/X
 _1807_/X
 _1808_/X
 _1809_/X
 _1810_/X
 _1811_/X
 _1812_/X
 _1813_/X
 _1814_/X
 _1815_/X
 _1816_/X
 _1817_/X
 _1818_/X
 _1819_/X
 _1820_/X
 _1821_/X
 _1822_/X
 _1823_/X
 _1824_/X
 _1825_/X
 _1826_/X
 _1827_/X
 _1828_/X
 _1829_/X
 _1830_/X
 _1831_/X
 _1832_/X
 _1833_/X
 _1834_/X
 _1835_/X
 _1836_/X
 _1837_/X
 _1838_/X
 _1839_/X
 _1840_/X
 _1841_/X
 _1842_/X
 _1843_/X
 _1844_/X
 _1845_/X
 _1846_/X
 _1847_/X
 _1848_/X
 _1849_/X
 _1850_/X
 _1851_/X
 _1852_/X
 _1853_/X
 _1854_/X
 _1855_/X
 _1856_/X
 _1857_/X
 _1858_/X
 _1859_/X
 _1860_/X
 _1861_/X
 _1862_/X
 _1863_/X
 _1864_/X
 _1865_/X
 _1866_/X
 _1867_/X
 _1868_/X
 _1869_/X
 _1870_/X
 _1871_/X
 _1872_/X
 _1873_/X
 _1874_/X
 _1875_/X
 _1876_/X
 _1877_/X
 _1878_/X
 _1879_/X
 _1880_/X
 _1881_/X
 _1882_/X
 _1883_/X
 _1884_/X
 _1885_/X
 _1886_/X
 _1887_/X
 _1888_/X
 _1889_/X
 _1890_/X
 _1891_/X
 _1892_/X
 _1893_/X
 _1894_/X
 _1895_/X
 _1896_/X
 _1897_/X
 _1898_/X
 _1899_/X
 _1900_/X
 _1901_/X
 _1902_/X
 _1903_/X
 _1904_/X
 _1905_/X
 _1906_/X
 _1907_/X
 _1908_/X
 _1909_/X
 _1910_/X
 _1911_/X
 _1912_/X
 _1913_/X
 _1914_/X
 _1915_/X
 _1916_/X
 _1917_/X
 _1918_/X
 _1919_/X
 _1920_/X
 _1921_/X
 _1922_/X
 _1923_/X
 _1924_/X
 _1925_/X
 _1926_/X
 _1927_/X
 _1928_/X
 _1929_/X
 _1930_/X
 _1931_/X
 _1932_/X
 _1933_/X
 _1934_/X
 _1935_/X
 _1936_/X
 _1937_/X
 _1938_/X
 _1939_/X
 _1940_/X
 _1941_/X
 _1942_/X
 _1943_/X
 _1944_/X
 _1945_/X
 _1946_/Y
 _1947_/X
 _1948_/Y
 _1949_/X
 _1950_/X
 _1951_/X
 _1952_/Y
 _1953_/Y
 _1954_/X
 _1955_/Y
 _1956_/Y
 _1957_/Y
 _1958_/X
 _1959_/Y
 _1960_/X
 _1961_/Y
 _1962_/X
 _1963_/Y
 _1964_/Y
 _1965_/X
 _1966_/Y
 _1967_/Y
 _1968_/X
 _1969_/Y
 _1970_/X
 _1971_/Y
 _1972_/Y
 _1973_/X
 _1974_/X
 _1975_/X
 _1976_/Y
 _1977_/Y
 _1978_/X
 _1979_/Y
 _1980_/Y
 _1981_/X
 _1982_/Y
 _1983_/X
 _1984_/X
 _1985_/Y
 _1986_/Y
 _1987_/Y
 _1988_/X
 _1989_/X
 _1990_/Y
 _1991_/X
 _1992_/Y
 _1993_/X
 _1994_/Y
 _1995_/X
 _1996_/X
 _1997_/X
 _1998_/Y
 _1999_/Y
 _2000_/X
 _2001_/Y
 _2002_/X
 _2003_/Y
 _2004_/X
 _2005_/Y
 _2006_/Y
 _2007_/X
 _2008_/X
 _2009_/Y
 _2010_/X
 _2011_/Y
 _2012_/Y
 _2013_/Y
 _2014_/X
 _2015_/X
 _2016_/X
 _2017_/Y
 _2018_/Y
 _2019_/Y
 _2020_/X
 _2021_/Y
 _2022_/Y
 _2023_/Y
 _2024_/Y
 _2025_/Y
 _2026_/Y
 _2027_/X
 _2028_/Y
 _2029_/X
 _2030_/Y
 _2031_/Y
 _2032_/Y
 _2033_/Y
 _2034_/Y
 _2035_/Y
 _2036_/X
 _2037_/Y
 _2038_/X
 _2039_/Y
 _2040_/Y
 _2041_/X
 _2042_/Y
 _2043_/Y
 _2044_/X
 _2045_/X
 _2046_/Y
 _2047_/Y
 _2048_/X
 _2049_/Y
 _2050_/X
 _2051_/Y
 _2052_/Y
 _2053_/Y
 _2054_/Y
 _2055_/Y
 _2056_/Y
 _2057_/Y
 _2058_/Y
 _2059_/X
 _2060_/Y
 _2061_/X
 _2062_/Y
 _2063_/X
 _2064_/Y
 _2065_/Y
 _2066_/Y
 _2067_/X
 _2068_/Y
 _2069_/X
 _2070_/Y
 _2071_/X
 _2072_/X
 _2073_/Y
 _2074_/Y
 _2075_/Y
 _2076_/Y
 _2077_/Y
 _2078_/X
 _2079_/X
 _2080_/X
 _2081_/X
 _2082_/Y
 _2083_/Y
 _2084_/X
 _2085_/X
 _2086_/Y
 _2087_/X
 _2088_/X
 _2089_/X
 _2090_/Y
 _2091_/X
 _2092_/Y
 _2093_/Y
 _2094_/Y
 _2095_/Y
 _2096_/X
 _2097_/Y
 _2098_/X
 _2099_/Y
 _2100_/X
 _2101_/Y
 _2102_/X
 _2103_/X
 _2104_/Y
 _2105_/Y
 _2106_/Y
 _2107_/X
 _2108_/Y
 _2109_/Y
 _2110_/X
 _2111_/Y
 _2112_/Y
 _2113_/Y
 _2114_/X
 _2115_/Y
 _2116_/Y
 _2117_/Y
 _2118_/X
 _2119_/Y
 _2120_/Y
 _2121_/Y
 _2122_/X
 _2123_/X
 _2124_/Y
 _2125_/X
 _2126_/Y
 _2127_/X
 _2128_/X
 _2129_/Y
 _2130_/Y
 _2131_/Y
 _2132_/Y
 _2133_/X
 _2134_/Y
 _2135_/X
 _2136_/Y
 _2137_/X
 _2138_/Y
 _2139_/Y
 _2140_/Y
 _2141_/Y
 _2142_/X
 _2143_/Y
 _2144_/X
 _2145_/Y
 _2146_/Y
 _2147_/X
 _2148_/Y
 _2149_/X
 _2150_/Y
 _2151_/Y
 _2152_/Y
 _2153_/Y
 _2154_/Y
 _2155_/Y
 _2156_/Y
 _2157_/X
 _2158_/Y
 _2159_/Y
 _2160_/Y
 _2161_/X
 _2162_/X
 _2163_/Y
 _2164_/Y
 _2165_/X
 _2166_/X
 _2167_/X
 _2168_/X
 _2169_/X
 _2170_/X
 _2171_/Y
 _2172_/X
 _2173_/Y
 _2174_/Y
 _2175_/X
 _2176_/Y
 _2177_/X
 _2178_/Y
 _2179_/Y
 _2180_/Y
 _2181_/Y
 _2182_/X
 _2183_/Y
 _2184_/X
 _2185_/Y
 _2186_/Y
 _2187_/X
 _2188_/Y
 _2189_/X
 _2190_/Y
 _2191_/Y
 _2192_/Y
 _2193_/Y
 _2194_/Y
 _2195_/Y
 _2196_/Y
 _2197_/X
 _2198_/Y
 _2199_/Y
 _2200_/Y
 _2201_/X
 _2202_/X
 _2203_/Y
 _2204_/Y
 _2205_/Y
 _2206_/X
 _2207_/X
 _2208_/X
 _2209_/X
 _2210_/Y
 _2211_/X
 _2212_/Y
 _2213_/Y
 _2214_/Y
 _2215_/X
 _2216_/X
 _2217_/X
 _2218_/X
 _2219_/X
 _2220_/Y
 _2221_/X
 _2222_/Y
 _2223_/X
 _2224_/Y
 _2225_/Y
 _2226_/X
 _2227_/X
 _2228_/X
 _2229_/Y
 _2230_/Y
 _2231_/Y
 _2232_/Y
 _2233_/Y
 _2234_/Y
 _2235_/Y
 _2236_/X
 _2237_/Y
 _2238_/Y
 _2239_/Y
 _2240_/Y
 _2241_/X
 _2242_/X
 _2243_/X
 _2244_/X
 _2245_/X
 _2246_/X
 _2247_/X
 _2248_/X
 _2249_/Y
 _2250_/X
 _2251_/Y
 _2252_/X
 _2253_/Y
 _2254_/X
 _2255_/X
 _2256_/Y
 _2257_/Y
 _2258_/X
 _2259_/Y
 _2260_/X
 _2261_/Y
 _2262_/Y
 _2263_/X
 _2264_/X
 _2265_/X
 _2266_/Y
 _2267_/Y
 _2268_/Y
 _2269_/Y
 _2270_/Y
 _2271_/Y
 _2272_/Y
 _2273_/X
 _2274_/Y
 _2275_/X
 _2276_/Y
 _2277_/Y
 _2278_/Y
 _2279_/Y
 _2280_/Y
 _2281_/Y
 _2282_/X
 _2283_/X
 _2284_/X
 _2285_/Y
 _2286_/X
 _2287_/Y
 _2288_/X
 _2289_/X
 _2290_/Y
 _2291_/X
 _2292_/X
 _2293_/Y
 _2294_/X
 _2295_/Y
 _2296_/Y
 _2297_/X
 _2298_/Y
 _2299_/X
 _2300_/X
 _2301_/Y
 _2302_/Y
 _2303_/Y
 _2304_/Y
 _2305_/Y
 _2306_/Y
 _2307_/X
 _2308_/X
 _2309_/X
 _2310_/Y
 _2311_/Y
 _2312_/Y
 _2313_/X
 _2314_/X
 _2315_/X
 _2316_/Y
 _2317_/Y
 _2318_/Y
 _2319_/X
 _2320_/Y
 _2321_/Y
 _2322_/Y
 _2323_/Y
 _2324_/Y
 _2325_/X
 _2326_/Y
 _2327_/X
 _2328_/Y
 _2329_/X
 _2330_/Y
 _2331_/Y
 _2332_/X
 _2333_/Y
 _2334_/X
 _2335_/X
 _2336_/X
 _2337_/X
 _2338_/Y
 _2339_/Y
 _2340_/X
 _2341_/X
 _2342_/Y
 _2343_/Y
 _2344_/Y
 _2345_/Y
 _2346_/X
 _2347_/X
 _2348_/Y
 _2349_/X
 _2350_/Y
 _2351_/X
 _2352_/Y
 _2353_/X
 _2354_/X
 _2355_/Y
 _2356_/Y
 _2357_/Y
 _2358_/Y
 _2359_/X
 _2360_/Y
 _2361_/X
 _2362_/Y
 _2363_/Y
 _2364_/Y
 _2365_/Y
 _2366_/X
 _2367_/Y
 _2368_/Y
 _2369_/X
 _2370_/Y
 _2371_/Y
 _2372_/Y
 _2373_/X
 _2374_/Y
 _2375_/Y
 _2376_/X
 _2377_/Y
 _2378_/X
 _2379_/Y
 _2380_/X
 _2381_/X
 _2382_/X
 _2383_/Y
 _2384_/Y
 _2385_/Y
 _2386_/X
 _2387_/Y
 _2388_/X
 _2389_/Y
 _2390_/Y
 _2391_/Y
 _2392_/Y
 _2393_/X
 _2394_/Y
 _2395_/X
 _2396_/X
 _2397_/X
 _2398_/Y
 _2399_/X
 _2400_/Y
 _2401_/X
 _2402_/X
 _2403_/Y
 _2404_/Y
 _2405_/Y
 _2406_/X
 _2407_/X
 _2408_/X
 _2409_/X
 _2410_/Y
 _2411_/X
 _2412_/Y
 _2413_/Y
 _2414_/X
 _2415_/Y
 _2416_/X
 _2417_/X
 _2418_/Y
 _2419_/X
 _2420_/Y
 _2421_/X
 _2422_/X
 _2423_/X
 _2424_/X
 _2425_/X
 _2426_/Y
 _2427_/X
 _2428_/Y
 _2429_/X
 _2430_/Y
 _2431_/X
 _2432_/Y
 _2433_/Y
 _2434_/Y
 _2435_/X
 _2436_/X
 _2437_/X
 _2438_/Y
 _2439_/X
 _2440_/Y
 _2441_/Y
 _2442_/Y
 _2443_/X
 _2444_/X
 _2445_/Y
 _2446_/X
 _2447_/Y
 _2448_/X
 _2449_/X
 _2450_/Y
 _2451_/X
 _2452_/Y
 _2453_/X
 _2454_/X
 _2455_/Y
 _2456_/X
 _2457_/Y
 _2458_/Y
 _2459_/X
 _2460_/Y
 _2461_/X
 _2462_/X
 _2463_/X
 _2464_/Y
 _2465_/X
 _2466_/X
 _2467_/Y
 _2468_/Y
 _2469_/Y
 _2470_/X
 _2471_/X
 _2472_/X
 _2473_/Y
 _2474_/X
 _2475_/Y
 _2476_/X
 _2477_/X
 _2478_/Y
 _2479_/X
 _2480_/X
 _2481_/Y
 _2482_/X
 _2483_/Y
 _2484_/Y
 _2485_/Y
 _2486_/X
 _2487_/X
 _2488_/X
 _2489_/X
 _2490_/Y
 _2491_/X
 _2492_/Y
 _2493_/Y
 _2494_/Y
 _2495_/X
 _2496_/Y
 _2497_/Y
 _2498_/Y
 _2499_/Y
 _2500_/Y
 _2501_/Y
 _2502_/Y
 _2503_/Y
 _2504_/X
 _2505_/Y
 _2506_/Y
 _2507_/Y
 _2508_/X
 _2509_/Y
 _2510_/X
 _2511_/X
 _2512_/X
 _2513_/X
 _2514_/Y
 _2515_/X
 _2516_/Y
 _2517_/Y
 _2518_/Y
 _2519_/X
 _2520_/X
 _2521_/Y
 _2522_/X
 _2523_/X
 _2524_/Y
 _2525_/Y
 _2526_/Y
 _2527_/X
 _2528_/Y
 _2529_/Y
 _2530_/X
 _2531_/Y
 _2532_/Y
 _2533_/Y
 _2534_/X
 _2535_/Y
 _2536_/X
 _2537_/Y
 _2538_/Y
 _2539_/Y
 _2540_/Y
 _2541_/X
 _2542_/Y
 _2543_/Y
 _2544_/X
 _2545_/Y
 _2546_/Y
 _2547_/X
 _2548_/Y
 _2549_/Y
 _2550_/Y
 _2551_/Y
 _2552_/X
 _2553_/Y
 _2554_/X
 _2555_/Y
 _2556_/Y
 _2557_/Y
 _2558_/Y
 _2559_/X
 _2560_/Y
 _2561_/Y
 _2562_/Y
 _2563_/X
 _2564_/Y
 _2565_/Y
 _2566_/Y
 _2567_/X
 _2568_/Y
 _2569_/Y
 _2570_/X
 _2571_/Y
 _2572_/Y
 _2573_/X
 _2574_/X
 _2575_/Y
 _2576_/X
 _2577_/Y
 _2578_/Y
 _2579_/Y
 _2580_/Y
 _2581_/Y
 _2582_/X
 _2583_/Y
 _2584_/Y
 _2585_/Y
 _2586_/X
 _2587_/Y
 _2588_/Y
 _2589_/Y
 _2590_/X
 _2591_/Y
 _2592_/Y
 _2593_/Y
 _2594_/X
 _2595_/Y
 _2596_/X
 _2597_/X
 _2598_/X
 _2599_/X
 _2600_/Y
 _2601_/Y
 _2602_/X
 _2603_/Y
 _2604_/X
 _2605_/Y
 _2606_/X
 _2607_/Y
 _2608_/X
 _2609_/Y
 _2610_/X
 _2611_/X
 _2612_/Y
 _2613_/X
 _2614_/Y
 _2615_/Y
 _2616_/Y
 _2617_/X
 _2618_/Y
 _2619_/Y
 _2620_/X
 _2621_/X
 _2622_/X
 _2623_/X
 _2624_/X
 _2625_/X
 _2626_/Y
 _2627_/X
 _2628_/Y
 _2629_/X
 _2630_/Y
 _2631_/X
 _2632_/X
 _2633_/Y
 _2634_/Y
 _2635_/Y
 _2636_/X
 _2637_/X
 _2638_/Y
 _2639_/X
 _2640_/X
 _2641_/Y
 _2642_/Y
 _2643_/X
 _2644_/Y
 _2645_/Y
 _2646_/Y
 _2647_/X
 _2648_/Y
 _2649_/Y
 _2650_/Y
 _2651_/Y
 _2652_/Y
 _2653_/X
 _2654_/X
 _2655_/Y
 _2656_/Y
 _2657_/X
 _2658_/Y
 _2659_/X
 _2660_/Y
 _2661_/X
 _2662_/Y
 _2663_/X
 _2664_/Y
 _2665_/X
 _2666_/Y
 _2667_/Y
 _2668_/Y
 _2669_/Y
 _2670_/X
 _2671_/Y
 _2672_/Y
 _2673_/Y
 _2674_/X
 _2675_/Y
 _2676_/Y
 _2677_/Y
 _2678_/X
 _2679_/Y
 _2680_/X
 _2681_/X
 _2682_/Y
 _2683_/X
 _2684_/Y
 _2685_/X
 _2686_/Y
 _2687_/X
 _2688_/X
 _2689_/Y
 _2690_/Y
 _2691_/Y
 _2692_/Y
 _2693_/X
 _2694_/Y
 _2695_/Y
 _2696_/Y
 _2697_/X
 _2698_/Y
 _2699_/Y
 _2700_/X
 _2701_/Y
 _2702_/X
 _2703_/Y
 _2704_/X
 _2705_/Y
 _2706_/X
 _2707_/X
 _2708_/X
 _2709_/Y
 _2710_/X
 _2711_/Y
 _2712_/X
 _2713_/Y
 _2714_/X
 _2715_/Y
 _2716_/X
 _2717_/X
 _2718_/Y
 _2719_/X
 _2720_/Y
 _2721_/Y
 _2722_/Y
 _2723_/X
 _2724_/X
 _2725_/X
 _2726_/Y
 _2727_/Y
 _2728_/X
 _2729_/Y
 _2730_/Y
 _2731_/Y
 _2732_/X
 _2733_/X
 _2734_/Y
 _2735_/Y
 _2736_/X
 _2737_/Y
 _2738_/Y
 _2739_/Y
 _2740_/X
 _2741_/Y
 _2742_/Y
 _2743_/Y
 _2744_/X
 _2745_/Y
 _2746_/X
 _2747_/X
 _2748_/Y
 _2749_/X
 _2750_/X
 _2751_/X
 _2752_/X
 _2753_/Y
 _2754_/Y
 _2755_/Y
 _2756_/Y
 _2757_/Y
 _2758_/X
 _2759_/Y
 _2760_/Y
 _2761_/X
 _2762_/Y
 _2763_/X
 _2764_/X
 _2765_/Y
 _2766_/Y
 _2767_/X
 _2768_/Y
 _2769_/Y
 _2770_/Y
 _2771_/Y
 _2772_/Y
 _2773_/Y
 _2774_/Y
 _2775_/Y
 _2776_/Y
 _2777_/Y
 _2778_/Y
 _2779_/Y
 _2780_/Y
 _2781_/Y
 _2782_/Y
 _2783_/Y
 _2784_/Y
 _2785_/Y
 _2786_/Y
 _2787_/Y
 _2788_/Y
 _2789_/Y
 _2790_/Y
 _2791_/Y
 _2792_/Y
 _2793_/Y
 _2794_/Y
 _2795_/Y
 _2796_/Y
 _2797_/Y
 _2798_/Y
 _2799_/Y
 _2800_/X
 _2801_/X
 _2802_/Y
 _2803_/Y
 _2804_/Y
 _2805_/X
 _2806_/X
 _2807_/Y
 _2808_/Y
 _2809_/Y
 _2810_/X
 _2811_/Y
 _2812_/Y
 _2813_/Y
 _2814_/Y
 _2815_/X
 _2816_/Y
 _2817_/Y
 _2818_/Y
 _2819_/Y
 _2820_/Y
 _2821_/Y
 _2822_/Y
 _2823_/Y
 _2824_/Y
 _2825_/Y
 _2826_/Y
 _2827_/Y
 _2828_/Y
 _2829_/Y
 _2830_/Y
 _2831_/Y
 _2832_/Y
 _2833_/Y
 _2834_/Y
 _2835_/Y
 _2836_/Y
 _2837_/Y
 _2838_/Y
 _2839_/X
 _2840_/X
 _2841_/X
 _2842_/Y
 _2843_/Y
 _2844_/X
 _2845_/Y
 _2846_/X
 _2847_/Y
 _2848_/X
 _2849_/Y
 _2850_/Y
 _2851_/Y
 _2852_/Y
 _2853_/X
 _2854_/X
 _2855_/X
 _2856_/X
 _2857_/X
 _2858_/X
 _2859_/X
 _2860_/X
 _2861_/X
 _2862_/X
 _2863_/X
 _2864_/X
 _2865_/X
 _2866_/X
 _2867_/X
 _2868_/X
 _2869_/X
 _2870_/X
 _2871_/X
 _2872_/X
 _2873_/X
 _2874_/X
 _2875_/X
 _2876_/X
 _2877_/X
 _2878_/X
 _2879_/X
 _2880_/X
 _2881_/X
 _2882_/X
 _2883_/X
 _2884_/X
 _2885_/Y
 _2886_/Q
 _2887_/Q
 _2888_/Q
 _2889_/Q
 _2890_/Q
 _2891_/Q
 _2892_/Q
 _2893_/Q
 _2894_/Q
 _2895_/Q
 _2896_/Q
 _2897_/Q
 _2898_/Q
 _2899_/Q
 _2900_/Q
 _2901_/Q
 _2902_/Q
 _2903_/Q
 _2904_/Q
 _2905_/Q
 _2906_/Q
 _2907_/Q
 _2908_/Q
 _2909_/Q
 _2910_/Q
 _2911_/Q
 _2912_/Q
 _2913_/Q
 _2914_/Q
 _2915_/Q
 _2916_/Q
 _2917_/Q
 _2918_/Q
 _2919_/Q
 _2920_/Q
 _2921_/Q
 _2922_/Q
 _2923_/Q
 _2924_/Q
 _2925_/Q
 _2926_/Q
 _2927_/Q
 _2928_/Q
 _2929_/Q
 _2930_/Q
 _2931_/Q
 _2932_/Q
 _2933_/Q
 _2934_/Q
 _2935_/Q
 _2936_/Q
 _2937_/Q
 _2938_/Q
 _2939_/Q
 _2940_/Q
 _2941_/Q
 _2942_/Q
 _2943_/Q
 _2944_/Q
 _2945_/Q
 _2946_/Q
 _2947_/Q
 _2948_/Q
 _2949_/Q
 _2950_/Q
 _2951_/Q
 _2952_/Q
 _2953_/Q
 _2954_/Q
 _2955_/Q
 _2956_/Q
 _2957_/Q
 _2958_/Q
 _2959_/Q
 _2960_/Q
 _2961_/Q
 _2962_/Q
 _2963_/Q
 _2964_/Q
 _2965_/Q
 _2966_/Q
 _2967_/Q
 _2968_/Q
 _2969_/Q
 _2970_/Q
 _2971_/Q
 _2972_/Q
 _2973_/Q
 _2974_/Q
 _2975_/Q
 _2976_/Q
 _2977_/Q
 _2978_/Q
 _2979_/Q
 _2980_/Q
 _2981_/Q
 _2982_/Q
 _2983_/Q
 _2984_/Q
 _2985_/Q
 _2986_/Q
 _2987_/Q
 _2988_/Q
 _2989_/Q
 _2990_/Q
 _2991_/Q
 _2992_/Q
 _2993_/Q
 _2994_/Q
 _2995_/Q
 _2996_/Q
 _2997_/Q
 _2998_/Q
 _2999_/Q
 _3000_/Q
 _3001_/Q
 _3002_/Q
 _3003_/Q
 _3004_/Q
 _3005_/Q
 _3006_/Q
 _3007_/Q
 _3008_/Q
 _3009_/Q
 _3010_/Q
 _3011_/Q
 _3012_/Q
 _3013_/Q
 _3014_/Q
 _3015_/Q
 _3016_/Q
 _3017_/Q
 _3018_/Q
 _3019_/Q
 _3020_/Q
 _3021_/Q
 _3022_/Q
 _3023_/Q
 _3024_/Q
 _3025_/Q
 _3026_/Q
 _3027_/Q
 _3028_/Q
 _3029_/Q
 _3030_/Q
 _3031_/Q
 _3032_/Q
 _3033_/Q
 _3034_/Q
 _3035_/Q
 _3036_/Q
 _3037_/Q
 _3038_/Q
 _3039_/Q
 _3040_/Q
 _3041_/Q
 _3042_/Q
 _3043_/Q
 _3044_/Q
 _3045_/Q
 _3046_/Q
 _3047_/Q
 _3048_/Q
 _3049_/Q
 _3050_/Q
 _3051_/Q
 _3052_/Q
 _3053_/Q
 _3054_/Q
 _3055_/Q
 _3056_/Q
 _3057_/Q
 _3058_/Q
 _3059_/Q
 _3060_/Q
 _3061_/Q
 _3062_/Q
 _3063_/Q
 _3064_/Q
 _3065_/Q
 _3066_/Q
 _3067_/Q
 _3068_/Q
 _3069_/Q
 _3070_/Q
 _3071_/Q
 _3072_/Q
 _3073_/Q
 _3074_/Q
 _3075_/Q
 _3076_/Q
 _3077_/Q
 _3078_/Q
 _3079_/Q
 _3080_/Q
 _3081_/Q
 _3082_/Q
 _3083_/Q
 _3084_/Q
 _3085_/Q
 _3086_/Q
 _3087_/Q
 _3088_/Q
 _3089_/Q
 _3090_/Q
 _3091_/Q
 _3092_/Q
 _3093_/Q
 _3094_/Q
 _3095_/Q
 _3096_/Q
 _3097_/Q
 _3098_/Q
 _3099_/Q
 _3100_/Q
 _3101_/Q
 _3102_/Q
 _3103_/Q
 _3104_/Q
 _3105_/Q
 _3106_/Q
 _3107_/Q
 _3108_/Q
 _3109_/Q
 _3110_/Q
 _3111_/Q
 _3112_/Q
 _3113_/Q
 _3114_/Q
 _3115_/Q
 _3116_/Q
 _3117_/Q
 _3118_/Q
 _3119_/Q
 _3120_/Q
 _3121_/Q
 _3122_/Q
 _3123_/Q
 _3124_/Q
 _3125_/Q
 _3126_/Q
 _3127_/Q
 _3128_/Q
 _3129_/Q
 _3130_/Q
 _3131_/Q
 _3132_/Q
 _3133_/Q
 _3134_/Q
 _3135_/Q
 _3136_/Q
 _3137_/Q
 _3138_/Q
 _3139_/Q
 _3140_/Q
 _3141_/Q
 _3142_/Q
 _3143_/Q
 _3144_/Q
 _3145_/Q
 _3146_/Q
 _3147_/Q
 _3148_/Q
 _3149_/Q
 _3150_/Q
 _3151_/Q
 _3152_/Q
 _3153_/Q
 _3154_/Q
 _3155_/Q
 _3156_/Q
 _3157_/Q
 _3158_/Q
 _3159_/Q
 _3160_/Q
 _3161_/Q
 _3162_/Q
 _3163_/Q
 _3164_/Q
 _3165_/Q
 _3166_/Q
 _3167_/Q
 _3168_/Q
 _3169_/Q
 _3170_/Q
 _3171_/Q
 _3172_/Q
 _3173_/Q
 _3174_/Q
 _3175_/Q
 _3176_/Q
 _3177_/Q
 _3178_/Q
 _3179_/Q
 _3180_/Q
 _3181_/Q
 _3182_/Q
 _3183_/Q
 _3184_/Q
 _3185_/Q
 _3186_/Q
 _3187_/Q
 _3188_/Q
 _3189_/Q
 _3190_/Q
 _3191_/Q
 _3192_/Q
 _3193_/Q
 _3194_/Q
 _3195_/Q
 _3196_/Q
 _3197_/Q
 _3198_/Q
 _3199_/Q
 _3200_/Q
 _3201_/Q
 _3202_/HI
 _3202_/LO
 _3203_/HI
 _3203_/LO
 _3204_/HI
 _3204_/LO
 _3205_/HI
 _3205_/LO
Found 0 partially unannotated drivers.

===========================================================================
max slew violation count 321
max fanout violation count 40
max cap violation count 2
============================================================================

===========================================================================
check_setup -verbose -unconstrained_endpoints -multiple_clock -no_clock -no_input_delay -loops -generated_clocks
===========================================================================
Warning: There are 4 unconstrained endpoints.
  s_bresp[0]
  s_bresp[1]
  s_rresp[0]
  s_rresp[1]
