Clock: clk
Sources: clk 
Generated: no
Virtual: yes
Propagated: no
Period: 10.000000

===========================================================================
report_clock_properties
============================================================================
Clock                   Period          Waveform
----------------------------------------------------
clk                  10.000000    0.000000  5.000000

===========================================================================
report_clock_latency
============================================================================
Clock clk
rise -> rise
    min     max
0.000000 0.000000 source latency
0.477991         network latency _9195_/CLK
        0.624267 network latency _9142_/CLK
---------------
0.477991 0.624267 latency
        0.146276 skew

fall -> fall
    min     max
0.000000 0.000000 source latency
0.382928         network latency _8925_/CLK
        0.520035 network latency _9142_/CLK
---------------
0.382928 0.520035 latency
        0.137107 skew



===========================================================================
report_clock_min_period
============================================================================
clk period_min = 4.40 fmax = 227.14
