
===========================================================================
 report_power
============================================================================
======================= nom_ff_n40C_1v95 Corner ===================================

Group                    Internal    Switching      Leakage        Total
                            Power        Power        Power        Power (Watts)
------------------------------------------------------------------------
Sequential           2.081573e-03 7.218086e-05 6.280107e-09 2.153760e-03  29.7%
Combinational        1.304552e-03 1.587679e-03 4.302498e-08 2.892274e-03  39.8%
Clock                1.039929e-03 1.177814e-03 1.515141e-08 2.217758e-03  30.5%
Macro                0.000000e+00 0.000000e+00 0.000000e+00 0.000000e+00   0.0%
Pad                  0.000000e+00 0.000000e+00 0.000000e+00 0.000000e+00   0.0%
------------------------------------------------------------------------
Total                4.426045e-03 2.837669e-03 6.445674e-08 7.263778e-03 100.0%
                            60.9%        39.1%         0.0%

