Clock: clk
Sources: clk 
Generated: no
Virtual: yes
Propagated: no
Period: 10.000000

===========================================================================
report_clock_properties
============================================================================
Clock                   Period          Waveform
----------------------------------------------------
clk                  10.000000    0.000000  5.000000

===========================================================================
report_clock_latency
============================================================================
Clock clk
rise -> rise
    min     max
0.000000 0.000000 source latency
0.688377         network latency _9195_/CLK
        0.899019 network latency _9142_/CLK
---------------
0.688377 0.899019 latency
        0.210642 skew

fall -> fall
    min     max
0.000000 0.000000 source latency
0.551866         network latency _9209_/CLK
        0.748126 network latency _9142_/CLK
---------------
0.551866 0.748126 latency
        0.196260 skew



===========================================================================
report_clock_min_period
============================================================================
clk period_min = 6.92 fmax = 144.49
