
===========================================================================
 report_power
============================================================================
======================= nom_tt_025C_1v80 Corner ===================================

Group                    Internal    Switching      Leakage        Total
                            Power        Power        Power        Power (Watts)
------------------------------------------------------------------------
Sequential           1.793110e-03 6.063031e-05 3.513466e-09 1.853743e-03  29.6%
Combinational        1.159627e-03 1.343841e-03 2.234655e-08 2.503491e-03  40.0%
Clock                9.107923e-04 9.927455e-04 1.031779e-08 1.903548e-03  30.4%
Macro                0.000000e+00 0.000000e+00 0.000000e+00 0.000000e+00   0.0%
Pad                  0.000000e+00 0.000000e+00 0.000000e+00 0.000000e+00   0.0%
------------------------------------------------------------------------
Total                3.863534e-03 2.397215e-03 3.617761e-08 6.260785e-03 100.0%
                            61.7%        38.3%         0.0%

