Clock: clk
Sources: clk 
Generated: no
Virtual: yes
Propagated: no
Period: 10.000000

===========================================================================
report_clock_properties
============================================================================
Clock                   Period          Waveform
----------------------------------------------------
clk                  10.000000    0.000000  5.000000

===========================================================================
report_clock_latency
============================================================================
Clock clk
rise -> rise
    min     max
0.000000 0.000000 source latency
1.174290         network latency _9195_/CLK
        1.532361 network latency _9142_/CLK
---------------
1.174290 1.532361 latency
        0.358071 skew

fall -> fall
    min     max
0.000000 0.000000 source latency
0.984161         network latency _9195_/CLK
        1.322199 network latency _9142_/CLK
---------------
0.984161 1.322199 latency
        0.338038 skew



===========================================================================
report_clock_min_period
============================================================================
clk period_min = 13.01 fmax = 76.84
