
===========================================================================
Violator List
============================================================================
[setup reg-reg] _8965_/Q -> _9212_/D : -3.014542
[setup reg-reg] _8965_/Q -> _9205_/D : -2.950932
[setup reg-reg] _8965_/Q -> _9244_/D : -2.905976
[setup reg-reg] _8965_/Q -> _9245_/D : -2.899627
[setup reg-reg] _8965_/Q -> _9237_/D : -2.891588
[setup reg-reg] _8965_/Q -> _9213_/D : -2.846214
[setup reg-reg] _8965_/Q -> _9209_/D : -2.798260
[setup in-reg] pixel_in[7] -> _9145_/D : -2.697427
[setup in-reg] pixel_in[7] -> _8931_/D : -2.637051
[setup in-reg] pixel_in[7] -> _9144_/D : -2.616913
[setup reg-reg] _8965_/Q -> _9236_/D : -2.607529
[setup reg-reg] _8965_/Q -> _9204_/D : -2.607463
[setup reg-reg] _8965_/Q -> _9208_/D : -2.605382
[setup reg-reg] _9102_/Q -> _9321_/D : -2.599455
[setup reg-reg] _9102_/Q -> _9289_/D : -2.571454
[setup in-reg] pixel_in[7] -> _8930_/D : -2.554209
[setup in-reg] pixel_in[7] -> _9141_/D : -2.533369
[setup reg-reg] _8965_/Q -> _9241_/D : -2.481652
[setup in-reg] pixel_in[7] -> _8962_/D : -2.476964
[setup reg-reg] _8965_/Q -> _9203_/D : -2.466717
[setup reg-reg] _8965_/Q -> _9240_/D : -2.465146
[setup reg-reg] _8965_/Q -> _9243_/D : -2.462498
[setup in-reg] pixel_in[7] -> _8963_/D : -2.454330
[setup in-reg] pixel_in[7] -> _9177_/D : -2.424666
[setup reg-reg] _8965_/Q -> _9211_/D : -2.423749
[setup reg-reg] _8965_/Q -> _9210_/D : -2.399637
[setup reg-reg] _8965_/Q -> _9235_/D : -2.381141
[setup reg-reg] _9102_/Q -> _9320_/D : -2.317834
[setup reg-reg] _8965_/Q -> _9242_/D : -2.298828
[setup in-reg] pixel_in[7] -> _9137_/D : -2.290209
[setup reg-reg] _9102_/Q -> _9288_/D : -2.275993
[setup in-reg] pixel_in[7] -> _9176_/D : -2.275889
[setup in-reg] pixel_in[7] -> _9140_/D : -2.249024
[setup in-reg] pixel_in[7] -> _8926_/D : -2.240316
[setup reg-reg] _9102_/Q -> _9284_/D : -2.225265
[setup in-reg] pixel_in[7] -> _8959_/D : -2.210173
[setup reg-reg] _9102_/Q -> _9317_/D : -2.209073
[setup in-reg] pixel_in[7] -> _9143_/D : -2.194987
[setup in-reg] pixel_in[7] -> _9173_/D : -2.183001
[setup in-reg] pixel_in[7] -> _8951_/D : -2.181548
[setup reg-reg] _9102_/Q -> _9285_/D : -2.170125
[setup in-reg] pixel_in[7] -> _8927_/D : -2.161436
[setup in-reg] pixel_in[7] -> _8919_/D : -2.156971
[setup in-reg] pixel_in[7] -> _8958_/D : -2.141936
[setup reg-reg] _9102_/Q -> _9316_/D : -2.124407
[setup in-reg] pixel_in[7] -> _8955_/D : -2.044786
[setup reg-reg] _9102_/Q -> _9286_/D : -2.039544
[setup reg-reg] _8965_/Q -> _9234_/D : -2.022733
[setup in-reg] pixel_in[7] -> _8923_/D : -2.015368
[setup reg-reg] _9102_/Q -> _9287_/D : -2.010343
[setup reg-reg] _8965_/Q -> _9233_/D : -2.004091
[setup in-reg] pixel_in[7] -> _8961_/D : -2.003833
[setup reg-reg] _8965_/Q -> _9202_/D : -1.998277
[setup reg-reg] _8965_/Q -> _9201_/D : -1.987658
[setup in-reg] pixel_in[7] -> _8928_/D : -1.984119
[setup reg-reg] _9102_/Q -> _9319_/D : -1.982700
[setup reg-reg] _8965_/Q -> _9200_/D : -1.982605
[setup in-reg] pixel_in[7] -> _8929_/D : -1.968020
[setup in-reg] pixel_in[7] -> _9142_/D : -1.929185
[setup in-reg] pixel_in[7] -> _9167_/D : -1.928608
[setup reg-reg] _8965_/Q -> _9239_/D : -1.925123
[setup reg-reg] _9102_/Q -> _9318_/D : -1.910457
[setup in-reg] pixel_in[7] -> _9175_/D : -1.907977
[setup reg-reg] _8965_/Q -> _9232_/D : -1.906503
[setup reg-reg] _8965_/Q -> _9207_/D : -1.904713
[setup in-reg] pixel_in[7] -> _9133_/D : -1.895940
[setup in-reg] pixel_in[7] -> _9135_/D : -1.894989
[setup in-reg] pixel_in[7] -> _9136_/D : -1.892011
[setup in-reg] pixel_in[7] -> _8960_/D : -1.878624
[setup in-reg] pixel_in[7] -> _8925_/D : -1.855649
[setup in-reg] pixel_in[7] -> _9169_/D : -1.852884
[setup in-reg] pixel_in[7] -> _9313_/D : -1.844628
[setup reg-reg] _8965_/Q -> _9231_/D : -1.824906
[setup in-reg] pixel_in[7] -> _9139_/D : -1.812758
[setup in-reg] pixel_in[7] -> _9172_/D : -1.810420
[setup in-reg] pixel_in[7] -> _8954_/D : -1.797162
[setup reg-reg] _8965_/Q -> _9199_/D : -1.796169
[setup in-reg] pixel_in[7] -> _9281_/D : -1.788973
[setup in-reg] pixel_in[7] -> _8922_/D : -1.755788
[setup in-reg] pixel_in[7] -> _8953_/D : -1.755494
[setup in-reg] pixel_in[7] -> _8921_/D : -1.732378
[setup in-reg] pixel_in[7] -> _9280_/D : -1.718988
[setup in-reg] pixel_in[7] -> _9309_/D : -1.697985
[setup in-reg] pixel_in[7] -> _9277_/D : -1.648109
[setup reg-reg] _8965_/Q -> _9206_/D : -1.635062
[setup in-reg] pixel_in[7] -> _9312_/D : -1.620011
[setup reg-reg] _9102_/Q -> _9315_/D : -1.617499
[setup reg-reg] _9102_/Q -> _9283_/D : -1.600695
[setup reg-reg] _8965_/Q -> _9198_/D : -1.578521
[setup in-reg] pixel_in[7] -> _8957_/D : -1.573404
[setup in-reg] pixel_in[7] -> _8918_/D : -1.550521
[setup in-reg] pixel_in[7] -> _9279_/D : -1.534899
[setup in-reg] pixel_in[7] -> _9134_/D : -1.529406
[setup in-reg] pixel_in[7] -> _9168_/D : -1.522886
[setup reg-reg] _8965_/Q -> _9230_/D : -1.510031
[setup in-reg] pixel_in[7] -> _9174_/D : -1.509649
[setup in-reg] pixel_in[7] -> _8952_/D : -1.507566
[setup in-reg] pixel_in[7] -> _8950_/D : -1.497106
[setup reg-reg] _8965_/Q -> _9238_/D : -1.487820
[setup in-reg] pixel_in[7] -> _9171_/D : -1.478160
[setup in-reg] pixel_in[7] -> _8920_/D : -1.476600
[setup reg-reg] _8965_/Q -> _9196_/D : -1.447306
[setup reg-reg] _8965_/Q -> _9229_/D : -1.433292
[setup reg-reg] _8965_/Q -> _9197_/D : -1.382587
[setup in-reg] pixel_in[7] -> _9131_/D : -1.382354
[setup in-reg] pixel_in[7] -> _9138_/D : -1.380930
[setup in-reg] pixel_in[7] -> _8956_/D : -1.375532
[setup in-reg] pixel_in[7] -> _9129_/D : -1.362228
[setup in-reg] pixel_in[7] -> _9165_/D : -1.350744
[setup in-reg] pixel_in[7] -> _9161_/D : -1.348220
[setup reg-reg] _8965_/Q -> _9195_/D : -1.338830
[setup in-reg] pixel_in[7] -> _8924_/D : -1.327574
[setup in-reg] pixel_in[7] -> _8949_/D : -1.326200
[setup in-reg] pixel_in[7] -> _8917_/D : -1.300050
[setup in-reg] pixel_in[7] -> _9308_/D : -1.298337
[setup in-reg] pixel_in[7] -> _9276_/D : -1.297331
[setup in-reg] pixel_in[7] -> _9311_/D : -1.261971
[setup reg-reg] _9102_/Q -> _9314_/D : -1.215573
[setup reg-reg] _9102_/Q -> _9282_/D : -1.191334
[setup reg-reg] _8965_/Q -> _9228_/D : -1.189661
[setup in-reg] pixel_in[7] -> _8947_/D : -1.167417
[setup in-reg] pixel_in[6] -> _9305_/D : -1.141910
[setup in-reg] pixel_in[7] -> _8915_/D : -1.127512
[setup in-reg] pixel_in[7] -> _9166_/D : -1.122193
[setup in-reg] pixel_in[7] -> _9307_/D : -1.096637
[setup reg-reg] _8965_/Q -> _9227_/D : -1.088135
[setup in-reg] pixel_in[7] -> _9170_/D : -1.075548
[setup in-reg] pixel_in[6] -> _9273_/D : -1.075280
[setup reg-reg] _8965_/Q -> _9194_/D : -1.030460
[setup in-reg] pixel_in[7] -> _9275_/D : -1.029835
[setup in-reg] pixel_in[6] -> _9272_/D : -1.029812
[setup in-reg] pixel_in[7] -> _9128_/D : -0.990721
[setup in-reg] pixel_in[7] -> _9163_/D : -0.983619
[setup reg-reg] _8965_/Q -> _9226_/D : -0.940744
[setup in-reg] pixel_in[6] -> _9271_/D : -0.928224
[setup in-reg] pixel_in[7] -> _9132_/D : -0.889494
[setup in-reg] pixel_in[7] -> _9310_/D : -0.877338
[setup in-reg] pixel_in[7] -> _9130_/D : -0.867510
[setup in-reg] pixel_in[7] -> _9278_/D : -0.856856
[setup in-reg] pixel_in[6] -> _9304_/D : -0.849685
[setup in-reg] pixel_in[6] -> _9303_/D : -0.834341
[setup in-reg] pixel_in[7] -> _8946_/D : -0.820519
[setup in-reg] pixel_in[7] -> _8913_/D : -0.813709
[setup in-reg] pixel_in[7] -> _8945_/D : -0.797683
[setup in-reg] pixel_in[7] -> _9127_/D : -0.776690
[setup in-reg] pixel_in[7] -> _8914_/D : -0.770485
[setup in-reg] pixel_in[7] -> _9164_/D : -0.744667
[setup in-reg] pixel_in[7] -> _9306_/D : -0.722847
[setup in-reg] pixel_in[7] -> _9274_/D : -0.686227
[setup in-reg] pixel_in[7] -> _9125_/D : -0.658351
[setup in-reg] pixel_in[7] -> _9160_/D : -0.656878
[setup in-reg] pixel_in[7] -> _9157_/D : -0.654323
[setup in-reg] pixel_in[7] -> _8948_/D : -0.642942
[setup in-reg] pixel_in[7] -> _9162_/D : -0.594805
[setup in-reg] pixel_in[7] -> _8916_/D : -0.585933
[setup in-reg] pixel_in[7] -> _9126_/D : -0.543146
[setup in-reg] pixel_in[6] -> _9270_/D : -0.489480
[setup in-reg] pixel_in[7] -> _9124_/D : -0.462514
[setup in-reg] pixel_in[6] -> _9302_/D : -0.448543
[setup in-reg] pixel_in[7] -> _9159_/D : -0.415473
[setup in-reg] pixel_in[2] -> _9269_/D : -0.331011
[setup in-reg] pixel_in[2] -> _9301_/D : -0.315831
[setup in-reg] pixel_in[7] -> _8912_/D : -0.253610
[setup reg-reg] _8965_/Q -> _9225_/D : -0.235876
[setup in-reg] pixel_in[2] -> _9268_/D : -0.229344
[setup in-reg] pixel_in[7] -> _8944_/D : -0.207054
[setup reg-reg] _8965_/Q -> _9193_/D : -0.194283
[setup in-reg] pixel_in[7] -> _9158_/D : -0.176926
[setup reg-reg] _9248_/Q -> _8911_/D : -0.012617
[setup reg-reg] _9248_/Q -> _8943_/D : -0.008507
