Clock: clk
Sources: clk 
Generated: no
Virtual: no
Propagated: no
Period: 10.000000

===========================================================================
report_clock_properties
============================================================================
Clock                   Period          Waveform
----------------------------------------------------
clk                  10.000000    0.000000  5.000000

===========================================================================
report_clock_latency
============================================================================
Clock clk
rise -> rise
    min     max
0.000000 0.000000 source latency
3.707529         network latency _8888_/CLK
        3.707529 network latency _8888_/CLK
---------------
3.707529 3.707529 latency
        0.000000 skew

fall -> fall
    min     max
0.000000 0.000000 source latency
2.083388         network latency _8888_/CLK
        2.083388 network latency _8888_/CLK
---------------
2.083388 2.083388 latency
        0.000000 skew



===========================================================================
report_clock_min_period
============================================================================
clk period_min = 15.61 fmax = 64.06
