
===========================================================================
Violator List
============================================================================
[setup in-reg] pixel_in[7] -> _9205_/D : -11.108069
[setup in-reg] pixel_in[7] -> _9237_/D : -11.053114
[setup in-reg] pixel_in[7] -> _9212_/D : -10.913111
[setup in-reg] pixel_in[7] -> _9145_/D : -10.811712
[setup in-reg] pixel_in[7] -> _9244_/D : -10.723641
[setup in-reg] pixel_in[7] -> _9204_/D : -10.710628
[setup in-reg] pixel_in[7] -> _9284_/D : -10.691895
[setup in-reg] pixel_in[7] -> _9289_/D : -10.672911
[setup in-reg] pixel_in[7] -> _9208_/D : -10.672391
[setup in-reg] pixel_in[7] -> _9236_/D : -10.652150
[setup in-reg] pixel_in[7] -> _9321_/D : -10.640059
[setup in-reg] pixel_in[7] -> _9213_/D : -10.520480
[setup in-reg] pixel_in[7] -> _9316_/D : -10.502425
[setup in-reg] pixel_in[7] -> _9245_/D : -10.487627
[setup in-reg] pixel_in[7] -> _9240_/D : -10.482921
[setup in-reg] pixel_in[7] -> _9144_/D : -10.478310
[setup in-reg] pixel_in[7] -> _9286_/D : -10.437704
[setup in-reg] pixel_in[7] -> _9210_/D : -10.417832
[setup in-reg] pixel_in[7] -> _9288_/D : -10.369614
[setup in-reg] pixel_in[7] -> _9320_/D : -10.336770
[setup in-reg] pixel_in[7] -> _9203_/D : -10.307921
[setup in-reg] pixel_in[7] -> _9177_/D : -10.305737
[setup in-reg] pixel_in[7] -> _9235_/D : -10.275866
[setup in-reg] pixel_in[7] -> _9285_/D : -10.265009
[setup in-reg] pixel_in[7] -> _9318_/D : -10.248234
[setup in-reg] pixel_in[7] -> _9209_/D : -10.245504
[setup in-reg] pixel_in[7] -> _9242_/D : -10.228361
[setup in-reg] pixel_in[7] -> _9317_/D : -10.213294
[setup in-reg] pixel_in[7] -> _9241_/D : -10.193789
[setup in-reg] pixel_in[7] -> _9287_/D : -10.076562
[setup in-reg] pixel_in[7] -> _9211_/D : -10.074818
[setup in-reg] pixel_in[7] -> _9176_/D : -10.059461
[setup in-reg] pixel_in[7] -> _9243_/D : -10.024156
[setup in-reg] pixel_in[7] -> _9319_/D : -10.021427
[setup in-reg] pixel_in[7] -> _9202_/D : -10.018482
[setup in-reg] pixel_in[7] -> _9234_/D : -9.959093
[setup in-reg] pixel_in[7] -> _9201_/D : -9.958263
[setup in-reg] pixel_in[7] -> _9143_/D : -9.891000
[setup in-reg] pixel_in[7] -> _9233_/D : -9.881070
[setup in-reg] pixel_in[7] -> _9283_/D : -9.697650
[setup in-reg] pixel_in[7] -> _9207_/D : -9.678145
[setup in-reg] pixel_in[7] -> _9315_/D : -9.670819
[setup in-reg] pixel_in[7] -> _9239_/D : -9.651315
[setup in-reg] pixel_in[7] -> _9142_/D : -9.545974
[setup in-reg] pixel_in[7] -> _9200_/D : -9.542779
[setup in-reg] pixel_in[7] -> _9141_/D : -9.512936
[setup in-reg] pixel_in[7] -> _9199_/D : -9.501752
[setup in-reg] pixel_in[7] -> _9175_/D : -9.501002
[setup in-reg] pixel_in[7] -> _9232_/D : -9.487126
[setup in-reg] pixel_in[7] -> _9231_/D : -9.468901
[setup in-reg] pixel_in[7] -> _9280_/D : -9.396234
[setup in-reg] pixel_in[7] -> _9137_/D : -9.322331
[setup in-reg] pixel_in[7] -> _9282_/D : -9.269275
[setup in-reg] pixel_in[7] -> _9277_/D : -9.250676
[setup in-reg] pixel_in[7] -> _9206_/D : -9.249216
[setup in-reg] pixel_in[7] -> _9314_/D : -9.242393
[setup in-reg] pixel_in[7] -> _8930_/D : -9.235882
[setup in-reg] pixel_in[7] -> _9140_/D : -9.229010
[setup in-reg] pixel_in[7] -> _9238_/D : -9.222399
[setup in-reg] pixel_in[7] -> _9309_/D : -9.218619
[setup in-reg] pixel_in[7] -> _9312_/D : -9.206762
[setup in-reg] pixel_in[7] -> _9174_/D : -9.158513
[setup in-reg] pixel_in[7] -> _9281_/D : -9.138071
[setup in-reg] pixel_in[7] -> _9173_/D : -9.122080
[setup in-reg] pixel_in[7] -> _9313_/D : -9.105232
[setup in-reg] pixel_in[7] -> _9198_/D : -9.087344
[setup in-reg] pixel_in[7] -> _8962_/D : -9.046412
[setup in-reg] pixel_in[7] -> _9230_/D : -9.028908
[setup in-reg] pixel_in[7] -> _8926_/D : -8.964964
[setup in-reg] pixel_in[7] -> _9139_/D : -8.929216
[setup in-reg] pixel_in[7] -> _9276_/D : -8.917851
[setup in-reg] pixel_in[7] -> _9136_/D : -8.898229
[setup in-reg] pixel_in[7] -> _9169_/D : -8.887267
[setup in-reg] pixel_in[7] -> _9308_/D : -8.857070
[setup in-reg] pixel_in[7] -> _8931_/D : -8.843264
[setup in-reg] pixel_in[7] -> _9172_/D : -8.838155
[setup in-reg] pixel_in[7] -> _9135_/D : -8.831533
[setup in-reg] pixel_in[7] -> _8963_/D : -8.810403
[setup in-reg] pixel_in[7] -> _8958_/D : -8.775494
[setup in-reg] pixel_in[7] -> _9167_/D : -8.768212
[setup in-reg] pixel_in[7] -> _8928_/D : -8.740688
[setup in-reg] pixel_in[7] -> _9138_/D : -8.716460
[setup in-reg] pixel_in[7] -> _9279_/D : -8.709764
[setup in-reg] pixel_in[7] -> _9197_/D : -8.696895
[setup in-reg] pixel_in[7] -> _9194_/D : -8.686911
[setup in-reg] pixel_in[7] -> _9229_/D : -8.664042
[setup in-reg] pixel_in[7] -> _9275_/D : -8.659371
[setup in-reg] pixel_in[7] -> _9307_/D : -8.626540
[setup in-reg] pixel_in[7] -> _9311_/D : -8.625906
[setup in-reg] pixel_in[7] -> _8960_/D : -8.551218
[setup in-reg] pixel_in[7] -> _8927_/D : -8.538077
[setup in-reg] pixel_in[7] -> _9171_/D : -8.522060
[setup in-reg] pixel_in[7] -> _9226_/D : -8.497440
[setup in-reg] pixel_in[7] -> _9168_/D : -8.493081
[setup in-reg] pixel_in[7] -> _8959_/D : -8.486363
[setup in-reg] pixel_in[7] -> _9278_/D : -8.477112
[setup in-reg] pixel_in[7] -> _9134_/D : -8.461424
[setup in-reg] pixel_in[7] -> _9310_/D : -8.444271
[setup in-reg] pixel_in[7] -> _9196_/D : -8.434379
[setup in-reg] pixel_in[7] -> _9133_/D : -8.416766
[setup in-reg] pixel_in[7] -> _8929_/D : -8.397587
[setup in-reg] pixel_in[7] -> _9228_/D : -8.380905
[setup in-reg] pixel_in[7] -> _8961_/D : -8.346927
[setup in-reg] pixel_in[7] -> _8919_/D : -8.333200
[setup in-reg] pixel_in[7] -> _9195_/D : -8.325861
[setup in-reg] pixel_in[7] -> _9170_/D : -8.325596
[setup in-reg] pixel_in[7] -> _8923_/D : -8.301686
[setup in-reg] pixel_in[7] -> _8951_/D : -8.301136
[setup in-reg] pixel_in[7] -> _9227_/D : -8.275238
[setup in-reg] pixel_in[7] -> _9274_/D : -8.273839
[setup in-reg] pixel_in[7] -> _8955_/D : -8.244525
[setup in-reg] pixel_in[7] -> _9306_/D : -8.221971
[setup in-reg] pixel_in[7] -> _9131_/D : -8.165501
[setup in-reg] pixel_in[7] -> _9166_/D : -8.050716
[setup in-reg] pixel_in[7] -> _9132_/D : -8.003246
[setup in-reg] pixel_in[7] -> _9165_/D : -7.985684
[setup in-reg] pixel_in[7] -> _8925_/D : -7.970727
[setup in-reg] pixel_in[7] -> _8957_/D : -7.943889
[setup in-reg] pixel_in[7] -> _8922_/D : -7.903999
[setup in-reg] pixel_in[7] -> _8921_/D : -7.889529
[setup in-reg] pixel_in[7] -> _8954_/D : -7.843655
[setup in-reg] pixel_in[7] -> _8953_/D : -7.830179
[setup in-reg] pixel_in[7] -> _9163_/D : -7.760357
[setup in-reg] pixel_in[7] -> _9273_/D : -7.748161
[setup in-reg] pixel_in[7] -> _8920_/D : -7.694094
[setup in-reg] pixel_in[7] -> _9305_/D : -7.667373
[setup in-reg] pixel_in[7] -> _8952_/D : -7.661237
[setup in-reg] pixel_in[7] -> _9130_/D : -7.647906
[setup in-reg] pixel_in[7] -> _9164_/D : -7.596277
[setup in-reg] pixel_in[7] -> _9272_/D : -7.552770
[setup in-reg] pixel_in[7] -> _9304_/D : -7.519933
[setup in-reg] pixel_in[7] -> _8924_/D : -7.469326
[setup in-reg] pixel_in[7] -> _8918_/D : -7.454869
[setup in-reg] pixel_in[7] -> _8956_/D : -7.437265
[setup in-reg] pixel_in[7] -> _8917_/D : -7.375143
[setup in-reg] pixel_in[7] -> _8950_/D : -7.371304
[setup in-reg] pixel_in[7] -> _8949_/D : -7.293439
[setup in-reg] pixel_in[7] -> _9129_/D : -7.290731
[setup in-reg] pixel_in[7] -> _9161_/D : -7.281035
[setup in-reg] pixel_in[7] -> _9162_/D : -7.257909
[setup in-reg] pixel_in[7] -> _8915_/D : -7.222694
[setup in-reg] pixel_in[7] -> _9271_/D : -7.189003
[setup in-reg] pixel_in[7] -> _8947_/D : -7.167040
[setup in-reg] pixel_in[7] -> _9303_/D : -7.110989
[setup in-reg] pixel_in[7] -> _9128_/D : -7.034678
[setup in-reg] pixel_in[7] -> _8916_/D : -6.930361
[setup in-reg] pixel_in[7] -> _8948_/D : -6.898299
[setup in-reg] pixel_in[7] -> _8914_/D : -6.808019
[setup in-reg] pixel_in[7] -> _8913_/D : -6.789014
[setup in-reg] pixel_in[7] -> _8946_/D : -6.762967
[setup in-reg] pixel_in[7] -> _8945_/D : -6.738020
[setup in-reg] pixel_in[7] -> _9270_/D : -6.716238
[setup in-reg] pixel_in[7] -> _9127_/D : -6.698420
[setup in-reg] pixel_in[7] -> _9193_/D : -6.695587
[setup in-reg] pixel_in[7] -> _9302_/D : -6.664917
[setup in-reg] pixel_in[7] -> _9225_/D : -6.644584
[setup in-reg] pixel_in[7] -> _9160_/D : -6.643808
[setup in-reg] pixel_in[7] -> _8912_/D : -6.522113
[setup in-reg] pixel_in[7] -> _8944_/D : -6.427022
[setup in-reg] pixel_in[7] -> _9126_/D : -6.344648
[setup in-reg] pixel_in[7] -> _9268_/D : -6.328861
[setup in-reg] pixel_in[7] -> _9159_/D : -6.301407
[setup in-reg] pixel_in[7] -> _9192_/D : -6.294461
[setup in-reg] pixel_in[7] -> _9224_/D : -6.261621
[setup in-reg] pixel_in[7] -> _9125_/D : -6.144146
[setup in-reg] pixel_in[7] -> _9300_/D : -6.139390
[setup in-reg] pixel_in[7] -> _9157_/D : -6.134450
[setup in-reg] pixel_in[7] -> _9269_/D : -6.111663
[setup in-reg] pixel_in[7] -> _9301_/D : -6.079612
[setup in-reg] pixel_in[7] -> _9158_/D : -5.953784
[setup in-reg] pixel_in[7] -> _9124_/D : -5.857330
[setup in-reg] pixel_in[7] -> _8911_/D : -5.857028
[setup in-reg] pixel_in[7] -> _8943_/D : -5.824181
[setup in-reg] pixel_in[7] -> _9267_/D : -5.820448
[setup in-reg] pixel_in[7] -> _9191_/D : -5.817740
[setup in-reg] pixel_in[7] -> _9223_/D : -5.784889
[setup in-reg] pixel_in[7] -> _9299_/D : -5.629947
[setup in-reg] pixel_in[7] -> _9156_/D : -5.466476
[setup in-reg] pixel_in[7] -> _9190_/D : -5.351425
[setup in-reg] pixel_in[7] -> _9222_/D : -5.324602
[setup in-reg] pixel_in[7] -> _8910_/D : -5.312123
[setup in-reg] pixel_in[7] -> _9123_/D : -5.302825
[setup in-reg] pixel_in[7] -> _9155_/D : -5.293129
[setup in-reg] pixel_in[7] -> _8942_/D : -5.279266
[setup in-reg] pixel_in[7] -> _9122_/D : -4.497462
[setup in-reg] pixel_in[7] -> _9154_/D : -4.107467
[setup in-reg] pixel_in[7] -> _8909_/D : -3.608354
[setup in-reg] pixel_in[7] -> _8941_/D : -3.575505
[setup in-reg] pixel_in[7] -> _9189_/D : -2.419768
[setup in-reg] pixel_in[7] -> _9221_/D : -2.392047
[setup in-reg] pixel_in[7] -> _8908_/D : -2.116969
[setup in-reg] pixel_in[7] -> _8940_/D : -2.084111
[setup in-reg] pixel_in[7] -> _9121_/D : -1.638524
[setup in-reg] pixel_in[7] -> _8907_/D : -1.611164
[setup in-reg] pixel_in[7] -> _8939_/D : -1.421692
[setup in-reg] pixel_in[7] -> _9266_/D : -1.283939
[setup in-reg] pixel_in[7] -> _9298_/D : -1.251093
[setup in-reg] rst -> _9113_/D : -1.204279
[setup in-reg] rst -> _8965_/D : -1.194825
[setup in-reg] rst -> _8966_/D : -1.191705
[setup in-reg] rst -> _8967_/D : -1.191705
[setup in-reg] rst -> _8968_/D : -1.191705
[setup in-reg] rst -> _8969_/D : -1.191705
[setup in-reg] rst -> _8970_/D : -1.191705
[setup in-reg] rst -> _8971_/D : -1.191705
[setup in-reg] rst -> _8972_/D : -1.191705
[setup in-reg] pixel_in[7] -> _9153_/D : -1.176266
[setup in-reg] rst -> _9146_/D : -1.121599
[setup in-reg] rst -> _9147_/D : -1.063647
[setup in-reg] rst -> _9246_/D : -0.955822
[setup in-reg] rst -> _9247_/D : -0.955822
[setup in-reg] rst -> _9248_/D : -0.955822
[setup in-reg] rst -> _9249_/D : -0.955822
[setup in-reg] rst -> _9250_/D : -0.955822
[setup in-reg] rst -> _9251_/D : -0.955822
[setup in-reg] rst -> _9252_/D : -0.955822
[setup in-reg] rst -> _9253_/D : -0.955822
[setup in-reg] rst -> _9148_/D : -0.895672
[setup in-reg] rst -> _9149_/D : -0.895672
[setup in-reg] rst -> _9150_/D : -0.895672
[setup in-reg] rst -> _9151_/D : -0.895672
[setup in-reg] rst -> _9152_/D : -0.895672
[setup in-reg] pixel_in[7] -> _9265_/D : -0.749327
[setup in-reg] pixel_in[7] -> _9297_/D : -0.697905
[setup in-reg] rst -> _8974_/D : -0.430748
[setup in-reg] rst -> _8975_/D : -0.430748
[setup in-reg] rst -> _8976_/D : -0.430748
[setup in-reg] rst -> _8977_/D : -0.430748
[setup in-reg] rst -> _8978_/D : -0.430748
[setup in-reg] rst -> _8979_/D : -0.430748
[setup in-reg] rst -> _8980_/D : -0.430748
[setup in-reg] rst -> _8981_/D : -0.430748
[setup in-reg] rst -> _8982_/D : -0.430748
[setup in-reg] rst -> _8983_/D : -0.430748
[setup in-reg] rst -> _8984_/D : -0.430748
[setup in-reg] rst -> _8985_/D : -0.430748
[setup in-reg] rst -> _8986_/D : -0.430748
[setup in-reg] rst -> _8987_/D : -0.430748
[setup in-reg] rst -> _8988_/D : -0.430748
[setup in-reg] rst -> _8989_/D : -0.430748
[setup in-reg] rst -> _8990_/D : -0.430748
[setup in-reg] rst -> _8991_/D : -0.430748
[setup in-reg] rst -> _8992_/D : -0.430748
[setup in-reg] rst -> _8993_/D : -0.430748
[setup in-reg] rst -> _8994_/D : -0.430748
[setup in-reg] rst -> _8995_/D : -0.430748
[setup in-reg] rst -> _8996_/D : -0.430748
[setup in-reg] rst -> _8997_/D : -0.430748
[setup in-reg] rst -> _8998_/D : -0.430748
[setup in-reg] rst -> _8999_/D : -0.430748
[setup in-reg] rst -> _9000_/D : -0.430748
[setup in-reg] rst -> _9001_/D : -0.430748
[setup in-reg] rst -> _9002_/D : -0.430748
[setup in-reg] rst -> _9003_/D : -0.430748
[setup in-reg] rst -> _9004_/D : -0.430748
[setup in-reg] rst -> _9005_/D : -0.430748
[setup in-reg] rst -> _9006_/D : -0.430748
[setup in-reg] rst -> _9007_/D : -0.430748
[setup in-reg] rst -> _9008_/D : -0.430748
[setup in-reg] rst -> _9009_/D : -0.430748
[setup in-reg] rst -> _9010_/D : -0.430748
[setup in-reg] rst -> _9011_/D : -0.430748
[setup in-reg] rst -> _9012_/D : -0.430748
[setup in-reg] rst -> _9013_/D : -0.430748
[setup in-reg] rst -> _9014_/D : -0.430748
[setup in-reg] rst -> _9015_/D : -0.430748
[setup in-reg] rst -> _9016_/D : -0.430748
[setup in-reg] rst -> _9017_/D : -0.430748
[setup in-reg] rst -> _9018_/D : -0.430748
[setup in-reg] rst -> _9019_/D : -0.430748
[setup in-reg] rst -> _9020_/D : -0.430748
[setup in-reg] rst -> _9021_/D : -0.430748
[setup in-reg] rst -> _9022_/D : -0.430748
[setup in-reg] rst -> _9023_/D : -0.430748
[setup in-reg] rst -> _9024_/D : -0.430748
[setup in-reg] rst -> _9025_/D : -0.430748
[setup in-reg] rst -> _9026_/D : -0.430748
[setup in-reg] rst -> _9027_/D : -0.430748
[setup in-reg] rst -> _9028_/D : -0.430748
[setup in-reg] rst -> _9029_/D : -0.430748
[setup in-reg] rst -> _9030_/D : -0.430748
[setup in-reg] rst -> _9031_/D : -0.430748
[setup in-reg] rst -> _9032_/D : -0.430748
[setup in-reg] rst -> _9033_/D : -0.430748
[setup in-reg] rst -> _9034_/D : -0.430748
[setup in-reg] rst -> _9035_/D : -0.430748
[setup in-reg] rst -> _9036_/D : -0.430748
[setup in-reg] rst -> _9037_/D : -0.430748
[setup in-reg] rst -> _9038_/D : -0.430748
[setup in-reg] rst -> _9039_/D : -0.430748
[setup in-reg] rst -> _9040_/D : -0.430748
[setup in-reg] rst -> _9041_/D : -0.430748
[setup in-reg] rst -> _9042_/D : -0.430748
[setup in-reg] rst -> _9043_/D : -0.430748
[setup in-reg] rst -> _9044_/D : -0.430748
[setup in-reg] rst -> _9045_/D : -0.430748
[setup in-reg] rst -> _9046_/D : -0.430748
[setup in-reg] rst -> _9047_/D : -0.430748
[setup in-reg] rst -> _9048_/D : -0.430748
[setup in-reg] rst -> _9049_/D : -0.430748
[setup in-reg] rst -> _9050_/D : -0.430748
[setup in-reg] rst -> _9051_/D : -0.430748
[setup in-reg] rst -> _9052_/D : -0.430748
[setup in-reg] rst -> _9053_/D : -0.430748
[setup in-reg] rst -> _9054_/D : -0.430748
[setup in-reg] rst -> _9055_/D : -0.430748
[setup in-reg] rst -> _9056_/D : -0.430748
[setup in-reg] rst -> _9057_/D : -0.430748
[setup in-reg] rst -> _9058_/D : -0.430748
[setup in-reg] rst -> _9059_/D : -0.430748
[setup in-reg] rst -> _9060_/D : -0.430748
[setup in-reg] rst -> _9061_/D : -0.430748
[setup in-reg] rst -> _9062_/D : -0.430748
[setup in-reg] rst -> _9063_/D : -0.430748
[setup in-reg] rst -> _9064_/D : -0.430748
[setup in-reg] rst -> _9065_/D : -0.430748
[setup in-reg] rst -> _9066_/D : -0.430748
[setup in-reg] rst -> _9067_/D : -0.430748
[setup in-reg] rst -> _9068_/D : -0.430748
[setup in-reg] rst -> _9069_/D : -0.430748
[setup in-reg] rst -> _9070_/D : -0.430748
[setup in-reg] rst -> _9071_/D : -0.430748
[setup in-reg] rst -> _9072_/D : -0.430748
[setup in-reg] rst -> _9073_/D : -0.430748
[setup in-reg] rst -> _9074_/D : -0.430748
[setup in-reg] rst -> _9075_/D : -0.430748
[setup in-reg] rst -> _9076_/D : -0.430748
[setup in-reg] rst -> _9077_/D : -0.430748
[setup in-reg] rst -> _9078_/D : -0.430748
[setup in-reg] rst -> _9079_/D : -0.430748
[setup in-reg] rst -> _9080_/D : -0.430748
[setup in-reg] rst -> _9081_/D : -0.430748
[setup in-reg] rst -> _9082_/D : -0.430748
[setup in-reg] rst -> _9083_/D : -0.430748
[setup in-reg] rst -> _9084_/D : -0.430748
[setup in-reg] rst -> _9085_/D : -0.430748
[setup in-reg] rst -> _9086_/D : -0.430748
[setup in-reg] rst -> _9087_/D : -0.430748
[setup in-reg] rst -> _9088_/D : -0.430748
[setup in-reg] rst -> _9089_/D : -0.430748
[setup in-reg] rst -> _9090_/D : -0.430748
[setup in-reg] rst -> _9091_/D : -0.430748
[setup in-reg] rst -> _9092_/D : -0.430748
[setup in-reg] rst -> _9093_/D : -0.430748
[setup in-reg] rst -> _9094_/D : -0.430748
[setup in-reg] rst -> _9095_/D : -0.430748
[setup in-reg] rst -> _9096_/D : -0.430748
[setup in-reg] rst -> _9097_/D : -0.430748
[setup in-reg] rst -> _9098_/D : -0.430748
[setup in-reg] rst -> _9099_/D : -0.430748
[setup in-reg] rst -> _9100_/D : -0.430748
[setup in-reg] rst -> _9101_/D : -0.430748
[setup in-reg] pixel_in[5] -> _9188_/D : -0.380651
[setup in-reg] pixel_in[5] -> _9220_/D : -0.347802
[setup in-reg] rst -> _8964_/D : -0.314893
[setup in-reg] pixel_in[0] -> _8906_/D : -0.308143
[setup in-reg] pixel_in[0] -> _8938_/D : -0.276081
[setup in-reg] pixel_in[2] -> _9264_/D : -0.081325
[setup in-reg] pixel_in[0] -> _8905_/D : -0.075877
[setup in-reg] pixel_in[2] -> _9296_/D : -0.048484
[setup in-reg] pixel_in[0] -> _8937_/D : -0.017589
