Clock: clk
Sources: clk 
Generated: no
Virtual: yes
Propagated: no
Period: 10.000000

===========================================================================
report_clock_properties
============================================================================
Clock                   Period          Waveform
----------------------------------------------------
clk                  10.000000    0.000000  5.000000

===========================================================================
report_clock_latency
============================================================================
Clock clk
rise -> rise
    min     max
0.000000 0.000000 source latency
0.577336         network latency _3111_/CLK
        0.594418 network latency _3086_/CLK
---------------
0.577336 0.594418 latency
        0.017082 skew

fall -> fall
    min     max
0.000000 0.000000 source latency
0.533776         network latency _3111_/CLK
        0.546681 network latency _3086_/CLK
---------------
0.533776 0.546681 latency
        0.012905 skew



===========================================================================
report_clock_min_period
============================================================================
clk period_min = 5.82 fmax = 171.90
