
===========================================================================
 report_power
============================================================================
======================= nom_tt_025C_1v80 Corner ===================================

Group                    Internal    Switching      Leakage        Total
                            Power        Power        Power        Power (Watts)
------------------------------------------------------------------------
Sequential           1.276528e-03 1.027801e-05 2.554021e-09 1.286809e-03  56.8%
Combinational        6.576815e-05 7.642990e-05 7.719609e-09 1.422058e-04   6.3%
Clock                4.346222e-04 4.025314e-04 9.137917e-10 8.371545e-04  36.9%
Macro                0.000000e+00 0.000000e+00 0.000000e+00 0.000000e+00   0.0%
Pad                  0.000000e+00 0.000000e+00 0.000000e+00 0.000000e+00   0.0%
------------------------------------------------------------------------
Total                1.776918e-03 4.892393e-04 1.118748e-08 2.266168e-03 100.0%
                            78.4%        21.6%         0.0%
Writing metric power__internal__total: 0.001776917721144855
Writing metric power__switching__total: 0.0004892393480986357
Writing metric power__leakage__total: 1.1187476722795964e-8
Writing metric power__total: 0.0022661681286990643

