┏━━━━━━━━━━━━━━━━━━━━━━┳━━━━━━━━━━┳━━━━━━━━━━┳━━━━━━━━━━┳━━━━━━━━━━┳━━━━━━━━━━━┳━━━━━━━━━━┳━━━━━━━━━━━┳━━━━━━━━━━┳━━━━━━━━━━━┳━━━━━━━━━━┳━━━━━━━━━━━┳━━━━━━━━━━┓
┃                      ┃ Hold     ┃ Reg to   ┃          ┃          ┃ of which  ┃ Setup    ┃           ┃          ┃           ┃ of which ┃           ┃          ┃
┃                      ┃ Worst    ┃ Reg      ┃          ┃ Hold Vio ┃ reg to    ┃ Worst    ┃ Reg to    ┃ Setup    ┃ Setup Vio ┃ reg to   ┃ Max Cap   ┃ Max Slew ┃
┃ Corner/Group         ┃ Slack    ┃ Paths    ┃ Hold TNS ┃ Count    ┃ reg       ┃ Slack    ┃ Reg Paths ┃ TNS      ┃ Count     ┃ reg      ┃ Violatio… ┃ Violati… ┃
┡━━━━━━━━━━━━━━━━━━━━━━╇━━━━━━━━━━╇━━━━━━━━━━╇━━━━━━━━━━╇━━━━━━━━━━╇━━━━━━━━━━━╇━━━━━━━━━━╇━━━━━━━━━━━╇━━━━━━━━━━╇━━━━━━━━━━━╇━━━━━━━━━━╇━━━━━━━━━━━╇━━━━━━━━━━┩
│ Overall              │ 0.0314   │ 0.0314   │ 0.0000   │ 0        │ 0         │ -4.7444  │ -4.7444   │ -88.9767 │ 43        │ 43       │ 4         │ 586      │
│ nom_tt_025C_1v80     │ 0.1836   │ 0.1836   │ 0.0000   │ 0        │ 0         │ 2.6412   │ 2.6412    │ 0.0000   │ 0         │ 0        │ 3         │ 401      │
│ nom_ss_100C_1v60     │ 0.6359   │ 0.6359   │ 0.0000   │ 0        │ 0         │ -4.7444  │ -4.7444   │ -88.9767 │ 43        │ 43       │ 4         │ 586      │
│ nom_ff_n40C_1v95     │ 0.0314   │ 0.0314   │ 0.0000   │ 0        │ 0         │ 5.4740   │ 5.4740    │ 0.0000   │ 0         │ 0        │ 2         │ 321      │
└──────────────────────┴──────────┴──────────┴──────────┴──────────┴───────────┴──────────┴───────────┴──────────┴───────────┴──────────┴───────────┴──────────┘
