Reading OpenROAD database at '/home/vanamala/ECE510/codefest/cf07/runs/RUN_2026-05-14_17-45-44/38-openroad-globalrouting/compute_core.odb'…
Reading library file at '/home/vanamala/.volare/volare/sky130/versions/0fe599b2afb6708d281543108caf8310912f54af/sky130A/libs.ref/sky130_fd_sc_hd/lib/sky130_fd_sc_hd__tt_025C_1v80.lib'…
Reading design constraints file at '/nix/store/ss2cw3sxbrwwx9jl0rrppbw4kgcmgi2n-python3-3.11.9-env/lib/python3.11/site-packages/openlane/scripts/base.sdc'…
[INFO] Using clock clk…
[INFO] Setting output delay to: 2.0
[INFO] Setting input delay to: 2.0
[INFO] Setting load to: 0.033442
[INFO] Setting clock uncertainty to: 0.25
[INFO] Setting clock transition to: 0.1499999999999999944488848768742172978818416595458984375
[INFO] Setting timing derate to: 5%
[INFO] Setting signal min routing layer to: met1 and clock min routing layer to met1. 
[INFO] Setting signal max routing layer to: met5 and clock max routing layer to met5. 
-congestion_iterations 50 -verbose
[INFO GRT-0020] Min routing layer: met1
[INFO GRT-0021] Max routing layer: met5
[INFO GRT-0022] Global adjustment: 30%
[INFO GRT-0023] Grid origin: (0, 0)
[INFO GRT-0043] No OR_DEFAULT vias defined.
[INFO GRT-0088] Layer li1     Track-Pitch = 0.4600  line-2-Via Pitch: 0.3400
[INFO GRT-0088] Layer met1    Track-Pitch = 0.3400  line-2-Via Pitch: 0.3400
[INFO GRT-0088] Layer met2    Track-Pitch = 0.4600  line-2-Via Pitch: 0.3500
[INFO GRT-0088] Layer met3    Track-Pitch = 0.6800  line-2-Via Pitch: 0.6150
[INFO GRT-0088] Layer met4    Track-Pitch = 0.9200  line-2-Via Pitch: 1.0400
[INFO GRT-0088] Layer met5    Track-Pitch = 3.4000  line-2-Via Pitch: 3.1100
[INFO GRT-0019] Found 70 clock nets.
[INFO GRT-0001] Minimum degree: 2
[INFO GRT-0002] Maximum degree: 22
[INFO GRT-0003] Macros: 0
[INFO GRT-0043] No OR_DEFAULT vias defined.
[INFO GRT-0004] Blockages: 6951

[INFO GRT-0053] Routing resources analysis:
          Routing      Original      Derated      Resource
Layer     Direction    Resources     Resources    Reduction (%)
---------------------------------------------------------------
li1        Vertical            0             0          0.00%
met1       Horizontal      47960         23343          51.33%
met2       Vertical        36380         23726          34.78%
met3       Horizontal      23980         16387          31.66%
met4       Vertical        14662          9226          37.08%
met5       Horizontal       4796          2256          52.96%
---------------------------------------------------------------

[INFO GRT-0101] Running extra iterations to remove overflow.
[INFO GRT-0197] Via related to pin nodes: 29715
[INFO GRT-0198] Via related Steiner nodes: 409
[INFO GRT-0199] Via filling finished.
[INFO GRT-0111] Final number of vias: 36190
[INFO GRT-0112] Final usage 3D: 126226

[INFO GRT-0096] Final congestion report:
Layer         Resource        Demand        Usage (%)    Max H / Max V / Total Overflow
---------------------------------------------------------------------------------------
li1                  0             0            0.00%             0 /  0 /  0
met1             23343          8322           35.65%             0 /  0 /  0
met2             23726          8471           35.70%             0 /  0 /  0
met3             16387           612            3.73%             0 /  0 /  0
met4              9226           251            2.72%             0 /  0 /  0
met5              2256             0            0.00%             0 /  0 /  0
---------------------------------------------------------------------------------------
Total            74938         17656           23.56%             0 /  0 /  0

[INFO GRT-0018] Total wirelength: 200072 um
[INFO GRT-0014] Routed nets: 5787
[INFO GRT-0006] Repairing antennas, iteration 1.
[INFO GRT-0043] No OR_DEFAULT vias defined.
[INFO GRT-0012] Found 10 antenna violations.
[INFO GRT-0015] Inserted 10 diodes.
[INFO GRT-0009] rerouting 1699 nets.
[INFO GRT-0001] Minimum degree: 2
[INFO GRT-0002] Maximum degree: 22
[INFO GRT-0006] Repairing antennas, iteration 2.
[INFO GRT-0043] No OR_DEFAULT vias defined.
[INFO GRT-0012] Found 1 antenna violations.
[INFO GRT-0015] Inserted 1 diodes.
[INFO GRT-0009] rerouting 7 nets.
[INFO GRT-0001] Minimum degree: 2
[INFO GRT-0002] Maximum degree: 11
[INFO GRT-0006] Repairing antennas, iteration 3.
[INFO GRT-0043] No OR_DEFAULT vias defined.
[INFO GRT-0012] Found 0 antenna violations.
Placement Analysis
---------------------------------
total displacement          0.0 u
average displacement        0.0 u
max displacement            0.0 u
original HPWL          116259.3 u
legalized HPWL         116259.3 u
delta HPWL                    0 %

[INFO DPL-0020] Mirrored 2496 instances
[INFO DPL-0021] HPWL before          116259.3 u
[INFO DPL-0022] HPWL after           111613.6 u
[INFO DPL-0023] HPWL delta               -4.0 %
-congestion_iterations 50 -verbose
[INFO GRT-0020] Min routing layer: met1
[INFO GRT-0021] Max routing layer: met5
[INFO GRT-0022] Global adjustment: 30%
[INFO GRT-0023] Grid origin: (0, 0)
[INFO GRT-0043] No OR_DEFAULT vias defined.
[INFO GRT-0088] Layer li1     Track-Pitch = 0.4600  line-2-Via Pitch: 0.3400
[INFO GRT-0088] Layer met1    Track-Pitch = 0.3400  line-2-Via Pitch: 0.3400
[INFO GRT-0088] Layer met2    Track-Pitch = 0.4600  line-2-Via Pitch: 0.3500
[INFO GRT-0088] Layer met3    Track-Pitch = 0.6800  line-2-Via Pitch: 0.6150
[INFO GRT-0088] Layer met4    Track-Pitch = 0.9200  line-2-Via Pitch: 1.0400
[INFO GRT-0088] Layer met5    Track-Pitch = 3.4000  line-2-Via Pitch: 3.1100
[INFO GRT-0019] Found 70 clock nets.
[INFO GRT-0001] Minimum degree: 2
[INFO GRT-0002] Maximum degree: 22
[INFO GRT-0003] Macros: 0
[INFO GRT-0043] No OR_DEFAULT vias defined.
[INFO GRT-0004] Blockages: 6951

[INFO GRT-0053] Routing resources analysis:
          Routing      Original      Derated      Resource
Layer     Direction    Resources     Resources    Reduction (%)
---------------------------------------------------------------
li1        Vertical            0             0          0.00%
met1       Horizontal      47960         23343          51.33%
met2       Vertical        36380         23726          34.78%
met3       Horizontal      23980         16387          31.66%
met4       Vertical        14662          9226          37.08%
met5       Horizontal       4796          2256          52.96%
---------------------------------------------------------------

[INFO GRT-0101] Running extra iterations to remove overflow.
[INFO GRT-0197] Via related to pin nodes: 29729
[INFO GRT-0198] Via related Steiner nodes: 410
[INFO GRT-0199] Via filling finished.
[INFO GRT-0111] Final number of vias: 36206
[INFO GRT-0112] Final usage 3D: 126282

[INFO GRT-0096] Final congestion report:
Layer         Resource        Demand        Usage (%)    Max H / Max V / Total Overflow
---------------------------------------------------------------------------------------
li1                  0             0            0.00%             0 /  0 /  0
met1             23343          8327           35.67%             0 /  0 /  0
met2             23726          8462           35.67%             0 /  0 /  0
met3             16387           614            3.75%             0 /  0 /  0
met4              9226           261            2.83%             0 /  0 /  0
met5              2256             0            0.00%             0 /  0 /  0
---------------------------------------------------------------------------------------
Total            74938         17664           23.57%             0 /  0 /  0

[INFO GRT-0018] Total wirelength: 200169 um
[INFO GRT-0014] Routed nets: 5787
[INFO] Setting RC values…
Setting global connections for newly added cells…
[INFO] Setting global connections...
Updating metrics…
Cell type report:                       Count       Area
  Fill cell                               236     885.85
  Tap cell                               1440    1801.73
  Antenna cell                             11      27.53
  Clock buffer                             71    1066.02
  Timing Repair Buffer                    818    6203.45
  Inverter                                 61     228.97
  Clock inverter                           56     688.16
  Sequential cell                         434    8690.84
  Multi-Input combinational cell         4383   34639.47
  Total                                  7510   54232.01
Writing OpenROAD database to '/home/vanamala/ECE510/codefest/cf07/runs/RUN_2026-05-14_17-45-44/41-openroad-repairantennas/1-diodeinsertion/compute_core.odb'…
Writing layout to '/home/vanamala/ECE510/codefest/cf07/runs/RUN_2026-05-14_17-45-44/41-openroad-repairantennas/1-diodeinsertion/compute_core.def'…
