Clock: clk
Sources: clk 
Generated: no
Virtual: yes
Propagated: no
Period: 10.000000

===========================================================================
report_clock_properties
============================================================================
Clock                   Period          Waveform
----------------------------------------------------
clk                  10.000000    0.000000  5.000000

===========================================================================
report_clock_latency
============================================================================
Clock clk
rise -> rise
    min     max
0.000000 0.000000 source latency
3.514517         network latency _9026_/CLK
        3.580961 network latency _9311_/CLK
---------------
3.514517 3.580961 latency
        0.066444 skew

fall -> fall
    min     max
0.000000 0.000000 source latency
1.724771         network latency _9026_/CLK
        1.786472 network latency _9311_/CLK
---------------
1.724771 1.786472 latency
        0.061700 skew



===========================================================================
report_clock_min_period
============================================================================
clk period_min = 8.32 fmax = 120.13
