
===========================================================================
 report_power
============================================================================
======================= nom_tt_025C_1v80 Corner ===================================

Group                    Internal    Switching      Leakage        Total
                            Power        Power        Power        Power (Watts)
------------------------------------------------------------------------
Sequential           1.976494e-03 7.571164e-05 3.723486e-09 2.052209e-03  43.4%
Combinational        1.405897e-03 1.270923e-03 1.707987e-08 2.676836e-03  56.6%
Clock                0.000000e+00 0.000000e+00 7.646477e-10 7.646477e-10   0.0%
Macro                0.000000e+00 0.000000e+00 0.000000e+00 0.000000e+00   0.0%
Pad                  0.000000e+00 0.000000e+00 0.000000e+00 0.000000e+00   0.0%
------------------------------------------------------------------------
Total                3.382392e-03 1.346633e-03 2.156811e-08 4.729046e-03 100.0%
                            71.5%        28.5%         0.0%
Writing metric power__internal__total: 0.0033823915291577578
Writing metric power__switching__total: 0.0013466334203258157
Writing metric power__leakage__total: 2.15681126292111e-8
Writing metric power__total: 0.004729046486318111

