
===========================================================================
Violator List
============================================================================
[hold in-reg] weight_din[5] -> _9107_/D : -1.953471
[hold in-reg] weight_din[5] -> _8893_/D : -1.951826
[hold in-reg] weight_din[5] -> _9251_/D : -1.951239
[hold in-reg] weight_din[4] -> _9106_/D : -1.950997
[hold in-reg] weight_din[5] -> _8970_/D : -1.950524
[hold in-reg] weight_din[6] -> _9108_/D : -1.949294
[hold in-reg] weight_din[4] -> _8892_/D : -1.949220
[hold in-reg] weight_din[4] -> _9250_/D : -1.948938
[hold in-reg] weight_din[4] -> _8969_/D : -1.948758
[hold in-reg] weight_din[0] -> _9102_/D : -1.948437
[hold in-reg] weight_din[0] -> _9246_/D : -1.946673
[hold in-reg] weight_din[1] -> _9103_/D : -1.946616
[hold in-reg] weight_din[3] -> _9105_/D : -1.945539
[hold in-reg] weight_din[6] -> _8894_/D : -1.945524
[hold in-reg] weight_din[2] -> _9104_/D : -1.945409
[hold in-reg] weight_din[1] -> _9247_/D : -1.945409
[hold in-reg] weight_din[6] -> _9252_/D : -1.945291
[hold in-reg] weight_din[6] -> _8971_/D : -1.945266
[hold in-reg] weight_din[3] -> _8891_/D : -1.944876
[hold in-reg] weight_din[0] -> _8888_/D : -1.944761
[hold in-reg] weight_din[0] -> _8965_/D : -1.944173
[hold in-reg] weight_din[1] -> _8966_/D : -1.943998
[hold in-reg] weight_din[2] -> _9248_/D : -1.943853
[hold in-reg] weight_din[2] -> _8967_/D : -1.943502
[hold in-reg] weight_din[3] -> _8968_/D : -1.943305
[hold in-reg] weight_din[7] -> _9109_/D : -1.943121
[hold in-reg] weight_din[2] -> _8890_/D : -1.942785
[hold in-reg] weight_din[1] -> _8889_/D : -1.942484
[hold in-reg] weight_din[3] -> _9249_/D : -1.942131
[hold in-reg] weight_din[7] -> _9253_/D : -1.941690
[hold in-reg] weight_din[7] -> _8895_/D : -1.940166
[hold in-reg] weight_din[7] -> _8972_/D : -1.939964
[hold in-reg] valid_in -> _9111_/D : -1.831302
[hold in-reg] valid_in -> _9255_/D : -1.830348
[hold in-reg] valid_in -> _8897_/D : -1.793373
[hold in-reg] valid_in -> _9179_/D : -1.787674
[hold in-reg] valid_in -> _9110_/D : -1.723196
[hold in-reg] valid_in -> _9145_/D : -1.650684
[hold in-reg] valid_in -> _9254_/D : -1.648784
[hold in-reg] valid_in -> _9112_/D : -1.642601
[hold in-reg] valid_in -> _9256_/D : -1.641507
[hold in-reg] valid_in -> _8896_/D : -1.609869
[hold in-reg] valid_in -> _8898_/D : -1.605175
[hold in-reg] valid_in -> _9178_/D : -1.604889
[hold in-reg] valid_in -> _9180_/D : -1.597728
[hold in-reg] valid_in -> _8901_/D : -1.595150
[hold in-reg] valid_in -> _9257_/D : -1.400697
[hold in-reg] valid_in -> _9113_/D : -1.396064
[hold in-reg] pixel_in[0] -> _9290_/D : -1.377554
[hold in-reg] pixel_in[0] -> _9114_/D : -1.374019
[hold in-reg] valid_in -> _8899_/D : -1.363762
[hold in-reg] pixel_in[0] -> _9146_/D : -1.360825
[hold in-reg] valid_in -> _9181_/D : -1.357462
[hold in-reg] pixel_in[0] -> _9258_/D : -1.354990
[hold in-reg] pixel_in[0] -> _9214_/D : -1.341742
[hold in-reg] valid_in -> _9139_/D : -1.320018
[hold in-reg] valid_in -> _9116_/D : -1.319410
[hold in-reg] valid_in -> _9117_/D : -1.318968
[hold in-reg] valid_in -> _9141_/D : -1.318603
[hold in-reg] valid_in -> _9140_/D : -1.318518
[hold in-reg] valid_in -> _9142_/D : -1.318322
[hold in-reg] pixel_in[0] -> _9182_/D : -1.318266
[hold in-reg] valid_in -> _9143_/D : -1.317186
[hold in-reg] valid_in -> _9118_/D : -1.317093
[hold in-reg] valid_in -> _9120_/D : -1.316782
[hold in-reg] valid_in -> _9121_/D : -1.316678
[hold in-reg] valid_in -> _9122_/D : -1.315922
[hold in-reg] valid_in -> _9119_/D : -1.315651
[hold in-reg] valid_in -> _9138_/D : -1.315598
[hold in-reg] valid_in -> _9123_/D : -1.315371
[hold in-reg] valid_in -> _9124_/D : -1.312479
[hold in-reg] valid_in -> _9133_/D : -1.312348
[hold in-reg] valid_in -> _9125_/D : -1.312249
[hold in-reg] valid_in -> _9135_/D : -1.305815
[hold in-reg] valid_in -> _9136_/D : -1.305510
[hold in-reg] valid_in -> _9134_/D : -1.304813
[hold in-reg] valid_in -> _9131_/D : -1.304631
[hold in-reg] valid_in -> _9137_/D : -1.304588
[hold in-reg] valid_in -> _9130_/D : -1.304466
[hold in-reg] valid_in -> _9132_/D : -1.303475
[hold in-reg] pixel_in[0] -> _8932_/D : -1.302718
[hold in-reg] valid_in -> _9261_/D : -1.296980
[hold in-reg] valid_in -> _9259_/D : -1.296776
[hold in-reg] valid_in -> _9287_/D : -1.296744
[hold in-reg] valid_in -> _9127_/D : -1.296625
[hold in-reg] valid_in -> _9126_/D : -1.296609
[hold in-reg] valid_in -> _9288_/D : -1.296579
[hold in-reg] valid_in -> _9289_/D : -1.296486
[hold in-reg] valid_in -> _9129_/D : -1.296352
[hold in-reg] valid_in -> _9128_/D : -1.296079
[hold in-reg] valid_in -> _9262_/D : -1.295947
[hold in-reg] valid_in -> _9285_/D : -1.295821
[hold in-reg] valid_in -> _9260_/D : -1.295709
[hold in-reg] valid_in -> _9283_/D : -1.295610
[hold in-reg] valid_in -> _9286_/D : -1.295436
[hold in-reg] valid_in -> _9284_/D : -1.295394
[hold in-reg] valid_in -> _9282_/D : -1.294535
[hold in-reg] pixel_in[0] -> _8900_/D : -1.287998
[hold in-reg] valid_in -> _9280_/D : -1.277623
[hold in-reg] valid_in -> _9275_/D : -1.277598
[hold in-reg] valid_in -> _9276_/D : -1.277562
[hold in-reg] valid_in -> _9279_/D : -1.277551
[hold in-reg] valid_in -> _9278_/D : -1.277430
[hold in-reg] valid_in -> _9277_/D : -1.277392
[hold in-reg] valid_in -> _9281_/D : -1.277040
[hold in-reg] valid_in -> _9273_/D : -1.277027
[hold in-reg] valid_in -> _9272_/D : -1.276928
[hold in-reg] valid_in -> _9274_/D : -1.276883
[hold in-reg] valid_in -> _9271_/D : -1.276030
[hold in-reg] valid_in -> _9263_/D : -1.275138
[hold in-reg] valid_in -> _9269_/D : -1.275068
[hold in-reg] valid_in -> _9266_/D : -1.275013
[hold in-reg] valid_in -> _9264_/D : -1.274973
[hold in-reg] valid_in -> _9268_/D : -1.274912
[hold in-reg] valid_in -> _9267_/D : -1.274590
[hold in-reg] valid_in -> _9270_/D : -1.274546
[hold in-reg] valid_in -> _9265_/D : -1.274453
[hold in-reg] valid_in -> _8914_/D : -1.273440
[hold in-reg] valid_in -> _8915_/D : -1.272999
[hold in-reg] valid_in -> _8916_/D : -1.272960
[hold in-reg] valid_in -> _8920_/D : -1.272559
[hold in-reg] valid_in -> _8921_/D : -1.272523
[hold in-reg] valid_in -> _8919_/D : -1.272413
[hold in-reg] valid_in -> _8917_/D : -1.272323
[hold in-reg] valid_in -> _8918_/D : -1.272048
[hold in-reg] valid_in -> _8926_/D : -1.271991
[hold in-reg] valid_in -> _8923_/D : -1.271796
[hold in-reg] valid_in -> _8922_/D : -1.271150
[hold in-reg] valid_in -> _8931_/D : -1.270502
[hold in-reg] valid_in -> _8928_/D : -1.270132
[hold in-reg] valid_in -> _8927_/D : -1.270082
[hold in-reg] valid_in -> _8930_/D : -1.269736
[hold in-reg] valid_in -> _8929_/D : -1.269062
[hold in-reg] valid_in -> _9188_/D : -1.266541
[hold in-reg] pixel_in[0] -> _9148_/D : -1.266009
[hold in-reg] valid_in -> _9189_/D : -1.264872
[hold in-reg] valid_in -> _8906_/D : -1.263749
[hold in-reg] valid_in -> _8905_/D : -1.263477
[hold in-reg] valid_in -> _8902_/D : -1.263330
[hold in-reg] valid_in -> _9190_/D : -1.263184
[hold in-reg] valid_in -> _8925_/D : -1.263182
[hold in-reg] valid_in -> _8907_/D : -1.263147
[hold in-reg] valid_in -> _8903_/D : -1.262998
[hold in-reg] valid_in -> _8904_/D : -1.262911
[hold in-reg] valid_in -> _8913_/D : -1.262786
[hold in-reg] valid_in -> _8909_/D : -1.262726
[hold in-reg] valid_in -> _8910_/D : -1.262611
[hold in-reg] valid_in -> _8908_/D : -1.262513
[hold in-reg] valid_in -> _8912_/D : -1.262271
[hold in-reg] valid_in -> _8911_/D : -1.262069
[hold in-reg] valid_in -> _8924_/D : -1.261930
[hold in-reg] valid_in -> _9115_/D : -1.261876
[hold in-reg] valid_in -> _9191_/D : -1.260592
[hold in-reg] valid_in -> _9192_/D : -1.259332
[hold in-reg] valid_in -> _9193_/D : -1.257802
[hold in-reg] valid_in -> _9194_/D : -1.256620
[hold in-reg] valid_in -> _9197_/D : -1.256408
[hold in-reg] valid_in -> _9196_/D : -1.255448
[hold in-reg] valid_in -> _9198_/D : -1.254484
[hold in-reg] valid_in -> _9195_/D : -1.254019
[hold in-reg] valid_in -> _9199_/D : -1.252533
[hold in-reg] valid_in -> _9200_/D : -1.251543
[hold in-reg] valid_in -> _9187_/D : -1.250824
[hold in-reg] valid_in -> _9183_/D : -1.250659
[hold in-reg] valid_in -> _9186_/D : -1.250281
[hold in-reg] valid_in -> _9213_/D : -1.249874
[hold in-reg] valid_in -> _9185_/D : -1.249721
[hold in-reg] valid_in -> _9211_/D : -1.249689
[hold in-reg] valid_in -> _9184_/D : -1.249557
[hold in-reg] valid_in -> _9210_/D : -1.248808
[hold in-reg] valid_in -> _9208_/D : -1.248522
[hold in-reg] valid_in -> _9212_/D : -1.247342
[hold in-reg] valid_in -> _9201_/D : -1.247340
[hold in-reg] valid_in -> _9209_/D : -1.247313
[hold in-reg] valid_in -> _9207_/D : -1.246531
[hold in-reg] valid_in -> _9206_/D : -1.246326
[hold in-reg] valid_in -> _9205_/D : -1.245126
[hold in-reg] valid_in -> _9204_/D : -1.242919
[hold in-reg] valid_in -> _9203_/D : -1.236908
[hold in-reg] valid_in -> _9202_/D : -1.236298
[hold in-reg] pixel_in[0] -> _9149_/D : -1.164059
[hold in-reg] pixel_in[0] -> _9216_/D : -1.133716
[hold in-reg] valid_in -> _9144_/D : -1.103158
[hold in-reg] pixel_in[1] -> _9215_/D : -1.095648
[hold in-reg] pixel_in[0] -> _9291_/D : -1.092185
[hold in-reg] pixel_in[0] -> _9150_/D : -1.067786
[hold in-reg] pixel_in[0] -> _9154_/D : -1.067336
[hold in-reg] pixel_in[0] -> _9153_/D : -1.062522
[hold in-reg] pixel_in[0] -> _9217_/D : -1.040220
[hold in-reg] pixel_in[0] -> _9151_/D : -1.035260
[hold in-reg] pixel_in[1] -> _9293_/D : -1.031329
[hold in-reg] pixel_in[0] -> _9152_/D : -1.020072
[hold in-reg] pixel_in[0] -> _8933_/D : -1.019941
[hold in-reg] pixel_in[1] -> _8934_/D : -1.009771
[hold in-reg] pixel_in[0] -> _9292_/D : -0.969211
[hold in-reg] pixel_in[0] -> _8939_/D : -0.966273
[hold in-reg] pixel_in[0] -> _8940_/D : -0.962045
[hold in-reg] pixel_in[0] -> _9219_/D : -0.952910
[hold in-reg] pixel_in[0] -> _9218_/D : -0.948900
[hold in-reg] pixel_in[0] -> _9147_/D : -0.948744
[hold in-reg] pixel_in[0] -> _9298_/D : -0.948602
[hold in-reg] pixel_in[0] -> _9156_/D : -0.941901
[hold in-reg] pixel_in[0] -> _8941_/D : -0.897937
[hold in-reg] pixel_in[0] -> _9295_/D : -0.887408
[hold in-reg] pixel_in[0] -> _9299_/D : -0.880102
[hold in-reg] pixel_in[0] -> _9220_/D : -0.879333
[hold in-reg] pixel_in[0] -> _9222_/D : -0.875060
[hold in-reg] pixel_in[1] -> _9294_/D : -0.861678
[hold in-reg] pixel_in[0] -> _9155_/D : -0.844793
[hold in-reg] pixel_in[0] -> _9297_/D : -0.843019
[hold in-reg] pixel_in[1] -> _8935_/D : -0.837143
[hold in-reg] pixel_in[0] -> _9296_/D : -0.821895
[hold in-reg] pixel_in[0] -> _9221_/D : -0.806030
[hold in-reg] pixel_in[0] -> _9223_/D : -0.795659
[hold in-reg] pixel_in[1] -> _8936_/D : -0.781636
[hold in-reg] pixel_in[0] -> _8938_/D : -0.771128
[hold in-reg] pixel_in[0] -> _8937_/D : -0.735355
[hold in-reg] pixel_in[0] -> _8942_/D : -0.722721
[hold in-reg] pixel_in[4] -> _9160_/D : -0.719598
[hold in-reg] pixel_in[4] -> _9159_/D : -0.686882
[hold in-reg] pixel_in[0] -> _9158_/D : -0.667773
[hold in-reg] pixel_in[0] -> _8948_/D : -0.645389
[hold in-reg] pixel_in[0] -> _9300_/D : -0.630831
[hold in-reg] pixel_in[0] -> _8943_/D : -0.614748
[hold in-reg] pixel_in[0] -> _9226_/D : -0.612329
[hold in-reg] pixel_in[0] -> _9224_/D : -0.602448
[hold in-reg] pixel_in[6] -> _9162_/D : -0.574722
[hold in-reg] pixel_in[0] -> _9227_/D : -0.573552
[hold in-reg] pixel_in[1] -> _9225_/D : -0.556716
[hold in-reg] pixel_in[6] -> _9303_/D : -0.546498
[hold in-reg] pixel_in[4] -> _9228_/D : -0.540953
[hold in-reg] pixel_in[6] -> _9302_/D : -0.535570
[hold in-reg] pixel_in[5] -> _9304_/D : -0.526200
[hold in-reg] pixel_in[0] -> _8944_/D : -0.514952
[hold in-reg] pixel_in[0] -> _9301_/D : -0.509222
[hold in-reg] pixel_in[0] -> _9157_/D : -0.505704
[hold in-reg] pixel_in[4] -> _8946_/D : -0.504986
[hold in-reg] pixel_in[6] -> _9163_/D : -0.479688
[hold in-reg] pixel_in[4] -> _8945_/D : -0.462585
[hold in-reg] pixel_in[0] -> _9306_/D : -0.453319
[hold in-reg] pixel_in[6] -> _9230_/D : -0.433644
[hold in-reg] pixel_in[4] -> _9229_/D : -0.431975
[hold in-reg] pixel_in[5] -> _9305_/D : -0.424726
[hold in-reg] pixel_in[0] -> _8956_/D : -0.420128
[hold in-reg] pixel_in[4] -> _8947_/D : -0.418890
[hold in-reg] pixel_in[0] -> _8957_/D : -0.410760
[hold in-reg] pixel_in[0] -> _9238_/D : -0.375942
[hold in-reg] pixel_in[6] -> _9164_/D : -0.360563
[hold in-reg] pixel_in[0] -> _9314_/D : -0.339608
[hold in-reg] pixel_in[6] -> _9161_/D : -0.339186
[hold in-reg] pixel_in[0] -> _9307_/D : -0.316463
[hold in-reg] pixel_in[0] -> _9310_/D : -0.305086
[hold in-reg] pixel_in[0] -> _8960_/D : -0.301439
[hold in-reg] pixel_in[6] -> _9231_/D : -0.288271
[hold in-reg] pixel_in[0] -> _8949_/D : -0.255145
[hold in-reg] pixel_in[0] -> _8961_/D : -0.228119
[hold in-reg] pixel_in[0] -> _9239_/D : -0.219156
[hold in-reg] pixel_in[0] -> _9232_/D : -0.214177
[hold in-reg] pixel_in[0] -> _8952_/D : -0.214142
[hold in-reg] pixel_in[6] -> _9170_/D : -0.201732
[hold in-reg] pixel_in[0] -> _8950_/D : -0.191859
[hold in-reg] pixel_in[0] -> _9308_/D : -0.177030
[hold in-reg] pixel_in[0] -> _9311_/D : -0.173418
[hold in-reg] pixel_in[6] -> _9166_/D : -0.173106
[hold in-reg] pixel_in[0] -> _9315_/D : -0.171729
[hold in-reg] pixel_in[0] -> _8958_/D : -0.149294
[hold in-reg] pixel_in[0] -> _9242_/D : -0.123249
[hold in-reg] pixel_in[0] -> _8959_/D : -0.111922
[hold in-reg] pixel_in[6] -> _9165_/D : -0.103336
[hold in-reg] pixel_in[0] -> _8962_/D : -0.087452
[hold in-reg] pixel_in[6] -> _9171_/D : -0.082621
[hold in-reg] pixel_in[0] -> _9318_/D : -0.079940
[hold in-reg] valid_in -> _9177_/D : -0.069805
[hold in-reg] valid_in -> _9172_/D : -0.064872
[hold in-reg] valid_in -> _9173_/D : -0.064628
[hold in-reg] valid_in -> _9174_/D : -0.062995
[hold in-reg] valid_in -> _9175_/D : -0.062468
[hold in-reg] pixel_in[0] -> _8953_/D : -0.053956
[hold in-reg] pixel_in[0] -> _9243_/D : -0.050784
[hold in-reg] valid_in -> _9168_/D : -0.048043
[hold in-reg] valid_in -> _9169_/D : -0.047624
[hold in-reg] pixel_in[0] -> _8954_/D : -0.042708
[hold in-reg] pixel_in[0] -> _9309_/D : -0.037538
[hold in-reg] pixel_in[0] -> _9234_/D : -0.011093
[hold in-reg] pixel_in[0] -> _9233_/D : -0.001636
Writing metric timing__hold_vio__count__corner:nom_tt_025C_1v80: 285
Writing metric timing__hold_r2r__ws__corner:nom_tt_025C_1v80: 0.359621
Writing metric timing__hold_r2r_vio__count__corner:nom_tt_025C_1v80: 0
Writing metric timing__setup_vio__count__corner:nom_tt_025C_1v80: 0
Writing metric timing__setup_r2r__ws__corner:nom_tt_025C_1v80: 4.291549
Writing metric timing__setup_r2r_vio__count__corner:nom_tt_025C_1v80: 0
