Clock: clk
Sources: clk 
Generated: no
Virtual: yes
Propagated: no
Period: 10.000000

===========================================================================
report_clock_properties
============================================================================
Clock                   Period          Waveform
----------------------------------------------------
clk                  10.000000    0.000000  5.000000

===========================================================================
report_clock_latency
============================================================================
Clock clk
rise -> rise
    min     max
0.000000 0.000000 source latency
0.656978         network latency _9195_/CLK
        0.862644 network latency _9142_/CLK
---------------
0.656978 0.862644 latency
        0.205665 skew

fall -> fall
    min     max
0.000000 0.000000 source latency
0.530997         network latency _9195_/CLK
        0.723230 network latency _9142_/CLK
---------------
0.530997 0.723230 latency
        0.192233 skew



===========================================================================
report_clock_min_period
============================================================================
clk period_min = 6.83 fmax = 146.42
