
===========================================================================
 report_power
============================================================================
======================= min_tt_025C_1v80 Corner ===================================

Group                    Internal    Switching      Leakage        Total
                            Power        Power        Power        Power (Watts)
------------------------------------------------------------------------
Sequential           1.793123e-03 5.807101e-05 3.513466e-09 1.851198e-03  29.9%
Combinational        1.159290e-03 1.305128e-03 2.234655e-08 2.464440e-03  39.8%
Clock                9.106846e-04 9.628640e-04 1.031779e-08 1.873559e-03  30.3%
Macro                0.000000e+00 0.000000e+00 0.000000e+00 0.000000e+00   0.0%
Pad                  0.000000e+00 0.000000e+00 0.000000e+00 0.000000e+00   0.0%
------------------------------------------------------------------------
Total                3.863109e-03 2.326061e-03 3.617761e-08 6.189207e-03 100.0%
                            62.4%        37.6%         0.0%

