                                                                     Buffers by Cell Master                                                                     
┏━━━━━━━━━━━━━━━━━━━━━━━━━━━━━━━━━━━━━━━━━━━━━━━━━━━━━━━━━━━━━━━━━━━━━━━━━━━━━━━━━━━━━━━━━━━━━━━━━━━━━━━━━━━━━━━━━━━━━━━━━━━━━━━━━━┳━━━━━━━━━━━━━━━━━━━━━━━━━━━┓
┃ Buffer                                                                                                                           ┃ Count                     ┃
┡━━━━━━━━━━━━━━━━━━━━━━━━━━━━━━━━━━━━━━━━━━━━━━━━━━━━━━━━━━━━━━━━━━━━━━━━━━━━━━━━━━━━━━━━━━━━━━━━━━━━━━━━━━━━━━━━━━━━━━━━━━━━━━━━━━╇━━━━━━━━━━━━━━━━━━━━━━━━━━━┩
│ sky130_fd_sc_hd__buf_1                                                                                                           │ 32                        │
│ sky130_fd_sc_hd__buf_12                                                                                                          │ 2                         │
│ sky130_fd_sc_hd__buf_2                                                                                                           │ 264                       │
│ sky130_fd_sc_hd__buf_4                                                                                                           │ 26                        │
│ sky130_fd_sc_hd__buf_6                                                                                                           │ 52                        │
│ sky130_fd_sc_hd__buf_8                                                                                                           │ 42                        │
│ sky130_fd_sc_hd__clkbuf_1                                                                                                        │ 27                        │
│ sky130_fd_sc_hd__clkbuf_16                                                                                                       │ 9                         │
│ sky130_fd_sc_hd__clkbuf_2                                                                                                        │ 96                        │
│ sky130_fd_sc_hd__clkbuf_4                                                                                                        │ 45                        │
│ sky130_fd_sc_hd__clkbuf_8                                                                                                        │ 60                        │
│ sky130_fd_sc_hd__dlygate4sd1_1                                                                                                   │ 41                        │
│ sky130_fd_sc_hd__dlygate4sd3_1                                                                                                   │ 147                       │
│ sky130_fd_sc_hd__dlymetal6s2s_1                                                                                                  │ 37                        │
│ sky130_fd_sc_hd__dlymetal6s4s_1                                                                                                  │ 9                         │
└──────────────────────────────────────────────────────────────────────────────────────────────────────────────────────────────────┴───────────────────────────┘
