                                                                       Cells by Function                                                                        
┏━━━━━━━━━━━━━━━━━━━━━━━━━━━━━━━━━━━━━━━━━━━━━━━━━━━━━━━━━━━━━━━━━━━━━━━━━━━━━━━━━━━━━━━━━━━━━━━━━━━━━━━━━━━━━━━━━━━━━━━━━━━━━━━━━┳━━━━━━━━━━━━━━━━━━━━━━━━━━━━┓
┃ Cell Function                                                                                                                   ┃ Count                      ┃
┡━━━━━━━━━━━━━━━━━━━━━━━━━━━━━━━━━━━━━━━━━━━━━━━━━━━━━━━━━━━━━━━━━━━━━━━━━━━━━━━━━━━━━━━━━━━━━━━━━━━━━━━━━━━━━━━━━━━━━━━━━━━━━━━━━╇━━━━━━━━━━━━━━━━━━━━━━━━━━━━┩
│ sky130_ef_sc_hd__decap                                                                                                          │ 1873                       │
│ sky130_fd_sc_hd__a2111o                                                                                                         │ 1                          │
│ sky130_fd_sc_hd__a211o                                                                                                          │ 120                        │
│ sky130_fd_sc_hd__a211oi                                                                                                         │ 50                         │
│ sky130_fd_sc_hd__a21bo                                                                                                          │ 61                         │
│ sky130_fd_sc_hd__a21boi                                                                                                         │ 14                         │
│ sky130_fd_sc_hd__a21o                                                                                                           │ 268                        │
│ sky130_fd_sc_hd__a21oi                                                                                                          │ 297                        │
│ sky130_fd_sc_hd__a22o                                                                                                           │ 56                         │
│ sky130_fd_sc_hd__a22oi                                                                                                          │ 40                         │
│ sky130_fd_sc_hd__a2bb2o                                                                                                         │ 21                         │
│ sky130_fd_sc_hd__a311o                                                                                                          │ 4                          │
│ sky130_fd_sc_hd__a311oi                                                                                                         │ 2                          │
│ sky130_fd_sc_hd__a31o                                                                                                           │ 24                         │
│ sky130_fd_sc_hd__a31oi                                                                                                          │ 2                          │
│ sky130_fd_sc_hd__a32o                                                                                                           │ 6                          │
│ sky130_fd_sc_hd__a32oi                                                                                                          │ 1                          │
│ sky130_fd_sc_hd__and2                                                                                                           │ 225                        │
│ sky130_fd_sc_hd__and2b                                                                                                          │ 140                        │
│ sky130_fd_sc_hd__and3                                                                                                           │ 241                        │
│ sky130_fd_sc_hd__and3b                                                                                                          │ 5                          │
│ sky130_fd_sc_hd__and4                                                                                                           │ 53                         │
│ sky130_fd_sc_hd__and4b                                                                                                          │ 1                          │
│ sky130_fd_sc_hd__and4bb                                                                                                         │ 19                         │
│ sky130_fd_sc_hd__buf                                                                                                            │ 418                        │
│ sky130_fd_sc_hd__bufinv                                                                                                         │ 2                          │
│ sky130_fd_sc_hd__clkbuf                                                                                                         │ 237                        │
│ sky130_fd_sc_hd__clkinv                                                                                                         │ 16                         │
│ sky130_fd_sc_hd__clkinvlp                                                                                                       │ 6                          │
│ sky130_fd_sc_hd__decap                                                                                                          │ 2918                       │
│ sky130_fd_sc_hd__dfxtp                                                                                                          │ 434                        │
│ sky130_fd_sc_hd__diode                                                                                                          │ 11                         │
│ sky130_fd_sc_hd__dlygate4sd1                                                                                                    │ 41                         │
│ sky130_fd_sc_hd__dlygate4sd3                                                                                                    │ 147                        │
│ sky130_fd_sc_hd__dlymetal6s2s                                                                                                   │ 37                         │
│ sky130_fd_sc_hd__dlymetal6s4s                                                                                                   │ 9                          │
│ sky130_fd_sc_hd__fill                                                                                                           │ 2303                       │
│ sky130_fd_sc_hd__inv                                                                                                            │ 93                         │
│ sky130_fd_sc_hd__mux2                                                                                                           │ 13                         │
│ sky130_fd_sc_hd__nand2                                                                                                          │ 275                        │
│ sky130_fd_sc_hd__nand2b                                                                                                         │ 54                         │
│ sky130_fd_sc_hd__nand3                                                                                                          │ 161                        │
│ sky130_fd_sc_hd__nand3b                                                                                                         │ 2                          │
│ sky130_fd_sc_hd__nand4                                                                                                          │ 4                          │
│ sky130_fd_sc_hd__nand4b                                                                                                         │ 1                          │
│ sky130_fd_sc_hd__nor2                                                                                                           │ 409                        │
│ sky130_fd_sc_hd__nor3                                                                                                           │ 119                        │
│ sky130_fd_sc_hd__nor3b                                                                                                          │ 2                          │
│ sky130_fd_sc_hd__nor4                                                                                                           │ 4                          │
│ sky130_fd_sc_hd__o211a                                                                                                          │ 209                        │
│ sky130_fd_sc_hd__o211ai                                                                                                         │ 93                         │
│ sky130_fd_sc_hd__o21a                                                                                                           │ 79                         │
│ sky130_fd_sc_hd__o21ai                                                                                                          │ 142                        │
│ sky130_fd_sc_hd__o21ba                                                                                                          │ 33                         │
│ sky130_fd_sc_hd__o21bai                                                                                                         │ 40                         │
│ sky130_fd_sc_hd__o22a                                                                                                           │ 7                          │
│ sky130_fd_sc_hd__o2bb2a                                                                                                         │ 132                        │
│ sky130_fd_sc_hd__o2bb2ai                                                                                                        │ 25                         │
│ sky130_fd_sc_hd__o311a                                                                                                          │ 6                          │
│ sky130_fd_sc_hd__o311ai                                                                                                         │ 1                          │
│ sky130_fd_sc_hd__o31a                                                                                                           │ 10                         │
│ sky130_fd_sc_hd__o31ai                                                                                                          │ 2                          │
│ sky130_fd_sc_hd__o32a                                                                                                           │ 3                          │
│ sky130_fd_sc_hd__o41ai                                                                                                          │ 1                          │
│ sky130_fd_sc_hd__or2                                                                                                            │ 112                        │
│ sky130_fd_sc_hd__or3                                                                                                            │ 129                        │
│ sky130_fd_sc_hd__or3b                                                                                                           │ 45                         │
│ sky130_fd_sc_hd__or4                                                                                                            │ 3                          │
│ sky130_fd_sc_hd__or4b                                                                                                           │ 7                          │
│ sky130_fd_sc_hd__or4bb                                                                                                          │ 16                         │
│ sky130_fd_sc_hd__tapvpwrvgnd                                                                                                    │ 1440                       │
│ sky130_fd_sc_hd__xnor2                                                                                                          │ 458                        │
│ sky130_fd_sc_hd__xor2                                                                                                           │ 135                        │
└─────────────────────────────────────────────────────────────────────────────────────────────────────────────────────────────────┴────────────────────────────┘
