[WARNING ORD-0039] .openroad ignored with -python
                                Cells by Master                                 
┏━━━━━━━━━━━━━━━━━━━━━━━━━━━━━━━━━━━━━━━━━━━━━━━━━━━━━━━━━━━━━━━━┳━━━━━━━━━━━━━┓
┃ Cell                                                           ┃ Count       ┃
┡━━━━━━━━━━━━━━━━━━━━━━━━━━━━━━━━━━━━━━━━━━━━━━━━━━━━━━━━━━━━━━━━╇━━━━━━━━━━━━━┩
│ sky130_ef_sc_hd__decap_12                                      │ 1873        │
│ sky130_fd_sc_hd__a2111o_1                                      │ 1           │
│ sky130_fd_sc_hd__a211o_1                                       │ 104         │
│ sky130_fd_sc_hd__a211o_2                                       │ 1           │
│ sky130_fd_sc_hd__a211o_4                                       │ 15          │
│ sky130_fd_sc_hd__a211oi_1                                      │ 17          │
│ sky130_fd_sc_hd__a211oi_2                                      │ 19          │
│ sky130_fd_sc_hd__a211oi_4                                      │ 14          │
│ sky130_fd_sc_hd__a21bo_1                                       │ 61          │
│ sky130_fd_sc_hd__a21boi_1                                      │ 8           │
│ sky130_fd_sc_hd__a21boi_2                                      │ 2           │
│ sky130_fd_sc_hd__a21boi_4                                      │ 4           │
│ sky130_fd_sc_hd__a21o_1                                        │ 267         │
│ sky130_fd_sc_hd__a21o_2                                        │ 1           │
│ sky130_fd_sc_hd__a21oi_1                                       │ 256         │
│ sky130_fd_sc_hd__a21oi_2                                       │ 25          │
│ sky130_fd_sc_hd__a21oi_4                                       │ 16          │
│ sky130_fd_sc_hd__a22o_1                                        │ 56          │
│ sky130_fd_sc_hd__a22oi_1                                       │ 40          │
│ sky130_fd_sc_hd__a2bb2o_1                                      │ 19          │
│ sky130_fd_sc_hd__a2bb2o_2                                      │ 1           │
│ sky130_fd_sc_hd__a2bb2o_4                                      │ 1           │
│ sky130_fd_sc_hd__a311o_1                                       │ 3           │
│ sky130_fd_sc_hd__a311o_2                                       │ 1           │
│ sky130_fd_sc_hd__a311oi_2                                      │ 1           │
│ sky130_fd_sc_hd__a311oi_4                                      │ 1           │
│ sky130_fd_sc_hd__a31o_1                                        │ 18          │
│ sky130_fd_sc_hd__a31o_4                                        │ 6           │
│ sky130_fd_sc_hd__a31oi_4                                       │ 2           │
│ sky130_fd_sc_hd__a32o_1                                        │ 5           │
│ sky130_fd_sc_hd__a32o_2                                        │ 1           │
│ sky130_fd_sc_hd__a32oi_1                                       │ 1           │
│ sky130_fd_sc_hd__and2_1                                        │ 216         │
│ sky130_fd_sc_hd__and2_2                                        │ 4           │
│ sky130_fd_sc_hd__and2_4                                        │ 5           │
│ sky130_fd_sc_hd__and2b_1                                       │ 135         │
│ sky130_fd_sc_hd__and2b_2                                       │ 5           │
│ sky130_fd_sc_hd__and3_1                                        │ 205         │
│ sky130_fd_sc_hd__and3_4                                        │ 36          │
│ sky130_fd_sc_hd__and3b_1                                       │ 5           │
│ sky130_fd_sc_hd__and4_1                                        │ 50          │
│ sky130_fd_sc_hd__and4_2                                        │ 2           │
│ sky130_fd_sc_hd__and4_4                                        │ 1           │
│ sky130_fd_sc_hd__and4b_1                                       │ 1           │
│ sky130_fd_sc_hd__and4bb_1                                      │ 19          │
│ sky130_fd_sc_hd__buf_1                                         │ 32          │
│ sky130_fd_sc_hd__buf_12                                        │ 2           │
│ sky130_fd_sc_hd__buf_2                                         │ 264         │
│ sky130_fd_sc_hd__buf_4                                         │ 26          │
│ sky130_fd_sc_hd__buf_6                                         │ 52          │
│ sky130_fd_sc_hd__buf_8                                         │ 42          │
│ sky130_fd_sc_hd__bufinv_16                                     │ 2           │
│ sky130_fd_sc_hd__clkbuf_1                                      │ 27          │
│ sky130_fd_sc_hd__clkbuf_16                                     │ 9           │
│ sky130_fd_sc_hd__clkbuf_2                                      │ 96          │
│ sky130_fd_sc_hd__clkbuf_4                                      │ 45          │
│ sky130_fd_sc_hd__clkbuf_8                                      │ 60          │
│ sky130_fd_sc_hd__clkinv_2                                      │ 4           │
│ sky130_fd_sc_hd__clkinv_4                                      │ 6           │
│ sky130_fd_sc_hd__clkinv_8                                      │ 6           │
│ sky130_fd_sc_hd__clkinvlp_4                                    │ 6           │
│ sky130_fd_sc_hd__decap_3                                       │ 936         │
│ sky130_fd_sc_hd__decap_4                                       │ 675         │
│ sky130_fd_sc_hd__decap_6                                       │ 598         │
│ sky130_fd_sc_hd__decap_8                                       │ 709         │
│ sky130_fd_sc_hd__dfxtp_1                                       │ 432         │
│ sky130_fd_sc_hd__dfxtp_2                                       │ 2           │
│ sky130_fd_sc_hd__diode_2                                       │ 11          │
│ sky130_fd_sc_hd__dlygate4sd1_1                                 │ 41          │
│ sky130_fd_sc_hd__dlygate4sd3_1                                 │ 147         │
│ sky130_fd_sc_hd__dlymetal6s2s_1                                │ 37          │
│ sky130_fd_sc_hd__dlymetal6s4s_1                                │ 9           │
│ sky130_fd_sc_hd__fill_1                                        │ 1532        │
│ sky130_fd_sc_hd__fill_2                                        │ 771         │
│ sky130_fd_sc_hd__inv_12                                        │ 12          │
│ sky130_fd_sc_hd__inv_16                                        │ 2           │
│ sky130_fd_sc_hd__inv_2                                         │ 61          │
│ sky130_fd_sc_hd__inv_6                                         │ 10          │
│ sky130_fd_sc_hd__inv_8                                         │ 8           │
│ sky130_fd_sc_hd__mux2_1                                        │ 12          │
│ sky130_fd_sc_hd__mux2_4                                        │ 1           │
│ sky130_fd_sc_hd__nand2_1                                       │ 233         │
│ sky130_fd_sc_hd__nand2_2                                       │ 31          │
│ sky130_fd_sc_hd__nand2_4                                       │ 8           │
│ sky130_fd_sc_hd__nand2_8                                       │ 3           │
│ sky130_fd_sc_hd__nand2b_1                                      │ 50          │
│ sky130_fd_sc_hd__nand2b_4                                      │ 4           │
│ sky130_fd_sc_hd__nand3_1                                       │ 115         │
│ sky130_fd_sc_hd__nand3_2                                       │ 36          │
│ sky130_fd_sc_hd__nand3_4                                       │ 10          │
│ sky130_fd_sc_hd__nand3b_1                                      │ 2           │
│ sky130_fd_sc_hd__nand4_1                                       │ 2           │
│ sky130_fd_sc_hd__nand4_2                                       │ 1           │
│ sky130_fd_sc_hd__nand4_4                                       │ 1           │
│ sky130_fd_sc_hd__nand4b_1                                      │ 1           │
│ sky130_fd_sc_hd__nor2_1                                        │ 383         │
│ sky130_fd_sc_hd__nor2_2                                        │ 16          │
│ sky130_fd_sc_hd__nor2_4                                        │ 9           │
│ sky130_fd_sc_hd__nor2_8                                        │ 1           │
│ sky130_fd_sc_hd__nor3_1                                        │ 113         │
│ sky130_fd_sc_hd__nor3_2                                        │ 5           │
│ sky130_fd_sc_hd__nor3_4                                        │ 1           │
│ sky130_fd_sc_hd__nor3b_1                                       │ 2           │
│ sky130_fd_sc_hd__nor4_2                                        │ 1           │
│ sky130_fd_sc_hd__nor4_4                                        │ 3           │
│ sky130_fd_sc_hd__o211a_1                                       │ 204         │
│ sky130_fd_sc_hd__o211a_2                                       │ 1           │
│ sky130_fd_sc_hd__o211a_4                                       │ 4           │
│ sky130_fd_sc_hd__o211ai_1                                      │ 53          │
│ sky130_fd_sc_hd__o211ai_2                                      │ 36          │
│ sky130_fd_sc_hd__o211ai_4                                      │ 4           │
│ sky130_fd_sc_hd__o21a_1                                        │ 76          │
│ sky130_fd_sc_hd__o21a_4                                        │ 3           │
│ sky130_fd_sc_hd__o21ai_1                                       │ 134         │
│ sky130_fd_sc_hd__o21ai_2                                       │ 8           │
│ sky130_fd_sc_hd__o21ba_1                                       │ 24          │
│ sky130_fd_sc_hd__o21ba_4                                       │ 9           │
│ sky130_fd_sc_hd__o21bai_1                                      │ 36          │
│ sky130_fd_sc_hd__o21bai_4                                      │ 4           │
│ sky130_fd_sc_hd__o22a_1                                        │ 5           │
│ sky130_fd_sc_hd__o22a_4                                        │ 2           │
│ sky130_fd_sc_hd__o2bb2a_1                                      │ 74          │
│ sky130_fd_sc_hd__o2bb2a_2                                      │ 5           │
│ sky130_fd_sc_hd__o2bb2a_4                                      │ 53          │
│ sky130_fd_sc_hd__o2bb2ai_1                                     │ 25          │
│ sky130_fd_sc_hd__o311a_1                                       │ 4           │
│ sky130_fd_sc_hd__o311a_4                                       │ 2           │
│ sky130_fd_sc_hd__o311ai_4                                      │ 1           │
│ sky130_fd_sc_hd__o31a_1                                        │ 10          │
│ sky130_fd_sc_hd__o31ai_1                                       │ 1           │
│ sky130_fd_sc_hd__o31ai_2                                       │ 1           │
│ sky130_fd_sc_hd__o32a_1                                        │ 1           │
│ sky130_fd_sc_hd__o32a_4                                        │ 2           │
│ sky130_fd_sc_hd__o41ai_2                                       │ 1           │
│ sky130_fd_sc_hd__or2_1                                         │ 88          │
│ sky130_fd_sc_hd__or2_4                                         │ 24          │
│ sky130_fd_sc_hd__or3_1                                         │ 65          │
│ sky130_fd_sc_hd__or3_2                                         │ 1           │
│ sky130_fd_sc_hd__or3_4                                         │ 63          │
│ sky130_fd_sc_hd__or3b_1                                        │ 24          │
│ sky130_fd_sc_hd__or3b_4                                        │ 21          │
│ sky130_fd_sc_hd__or4_4                                         │ 3           │
│ sky130_fd_sc_hd__or4b_1                                        │ 5           │
│ sky130_fd_sc_hd__or4b_4                                        │ 2           │
│ sky130_fd_sc_hd__or4bb_1                                       │ 4           │
│ sky130_fd_sc_hd__or4bb_4                                       │ 12          │
│ sky130_fd_sc_hd__tapvpwrvgnd_1                                 │ 1440        │
│ sky130_fd_sc_hd__xnor2_1                                       │ 376         │
│ sky130_fd_sc_hd__xnor2_2                                       │ 67          │
│ sky130_fd_sc_hd__xnor2_4                                       │ 15          │
│ sky130_fd_sc_hd__xor2_1                                        │ 101         │
│ sky130_fd_sc_hd__xor2_2                                        │ 28          │
│ sky130_fd_sc_hd__xor2_4                                        │ 6           │
└────────────────────────────────────────────────────────────────┴─────────────┘
                               Cells by Function                                
┏━━━━━━━━━━━━━━━━━━━━━━━━━━━━━━━━━━━━━━━━━━━━━━━━━━━━━━━━━━━━━━━┳━━━━━━━━━━━━━━┓
┃ Cell Function                                                 ┃ Count        ┃
┡━━━━━━━━━━━━━━━━━━━━━━━━━━━━━━━━━━━━━━━━━━━━━━━━━━━━━━━━━━━━━━━╇━━━━━━━━━━━━━━┩
│ sky130_ef_sc_hd__decap                                        │ 1873         │
│ sky130_fd_sc_hd__a2111o                                       │ 1            │
│ sky130_fd_sc_hd__a211o                                        │ 120          │
│ sky130_fd_sc_hd__a211oi                                       │ 50           │
│ sky130_fd_sc_hd__a21bo                                        │ 61           │
│ sky130_fd_sc_hd__a21boi                                       │ 14           │
│ sky130_fd_sc_hd__a21o                                         │ 268          │
│ sky130_fd_sc_hd__a21oi                                        │ 297          │
│ sky130_fd_sc_hd__a22o                                         │ 56           │
│ sky130_fd_sc_hd__a22oi                                        │ 40           │
│ sky130_fd_sc_hd__a2bb2o                                       │ 21           │
│ sky130_fd_sc_hd__a311o                                        │ 4            │
│ sky130_fd_sc_hd__a311oi                                       │ 2            │
│ sky130_fd_sc_hd__a31o                                         │ 24           │
│ sky130_fd_sc_hd__a31oi                                        │ 2            │
│ sky130_fd_sc_hd__a32o                                         │ 6            │
│ sky130_fd_sc_hd__a32oi                                        │ 1            │
│ sky130_fd_sc_hd__and2                                         │ 225          │
│ sky130_fd_sc_hd__and2b                                        │ 140          │
│ sky130_fd_sc_hd__and3                                         │ 241          │
│ sky130_fd_sc_hd__and3b                                        │ 5            │
│ sky130_fd_sc_hd__and4                                         │ 53           │
│ sky130_fd_sc_hd__and4b                                        │ 1            │
│ sky130_fd_sc_hd__and4bb                                       │ 19           │
│ sky130_fd_sc_hd__buf                                          │ 418          │
│ sky130_fd_sc_hd__bufinv                                       │ 2            │
│ sky130_fd_sc_hd__clkbuf                                       │ 237          │
│ sky130_fd_sc_hd__clkinv                                       │ 16           │
│ sky130_fd_sc_hd__clkinvlp                                     │ 6            │
│ sky130_fd_sc_hd__decap                                        │ 2918         │
│ sky130_fd_sc_hd__dfxtp                                        │ 434          │
│ sky130_fd_sc_hd__diode                                        │ 11           │
│ sky130_fd_sc_hd__dlygate4sd1                                  │ 41           │
│ sky130_fd_sc_hd__dlygate4sd3                                  │ 147          │
│ sky130_fd_sc_hd__dlymetal6s2s                                 │ 37           │
│ sky130_fd_sc_hd__dlymetal6s4s                                 │ 9            │
│ sky130_fd_sc_hd__fill                                         │ 2303         │
│ sky130_fd_sc_hd__inv                                          │ 93           │
│ sky130_fd_sc_hd__mux2                                         │ 13           │
│ sky130_fd_sc_hd__nand2                                        │ 275          │
│ sky130_fd_sc_hd__nand2b                                       │ 54           │
│ sky130_fd_sc_hd__nand3                                        │ 161          │
│ sky130_fd_sc_hd__nand3b                                       │ 2            │
│ sky130_fd_sc_hd__nand4                                        │ 4            │
│ sky130_fd_sc_hd__nand4b                                       │ 1            │
│ sky130_fd_sc_hd__nor2                                         │ 409          │
│ sky130_fd_sc_hd__nor3                                         │ 119          │
│ sky130_fd_sc_hd__nor3b                                        │ 2            │
│ sky130_fd_sc_hd__nor4                                         │ 4            │
│ sky130_fd_sc_hd__o211a                                        │ 209          │
│ sky130_fd_sc_hd__o211ai                                       │ 93           │
│ sky130_fd_sc_hd__o21a                                         │ 79           │
│ sky130_fd_sc_hd__o21ai                                        │ 142          │
│ sky130_fd_sc_hd__o21ba                                        │ 33           │
│ sky130_fd_sc_hd__o21bai                                       │ 40           │
│ sky130_fd_sc_hd__o22a                                         │ 7            │
│ sky130_fd_sc_hd__o2bb2a                                       │ 132          │
│ sky130_fd_sc_hd__o2bb2ai                                      │ 25           │
│ sky130_fd_sc_hd__o311a                                        │ 6            │
│ sky130_fd_sc_hd__o311ai                                       │ 1            │
│ sky130_fd_sc_hd__o31a                                         │ 10           │
│ sky130_fd_sc_hd__o31ai                                        │ 2            │
│ sky130_fd_sc_hd__o32a                                         │ 3            │
│ sky130_fd_sc_hd__o41ai                                        │ 1            │
│ sky130_fd_sc_hd__or2                                          │ 112          │
│ sky130_fd_sc_hd__or3                                          │ 129          │
│ sky130_fd_sc_hd__or3b                                         │ 45           │
│ sky130_fd_sc_hd__or4                                          │ 3            │
│ sky130_fd_sc_hd__or4b                                         │ 7            │
│ sky130_fd_sc_hd__or4bb                                        │ 16           │
│ sky130_fd_sc_hd__tapvpwrvgnd                                  │ 1440         │
│ sky130_fd_sc_hd__xnor2                                        │ 458          │
│ sky130_fd_sc_hd__xor2                                         │ 135          │
└───────────────────────────────────────────────────────────────┴──────────────┘
                                  Cells by SCL                                  
┏━━━━━━━━━━━━━━━━━━━━━━━━━━━━━━━━━━━━━━━━━━━━━━━━━━━━━━━┳━━━━━━━━━━━━━━━━━━━━━━┓
┃ SCL                                                   ┃ Count                ┃
┡━━━━━━━━━━━━━━━━━━━━━━━━━━━━━━━━━━━━━━━━━━━━━━━━━━━━━━━╇━━━━━━━━━━━━━━━━━━━━━━┩
│ sky130_ef_sc_hd                                       │ 1873                 │
│ sky130_fd_sc_hd                                       │ 12495                │
└───────────────────────────────────────────────────────┴──────────────────────┘
                             Buffers by Cell Master                             
┏━━━━━━━━━━━━━━━━━━━━━━━━━━━━━━━━━━━━━━━━━━━━━━━━━━━━━━━━━━━━━━━━┳━━━━━━━━━━━━━┓
┃ Buffer                                                         ┃ Count       ┃
┡━━━━━━━━━━━━━━━━━━━━━━━━━━━━━━━━━━━━━━━━━━━━━━━━━━━━━━━━━━━━━━━━╇━━━━━━━━━━━━━┩
│ sky130_fd_sc_hd__buf_1                                         │ 32          │
│ sky130_fd_sc_hd__buf_12                                        │ 2           │
│ sky130_fd_sc_hd__buf_2                                         │ 264         │
│ sky130_fd_sc_hd__buf_4                                         │ 26          │
│ sky130_fd_sc_hd__buf_6                                         │ 52          │
│ sky130_fd_sc_hd__buf_8                                         │ 42          │
│ sky130_fd_sc_hd__clkbuf_1                                      │ 27          │
│ sky130_fd_sc_hd__clkbuf_16                                     │ 9           │
│ sky130_fd_sc_hd__clkbuf_2                                      │ 96          │
│ sky130_fd_sc_hd__clkbuf_4                                      │ 45          │
│ sky130_fd_sc_hd__clkbuf_8                                      │ 60          │
│ sky130_fd_sc_hd__dlygate4sd1_1                                 │ 41          │
│ sky130_fd_sc_hd__dlygate4sd3_1                                 │ 147         │
│ sky130_fd_sc_hd__dlymetal6s2s_1                                │ 37          │
│ sky130_fd_sc_hd__dlymetal6s4s_1                                │ 9           │
└────────────────────────────────────────────────────────────────┴─────────────┘
