Reading OpenROAD database at '/home/vanamala/ECE510/codefest/cf07/runs/RUN_2026-05-14_17-45-44/24-openroad-ioplacement/compute_core.odb'…
Reading library file at '/home/vanamala/.volare/volare/sky130/versions/0fe599b2afb6708d281543108caf8310912f54af/sky130A/libs.ref/sky130_fd_sc_hd/lib/sky130_fd_sc_hd__tt_025C_1v80.lib'…
Reading design constraints file at '/nix/store/ss2cw3sxbrwwx9jl0rrppbw4kgcmgi2n-python3-3.11.9-env/lib/python3.11/site-packages/openlane/scripts/base.sdc'…
[INFO] Using clock clk…
[INFO] Setting output delay to: 2.0
[INFO] Setting input delay to: 2.0
[INFO] Setting load to: 0.033442
[INFO] Setting clock uncertainty to: 0.25
[INFO] Setting clock transition to: 0.1499999999999999944488848768742172978818416595458984375
[INFO] Setting timing derate to: 5%
[INFO] Setting RC values…
[INFO] Setting signal min routing layer to: met1 and clock min routing layer to met1. 
[INFO] Setting signal max routing layer to: met5 and clock max routing layer to met5. 
+ global_placement -density 0.621192 -timing_driven -routability_driven -pad_right 0 -pad_left 0 -init_wirelength_coef 0.25
[INFO GPL-0002] DBU: 1000
[INFO GPL-0003] SiteSize: (  0.460  2.720 ) um
[INFO GPL-0004] CoreBBox: (  5.520 10.880 ) ( 328.900 331.840 ) um
[INFO GPL-0006] NumInstances:              6554
[INFO GPL-0007] NumPlaceInstances:         4878
[INFO GPL-0008] NumFixedInstances:         1676
[INFO GPL-0009] NumDummyInstances:            0
[INFO GPL-0010] NumNets:                   4900
[INFO GPL-0011] NumPins:                  18248
[INFO GPL-0012] DieBBox:  (  0.000  0.000 ) ( 334.440 345.160 ) um
[INFO GPL-0013] CoreBBox: (  5.520 10.880 ) ( 328.900 331.840 ) um
[INFO GPL-0016] CoreArea:            103792.045 um^2
[INFO GPL-0017] NonPlaceInstsArea:     2687.578 um^2
[INFO GPL-0018] PlaceInstsArea:       52293.904 um^2
[INFO GPL-0019] Util:                    51.723 %
[INFO GPL-0020] StdInstsArea:         52293.904 um^2
[INFO GPL-0021] MacroInstsArea:           0.000 um^2
[InitialPlace]  Iter: 1 CG residual: 0.00038180 HPWL: 103846468
[InitialPlace]  Iter: 2 CG residual: 0.00031386 HPWL: 72983885
[InitialPlace]  Iter: 3 CG residual: 0.00485825 HPWL: 71588165
[InitialPlace]  Iter: 4 CG residual: 0.00020517 HPWL: 70083579
[InitialPlace]  Iter: 5 CG residual: 0.00007715 HPWL: 68169698
[InitialPlace]  Iter: 6 CG residual: 0.00010305 HPWL: 67440461
[InitialPlace]  Iter: 7 CG residual: 0.00006749 HPWL: 66842939
[InitialPlace]  Iter: 8 CG residual: 0.00004873 HPWL: 66537152
[InitialPlace]  Iter: 9 CG residual: 0.00002839 HPWL: 66362922
[InitialPlace]  Iter: 10 CG residual: 0.00003008 HPWL: 66258723
[InitialPlace]  Iter: 11 CG residual: 0.00131284 HPWL: 66178508
[InitialPlace]  Iter: 12 CG residual: 0.00004653 HPWL: 66265128
[InitialPlace]  Iter: 13 CG residual: 0.00004244 HPWL: 66149938
[InitialPlace]  Iter: 14 CG residual: 0.00002027 HPWL: 66096218
[InitialPlace]  Iter: 15 CG residual: 0.00001664 HPWL: 66015122
[InitialPlace]  Iter: 16 CG residual: 0.00001582 HPWL: 66009753
[InitialPlace]  Iter: 17 CG residual: 0.00001510 HPWL: 65983575
[InitialPlace]  Iter: 18 CG residual: 0.00001563 HPWL: 65975387
[InitialPlace]  Iter: 19 CG residual: 0.00001465 HPWL: 65951625
[InitialPlace]  Iter: 20 CG residual: 0.00000830 HPWL: 65955640
[INFO GPL-0031] FillerInit:NumGCells:      5887
[INFO GPL-0032] FillerInit:NumGNets:       4900
[INFO GPL-0033] FillerInit:NumGPins:      18248
[INFO GPL-0023] TargetDensity:            0.621
[INFO GPL-0024] AvrgPlaceInstArea:       10.720 um^2
[INFO GPL-0025] IdealBinArea:            17.258 um^2
[INFO GPL-0026] IdealBinCnt:               6014
[INFO GPL-0027] TotalBinArea:        103792.045 um^2
[INFO GPL-0028] BinCnt:        64     64
[INFO GPL-0029] BinSize: (  5.053  5.015 )
[INFO GPL-0030] NumBins: 4096
[NesterovSolve] Iter:    1 overflow: 0.913 HPWL: 37172038
[NesterovSolve] Iter:   10 overflow: 0.825 HPWL: 45876869
[INFO GPL-0100] Timing-driven: executing resizer for reweighting nets.
[INFO GPL-0101] Timing-driven: worst slack 2.83e-09
[INFO GPL-0103] Timing-driven: weighted 489 nets.
[NesterovSolve] Iter:   20 overflow: 0.781 HPWL: 48647490
[NesterovSolve] Iter:   30 overflow: 0.760 HPWL: 48514435
[NesterovSolve] Iter:   40 overflow: 0.748 HPWL: 48670394
[NesterovSolve] Iter:   50 overflow: 0.741 HPWL: 48789721
[NesterovSolve] Iter:   60 overflow: 0.741 HPWL: 48727007
[NesterovSolve] Iter:   70 overflow: 0.745 HPWL: 48665897
[NesterovSolve] Iter:   80 overflow: 0.751 HPWL: 48651604
[NesterovSolve] Iter:   90 overflow: 0.754 HPWL: 48737581
[NesterovSolve] Iter:  100 overflow: 0.757 HPWL: 48936173
[NesterovSolve] Iter:  110 overflow: 0.757 HPWL: 49137192
[NesterovSolve] Iter:  120 overflow: 0.756 HPWL: 49254824
[NesterovSolve] Iter:  130 overflow: 0.754 HPWL: 49322878
[NesterovSolve] Iter:  140 overflow: 0.753 HPWL: 49376996
[NesterovSolve] Iter:  150 overflow: 0.751 HPWL: 49415298
[NesterovSolve] Iter:  160 overflow: 0.744 HPWL: 49474718
[NesterovSolve] Iter:  170 overflow: 0.734 HPWL: 49597136
[NesterovSolve] Iter:  180 overflow: 0.721 HPWL: 49862188
[NesterovSolve] Iter:  190 overflow: 0.706 HPWL: 50212550
[NesterovSolve] Iter:  200 overflow: 0.687 HPWL: 50549085
[NesterovSolve] Iter:  210 overflow: 0.666 HPWL: 50942931
[NesterovSolve] Iter:  220 overflow: 0.641 HPWL: 51596511
[INFO GPL-0100] Timing-driven: executing resizer for reweighting nets.
[INFO GPL-0101] Timing-driven: worst slack 2.94e-09
[INFO GPL-0103] Timing-driven: weighted 489 nets.
[NesterovSolve] Iter:  230 overflow: 0.613 HPWL: 52472345
[NesterovSolve] Snapshot saved at iter = 233
[NesterovSolve] Iter:  240 overflow: 0.580 HPWL: 53664151
[NesterovSolve] Iter:  250 overflow: 0.544 HPWL: 55382113
[NesterovSolve] Iter:  260 overflow: 0.506 HPWL: 57048564
[INFO GPL-0100] Timing-driven: executing resizer for reweighting nets.
[INFO GPL-0101] Timing-driven: worst slack 3.08e-09
[INFO GPL-0103] Timing-driven: weighted 489 nets.
[NesterovSolve] Iter:  270 overflow: 0.468 HPWL: 58753675
[NesterovSolve] Iter:  280 overflow: 0.426 HPWL: 60122375
[NesterovSolve] Iter:  290 overflow: 0.385 HPWL: 61188370
[NesterovSolve] Iter:  300 overflow: 0.341 HPWL: 62161600
[NesterovSolve] Iter:  310 overflow: 0.308 HPWL: 62688057
[INFO GPL-0075] Routability numCall: 1 inflationIterCnt: 1 bloatIterCnt: 0
[INFO GPL-0036] TileBBox: (    0    0 ) ( 6900 6900 ) DBU
[INFO GPL-0038] TileCnt:      48   50
[INFO GPL-0040] NumTiles: 2400
[INFO GPL-0081] TotalRouteOverflow: 0
[INFO GPL-0082] OverflowTileCnt: 0
[INFO GPL-0083] 0.5%RC: 0.8071374545494715
[INFO GPL-0084] 1.0%RC: 0.784395769238472
[INFO GPL-0085] 2.0%RC: 0.757391648987929
[INFO GPL-0086] 5.0%RC: 0.7197884142398834
[INFO GPL-0087] FinalRC: 0.7957666
[INFO GPL-0077] FinalRC lower than targetRC(1.01), routability not needed.
[INFO GPL-0100] Timing-driven: executing resizer for reweighting nets.
[INFO GPL-0101] Timing-driven: worst slack 2.85e-09
[INFO GPL-0103] Timing-driven: weighted 489 nets.
[NesterovSolve] Iter:  320 overflow: 0.274 HPWL: 63111679
[NesterovSolve] Iter:  330 overflow: 0.241 HPWL: 63740712
[NesterovSolve] Iter:  340 overflow: 0.215 HPWL: 64230304
[INFO GPL-0100] Timing-driven: executing resizer for reweighting nets.
[INFO GPL-0101] Timing-driven: worst slack 2.95e-09
[INFO GPL-0103] Timing-driven: weighted 487 nets.
[NesterovSolve] Iter:  350 overflow: 0.195 HPWL: 64683658
[NesterovSolve] Iter:  360 overflow: 0.173 HPWL: 65033942
[NesterovSolve] Iter:  370 overflow: 0.154 HPWL: 65387382
[INFO GPL-0100] Timing-driven: executing resizer for reweighting nets.
[INFO GPL-0101] Timing-driven: worst slack 2.96e-09
[INFO GPL-0103] Timing-driven: weighted 489 nets.
[NesterovSolve] Iter:  380 overflow: 0.137 HPWL: 65786146
[NesterovSolve] Iter:  390 overflow: 0.123 HPWL: 66160706
[NesterovSolve] Iter:  400 overflow: 0.107 HPWL: 66415101
[NesterovSolve] Finished with Overflow: 0.099075
[INFO] Setting RC values…
Setting global connections for newly added cells…
[INFO] Setting global connections...
Updating metrics…
Cell type report:                       Count       Area
  Fill cell                               236     885.85
  Tap cell                               1440    1801.73
  Inverter                                 61     228.97
  Sequential cell                         434    9231.35
  Multi-Input combinational cell         4383   42833.58
  Total                                  6554   54981.48
Writing OpenROAD database to '/home/vanamala/ECE510/codefest/cf07/runs/RUN_2026-05-14_17-45-44/27-openroad-globalplacement/compute_core.odb'…
Writing netlist to '/home/vanamala/ECE510/codefest/cf07/runs/RUN_2026-05-14_17-45-44/27-openroad-globalplacement/compute_core.nl.v'…
Writing powered netlist to '/home/vanamala/ECE510/codefest/cf07/runs/RUN_2026-05-14_17-45-44/27-openroad-globalplacement/compute_core.pnl.v'…
Writing layout to '/home/vanamala/ECE510/codefest/cf07/runs/RUN_2026-05-14_17-45-44/27-openroad-globalplacement/compute_core.def'…
Writing timing constraints to '/home/vanamala/ECE510/codefest/cf07/runs/RUN_2026-05-14_17-45-44/27-openroad-globalplacement/compute_core.sdc'…
