Reading OpenROAD database at '/home/vanamala/ECE510/codefest/cf07/runs/RUN_2026-05-14_17-45-44/41-openroad-repairantennas/1-diodeinsertion/compute_core.odb'…
Reading library file at '/home/vanamala/.volare/volare/sky130/versions/0fe599b2afb6708d281543108caf8310912f54af/sky130A/libs.ref/sky130_fd_sc_hd/lib/sky130_fd_sc_hd__tt_025C_1v80.lib'…
Reading design constraints file at '/nix/store/ss2cw3sxbrwwx9jl0rrppbw4kgcmgi2n-python3-3.11.9-env/lib/python3.11/site-packages/openlane/scripts/base.sdc'…
[INFO] Using clock clk…
[INFO] Setting output delay to: 2.0
[INFO] Setting input delay to: 2.0
[INFO] Setting load to: 0.033442
[INFO] Setting clock uncertainty to: 0.25
[INFO] Setting clock transition to: 0.1499999999999999944488848768742172978818416595458984375
[INFO] Setting timing derate to: 5%
[INFO ORD-0030] Using 12 thread(s).
[INFO DRT-0149] Reading tech and libs.
[WARNING DRT-0349] LEF58_ENCLOSURE with no CUTCLASS is not supported. Skipping for layer mcon
[WARNING DRT-0349] LEF58_ENCLOSURE with no CUTCLASS is not supported. Skipping for layer mcon
[WARNING DRT-0349] LEF58_ENCLOSURE with no CUTCLASS is not supported. Skipping for layer via
[WARNING DRT-0349] LEF58_ENCLOSURE with no CUTCLASS is not supported. Skipping for layer via
[WARNING DRT-0349] LEF58_ENCLOSURE with no CUTCLASS is not supported. Skipping for layer via2
[WARNING DRT-0349] LEF58_ENCLOSURE with no CUTCLASS is not supported. Skipping for layer via2
[WARNING DRT-0349] LEF58_ENCLOSURE with no CUTCLASS is not supported. Skipping for layer via3
[WARNING DRT-0349] LEF58_ENCLOSURE with no CUTCLASS is not supported. Skipping for layer via3
[WARNING DRT-0349] LEF58_ENCLOSURE with no CUTCLASS is not supported. Skipping for layer via4
[WARNING DRT-0349] LEF58_ENCLOSURE with no CUTCLASS is not supported. Skipping for layer via4

Units:                1000
Number of layers:     13
Number of macros:     441
Number of vias:       29
Number of viarulegen: 25

[INFO DRT-0150] Reading design.

Design:                   compute_core
Die area:                 ( 0 0 ) ( 334440 345160 )
Number of track patterns: 12
Number of DEF vias:       0
Number of components:     7510
Number of terminals:      153
Number of snets:          2
Number of nets:           5787

[INFO DRT-0167] List of default vias:
  Layer via
    default via: M1M2_PR
  Layer via2
    default via: M2M3_PR
  Layer via3
    default via: M3M4_PR
  Layer via4
    default via: M4M5_PR
[INFO DRT-0162] Library cell analysis.
[INFO DRT-0163] Instance analysis.
[INFO DRT-0164] Number of unique instances = 432.
[INFO DRT-0168] Init region query.
[INFO DRT-0024]   Complete FR_MASTERSLICE.
[INFO DRT-0024]   Complete licon.
[INFO DRT-0024]   Complete li1.
[INFO DRT-0024]   Complete mcon.
[INFO DRT-0024]   Complete met1.
[INFO DRT-0024]   Complete via.
[INFO DRT-0024]   Complete met2.
[INFO DRT-0024]   Complete via2.
[INFO DRT-0024]   Complete met3.
[INFO DRT-0024]   Complete via3.
[INFO DRT-0024]   Complete met4.
[INFO DRT-0024]   Complete via4.
[INFO DRT-0024]   Complete met5.
[INFO DRT-0033] FR_MASTERSLICE shape region query size = 0.
[INFO DRT-0033] licon shape region query size = 0.
[INFO DRT-0033] li1 shape region query size = 193926.
[INFO DRT-0033] mcon shape region query size = 0.
[INFO DRT-0033] met1 shape region query size = 19614.
[INFO DRT-0033] via shape region query size = 1190.
[INFO DRT-0033] met2 shape region query size = 786.
[INFO DRT-0033] via2 shape region query size = 952.
[INFO DRT-0033] met3 shape region query size = 793.
[INFO DRT-0033] via3 shape region query size = 952.
[INFO DRT-0033] met4 shape region query size = 254.
[INFO DRT-0033] via4 shape region query size = 8.
[INFO DRT-0033] met5 shape region query size = 16.
[INFO DRT-0165] Start pin access.
[INFO DRT-0076]   Complete 1000 pins.
[INFO DRT-0078]   Complete 1572 pins.
[INFO DRT-0079]   Complete 100 unique inst patterns.
[INFO DRT-0079]   Complete 200 unique inst patterns.
[INFO DRT-0079]   Complete 300 unique inst patterns.
[INFO DRT-0079]   Complete 400 unique inst patterns.
[INFO DRT-0081]   Complete 426 unique inst patterns.
[INFO DRT-0084]   Complete 3426 groups.
#scanned instances     = 7510
#unique  instances     = 432
#stdCellGenAp          = 12108
#stdCellValidPlanarAp  = 64
#stdCellValidViaAp     = 9038
#stdCellPinNoAp        = 0
#stdCellPinCnt         = 19929
#instTermValidViaApCnt = 0
#macroGenAp            = 0
#macroValidPlanarAp    = 0
#macroValidViaAp       = 0
#macroNoAp             = 0
[INFO DRT-0166] Complete pin access.
[INFO DRT-0267] cpu time = 00:01:49, elapsed time = 00:00:09, memory = 180.76 (MB), peak = 180.76 (MB)

[INFO DRT-0157] Number of guides:     37618

[INFO DRT-0169] Post process guides.
[INFO DRT-0176] GCELLGRID X 0 DO 48 STEP 6900 ;
[INFO DRT-0177] GCELLGRID Y 0 DO 50 STEP 6900 ;
[INFO DRT-0028]   Complete FR_MASTERSLICE.
[INFO DRT-0028]   Complete licon.
[INFO DRT-0028]   Complete li1.
[INFO DRT-0028]   Complete mcon.
[INFO DRT-0028]   Complete met1.
[INFO DRT-0028]   Complete via.
[INFO DRT-0028]   Complete met2.
[INFO DRT-0028]   Complete via2.
[INFO DRT-0028]   Complete met3.
[INFO DRT-0028]   Complete via3.
[INFO DRT-0028]   Complete met4.
[INFO DRT-0028]   Complete via4.
[INFO DRT-0028]   Complete met5.
[INFO DRT-0178] Init guide query.
[INFO DRT-0035]   Complete FR_MASTERSLICE (guide).
[INFO DRT-0035]   Complete licon (guide).
[INFO DRT-0035]   Complete li1 (guide).
[INFO DRT-0035]   Complete mcon (guide).
[INFO DRT-0035]   Complete met1 (guide).
[INFO DRT-0035]   Complete via (guide).
[INFO DRT-0035]   Complete met2 (guide).
[INFO DRT-0035]   Complete via2 (guide).
[INFO DRT-0035]   Complete met3 (guide).
[INFO DRT-0035]   Complete via3 (guide).
[INFO DRT-0035]   Complete met4 (guide).
[INFO DRT-0035]   Complete via4 (guide).
[INFO DRT-0035]   Complete met5 (guide).
[INFO DRT-0036] FR_MASTERSLICE guide region query size = 0.
[INFO DRT-0036] licon guide region query size = 0.
[INFO DRT-0036] li1 guide region query size = 14309.
[INFO DRT-0036] mcon guide region query size = 0.
[INFO DRT-0036] met1 guide region query size = 10310.
[INFO DRT-0036] via guide region query size = 0.
[INFO DRT-0036] met2 guide region query size = 5039.
[INFO DRT-0036] via2 guide region query size = 0.
[INFO DRT-0036] met3 guide region query size = 201.
[INFO DRT-0036] via3 guide region query size = 0.
[INFO DRT-0036] met4 guide region query size = 33.
[INFO DRT-0036] via4 guide region query size = 0.
[INFO DRT-0036] met5 guide region query size = 0.
[INFO DRT-0179] Init gr pin query.
[INFO DRT-0245] skipped writing guide updates to database.
[INFO DRT-0185] Post process initialize RPin region query.
[INFO DRT-0181] Start track assignment.
[INFO DRT-0184] Done with 19381 vertical wires in 1 frboxes and 10511 horizontal wires in 1 frboxes.
[INFO DRT-0186] Done with 1372 vertical wires in 1 frboxes and 3082 horizontal wires in 1 frboxes.
[INFO DRT-0182] Complete track assignment.
[INFO DRT-0267] cpu time = 00:00:07, elapsed time = 00:00:01, memory = 282.38 (MB), peak = 282.38 (MB)
[INFO DRT-0187] Start routing data preparation.
[INFO DRT-0267] cpu time = 00:00:00, elapsed time = 00:00:00, memory = 282.51 (MB), peak = 282.51 (MB)
[INFO DRT-0194] Start detail routing.
[INFO DRT-0195] Start 0th optimization iteration.
    Completing 10% with 0 violations.
    elapsed time = 00:00:00, memory = 574.33 (MB).
    Completing 20% with 0 violations.
    elapsed time = 00:00:02, memory = 523.32 (MB).
    Completing 30% with 346 violations.
    elapsed time = 00:00:03, memory = 425.51 (MB).
    Completing 40% with 346 violations.
    elapsed time = 00:00:04, memory = 662.51 (MB).
    Completing 50% with 346 violations.
    elapsed time = 00:00:06, memory = 661.55 (MB).
    Completing 60% with 803 violations.
    elapsed time = 00:00:08, memory = 718.80 (MB).
    Completing 70% with 803 violations.
    elapsed time = 00:00:11, memory = 747.55 (MB).
    Completing 80% with 1215 violations.
    elapsed time = 00:00:12, memory = 747.55 (MB).
    Completing 90% with 1215 violations.
    elapsed time = 00:00:17, memory = 829.55 (MB).
    Completing 100% with 1810 violations.
    elapsed time = 00:00:19, memory = 797.52 (MB).
[INFO DRT-0199]   Number of violations = 2072.
Viol/Layer         li1   mcon   met1   met2   met3
Cut Spacing          0      5      0      0      0
Metal Spacing       92      0    444     77     18
Min Hole             0      0      4      0      0
NS Metal             4      0      0      0      0
Recheck              0      0    201     56      5
Short                0      0   1098     68      0
[INFO DRT-0267] cpu time = 00:02:15, elapsed time = 00:00:19, memory = 1072.14 (MB), peak = 1072.14 (MB)
Total wire length = 127504 um.
Total wire length on LAYER li1 = 0 um.
Total wire length on LAYER met1 = 62397 um.
Total wire length on LAYER met2 = 58811 um.
Total wire length on LAYER met3 = 4592 um.
Total wire length on LAYER met4 = 1703 um.
Total wire length on LAYER met5 = 0 um.
Total number of vias = 39067.
Up-via summary (total 39067):

------------------------
 FR_MASTERSLICE        0
            li1    19921
           met1    18780
           met2      299
           met3       67
           met4        0
------------------------
                   39067


[INFO DRT-0195] Start 1st optimization iteration.
    Completing 10% with 2072 violations.
    elapsed time = 00:00:00, memory = 1120.39 (MB).
    Completing 20% with 2072 violations.
    elapsed time = 00:00:03, memory = 1106.27 (MB).
    Completing 30% with 1794 violations.
    elapsed time = 00:00:03, memory = 1169.64 (MB).
    Completing 40% with 1794 violations.
    elapsed time = 00:00:05, memory = 1171.39 (MB).
    Completing 50% with 1794 violations.
    elapsed time = 00:00:07, memory = 1144.21 (MB).
    Completing 60% with 1528 violations.
    elapsed time = 00:00:08, memory = 1212.71 (MB).
    Completing 70% with 1528 violations.
    elapsed time = 00:00:10, memory = 1223.33 (MB).
    Completing 80% with 1113 violations.
    elapsed time = 00:00:12, memory = 1236.48 (MB).
    Completing 90% with 1113 violations.
    elapsed time = 00:00:15, memory = 1264.23 (MB).
    Completing 100% with 819 violations.
    elapsed time = 00:00:17, memory = 1160.64 (MB).
[INFO DRT-0199]   Number of violations = 819.
Viol/Layer        mcon   met1   met2   met3
Cut Spacing          2      0      0      0
Metal Spacing        0    175     31      7
Short                0    588     16      0
[INFO DRT-0267] cpu time = 00:01:57, elapsed time = 00:00:17, memory = 1163.64 (MB), peak = 1264.36 (MB)
Total wire length = 126746 um.
Total wire length on LAYER li1 = 0 um.
Total wire length on LAYER met1 = 62122 um.
Total wire length on LAYER met2 = 58332 um.
Total wire length on LAYER met3 = 4601 um.
Total wire length on LAYER met4 = 1690 um.
Total wire length on LAYER met5 = 0 um.
Total number of vias = 38836.
Up-via summary (total 38836):

------------------------
 FR_MASTERSLICE        0
            li1    19892
           met1    18567
           met2      312
           met3       65
           met4        0
------------------------
                   38836


[INFO DRT-0195] Start 2nd optimization iteration.
    Completing 10% with 819 violations.
    elapsed time = 00:00:00, memory = 1197.02 (MB).
    Completing 20% with 819 violations.
    elapsed time = 00:00:03, memory = 1197.02 (MB).
    Completing 30% with 859 violations.
    elapsed time = 00:00:04, memory = 1196.14 (MB).
    Completing 40% with 859 violations.
    elapsed time = 00:00:06, memory = 1196.14 (MB).
    Completing 50% with 859 violations.
    elapsed time = 00:00:08, memory = 1163.64 (MB).
    Completing 60% with 854 violations.
    elapsed time = 00:00:08, memory = 1232.02 (MB).
    Completing 70% with 854 violations.
    elapsed time = 00:00:12, memory = 1199.03 (MB).
    Completing 80% with 859 violations.
    elapsed time = 00:00:12, memory = 1166.18 (MB).
    Completing 90% with 859 violations.
    elapsed time = 00:00:14, memory = 1166.18 (MB).
    Completing 100% with 858 violations.
    elapsed time = 00:00:17, memory = 1169.68 (MB).
[INFO DRT-0199]   Number of violations = 858.
Viol/Layer        mcon   met1   met2
Cut Spacing          3      0      0
Metal Spacing        0    188     44
Short                0    599     24
[INFO DRT-0267] cpu time = 00:02:01, elapsed time = 00:00:17, memory = 1169.68 (MB), peak = 1264.36 (MB)
Total wire length = 126624 um.
Total wire length on LAYER li1 = 0 um.
Total wire length on LAYER met1 = 62085 um.
Total wire length on LAYER met2 = 58300 um.
Total wire length on LAYER met3 = 4569 um.
Total wire length on LAYER met4 = 1668 um.
Total wire length on LAYER met5 = 0 um.
Total number of vias = 38753.
Up-via summary (total 38753):

------------------------
 FR_MASTERSLICE        0
            li1    19892
           met1    18496
           met2      306
           met3       59
           met4        0
------------------------
                   38753


[INFO DRT-0195] Start 3rd optimization iteration.
    Completing 10% with 858 violations.
    elapsed time = 00:00:00, memory = 1169.68 (MB).
    Completing 20% with 858 violations.
    elapsed time = 00:00:01, memory = 1173.30 (MB).
    Completing 30% with 693 violations.
    elapsed time = 00:00:04, memory = 1173.68 (MB).
    Completing 40% with 693 violations.
    elapsed time = 00:00:04, memory = 1174.43 (MB).
    Completing 50% with 693 violations.
    elapsed time = 00:00:05, memory = 1174.43 (MB).
    Completing 60% with 476 violations.
    elapsed time = 00:00:08, memory = 1211.93 (MB).
    Completing 70% with 476 violations.
    elapsed time = 00:00:09, memory = 1178.73 (MB).
    Completing 80% with 257 violations.
    elapsed time = 00:00:10, memory = 1178.73 (MB).
    Completing 90% with 257 violations.
    elapsed time = 00:00:11, memory = 1250.98 (MB).
    Completing 100% with 72 violations.
    elapsed time = 00:00:15, memory = 1182.71 (MB).
[INFO DRT-0199]   Number of violations = 72.
Viol/Layer        mcon   met1   met2
Cut Spacing          1      0      0
Metal Spacing        0     22      0
Short                0     46      3
[INFO DRT-0267] cpu time = 00:01:12, elapsed time = 00:00:15, memory = 1182.71 (MB), peak = 1264.36 (MB)
Total wire length = 126493 um.
Total wire length on LAYER li1 = 0 um.
Total wire length on LAYER met1 = 60110 um.
Total wire length on LAYER met2 = 58313 um.
Total wire length on LAYER met3 = 6317 um.
Total wire length on LAYER met4 = 1752 um.
Total wire length on LAYER met5 = 0 um.
Total number of vias = 39264.
Up-via summary (total 39264):

------------------------
 FR_MASTERSLICE        0
            li1    19892
           met1    18699
           met2      604
           met3       69
           met4        0
------------------------
                   39264


[INFO DRT-0195] Start 4th optimization iteration.
    Completing 10% with 72 violations.
    elapsed time = 00:00:00, memory = 1182.71 (MB).
    Completing 20% with 72 violations.
    elapsed time = 00:00:00, memory = 1182.71 (MB).
    Completing 30% with 71 violations.
    elapsed time = 00:00:02, memory = 1182.71 (MB).
    Completing 40% with 71 violations.
    elapsed time = 00:00:02, memory = 1182.71 (MB).
    Completing 50% with 71 violations.
    elapsed time = 00:00:02, memory = 1182.71 (MB).
    Completing 60% with 29 violations.
    elapsed time = 00:00:02, memory = 1182.71 (MB).
    Completing 70% with 29 violations.
    elapsed time = 00:00:02, memory = 1182.71 (MB).
    Completing 80% with 24 violations.
    elapsed time = 00:00:03, memory = 1182.71 (MB).
    Completing 90% with 24 violations.
    elapsed time = 00:00:03, memory = 1182.71 (MB).
    Completing 100% with 3 violations.
    elapsed time = 00:00:04, memory = 1182.71 (MB).
[INFO DRT-0199]   Number of violations = 3.
Viol/Layer        met1
Metal Spacing        1
Short                2
[INFO DRT-0267] cpu time = 00:00:16, elapsed time = 00:00:04, memory = 1182.71 (MB), peak = 1264.36 (MB)
Total wire length = 126485 um.
Total wire length on LAYER li1 = 0 um.
Total wire length on LAYER met1 = 60073 um.
Total wire length on LAYER met2 = 58317 um.
Total wire length on LAYER met3 = 6347 um.
Total wire length on LAYER met4 = 1746 um.
Total wire length on LAYER met5 = 0 um.
Total number of vias = 39267.
Up-via summary (total 39267):

------------------------
 FR_MASTERSLICE        0
            li1    19892
           met1    18706
           met2      602
           met3       67
           met4        0
------------------------
                   39267


[INFO DRT-0195] Start 5th optimization iteration.
    Completing 10% with 3 violations.
    elapsed time = 00:00:00, memory = 1182.71 (MB).
    Completing 20% with 3 violations.
    elapsed time = 00:00:00, memory = 1182.71 (MB).
    Completing 30% with 0 violations.
    elapsed time = 00:00:00, memory = 1182.71 (MB).
    Completing 40% with 0 violations.
    elapsed time = 00:00:00, memory = 1182.71 (MB).
    Completing 50% with 0 violations.
    elapsed time = 00:00:00, memory = 1182.71 (MB).
    Completing 60% with 0 violations.
    elapsed time = 00:00:00, memory = 1182.71 (MB).
    Completing 70% with 0 violations.
    elapsed time = 00:00:00, memory = 1182.71 (MB).
    Completing 80% with 0 violations.
    elapsed time = 00:00:00, memory = 1182.71 (MB).
    Completing 90% with 0 violations.
    elapsed time = 00:00:00, memory = 1182.71 (MB).
    Completing 100% with 0 violations.
    elapsed time = 00:00:00, memory = 1182.71 (MB).
[INFO DRT-0199]   Number of violations = 0.
[INFO DRT-0267] cpu time = 00:00:04, elapsed time = 00:00:00, memory = 1182.71 (MB), peak = 1264.36 (MB)
Total wire length = 126485 um.
Total wire length on LAYER li1 = 0 um.
Total wire length on LAYER met1 = 60072 um.
Total wire length on LAYER met2 = 58317 um.
Total wire length on LAYER met3 = 6347 um.
Total wire length on LAYER met4 = 1746 um.
Total wire length on LAYER met5 = 0 um.
Total number of vias = 39266.
Up-via summary (total 39266):

------------------------
 FR_MASTERSLICE        0
            li1    19892
           met1    18705
           met2      602
           met3       67
           met4        0
------------------------
                   39266


[INFO DRT-0198] Complete detail routing.
Total wire length = 126485 um.
Total wire length on LAYER li1 = 0 um.
Total wire length on LAYER met1 = 60072 um.
Total wire length on LAYER met2 = 58317 um.
Total wire length on LAYER met3 = 6347 um.
Total wire length on LAYER met4 = 1746 um.
Total wire length on LAYER met5 = 0 um.
Total number of vias = 39266.
Up-via summary (total 39266):

------------------------
 FR_MASTERSLICE        0
            li1    19892
           met1    18705
           met2      602
           met3       67
           met4        0
------------------------
                   39266


[INFO DRT-0267] cpu time = 00:07:48, elapsed time = 00:01:15, memory = 1182.71 (MB), peak = 1264.36 (MB)

[INFO DRT-0180] Post processing.
Setting global connections for newly added cells…
[INFO] Setting global connections...
Updating metrics…
Cell type report:                       Count       Area
  Fill cell                               236     885.85
  Tap cell                               1440    1801.73
  Antenna cell                             11      27.53
  Clock buffer                             71    1066.02
  Timing Repair Buffer                    818    6203.45
  Inverter                                 61     228.97
  Clock inverter                           56     688.16
  Sequential cell                         434    8690.84
  Multi-Input combinational cell         4383   34639.47
  Total                                  7510   54232.01
Writing OpenROAD database to '/home/vanamala/ECE510/codefest/cf07/runs/RUN_2026-05-14_17-45-44/43-openroad-detailedrouting/compute_core.odb'…
Writing netlist to '/home/vanamala/ECE510/codefest/cf07/runs/RUN_2026-05-14_17-45-44/43-openroad-detailedrouting/compute_core.nl.v'…
Writing powered netlist to '/home/vanamala/ECE510/codefest/cf07/runs/RUN_2026-05-14_17-45-44/43-openroad-detailedrouting/compute_core.pnl.v'…
Writing layout to '/home/vanamala/ECE510/codefest/cf07/runs/RUN_2026-05-14_17-45-44/43-openroad-detailedrouting/compute_core.def'…
Writing timing constraints to '/home/vanamala/ECE510/codefest/cf07/runs/RUN_2026-05-14_17-45-44/43-openroad-detailedrouting/compute_core.sdc'…
