Clock: clk
Sources: clk 
Generated: no
Virtual: no
Propagated: no
Period: 10.000000

===========================================================================
report_clock_properties
============================================================================
Clock                   Period          Waveform
----------------------------------------------------
clk                  10.000000    0.000000  5.000000

===========================================================================
report_clock_latency
============================================================================
Clock clk
rise -> rise
    min     max
0.000000 0.000000 source latency
1.981210         network latency _8888_/CLK
        1.981210 network latency _8888_/CLK
---------------
1.981210 1.981210 latency
        0.000000 skew

fall -> fall
    min     max
0.000000 0.000000 source latency
0.839735         network latency _8888_/CLK
        0.839735 network latency _8888_/CLK
---------------
0.839735 0.839735 latency
        0.000000 skew



===========================================================================
report_clock_min_period
============================================================================
clk period_min = 4.72 fmax = 211.70
