Clock: clk
Sources: clk 
Generated: no
Virtual: no
Propagated: no
Period: 10.000000

===========================================================================
report_clock_properties
============================================================================
Clock                   Period          Waveform
----------------------------------------------------
clk                  10.000000    0.000000  5.000000

===========================================================================
report_clock_latency
============================================================================
Clock clk
rise -> rise
    min     max
0.000000 0.000000 source latency
2.490343         network latency _8888_/CLK
        2.490343 network latency _8888_/CLK
---------------
2.490343 2.490343 latency
        0.000000 skew

fall -> fall
    min     max
0.000000 0.000000 source latency
1.195840         network latency _8888_/CLK
        1.195840 network latency _8888_/CLK
---------------
1.195840 1.195840 latency
        0.000000 skew



===========================================================================
report_clock_min_period
============================================================================
clk period_min = 7.57 fmax = 132.04
