Clock: clk
Sources: clk 
Generated: no
Virtual: yes
Propagated: no
Period: 10.000000

===========================================================================
report_clock_properties
============================================================================
Clock                   Period          Waveform
----------------------------------------------------
clk                  10.000000    0.000000  5.000000

===========================================================================
report_clock_latency
============================================================================
Clock clk
rise -> rise
    min     max
0.000000 0.000000 source latency
1.232780         network latency _9209_/CLK
        1.602419 network latency _9142_/CLK
---------------
1.232780 1.602419 latency
        0.369639 skew

fall -> fall
    min     max
0.000000 0.000000 source latency
1.025342         network latency _9209_/CLK
        1.373151 network latency _9142_/CLK
---------------
1.025342 1.373151 latency
        0.347809 skew



===========================================================================
report_clock_min_period
============================================================================
clk period_min = 13.17 fmax = 75.94
