
===========================================================================
Violator List
============================================================================
[setup reg-reg] _8965_/Q -> _9212_/D : -3.167894
[setup reg-reg] _8965_/Q -> _9205_/D : -3.095709
[setup reg-reg] _8965_/Q -> _9244_/D : -3.058721
[setup reg-reg] _8965_/Q -> _9245_/D : -3.054555
[setup reg-reg] _8965_/Q -> _9237_/D : -3.031153
[setup reg-reg] _8965_/Q -> _9213_/D : -2.999564
[setup reg-reg] _8965_/Q -> _9209_/D : -2.959523
[setup in-reg] pixel_in[7] -> _9145_/D : -2.785842
[setup reg-reg] _8965_/Q -> _9208_/D : -2.757217
[setup reg-reg] _8965_/Q -> _9204_/D : -2.749956
[setup reg-reg] _8965_/Q -> _9236_/D : -2.748841
[setup reg-reg] _9102_/Q -> _9321_/D : -2.731960
[setup reg-reg] _9102_/Q -> _9289_/D : -2.705379
[setup in-reg] pixel_in[7] -> _9144_/D : -2.704018
[setup in-reg] pixel_in[7] -> _8931_/D : -2.683867
[setup reg-reg] _8965_/Q -> _9241_/D : -2.636087
[setup reg-reg] _8965_/Q -> _9240_/D : -2.621631
[setup reg-reg] _8965_/Q -> _9243_/D : -2.617103
[setup reg-reg] _8965_/Q -> _9203_/D : -2.614148
[setup in-reg] pixel_in[7] -> _8930_/D : -2.595137
[setup in-reg] pixel_in[7] -> _9141_/D : -2.585916
[setup reg-reg] _8965_/Q -> _9211_/D : -2.576365
[setup reg-reg] _8965_/Q -> _9210_/D : -2.548527
[setup reg-reg] _8965_/Q -> _9235_/D : -2.532938
[setup in-reg] pixel_in[7] -> _8962_/D : -2.519466
[setup in-reg] pixel_in[7] -> _9177_/D : -2.511998
[setup in-reg] pixel_in[7] -> _8963_/D : -2.499910
[setup reg-reg] _9102_/Q -> _9320_/D : -2.449607
[setup reg-reg] _8965_/Q -> _9242_/D : -2.445154
[setup reg-reg] _9102_/Q -> _9288_/D : -2.408702
[setup in-reg] pixel_in[7] -> _9137_/D : -2.361161
[setup in-reg] pixel_in[7] -> _9176_/D : -2.358946
[setup reg-reg] _9102_/Q -> _9284_/D : -2.353025
[setup reg-reg] _9102_/Q -> _9317_/D : -2.339347
[setup in-reg] pixel_in[7] -> _9140_/D : -2.304999
[setup reg-reg] _9102_/Q -> _9285_/D : -2.302126
[setup in-reg] pixel_in[7] -> _9143_/D : -2.301413
[setup in-reg] pixel_in[7] -> _8951_/D : -2.281178
[setup in-reg] pixel_in[7] -> _8926_/D : -2.279772
[setup in-reg] pixel_in[7] -> _8919_/D : -2.259076
[setup in-reg] pixel_in[7] -> _8959_/D : -2.255119
[setup reg-reg] _9102_/Q -> _9316_/D : -2.251796
[setup in-reg] pixel_in[7] -> _9173_/D : -2.242843
[setup in-reg] pixel_in[7] -> _8927_/D : -2.205792
[setup in-reg] pixel_in[7] -> _8958_/D : -2.185194
[setup reg-reg] _8965_/Q -> _9234_/D : -2.169740
[setup reg-reg] _9102_/Q -> _9286_/D : -2.163748
[setup reg-reg] _8965_/Q -> _9233_/D : -2.147188
[setup reg-reg] _8965_/Q -> _9200_/D : -2.145539
[setup reg-reg] _8965_/Q -> _9202_/D : -2.141919
[setup reg-reg] _9102_/Q -> _9287_/D : -2.140975
[setup reg-reg] _8965_/Q -> _9201_/D : -2.133092
[setup in-reg] pixel_in[7] -> _8955_/D : -2.125285
[setup reg-reg] _9102_/Q -> _9319_/D : -2.111324
[setup in-reg] pixel_in[7] -> _8923_/D : -2.100107
[setup reg-reg] _8965_/Q -> _9232_/D : -2.083158
[setup reg-reg] _8965_/Q -> _9239_/D : -2.074214
[setup reg-reg] _8965_/Q -> _9207_/D : -2.054898
[setup in-reg] pixel_in[7] -> _8961_/D : -2.045771
[setup reg-reg] _9102_/Q -> _9318_/D : -2.030683
[setup in-reg] pixel_in[7] -> _8928_/D : -2.019883
[setup in-reg] pixel_in[7] -> _8929_/D : -2.008007
[setup in-reg] pixel_in[7] -> _9175_/D : -2.007690
[setup in-reg] pixel_in[7] -> _9167_/D : -2.005222
[setup reg-reg] _8965_/Q -> _9231_/D : -1.992337
[setup in-reg] pixel_in[7] -> _9142_/D : -1.977522
[setup in-reg] pixel_in[7] -> _9135_/D : -1.971008
[setup reg-reg] _8965_/Q -> _9199_/D : -1.965722
[setup in-reg] pixel_in[7] -> _9136_/D : -1.962368
[setup in-reg] pixel_in[7] -> _9133_/D : -1.960853
[setup in-reg] pixel_in[7] -> _9169_/D : -1.924873
[setup in-reg] pixel_in[7] -> _8960_/D : -1.914676
[setup in-reg] pixel_in[7] -> _8925_/D : -1.912992
[setup reg-reg] _9102_/Q -> _9313_/D : -1.907404
[setup in-reg] pixel_in[7] -> _9172_/D : -1.887570
[setup in-reg] pixel_in[7] -> _8954_/D : -1.879948
[setup in-reg] pixel_in[7] -> _9139_/D : -1.857804
[setup reg-reg] _9102_/Q -> _9281_/D : -1.847689
[setup in-reg] pixel_in[7] -> _8953_/D : -1.840863
[setup in-reg] pixel_in[7] -> _8922_/D : -1.838437
[setup in-reg] pixel_in[7] -> _8921_/D : -1.819671
[setup reg-reg] _9102_/Q -> _9280_/D : -1.814613
[setup reg-reg] _8965_/Q -> _9206_/D : -1.781857
[setup reg-reg] _9102_/Q -> _9315_/D : -1.747146
[setup reg-reg] _9102_/Q -> _9283_/D : -1.732435
[setup in-reg] pixel_in[7] -> _9309_/D : -1.728612
[setup reg-reg] _8965_/Q -> _9198_/D : -1.724205
[setup reg-reg] _9102_/Q -> _9312_/D : -1.715708
[setup in-reg] pixel_in[7] -> _9277_/D : -1.677416
[setup reg-reg] _8965_/Q -> _9230_/D : -1.658059
[setup in-reg] pixel_in[7] -> _8918_/D : -1.645403
[setup reg-reg] _8965_/Q -> _9238_/D : -1.629383
[setup in-reg] pixel_in[7] -> _8957_/D : -1.615847
[setup reg-reg] _8965_/Q -> _9196_/D : -1.601296
[setup in-reg] pixel_in[7] -> _9134_/D : -1.601153
[setup in-reg] pixel_in[7] -> _9168_/D : -1.594984
[setup in-reg] pixel_in[7] -> _8952_/D : -1.588530
[setup in-reg] pixel_in[7] -> _9174_/D : -1.587644
[setup in-reg] pixel_in[7] -> _8950_/D : -1.585974
[setup reg-reg] _8965_/Q -> _9229_/D : -1.580302
[setup in-reg] pixel_in[7] -> _9279_/D : -1.565287
[setup in-reg] pixel_in[7] -> _8920_/D : -1.559742
[setup in-reg] pixel_in[7] -> _9171_/D : -1.538977
[setup reg-reg] _8965_/Q -> _9197_/D : -1.529350
[setup reg-reg] _8965_/Q -> _9195_/D : -1.487106
[setup in-reg] pixel_in[7] -> _8956_/D : -1.451802
[setup in-reg] pixel_in[7] -> _9131_/D : -1.449609
[setup in-reg] pixel_in[7] -> _9138_/D : -1.436818
[setup in-reg] pixel_in[7] -> _8949_/D : -1.427464
[setup in-reg] pixel_in[7] -> _8924_/D : -1.415913
[setup in-reg] pixel_in[7] -> _9165_/D : -1.411188
[setup in-reg] pixel_in[7] -> _8917_/D : -1.403768
[setup in-reg] pixel_in[7] -> _9129_/D : -1.399139
[setup in-reg] pixel_in[7] -> _9161_/D : -1.381906
[setup reg-reg] _9102_/Q -> _9314_/D : -1.342905
[setup reg-reg] _8965_/Q -> _9228_/D : -1.340587
[setup in-reg] pixel_in[7] -> _9308_/D : -1.321039
[setup reg-reg] _9102_/Q -> _9282_/D : -1.320672
[setup in-reg] pixel_in[7] -> _9276_/D : -1.318856
[setup in-reg] pixel_in[7] -> _9311_/D : -1.292205
[setup reg-reg] _8965_/Q -> _9227_/D : -1.235627
[setup in-reg] pixel_in[7] -> _8947_/D : -1.209632
[setup in-reg] pixel_in[6] -> _9305_/D : -1.208202
[setup in-reg] pixel_in[7] -> _9166_/D : -1.193685
[setup in-reg] pixel_in[7] -> _8915_/D : -1.170187
[setup reg-reg] _8965_/Q -> _9194_/D : -1.165179
[setup in-reg] pixel_in[6] -> _9273_/D : -1.139620
[setup in-reg] pixel_in[7] -> _9170_/D : -1.126636
[setup in-reg] pixel_in[7] -> _9307_/D : -1.117490
[setup in-reg] pixel_in[6] -> _9272_/D : -1.087765
[setup reg-reg] _8965_/Q -> _9226_/D : -1.077193
[setup in-reg] pixel_in[7] -> _9128_/D : -1.061396
[setup in-reg] pixel_in[7] -> _9275_/D : -1.048650
[setup in-reg] pixel_in[7] -> _9163_/D : -1.047953
[setup in-reg] pixel_in[6] -> _9271_/D : -0.991335
[setup in-reg] pixel_in[7] -> _9132_/D : -0.936907
[setup in-reg] pixel_in[7] -> _9130_/D : -0.931427
[setup in-reg] pixel_in[6] -> _9303_/D : -0.910696
[setup in-reg] pixel_in[6] -> _9304_/D : -0.907964
[setup in-reg] pixel_in[7] -> _9310_/D : -0.897106
[setup in-reg] pixel_in[7] -> _8945_/D : -0.878300
[setup in-reg] pixel_in[7] -> _9278_/D : -0.875091
[setup in-reg] pixel_in[7] -> _8913_/D : -0.865065
[setup in-reg] pixel_in[7] -> _8946_/D : -0.864654
[setup in-reg] pixel_in[7] -> _9127_/D : -0.841175
[setup in-reg] pixel_in[7] -> _8914_/D : -0.814110
[setup in-reg] pixel_in[7] -> _9164_/D : -0.789723
[setup in-reg] pixel_in[7] -> _9306_/D : -0.742391
[setup in-reg] pixel_in[7] -> _9160_/D : -0.724770
[setup in-reg] pixel_in[7] -> _9125_/D : -0.705624
[setup in-reg] pixel_in[7] -> _9274_/D : -0.704593
[setup in-reg] pixel_in[7] -> _9157_/D : -0.695138
[setup in-reg] pixel_in[7] -> _8948_/D : -0.679677
[setup in-reg] pixel_in[7] -> _9162_/D : -0.660480
[setup in-reg] pixel_in[7] -> _8916_/D : -0.620868
[setup in-reg] pixel_in[7] -> _9126_/D : -0.604078
[setup in-reg] pixel_in[6] -> _9270_/D : -0.552928
[setup in-reg] pixel_in[7] -> _9124_/D : -0.530888
[setup in-reg] pixel_in[6] -> _9302_/D : -0.519356
[setup in-reg] pixel_in[7] -> _9159_/D : -0.445590
[setup reg-reg] _8965_/Q -> _9225_/D : -0.386595
[setup in-reg] pixel_in[2] -> _9269_/D : -0.386480
[setup in-reg] pixel_in[2] -> _9301_/D : -0.382917
[setup reg-reg] _8965_/Q -> _9193_/D : -0.337219
[setup in-reg] pixel_in[7] -> _8912_/D : -0.290763
[setup in-reg] pixel_in[2] -> _9268_/D : -0.272880
[setup in-reg] pixel_in[7] -> _8944_/D : -0.240744
[setup in-reg] pixel_in[7] -> _9158_/D : -0.238006
[setup reg-reg] _8965_/Q -> _9224_/D : -0.167165
[setup reg-reg] _9248_/Q -> _8943_/D : -0.150652
[setup reg-reg] _9248_/Q -> _8911_/D : -0.133479
[setup reg-reg] _8965_/Q -> _9192_/D : -0.099676
