Clock: clk
Sources: clk 
Generated: no
Virtual: yes
Propagated: no
Period: 10.000000

===========================================================================
report_clock_properties
============================================================================
Clock                   Period          Waveform
----------------------------------------------------
clk                  10.000000    0.000000  5.000000

===========================================================================
report_clock_latency
============================================================================
Clock clk
rise -> rise
    min     max
0.000000 0.000000 source latency
0.457094         network latency _9195_/CLK
        0.599504 network latency _9142_/CLK
---------------
0.457094 0.599504 latency
        0.142410 skew

fall -> fall
    min     max
0.000000 0.000000 source latency
0.368287         network latency _8925_/CLK
        0.501307 network latency _9142_/CLK
---------------
0.368287 0.501307 latency
        0.133019 skew



===========================================================================
report_clock_min_period
============================================================================
clk period_min = 4.34 fmax = 230.48
