
===========================================================================
 report_power
============================================================================
======================= min_ff_n40C_1v95 Corner ===================================

Group                    Internal    Switching      Leakage        Total
                            Power        Power        Power        Power (Watts)
------------------------------------------------------------------------
Sequential           2.081755e-03 6.917721e-05 6.280107e-09 2.150939e-03  30.0%
Combinational        1.303938e-03 1.542244e-03 4.302498e-08 2.846225e-03  39.6%
Clock                1.039515e-03 1.142744e-03 1.515141e-08 2.182274e-03  30.4%
Macro                0.000000e+00 0.000000e+00 0.000000e+00 0.000000e+00   0.0%
Pad                  0.000000e+00 0.000000e+00 0.000000e+00 0.000000e+00   0.0%
------------------------------------------------------------------------
Total                4.425204e-03 2.754168e-03 6.445674e-08 7.179436e-03 100.0%
                            61.6%        38.4%         0.0%

