#! /usr/bin/vvp
:ivl_version "12.0 (stable)";
:ivl_delay_selection "TYPICAL";
:vpi_time_precision - 12;
:vpi_module "/usr/lib/x86_64-linux-gnu/ivl/system.vpi";
:vpi_module "/usr/lib/x86_64-linux-gnu/ivl/vhdl_sys.vpi";
:vpi_module "/usr/lib/x86_64-linux-gnu/ivl/vhdl_textio.vpi";
:vpi_module "/usr/lib/x86_64-linux-gnu/ivl/v2005_math.vpi";
:vpi_module "/usr/lib/x86_64-linux-gnu/ivl/va_math.vpi";
:vpi_module "/usr/lib/x86_64-linux-gnu/ivl/v2009.vpi";
S_0x6047d61b4520 .scope package, "$unit" "$unit" 2 1;
 .timescale 0 0;
S_0x6047d61b0a80 .scope module, "tb_top" "tb_top" 3 31;
 .timescale -9 -12;
P_0x6047d6159310 .param/l "ACCUM_WIDTH" 1 3 34, +C4<00000000000000000000000000100000>;
P_0x6047d6159350 .param/l "ADDR_CTRL" 1 3 42, C4<00000000000000000000000000001000>;
P_0x6047d6159390 .param/l "ADDR_PIXEL" 1 3 40, C4<00000000000000000000000000000000>;
P_0x6047d61593d0 .param/l "ADDR_RESULT" 1 3 44, C4<00000000000000000000000000010000>;
P_0x6047d6159410 .param/l "ADDR_STATUS" 1 3 43, C4<00000000000000000000000000001100>;
P_0x6047d6159450 .param/l "ADDR_WEIGHT" 1 3 41, C4<00000000000000000000000000000100>;
P_0x6047d6159490 .param/l "ADDR_WIDTH" 1 3 36, +C4<00000000000000000000000000100000>;
P_0x6047d61594d0 .param/l "AXI_DW" 1 3 37, +C4<00000000000000000000000000100000>;
P_0x6047d6159510 .param/l "DATA_WIDTH" 1 3 33, +C4<00000000000000000000000000001000>;
P_0x6047d6159550 .param/l "KERNEL_SIZE" 1 3 35, +C4<00000000000000000000000000001001>;
P_0x6047d6159590 .param/l "NUM_PE" 1 3 32, +C4<00000000000000000000000000000100>;
v0x6047d61e5d80_0 .var "clk", 0 0;
v0x6047d61e5f50_0 .var/i "fail_count", 31 0;
v0x6047d61e6030_0 .var/i "pass_count", 31 0;
v0x6047d61e60f0_0 .var "rst", 0 0;
v0x6047d61e62a0_0 .var "s_araddr", 31 0;
v0x6047d61e63b0_0 .net "s_arready", 0 0, v0x6047d61e0550_0;  1 drivers
v0x6047d61e6450_0 .var "s_arvalid", 0 0;
v0x6047d61e64f0_0 .var "s_awaddr", 31 0;
v0x6047d61e65b0_0 .net "s_awready", 0 0, v0x6047d61e07b0_0;  1 drivers
v0x6047d61e6650_0 .var "s_awvalid", 0 0;
v0x6047d61e66f0_0 .var "s_bready", 0 0;
v0x6047d61e6790_0 .net "s_bresp", 1 0, v0x6047d61e09f0_0;  1 drivers
v0x6047d61e6850_0 .net "s_bvalid", 0 0, v0x6047d61e0ad0_0;  1 drivers
v0x6047d61e68f0_0 .net "s_rdata", 31 0, v0x6047d61e0b90_0;  1 drivers
v0x6047d61e69b0_0 .var "s_rready", 0 0;
v0x6047d61e6a50_0 .net "s_rresp", 1 0, v0x6047d61e0d30_0;  1 drivers
v0x6047d61e6b10_0 .net "s_rvalid", 0 0, v0x6047d61e0e10_0;  1 drivers
v0x6047d61e6cc0_0 .var "s_wdata", 31 0;
v0x6047d61e6d80_0 .net "s_wready", 0 0, v0x6047d61e0fb0_0;  1 drivers
v0x6047d61e6e20_0 .var "s_wstrb", 3 0;
v0x6047d61e6ee0_0 .var "s_wvalid", 0 0;
S_0x6047d61bfea0 .scope task, "axi_read" "axi_read" 3 152, 3 152 0, S_0x6047d61b0a80;
 .timescale -9 -12;
v0x6047d61978e0_0 .var "addr", 31 0;
v0x6047d6197f90_0 .var "data", 31 0;
v0x6047d6198310_0 .var/i "i", 31 0;
E_0x6047d614a640 .event posedge, v0x6047d61d9680_0;
TD_tb_top.axi_read ;
    %pushi/vec4 0, 0, 32;
    %store/vec4 v0x6047d6198310_0, 0, 32;
T_0.0 ;
    %load/vec4 v0x6047d6198310_0;
    %cmpi/s 50, 0, 32;
    %flag_get/vec4 5;
    %jmp/0 T_0.2, 5;
    %load/vec4 v0x6047d61e63b0_0;
    %nor/r;
    %and;
T_0.2;
    %flag_set/vec4 8;
    %jmp/0xz T_0.1, 8;
    %wait E_0x6047d614a640;
    %delay 1000, 0;
    %load/vec4 v0x6047d6198310_0;
    %addi 1, 0, 32;
    %store/vec4 v0x6047d6198310_0, 0, 32;
    %jmp T_0.0;
T_0.1 ;
    %pushi/vec4 1, 0, 1;
    %store/vec4 v0x6047d61e6450_0, 0, 1;
    %load/vec4 v0x6047d61978e0_0;
    %store/vec4 v0x6047d61e62a0_0, 0, 32;
    %wait E_0x6047d614a640;
    %delay 1000, 0;
    %pushi/vec4 0, 0, 1;
    %store/vec4 v0x6047d61e6450_0, 0, 1;
    %load/vec4 v0x6047d61e68f0_0;
    %store/vec4 v0x6047d6197f90_0, 0, 32;
    %wait E_0x6047d614a640;
    %delay 1000, 0;
    %end;
S_0x6047d61d7720 .scope task, "axi_write" "axi_write" 3 116, 3 116 0, S_0x6047d61b0a80;
 .timescale -9 -12;
v0x6047d6195bd0_0 .var "addr", 31 0;
v0x6047d61967b0_0 .var "data", 31 0;
v0x6047d60fe330_0 .var/i "i", 31 0;
TD_tb_top.axi_write ;
    %pushi/vec4 0, 0, 32;
    %store/vec4 v0x6047d60fe330_0, 0, 32;
T_1.3 ;
    %load/vec4 v0x6047d60fe330_0;
    %cmpi/s 50, 0, 32;
    %flag_get/vec4 5;
    %jmp/0 T_1.5, 5;
    %load/vec4 v0x6047d61e65b0_0;
    %nor/r;
    %and;
T_1.5;
    %flag_set/vec4 8;
    %jmp/0xz T_1.4, 8;
    %wait E_0x6047d614a640;
    %delay 1000, 0;
    %load/vec4 v0x6047d60fe330_0;
    %addi 1, 0, 32;
    %store/vec4 v0x6047d60fe330_0, 0, 32;
    %jmp T_1.3;
T_1.4 ;
    %pushi/vec4 1, 0, 1;
    %store/vec4 v0x6047d61e6650_0, 0, 1;
    %load/vec4 v0x6047d6195bd0_0;
    %store/vec4 v0x6047d61e64f0_0, 0, 32;
    %wait E_0x6047d614a640;
    %delay 1000, 0;
    %pushi/vec4 0, 0, 1;
    %store/vec4 v0x6047d61e6650_0, 0, 1;
    %pushi/vec4 1, 0, 1;
    %store/vec4 v0x6047d61e6ee0_0, 0, 1;
    %load/vec4 v0x6047d61967b0_0;
    %store/vec4 v0x6047d61e6cc0_0, 0, 32;
    %pushi/vec4 15, 0, 4;
    %store/vec4 v0x6047d61e6e20_0, 0, 4;
    %wait E_0x6047d614a640;
    %delay 1000, 0;
    %pushi/vec4 0, 0, 1;
    %store/vec4 v0x6047d61e6ee0_0, 0, 1;
    %wait E_0x6047d614a640;
    %delay 1000, 0;
    %end;
S_0x6047d61d7970 .scope module, "dut" "cnn_top" 3 83, 4 41 0, S_0x6047d61b0a80;
 .timescale 0 0;
    .port_info 0 /INPUT 1 "clk";
    .port_info 1 /INPUT 1 "rst";
    .port_info 2 /INPUT 1 "s_awvalid";
    .port_info 3 /OUTPUT 1 "s_awready";
    .port_info 4 /INPUT 32 "s_awaddr";
    .port_info 5 /INPUT 1 "s_wvalid";
    .port_info 6 /OUTPUT 1 "s_wready";
    .port_info 7 /INPUT 32 "s_wdata";
    .port_info 8 /INPUT 4 "s_wstrb";
    .port_info 9 /OUTPUT 1 "s_bvalid";
    .port_info 10 /INPUT 1 "s_bready";
    .port_info 11 /OUTPUT 2 "s_bresp";
    .port_info 12 /INPUT 1 "s_arvalid";
    .port_info 13 /OUTPUT 1 "s_arready";
    .port_info 14 /INPUT 32 "s_araddr";
    .port_info 15 /OUTPUT 1 "s_rvalid";
    .port_info 16 /INPUT 1 "s_rready";
    .port_info 17 /OUTPUT 32 "s_rdata";
    .port_info 18 /OUTPUT 2 "s_rresp";
P_0x6047d61d7b80 .param/l "ACCUM_WIDTH" 0 4 44, +C4<00000000000000000000000000100000>;
P_0x6047d61d7bc0 .param/l "ADDR_WIDTH" 0 4 46, +C4<00000000000000000000000000100000>;
P_0x6047d61d7c00 .param/l "AXI_DW" 0 4 47, +C4<00000000000000000000000000100000>;
P_0x6047d61d7c40 .param/l "DATA_WIDTH" 0 4 43, +C4<00000000000000000000000000001000>;
P_0x6047d61d7c80 .param/l "KERNEL_SIZE" 0 4 45, +C4<00000000000000000000000000001001>;
P_0x6047d61d7cc0 .param/l "NUM_PE" 0 4 42, +C4<00000000000000000000000000000100>;
P_0x6047d61d7d00 .param/l "S_COMPUTE" 1 4 82, C4<01>;
P_0x6047d61d7d40 .param/l "S_DONE" 1 4 84, C4<11>;
P_0x6047d61d7d80 .param/l "S_LOAD_W" 1 4 81, C4<00>;
P_0x6047d61d7dc0 .param/l "S_WAIT" 1 4 83, C4<10>;
v0x6047d61e2e90_0 .net "clk", 0 0, v0x6047d61e5d80_0;  1 drivers
v0x6047d61e2f50_0 .var "done_r", 0 0;
v0x6047d61e3010_0 .var "pixel_cnt", 3 0;
v0x6047d61e30b0_0 .net/s "pixel_from_intf", 7 0, v0x6047d61dfdc0_0;  1 drivers
v0x6047d61e3170_0 .net "result_data_w", 127 0, v0x6047d61de300_0;  1 drivers
v0x6047d61e3230_0 .var "result_latch", 31 0;
v0x6047d61e3320_0 .net "result_valid_w", 0 0, v0x6047d61de3a0_0;  1 drivers
v0x6047d61e33c0_0 .net "rst", 0 0, v0x6047d61e60f0_0;  1 drivers
v0x6047d61e3460_0 .net "s_araddr", 31 0, v0x6047d61e62a0_0;  1 drivers
v0x6047d61e3500_0 .net "s_arready", 0 0, v0x6047d61e0550_0;  alias, 1 drivers
v0x6047d61e35f0_0 .net "s_arvalid", 0 0, v0x6047d61e6450_0;  1 drivers
v0x6047d61e36e0_0 .net "s_awaddr", 31 0, v0x6047d61e64f0_0;  1 drivers
v0x6047d61e37f0_0 .net "s_awready", 0 0, v0x6047d61e07b0_0;  alias, 1 drivers
v0x6047d61e38e0_0 .net "s_awvalid", 0 0, v0x6047d61e6650_0;  1 drivers
v0x6047d61e39d0_0 .net "s_bready", 0 0, v0x6047d61e66f0_0;  1 drivers
v0x6047d61e3ac0_0 .net "s_bresp", 1 0, v0x6047d61e09f0_0;  alias, 1 drivers
v0x6047d61e3bd0_0 .net "s_bvalid", 0 0, v0x6047d61e0ad0_0;  alias, 1 drivers
v0x6047d61e3dd0_0 .net "s_rdata", 31 0, v0x6047d61e0b90_0;  alias, 1 drivers
v0x6047d61e3ee0_0 .net "s_rready", 0 0, v0x6047d61e69b0_0;  1 drivers
v0x6047d61e3fd0_0 .net "s_rresp", 1 0, v0x6047d61e0d30_0;  alias, 1 drivers
v0x6047d61e40e0_0 .net "s_rvalid", 0 0, v0x6047d61e0e10_0;  alias, 1 drivers
v0x6047d61e41d0_0 .net "s_wdata", 31 0, v0x6047d61e6cc0_0;  1 drivers
v0x6047d61e42e0_0 .net "s_wready", 0 0, v0x6047d61e0fb0_0;  alias, 1 drivers
v0x6047d61e43d0_0 .net "s_wstrb", 3 0, v0x6047d61e6e20_0;  1 drivers
v0x6047d61e44e0_0 .net "s_wvalid", 0 0, v0x6047d61e6ee0_0;  1 drivers
v0x6047d61e45d0_0 .var "state", 1 0;
v0x6047d61e46b0_0 .net "valid_from_intf", 0 0, v0x6047d61e1210_0;  1 drivers
v0x6047d61e47a0_0 .var "valid_in_r", 0 0;
v0x6047d61e4840_0 .var "w_load_cnt", 1 0;
v0x6047d61e4920_0 .var "weight_addr_lat", 1 0;
v0x6047d61e49e0_0 .net/s "weight_from_intf", 7 0, v0x6047d61e12d0_0;  1 drivers
v0x6047d61e4a80_0 .var "weight_wr_r", 0 0;
S_0x6047d61d84a0 .scope module, "u_core" "compute_core" 4 204, 5 35 0, S_0x6047d61d7970;
 .timescale 0 0;
    .port_info 0 /INPUT 1 "clk";
    .port_info 1 /INPUT 1 "rst";
    .port_info 2 /INPUT 8 "pixel_in";
    .port_info 3 /INPUT 1 "valid_in";
    .port_info 4 /INPUT 1 "weight_wr";
    .port_info 5 /INPUT 2 "weight_addr";
    .port_info 6 /INPUT 8 "weight_din";
    .port_info 7 /OUTPUT 128 "result_data";
    .port_info 8 /OUTPUT 1 "result_valid";
P_0x6047d61baf00 .param/l "ACCUM_WIDTH" 0 5 38, +C4<00000000000000000000000000100000>;
P_0x6047d61baf40 .param/l "DATA_WIDTH" 0 5 37, +C4<00000000000000000000000000001000>;
P_0x6047d61baf80 .param/l "KERNEL_SIZE" 0 5 39, +C4<00000000000000000000000000001001>;
P_0x6047d61bafc0 .param/l "NUM_PE" 0 5 36, +C4<00000000000000000000000000000100>;
v0x6047d61ddcb0_0 .net "clk", 0 0, v0x6047d61e5d80_0;  alias, 1 drivers
v0x6047d61dde00_0 .var/i "k", 31 0;
v0x6047d61ddee0 .array "pe_accum", 3 0;
v0x6047d61ddee0_0 .net/s v0x6047d61ddee0 0, 31 0, v0x6047d61d9470_0; 1 drivers
v0x6047d61ddee0_1 .net/s v0x6047d61ddee0 1, 31 0, v0x6047d61da8e0_0; 1 drivers
v0x6047d61ddee0_2 .net/s v0x6047d61ddee0 2, 31 0, v0x6047d61dbdb0_0; 1 drivers
v0x6047d61ddee0_3 .net/s v0x6047d61ddee0 3, 31 0, v0x6047d61dd2e0_0; 1 drivers
v0x6047d61de040 .array "pe_valid", 3 0;
v0x6047d61de040_0 .net v0x6047d61de040 0, 0 0, v0x6047d61d9c40_0; 1 drivers
v0x6047d61de040_1 .net v0x6047d61de040 1, 0 0, v0x6047d61db060_0; 1 drivers
v0x6047d61de040_2 .net v0x6047d61de040 2, 0 0, v0x6047d61dc5f0_0; 1 drivers
v0x6047d61de040_3 .net v0x6047d61de040 3, 0 0, v0x6047d61dda30_0; 1 drivers
v0x6047d61de1d0_0 .net/s "pixel_in", 7 0, v0x6047d61dfdc0_0;  alias, 1 drivers
v0x6047d61de300_0 .var "result_data", 127 0;
v0x6047d61de3a0_0 .var "result_valid", 0 0;
v0x6047d61de440_0 .net "rst", 0 0, v0x6047d61e60f0_0;  alias, 1 drivers
v0x6047d61de570_0 .net "valid_in", 0 0, v0x6047d61e47a0_0;  1 drivers
v0x6047d61de730_0 .net "weight_addr", 1 0, v0x6047d61e4920_0;  1 drivers
v0x6047d61de7d0_0 .net/s "weight_din", 7 0, v0x6047d61e12d0_0;  alias, 1 drivers
v0x6047d61de870 .array/s "weight_mem", 3 0, 7 0;
v0x6047d61de9f0_0 .net "weight_wr", 0 0, v0x6047d61e4a80_0;  1 drivers
v0x6047d61dea90_0 .var/i "wi", 31 0;
S_0x6047d61d89b0 .scope generate, "pe_array[0]" "pe_array[0]" 5 64, 5 64 0, S_0x6047d61d84a0;
 .timescale 0 0;
P_0x6047d61d8bd0 .param/l "gi" 1 5 64, +C4<00>;
S_0x6047d61d8cb0 .scope module, "u_pe" "conv_pe" 5 65, 6 1 0, S_0x6047d61d89b0;
 .timescale 0 0;
    .port_info 0 /INPUT 1 "clk";
    .port_info 1 /INPUT 1 "rst";
    .port_info 2 /INPUT 1 "valid_in";
    .port_info 3 /INPUT 8 "pixel_in";
    .port_info 4 /INPUT 8 "weight_in";
    .port_info 5 /OUTPUT 32 "accum_out";
    .port_info 6 /OUTPUT 1 "valid_out";
P_0x6047d615f140 .param/l "ACCUM_WIDTH" 0 6 3, +C4<00000000000000000000000000100000>;
P_0x6047d615f180 .param/l "DATA_WIDTH" 0 6 2, +C4<00000000000000000000000000001000>;
P_0x6047d615f1c0 .param/l "KERNEL_SIZE" 0 6 4, +C4<00000000000000000000000000001001>;
v0x6047d61d90c0_0 .net/s *"_ivl_0", 15 0, L_0x6047d61e6f80;  1 drivers
v0x6047d61d91c0_0 .net/s *"_ivl_2", 15 0, L_0x6047d61e7130;  1 drivers
v0x6047d61d92a0_0 .net *"_ivl_7", 0 0, L_0x6047d61e7310;  1 drivers
v0x6047d61d9390_0 .net *"_ivl_8", 15 0, L_0x6047d61e7400;  1 drivers
v0x6047d61d9470_0 .var/s "accum_out", 31 0;
v0x6047d61d95a0_0 .var/s "accum_reg", 31 0;
v0x6047d61d9680_0 .net "clk", 0 0, v0x6047d61e5d80_0;  alias, 1 drivers
v0x6047d61d9740_0 .net/s "pixel_in", 7 0, v0x6047d61dfdc0_0;  alias, 1 drivers
v0x6047d61d9820_0 .net/s "product", 15 0, L_0x6047d61e71d0;  1 drivers
v0x6047d61d9900_0 .net/s "product_ext", 31 0, L_0x6047d61e7810;  1 drivers
v0x6047d61d99e0_0 .net "rst", 0 0, v0x6047d61e60f0_0;  alias, 1 drivers
v0x6047d61d9aa0_0 .var "tap_count", 3 0;
v0x6047d61d9b80_0 .net "valid_in", 0 0, v0x6047d61e47a0_0;  alias, 1 drivers
v0x6047d61d9c40_0 .var "valid_out", 0 0;
v0x6047d61de870_0 .array/port v0x6047d61de870, 0;
v0x6047d61d9d00_0 .net/s "weight_in", 7 0, v0x6047d61de870_0;  1 drivers
L_0x6047d61e6f80 .extend/s 16, v0x6047d61dfdc0_0;
L_0x6047d61e7130 .extend/s 16, v0x6047d61de870_0;
L_0x6047d61e71d0 .arith/mult 16, L_0x6047d61e6f80, L_0x6047d61e7130;
L_0x6047d61e7310 .part L_0x6047d61e71d0, 15, 1;
LS_0x6047d61e7400_0_0 .concat [ 1 1 1 1], L_0x6047d61e7310, L_0x6047d61e7310, L_0x6047d61e7310, L_0x6047d61e7310;
LS_0x6047d61e7400_0_4 .concat [ 1 1 1 1], L_0x6047d61e7310, L_0x6047d61e7310, L_0x6047d61e7310, L_0x6047d61e7310;
LS_0x6047d61e7400_0_8 .concat [ 1 1 1 1], L_0x6047d61e7310, L_0x6047d61e7310, L_0x6047d61e7310, L_0x6047d61e7310;
LS_0x6047d61e7400_0_12 .concat [ 1 1 1 1], L_0x6047d61e7310, L_0x6047d61e7310, L_0x6047d61e7310, L_0x6047d61e7310;
L_0x6047d61e7400 .concat [ 4 4 4 4], LS_0x6047d61e7400_0_0, LS_0x6047d61e7400_0_4, LS_0x6047d61e7400_0_8, LS_0x6047d61e7400_0_12;
L_0x6047d61e7810 .concat [ 16 16 0 0], L_0x6047d61e71d0, L_0x6047d61e7400;
S_0x6047d61d9ec0 .scope generate, "pe_array[1]" "pe_array[1]" 5 64, 5 64 0, S_0x6047d61d84a0;
 .timescale 0 0;
P_0x6047d61da090 .param/l "gi" 1 5 64, +C4<01>;
S_0x6047d61da150 .scope module, "u_pe" "conv_pe" 5 65, 6 1 0, S_0x6047d61d9ec0;
 .timescale 0 0;
    .port_info 0 /INPUT 1 "clk";
    .port_info 1 /INPUT 1 "rst";
    .port_info 2 /INPUT 1 "valid_in";
    .port_info 3 /INPUT 8 "pixel_in";
    .port_info 4 /INPUT 8 "weight_in";
    .port_info 5 /OUTPUT 32 "accum_out";
    .port_info 6 /OUTPUT 1 "valid_out";
P_0x6047d614b140 .param/l "ACCUM_WIDTH" 0 6 3, +C4<00000000000000000000000000100000>;
P_0x6047d614b180 .param/l "DATA_WIDTH" 0 6 2, +C4<00000000000000000000000000001000>;
P_0x6047d614b1c0 .param/l "KERNEL_SIZE" 0 6 4, +C4<00000000000000000000000000001001>;
v0x6047d61da530_0 .net/s *"_ivl_0", 15 0, L_0x6047d61e78f0;  1 drivers
v0x6047d61da630_0 .net/s *"_ivl_2", 15 0, L_0x6047d61e7990;  1 drivers
v0x6047d61da710_0 .net *"_ivl_7", 0 0, L_0x6047d61e7bc0;  1 drivers
v0x6047d61da800_0 .net *"_ivl_8", 15 0, L_0x6047d61e7cb0;  1 drivers
v0x6047d61da8e0_0 .var/s "accum_out", 31 0;
v0x6047d61daa10_0 .var/s "accum_reg", 31 0;
v0x6047d61daaf0_0 .net "clk", 0 0, v0x6047d61e5d80_0;  alias, 1 drivers
v0x6047d61dab90_0 .net/s "pixel_in", 7 0, v0x6047d61dfdc0_0;  alias, 1 drivers
v0x6047d61dac60_0 .net/s "product", 15 0, L_0x6047d61e7a80;  1 drivers
v0x6047d61dad20_0 .net/s "product_ext", 31 0, L_0x6047d61e7fb0;  1 drivers
v0x6047d61dae00_0 .net "rst", 0 0, v0x6047d61e60f0_0;  alias, 1 drivers
v0x6047d61daed0_0 .var "tap_count", 3 0;
v0x6047d61daf90_0 .net "valid_in", 0 0, v0x6047d61e47a0_0;  alias, 1 drivers
v0x6047d61db060_0 .var "valid_out", 0 0;
v0x6047d61de870_1 .array/port v0x6047d61de870, 1;
v0x6047d61db100_0 .net/s "weight_in", 7 0, v0x6047d61de870_1;  1 drivers
L_0x6047d61e78f0 .extend/s 16, v0x6047d61dfdc0_0;
L_0x6047d61e7990 .extend/s 16, v0x6047d61de870_1;
L_0x6047d61e7a80 .arith/mult 16, L_0x6047d61e78f0, L_0x6047d61e7990;
L_0x6047d61e7bc0 .part L_0x6047d61e7a80, 15, 1;
LS_0x6047d61e7cb0_0_0 .concat [ 1 1 1 1], L_0x6047d61e7bc0, L_0x6047d61e7bc0, L_0x6047d61e7bc0, L_0x6047d61e7bc0;
LS_0x6047d61e7cb0_0_4 .concat [ 1 1 1 1], L_0x6047d61e7bc0, L_0x6047d61e7bc0, L_0x6047d61e7bc0, L_0x6047d61e7bc0;
LS_0x6047d61e7cb0_0_8 .concat [ 1 1 1 1], L_0x6047d61e7bc0, L_0x6047d61e7bc0, L_0x6047d61e7bc0, L_0x6047d61e7bc0;
LS_0x6047d61e7cb0_0_12 .concat [ 1 1 1 1], L_0x6047d61e7bc0, L_0x6047d61e7bc0, L_0x6047d61e7bc0, L_0x6047d61e7bc0;
L_0x6047d61e7cb0 .concat [ 4 4 4 4], LS_0x6047d61e7cb0_0_0, LS_0x6047d61e7cb0_0_4, LS_0x6047d61e7cb0_0_8, LS_0x6047d61e7cb0_0_12;
L_0x6047d61e7fb0 .concat [ 16 16 0 0], L_0x6047d61e7a80, L_0x6047d61e7cb0;
S_0x6047d61db2c0 .scope generate, "pe_array[2]" "pe_array[2]" 5 64, 5 64 0, S_0x6047d61d84a0;
 .timescale 0 0;
P_0x6047d61db4a0 .param/l "gi" 1 5 64, +C4<010>;
S_0x6047d61db560 .scope module, "u_pe" "conv_pe" 5 65, 6 1 0, S_0x6047d61db2c0;
 .timescale 0 0;
    .port_info 0 /INPUT 1 "clk";
    .port_info 1 /INPUT 1 "rst";
    .port_info 2 /INPUT 1 "valid_in";
    .port_info 3 /INPUT 8 "pixel_in";
    .port_info 4 /INPUT 8 "weight_in";
    .port_info 5 /OUTPUT 32 "accum_out";
    .port_info 6 /OUTPUT 1 "valid_out";
P_0x6047d619dfb0 .param/l "ACCUM_WIDTH" 0 6 3, +C4<00000000000000000000000000100000>;
P_0x6047d619dff0 .param/l "DATA_WIDTH" 0 6 2, +C4<00000000000000000000000000001000>;
P_0x6047d619e030 .param/l "KERNEL_SIZE" 0 6 4, +C4<00000000000000000000000000001001>;
v0x6047d61dba00_0 .net/s *"_ivl_0", 15 0, L_0x6047d61e8090;  1 drivers
v0x6047d61dbb00_0 .net/s *"_ivl_2", 15 0, L_0x6047d61e8130;  1 drivers
v0x6047d61dbbe0_0 .net *"_ivl_7", 0 0, L_0x6047d61e8360;  1 drivers
v0x6047d61dbcd0_0 .net *"_ivl_8", 15 0, L_0x6047d61e8450;  1 drivers
v0x6047d61dbdb0_0 .var/s "accum_out", 31 0;
v0x6047d61dbee0_0 .var/s "accum_reg", 31 0;
v0x6047d61dbfc0_0 .net "clk", 0 0, v0x6047d61e5d80_0;  alias, 1 drivers
v0x6047d61dc0b0_0 .net/s "pixel_in", 7 0, v0x6047d61dfdc0_0;  alias, 1 drivers
v0x6047d61dc1c0_0 .net/s "product", 15 0, L_0x6047d61e8220;  1 drivers
v0x6047d61dc2a0_0 .net/s "product_ext", 31 0, L_0x6047d61e8750;  1 drivers
v0x6047d61dc380_0 .net "rst", 0 0, v0x6047d61e60f0_0;  alias, 1 drivers
v0x6047d61dc420_0 .var "tap_count", 3 0;
v0x6047d61dc500_0 .net "valid_in", 0 0, v0x6047d61e47a0_0;  alias, 1 drivers
v0x6047d61dc5f0_0 .var "valid_out", 0 0;
v0x6047d61de870_2 .array/port v0x6047d61de870, 2;
v0x6047d61dc6b0_0 .net/s "weight_in", 7 0, v0x6047d61de870_2;  1 drivers
L_0x6047d61e8090 .extend/s 16, v0x6047d61dfdc0_0;
L_0x6047d61e8130 .extend/s 16, v0x6047d61de870_2;
L_0x6047d61e8220 .arith/mult 16, L_0x6047d61e8090, L_0x6047d61e8130;
L_0x6047d61e8360 .part L_0x6047d61e8220, 15, 1;
LS_0x6047d61e8450_0_0 .concat [ 1 1 1 1], L_0x6047d61e8360, L_0x6047d61e8360, L_0x6047d61e8360, L_0x6047d61e8360;
LS_0x6047d61e8450_0_4 .concat [ 1 1 1 1], L_0x6047d61e8360, L_0x6047d61e8360, L_0x6047d61e8360, L_0x6047d61e8360;
LS_0x6047d61e8450_0_8 .concat [ 1 1 1 1], L_0x6047d61e8360, L_0x6047d61e8360, L_0x6047d61e8360, L_0x6047d61e8360;
LS_0x6047d61e8450_0_12 .concat [ 1 1 1 1], L_0x6047d61e8360, L_0x6047d61e8360, L_0x6047d61e8360, L_0x6047d61e8360;
L_0x6047d61e8450 .concat [ 4 4 4 4], LS_0x6047d61e8450_0_0, LS_0x6047d61e8450_0_4, LS_0x6047d61e8450_0_8, LS_0x6047d61e8450_0_12;
L_0x6047d61e8750 .concat [ 16 16 0 0], L_0x6047d61e8220, L_0x6047d61e8450;
S_0x6047d61dc870 .scope generate, "pe_array[3]" "pe_array[3]" 5 64, 5 64 0, S_0x6047d61d84a0;
 .timescale 0 0;
P_0x6047d61dca70 .param/l "gi" 1 5 64, +C4<011>;
S_0x6047d61dcb50 .scope module, "u_pe" "conv_pe" 5 65, 6 1 0, S_0x6047d61dc870;
 .timescale 0 0;
    .port_info 0 /INPUT 1 "clk";
    .port_info 1 /INPUT 1 "rst";
    .port_info 2 /INPUT 1 "valid_in";
    .port_info 3 /INPUT 8 "pixel_in";
    .port_info 4 /INPUT 8 "weight_in";
    .port_info 5 /OUTPUT 32 "accum_out";
    .port_info 6 /OUTPUT 1 "valid_out";
P_0x6047d619e0c0 .param/l "ACCUM_WIDTH" 0 6 3, +C4<00000000000000000000000000100000>;
P_0x6047d619e100 .param/l "DATA_WIDTH" 0 6 2, +C4<00000000000000000000000000001000>;
P_0x6047d619e140 .param/l "KERNEL_SIZE" 0 6 4, +C4<00000000000000000000000000001001>;
v0x6047d61dcf60_0 .net/s *"_ivl_0", 15 0, L_0x6047d61e8830;  1 drivers
v0x6047d61dd060_0 .net/s *"_ivl_2", 15 0, L_0x6047d61e88d0;  1 drivers
v0x6047d61dd140_0 .net *"_ivl_7", 0 0, L_0x6047d61e8b00;  1 drivers
v0x6047d61dd200_0 .net *"_ivl_8", 15 0, L_0x6047d61e8bf0;  1 drivers
v0x6047d61dd2e0_0 .var/s "accum_out", 31 0;
v0x6047d61dd410_0 .var/s "accum_reg", 31 0;
v0x6047d61dd4f0_0 .net "clk", 0 0, v0x6047d61e5d80_0;  alias, 1 drivers
v0x6047d61dd590_0 .net/s "pixel_in", 7 0, v0x6047d61dfdc0_0;  alias, 1 drivers
v0x6047d61dd650_0 .net/s "product", 15 0, L_0x6047d61e89c0;  1 drivers
v0x6047d61dd730_0 .net/s "product_ext", 31 0, L_0x6047d61e8f80;  1 drivers
v0x6047d61dd810_0 .net "rst", 0 0, v0x6047d61e60f0_0;  alias, 1 drivers
v0x6047d61dd8b0_0 .var "tap_count", 3 0;
v0x6047d61dd990_0 .net "valid_in", 0 0, v0x6047d61e47a0_0;  alias, 1 drivers
v0x6047d61dda30_0 .var "valid_out", 0 0;
v0x6047d61de870_3 .array/port v0x6047d61de870, 3;
v0x6047d61ddaf0_0 .net/s "weight_in", 7 0, v0x6047d61de870_3;  1 drivers
L_0x6047d61e8830 .extend/s 16, v0x6047d61dfdc0_0;
L_0x6047d61e88d0 .extend/s 16, v0x6047d61de870_3;
L_0x6047d61e89c0 .arith/mult 16, L_0x6047d61e8830, L_0x6047d61e88d0;
L_0x6047d61e8b00 .part L_0x6047d61e89c0, 15, 1;
LS_0x6047d61e8bf0_0_0 .concat [ 1 1 1 1], L_0x6047d61e8b00, L_0x6047d61e8b00, L_0x6047d61e8b00, L_0x6047d61e8b00;
LS_0x6047d61e8bf0_0_4 .concat [ 1 1 1 1], L_0x6047d61e8b00, L_0x6047d61e8b00, L_0x6047d61e8b00, L_0x6047d61e8b00;
LS_0x6047d61e8bf0_0_8 .concat [ 1 1 1 1], L_0x6047d61e8b00, L_0x6047d61e8b00, L_0x6047d61e8b00, L_0x6047d61e8b00;
LS_0x6047d61e8bf0_0_12 .concat [ 1 1 1 1], L_0x6047d61e8b00, L_0x6047d61e8b00, L_0x6047d61e8b00, L_0x6047d61e8b00;
L_0x6047d61e8bf0 .concat [ 4 4 4 4], LS_0x6047d61e8bf0_0_0, LS_0x6047d61e8bf0_0_4, LS_0x6047d61e8bf0_0_8, LS_0x6047d61e8bf0_0_12;
L_0x6047d61e8f80 .concat [ 16 16 0 0], L_0x6047d61e89c0, L_0x6047d61e8bf0;
S_0x6047d61dec30 .scope module, "u_intf" "cnn_interface" 4 176, 7 166 0, S_0x6047d61d7970;
 .timescale 0 0;
    .port_info 0 /INPUT 1 "clk";
    .port_info 1 /INPUT 1 "rst";
    .port_info 2 /INPUT 1 "s_awvalid";
    .port_info 3 /OUTPUT 1 "s_awready";
    .port_info 4 /INPUT 32 "s_awaddr";
    .port_info 5 /INPUT 1 "s_wvalid";
    .port_info 6 /OUTPUT 1 "s_wready";
    .port_info 7 /INPUT 32 "s_wdata";
    .port_info 8 /INPUT 4 "s_wstrb";
    .port_info 9 /OUTPUT 1 "s_bvalid";
    .port_info 10 /INPUT 1 "s_bready";
    .port_info 11 /OUTPUT 2 "s_bresp";
    .port_info 12 /INPUT 1 "s_arvalid";
    .port_info 13 /OUTPUT 1 "s_arready";
    .port_info 14 /INPUT 32 "s_araddr";
    .port_info 15 /OUTPUT 1 "s_rvalid";
    .port_info 16 /INPUT 1 "s_rready";
    .port_info 17 /OUTPUT 32 "s_rdata";
    .port_info 18 /OUTPUT 2 "s_rresp";
    .port_info 19 /OUTPUT 8 "pixel_out";
    .port_info 20 /OUTPUT 8 "weight_out";
    .port_info 21 /OUTPUT 1 "valid_out";
    .port_info 22 /INPUT 1 "done_in";
    .port_info 23 /INPUT 32 "result_in";
P_0x6047d61dede0 .param/l "ADDR_WIDTH" 0 7 168, +C4<00000000000000000000000000100000>;
P_0x6047d61dee20 .param/l "AXI_DW" 0 7 169, +C4<00000000000000000000000000100000>;
P_0x6047d61dee60 .param/l "DATA_WIDTH" 0 7 167, +C4<00000000000000000000000000001000>;
v0x6047d61e1900_0 .net "clk", 0 0, v0x6047d61e5d80_0;  alias, 1 drivers
v0x6047d61e19c0_0 .net "done_in", 0 0, v0x6047d61e2f50_0;  1 drivers
v0x6047d61e1ab0_0 .net/s "pixel_out", 7 0, v0x6047d61dfdc0_0;  alias, 1 drivers
v0x6047d61e1b80_0 .net "result_in", 31 0, v0x6047d61e3230_0;  1 drivers
v0x6047d61e1c50_0 .net "rst", 0 0, v0x6047d61e60f0_0;  alias, 1 drivers
v0x6047d61e1cf0_0 .net "s_araddr", 31 0, v0x6047d61e62a0_0;  alias, 1 drivers
v0x6047d61e1d90_0 .net "s_arready", 0 0, v0x6047d61e0550_0;  alias, 1 drivers
v0x6047d61e1e60_0 .net "s_arvalid", 0 0, v0x6047d61e6450_0;  alias, 1 drivers
v0x6047d61e1f30_0 .net "s_awaddr", 31 0, v0x6047d61e64f0_0;  alias, 1 drivers
v0x6047d61e2000_0 .net "s_awready", 0 0, v0x6047d61e07b0_0;  alias, 1 drivers
v0x6047d61e20d0_0 .net "s_awvalid", 0 0, v0x6047d61e6650_0;  alias, 1 drivers
v0x6047d61e21a0_0 .net "s_bready", 0 0, v0x6047d61e66f0_0;  alias, 1 drivers
v0x6047d61e2270_0 .net "s_bresp", 1 0, v0x6047d61e09f0_0;  alias, 1 drivers
v0x6047d61e2340_0 .net "s_bvalid", 0 0, v0x6047d61e0ad0_0;  alias, 1 drivers
v0x6047d61e2410_0 .net "s_rdata", 31 0, v0x6047d61e0b90_0;  alias, 1 drivers
v0x6047d61e24e0_0 .net "s_rready", 0 0, v0x6047d61e69b0_0;  alias, 1 drivers
v0x6047d61e25b0_0 .net "s_rresp", 1 0, v0x6047d61e0d30_0;  alias, 1 drivers
v0x6047d61e2790_0 .net "s_rvalid", 0 0, v0x6047d61e0e10_0;  alias, 1 drivers
v0x6047d61e2860_0 .net "s_wdata", 31 0, v0x6047d61e6cc0_0;  alias, 1 drivers
v0x6047d61e2930_0 .net "s_wready", 0 0, v0x6047d61e0fb0_0;  alias, 1 drivers
v0x6047d61e2a00_0 .net "s_wstrb", 3 0, v0x6047d61e6e20_0;  alias, 1 drivers
v0x6047d61e2ad0_0 .net "s_wvalid", 0 0, v0x6047d61e6ee0_0;  alias, 1 drivers
v0x6047d61e2ba0_0 .net "valid_out", 0 0, v0x6047d61e1210_0;  alias, 1 drivers
v0x6047d61e2c70_0 .net/s "weight_out", 7 0, v0x6047d61e12d0_0;  alias, 1 drivers
S_0x6047d61df3e0 .scope module, "u_slave" "axi4lite_slave" 7 199, 7 28 0, S_0x6047d61dec30;
 .timescale 0 0;
    .port_info 0 /INPUT 1 "clk";
    .port_info 1 /INPUT 1 "rst";
    .port_info 2 /INPUT 1 "s_awvalid";
    .port_info 3 /OUTPUT 1 "s_awready";
    .port_info 4 /INPUT 32 "s_awaddr";
    .port_info 5 /INPUT 1 "s_wvalid";
    .port_info 6 /OUTPUT 1 "s_wready";
    .port_info 7 /INPUT 32 "s_wdata";
    .port_info 8 /INPUT 4 "s_wstrb";
    .port_info 9 /OUTPUT 1 "s_bvalid";
    .port_info 10 /INPUT 1 "s_bready";
    .port_info 11 /OUTPUT 2 "s_bresp";
    .port_info 12 /INPUT 1 "s_arvalid";
    .port_info 13 /OUTPUT 1 "s_arready";
    .port_info 14 /INPUT 32 "s_araddr";
    .port_info 15 /OUTPUT 1 "s_rvalid";
    .port_info 16 /INPUT 1 "s_rready";
    .port_info 17 /OUTPUT 32 "s_rdata";
    .port_info 18 /OUTPUT 2 "s_rresp";
    .port_info 19 /OUTPUT 8 "pixel_out";
    .port_info 20 /OUTPUT 8 "weight_out";
    .port_info 21 /OUTPUT 1 "valid_out";
    .port_info 22 /INPUT 1 "done_in";
    .port_info 23 /INPUT 32 "result_in";
P_0x6047d61b5a00 .param/l "ADDR_WIDTH" 0 7 30, +C4<00000000000000000000000000100000>;
P_0x6047d61b5a40 .param/l "AXI_DW" 0 7 31, +C4<00000000000000000000000000100000>;
P_0x6047d61b5a80 .param/l "DATA_WIDTH" 0 7 29, +C4<00000000000000000000000000001000>;
P_0x6047d61b5ac0 .param/l "RD_DATA" 1 7 120, C4<01>;
P_0x6047d61b5b00 .param/l "RD_IDLE" 1 7 120, C4<00>;
P_0x6047d61b5b40 .param/l "WR_DATA" 1 7 60, C4<01>;
P_0x6047d61b5b80 .param/l "WR_IDLE" 1 7 60, C4<00>;
P_0x6047d61b5bc0 .param/l "WR_RESP" 1 7 60, C4<10>;
v0x6047d61dfc60_0 .net "clk", 0 0, v0x6047d61e5d80_0;  alias, 1 drivers
v0x6047d61dfd00_0 .net "done_in", 0 0, v0x6047d61e2f50_0;  alias, 1 drivers
v0x6047d61dfdc0_0 .var/s "pixel_out", 7 0;
v0x6047d61dfe90_0 .var "rd_state", 1 0;
v0x6047d61dff70_0 .var "reg_ctrl", 31 0;
v0x6047d61e0050_0 .var "reg_pixel", 31 0;
v0x6047d61e0130_0 .var "reg_status", 31 0;
v0x6047d61e0210_0 .var "reg_weight", 31 0;
v0x6047d61e02f0_0 .net "result_in", 31 0, v0x6047d61e3230_0;  alias, 1 drivers
v0x6047d61e03d0_0 .net "rst", 0 0, v0x6047d61e60f0_0;  alias, 1 drivers
v0x6047d61e0470_0 .net "s_araddr", 31 0, v0x6047d61e62a0_0;  alias, 1 drivers
v0x6047d61e0550_0 .var "s_arready", 0 0;
v0x6047d61e0610_0 .net "s_arvalid", 0 0, v0x6047d61e6450_0;  alias, 1 drivers
v0x6047d61e06d0_0 .net "s_awaddr", 31 0, v0x6047d61e64f0_0;  alias, 1 drivers
v0x6047d61e07b0_0 .var "s_awready", 0 0;
v0x6047d61e0870_0 .net "s_awvalid", 0 0, v0x6047d61e6650_0;  alias, 1 drivers
v0x6047d61e0930_0 .net "s_bready", 0 0, v0x6047d61e66f0_0;  alias, 1 drivers
v0x6047d61e09f0_0 .var "s_bresp", 1 0;
v0x6047d61e0ad0_0 .var "s_bvalid", 0 0;
v0x6047d61e0b90_0 .var "s_rdata", 31 0;
v0x6047d61e0c70_0 .net "s_rready", 0 0, v0x6047d61e69b0_0;  alias, 1 drivers
v0x6047d61e0d30_0 .var "s_rresp", 1 0;
v0x6047d61e0e10_0 .var "s_rvalid", 0 0;
v0x6047d61e0ed0_0 .net "s_wdata", 31 0, v0x6047d61e6cc0_0;  alias, 1 drivers
v0x6047d61e0fb0_0 .var "s_wready", 0 0;
v0x6047d61e1070_0 .net "s_wstrb", 3 0, v0x6047d61e6e20_0;  alias, 1 drivers
v0x6047d61e1150_0 .net "s_wvalid", 0 0, v0x6047d61e6ee0_0;  alias, 1 drivers
v0x6047d61e1210_0 .var "valid_out", 0 0;
v0x6047d61e12d0_0 .var/s "weight_out", 7 0;
v0x6047d61e1390_0 .var "wr_addr_lat", 31 0;
v0x6047d61e1450_0 .var "wr_state", 1 0;
S_0x6047d61e4e00 .scope task, "load_weights" "load_weights" 3 174, 3 174 0, S_0x6047d61b0a80;
 .timescale -9 -12;
v0x6047d619def0_0 .var/i "i", 31 0;
v0x6047d61e5040_0 .var/s "w", 7 0;
TD_tb_top.load_weights ;
    %pushi/vec4 0, 0, 32;
    %store/vec4 v0x6047d619def0_0, 0, 32;
T_2.6 ;
    %load/vec4 v0x6047d619def0_0;
    %cmpi/s 4, 0, 32;
    %jmp/0xz T_2.7, 5;
    %pushi/vec4 4, 0, 32;
    %store/vec4 v0x6047d6195bd0_0, 0, 32;
    %load/vec4 v0x6047d61e5040_0;
    %parti/s 1, 7, 4;
    %replicate 24;
    %load/vec4 v0x6047d61e5040_0;
    %concat/vec4; draw_concat_vec4
    %store/vec4 v0x6047d61967b0_0, 0, 32;
    %fork TD_tb_top.axi_write, S_0x6047d61d7720;
    %join;
    %pushi/vec4 8, 0, 32;
    %store/vec4 v0x6047d6195bd0_0, 0, 32;
    %pushi/vec4 1, 0, 32;
    %store/vec4 v0x6047d61967b0_0, 0, 32;
    %fork TD_tb_top.axi_write, S_0x6047d61d7720;
    %join;
    %load/vec4 v0x6047d619def0_0;
    %addi 1, 0, 32;
    %store/vec4 v0x6047d619def0_0, 0, 32;
    %jmp T_2.6;
T_2.7 ;
    %end;
S_0x6047d61e5120 .scope task, "run_test" "run_test" 3 204, 3 204 0, S_0x6047d61b0a80;
 .timescale -9 -12;
v0x6047d61e5350_0 .var/s "expected", 31 0;
v0x6047d61e5450_0 .var "label", 255 0;
v0x6047d61e5530_0 .var/s "pixel_val", 7 0;
v0x6047d61e55f0_0 .var "result_rd", 31 0;
v0x6047d61e56d0_0 .var "status_rd", 31 0;
v0x6047d61e5800_0 .var/i "timeout", 31 0;
v0x6047d61e58e0_0 .var/s "weight_val", 7 0;
TD_tb_top.run_test ;
    %pushi/vec4 1, 0, 1;
    %store/vec4 v0x6047d61e60f0_0, 0, 1;
    %pushi/vec4 4, 0, 32;
T_3.8 %dup/vec4;
    %pushi/vec4 0, 0, 32;
    %cmp/s;
    %jmp/1xz T_3.9, 5;
    %jmp/1 T_3.9, 4;
    %pushi/vec4 1, 0, 32;
    %sub;
    %wait E_0x6047d614a640;
    %jmp T_3.8;
T_3.9 ;
    %pop/vec4 1;
    %delay 1000, 0;
    %pushi/vec4 0, 0, 1;
    %store/vec4 v0x6047d61e60f0_0, 0, 1;
    %pushi/vec4 2, 0, 32;
T_3.10 %dup/vec4;
    %pushi/vec4 0, 0, 32;
    %cmp/s;
    %jmp/1xz T_3.11, 5;
    %jmp/1 T_3.11, 4;
    %pushi/vec4 1, 0, 32;
    %sub;
    %wait E_0x6047d614a640;
    %jmp T_3.10;
T_3.11 ;
    %pop/vec4 1;
    %delay 1000, 0;
    %load/vec4 v0x6047d61e58e0_0;
    %store/vec4 v0x6047d61e5040_0, 0, 8;
    %fork TD_tb_top.load_weights, S_0x6047d61e4e00;
    %join;
    %load/vec4 v0x6047d61e5530_0;
    %store/vec4 v0x6047d61e5ca0_0, 0, 8;
    %fork TD_tb_top.stream_pixels, S_0x6047d61e59c0;
    %join;
    %pushi/vec4 0, 0, 32;
    %store/vec4 v0x6047d61e56d0_0, 0, 32;
    %pushi/vec4 300, 0, 32;
    %store/vec4 v0x6047d61e5800_0, 0, 32;
T_3.12 ;
    %load/vec4 v0x6047d61e56d0_0;
    %parti/s 1, 0, 2;
    %cmpi/ne 1, 0, 1;
    %flag_get/vec4 6;
    %jmp/0 T_3.14, 6;
    %pushi/vec4 0, 0, 32;
    %load/vec4 v0x6047d61e5800_0;
    %cmp/s;
    %flag_get/vec4 5;
    %and;
T_3.14;
    %flag_set/vec4 8;
    %jmp/0xz T_3.13, 8;
    %pushi/vec4 12, 0, 32;
    %store/vec4 v0x6047d61978e0_0, 0, 32;
    %fork TD_tb_top.axi_read, S_0x6047d61bfea0;
    %join;
    %load/vec4 v0x6047d6197f90_0;
    %store/vec4 v0x6047d61e56d0_0, 0, 32;
    %load/vec4 v0x6047d61e5800_0;
    %subi 1, 0, 32;
    %store/vec4 v0x6047d61e5800_0, 0, 32;
    %jmp T_3.12;
T_3.13 ;
    %load/vec4 v0x6047d61e5800_0;
    %cmpi/e 0, 0, 32;
    %jmp/0xz  T_3.15, 4;
    %vpi_call/w 3 230 "$display", "FAIL  [%0s] Timeout: STATUS never set", v0x6047d61e5450_0 {0 0 0};
    %load/vec4 v0x6047d61e5f50_0;
    %addi 1, 0, 32;
    %store/vec4 v0x6047d61e5f50_0, 0, 32;
    %jmp T_3.16;
T_3.15 ;
    %pushi/vec4 16, 0, 32;
    %store/vec4 v0x6047d61978e0_0, 0, 32;
    %fork TD_tb_top.axi_read, S_0x6047d61bfea0;
    %join;
    %load/vec4 v0x6047d6197f90_0;
    %store/vec4 v0x6047d61e55f0_0, 0, 32;
    %load/vec4 v0x6047d61e55f0_0;
    %load/vec4 v0x6047d61e5350_0;
    %cmp/e;
    %jmp/0xz  T_3.17, 6;
    %load/vec4 v0x6047d61e55f0_0;
    %vpi_call/w 3 237 "$display", "PASS  [%0s]  result=%0d  expected=%0d", v0x6047d61e5450_0, S<0,vec4,s32>, v0x6047d61e5350_0 {1 0 0};
    %load/vec4 v0x6047d61e6030_0;
    %addi 1, 0, 32;
    %store/vec4 v0x6047d61e6030_0, 0, 32;
    %jmp T_3.18;
T_3.17 ;
    %load/vec4 v0x6047d61e55f0_0;
    %vpi_call/w 3 241 "$display", "FAIL  [%0s]  result=%0d  expected=%0d", v0x6047d61e5450_0, S<0,vec4,s32>, v0x6047d61e5350_0 {1 0 0};
    %load/vec4 v0x6047d61e5f50_0;
    %addi 1, 0, 32;
    %store/vec4 v0x6047d61e5f50_0, 0, 32;
T_3.18 ;
T_3.16 ;
    %end;
S_0x6047d61e59c0 .scope task, "stream_pixels" "stream_pixels" 3 188, 3 188 0, S_0x6047d61b0a80;
 .timescale -9 -12;
v0x6047d61e5ba0_0 .var/i "i", 31 0;
v0x6047d61e5ca0_0 .var/s "p", 7 0;
TD_tb_top.stream_pixels ;
    %pushi/vec4 0, 0, 32;
    %store/vec4 v0x6047d61e5ba0_0, 0, 32;
T_4.19 ;
    %load/vec4 v0x6047d61e5ba0_0;
    %cmpi/s 9, 0, 32;
    %jmp/0xz T_4.20, 5;
    %pushi/vec4 0, 0, 32;
    %store/vec4 v0x6047d6195bd0_0, 0, 32;
    %load/vec4 v0x6047d61e5ca0_0;
    %parti/s 1, 7, 4;
    %replicate 24;
    %load/vec4 v0x6047d61e5ca0_0;
    %concat/vec4; draw_concat_vec4
    %store/vec4 v0x6047d61967b0_0, 0, 32;
    %fork TD_tb_top.axi_write, S_0x6047d61d7720;
    %join;
    %pushi/vec4 8, 0, 32;
    %store/vec4 v0x6047d6195bd0_0, 0, 32;
    %pushi/vec4 1, 0, 32;
    %store/vec4 v0x6047d61967b0_0, 0, 32;
    %fork TD_tb_top.axi_write, S_0x6047d61d7720;
    %join;
    %load/vec4 v0x6047d61e5ba0_0;
    %addi 1, 0, 32;
    %store/vec4 v0x6047d61e5ba0_0, 0, 32;
    %jmp T_4.19;
T_4.20 ;
    %end;
    .scope S_0x6047d61df3e0;
T_5 ;
    %wait E_0x6047d614a640;
    %load/vec4 v0x6047d61e03d0_0;
    %flag_set/vec4 8;
    %jmp/0xz  T_5.0, 8;
    %pushi/vec4 0, 0, 2;
    %assign/vec4 v0x6047d61e1450_0, 0;
    %pushi/vec4 0, 0, 1;
    %assign/vec4 v0x6047d61e07b0_0, 0;
    %pushi/vec4 0, 0, 1;
    %assign/vec4 v0x6047d61e0fb0_0, 0;
    %pushi/vec4 0, 0, 1;
    %assign/vec4 v0x6047d61e0ad0_0, 0;
    %pushi/vec4 0, 0, 2;
    %assign/vec4 v0x6047d61e09f0_0, 0;
    %pushi/vec4 0, 0, 32;
    %assign/vec4 v0x6047d61e0050_0, 0;
    %pushi/vec4 0, 0, 32;
    %assign/vec4 v0x6047d61e0210_0, 0;
    %pushi/vec4 0, 0, 32;
    %assign/vec4 v0x6047d61dff70_0, 0;
    %pushi/vec4 0, 0, 1;
    %assign/vec4 v0x6047d61e1210_0, 0;
    %jmp T_5.1;
T_5.0 ;
    %pushi/vec4 0, 0, 1;
    %assign/vec4 v0x6047d61e1210_0, 0;
    %load/vec4 v0x6047d61e1450_0;
    %dup/vec4;
    %pushi/vec4 0, 0, 2;
    %cmp/u;
    %jmp/1 T_5.2, 6;
    %dup/vec4;
    %pushi/vec4 1, 0, 2;
    %cmp/u;
    %jmp/1 T_5.3, 6;
    %dup/vec4;
    %pushi/vec4 2, 0, 2;
    %cmp/u;
    %jmp/1 T_5.4, 6;
    %pushi/vec4 0, 0, 2;
    %assign/vec4 v0x6047d61e1450_0, 0;
    %jmp T_5.6;
T_5.2 ;
    %pushi/vec4 1, 0, 1;
    %assign/vec4 v0x6047d61e07b0_0, 0;
    %pushi/vec4 0, 0, 1;
    %assign/vec4 v0x6047d61e0fb0_0, 0;
    %load/vec4 v0x6047d61e0870_0;
    %load/vec4 v0x6047d61e07b0_0;
    %and;
    %flag_set/vec4 8;
    %jmp/0xz  T_5.7, 8;
    %load/vec4 v0x6047d61e06d0_0;
    %assign/vec4 v0x6047d61e1390_0, 0;
    %pushi/vec4 0, 0, 1;
    %assign/vec4 v0x6047d61e07b0_0, 0;
    %pushi/vec4 1, 0, 1;
    %assign/vec4 v0x6047d61e0fb0_0, 0;
    %pushi/vec4 1, 0, 2;
    %assign/vec4 v0x6047d61e1450_0, 0;
T_5.7 ;
    %jmp T_5.6;
T_5.3 ;
    %load/vec4 v0x6047d61e1150_0;
    %load/vec4 v0x6047d61e0fb0_0;
    %and;
    %flag_set/vec4 8;
    %jmp/0xz  T_5.9, 8;
    %pushi/vec4 0, 0, 1;
    %assign/vec4 v0x6047d61e0fb0_0, 0;
    %load/vec4 v0x6047d61e1390_0;
    %parti/s 4, 0, 2;
    %dup/vec4;
    %pushi/vec4 0, 0, 4;
    %cmp/u;
    %jmp/1 T_5.11, 6;
    %dup/vec4;
    %pushi/vec4 4, 0, 4;
    %cmp/u;
    %jmp/1 T_5.12, 6;
    %dup/vec4;
    %pushi/vec4 8, 0, 4;
    %cmp/u;
    %jmp/1 T_5.13, 6;
    %jmp T_5.14;
T_5.11 ;
    %load/vec4 v0x6047d61e0ed0_0;
    %assign/vec4 v0x6047d61e0050_0, 0;
    %jmp T_5.14;
T_5.12 ;
    %load/vec4 v0x6047d61e0ed0_0;
    %assign/vec4 v0x6047d61e0210_0, 0;
    %jmp T_5.14;
T_5.13 ;
    %load/vec4 v0x6047d61e0ed0_0;
    %assign/vec4 v0x6047d61dff70_0, 0;
    %load/vec4 v0x6047d61e0ed0_0;
    %parti/s 1, 0, 2;
    %flag_set/vec4 8;
    %jmp/0xz  T_5.15, 8;
    %pushi/vec4 1, 0, 1;
    %assign/vec4 v0x6047d61e1210_0, 0;
T_5.15 ;
    %jmp T_5.14;
T_5.14 ;
    %pop/vec4 1;
    %pushi/vec4 1, 0, 1;
    %assign/vec4 v0x6047d61e0ad0_0, 0;
    %pushi/vec4 0, 0, 2;
    %assign/vec4 v0x6047d61e09f0_0, 0;
    %pushi/vec4 2, 0, 2;
    %assign/vec4 v0x6047d61e1450_0, 0;
T_5.9 ;
    %jmp T_5.6;
T_5.4 ;
    %load/vec4 v0x6047d61e0ad0_0;
    %load/vec4 v0x6047d61e0930_0;
    %and;
    %flag_set/vec4 8;
    %jmp/0xz  T_5.17, 8;
    %pushi/vec4 0, 0, 1;
    %assign/vec4 v0x6047d61e0ad0_0, 0;
    %pushi/vec4 0, 0, 2;
    %assign/vec4 v0x6047d61e1450_0, 0;
T_5.17 ;
    %jmp T_5.6;
T_5.6 ;
    %pop/vec4 1;
T_5.1 ;
    %jmp T_5;
    .thread T_5;
    .scope S_0x6047d61df3e0;
T_6 ;
    %wait E_0x6047d614a640;
    %load/vec4 v0x6047d61e03d0_0;
    %flag_set/vec4 8;
    %jmp/0xz  T_6.0, 8;
    %pushi/vec4 0, 0, 32;
    %assign/vec4 v0x6047d61e0130_0, 0;
    %jmp T_6.1;
T_6.0 ;
    %load/vec4 v0x6047d61dfd00_0;
    %flag_set/vec4 8;
    %jmp/0xz  T_6.2, 8;
    %pushi/vec4 1, 0, 32;
    %assign/vec4 v0x6047d61e0130_0, 0;
T_6.2 ;
T_6.1 ;
    %jmp T_6;
    .thread T_6;
    .scope S_0x6047d61df3e0;
T_7 ;
    %wait E_0x6047d614a640;
    %load/vec4 v0x6047d61e03d0_0;
    %flag_set/vec4 8;
    %jmp/0xz  T_7.0, 8;
    %pushi/vec4 0, 0, 2;
    %assign/vec4 v0x6047d61dfe90_0, 0;
    %pushi/vec4 0, 0, 1;
    %assign/vec4 v0x6047d61e0550_0, 0;
    %pushi/vec4 0, 0, 1;
    %assign/vec4 v0x6047d61e0e10_0, 0;
    %pushi/vec4 0, 0, 32;
    %assign/vec4 v0x6047d61e0b90_0, 0;
    %pushi/vec4 0, 0, 2;
    %assign/vec4 v0x6047d61e0d30_0, 0;
    %jmp T_7.1;
T_7.0 ;
    %load/vec4 v0x6047d61dfe90_0;
    %dup/vec4;
    %pushi/vec4 0, 0, 2;
    %cmp/u;
    %jmp/1 T_7.2, 6;
    %dup/vec4;
    %pushi/vec4 1, 0, 2;
    %cmp/u;
    %jmp/1 T_7.3, 6;
    %pushi/vec4 0, 0, 2;
    %assign/vec4 v0x6047d61dfe90_0, 0;
    %jmp T_7.5;
T_7.2 ;
    %pushi/vec4 1, 0, 1;
    %assign/vec4 v0x6047d61e0550_0, 0;
    %load/vec4 v0x6047d61e0610_0;
    %load/vec4 v0x6047d61e0550_0;
    %and;
    %flag_set/vec4 8;
    %jmp/0xz  T_7.6, 8;
    %pushi/vec4 0, 0, 1;
    %assign/vec4 v0x6047d61e0550_0, 0;
    %load/vec4 v0x6047d61e0470_0;
    %parti/s 5, 0, 2;
    %dup/vec4;
    %pushi/vec4 0, 0, 5;
    %cmp/u;
    %jmp/1 T_7.8, 6;
    %dup/vec4;
    %pushi/vec4 4, 0, 5;
    %cmp/u;
    %jmp/1 T_7.9, 6;
    %dup/vec4;
    %pushi/vec4 8, 0, 5;
    %cmp/u;
    %jmp/1 T_7.10, 6;
    %dup/vec4;
    %pushi/vec4 12, 0, 5;
    %cmp/u;
    %jmp/1 T_7.11, 6;
    %dup/vec4;
    %pushi/vec4 16, 0, 5;
    %cmp/u;
    %jmp/1 T_7.12, 6;
    %pushi/vec4 3735928559, 0, 32;
    %assign/vec4 v0x6047d61e0b90_0, 0;
    %jmp T_7.14;
T_7.8 ;
    %load/vec4 v0x6047d61e0050_0;
    %assign/vec4 v0x6047d61e0b90_0, 0;
    %jmp T_7.14;
T_7.9 ;
    %load/vec4 v0x6047d61e0210_0;
    %assign/vec4 v0x6047d61e0b90_0, 0;
    %jmp T_7.14;
T_7.10 ;
    %load/vec4 v0x6047d61dff70_0;
    %assign/vec4 v0x6047d61e0b90_0, 0;
    %jmp T_7.14;
T_7.11 ;
    %load/vec4 v0x6047d61e0130_0;
    %assign/vec4 v0x6047d61e0b90_0, 0;
    %jmp T_7.14;
T_7.12 ;
    %load/vec4 v0x6047d61e02f0_0;
    %assign/vec4 v0x6047d61e0b90_0, 0;
    %jmp T_7.14;
T_7.14 ;
    %pop/vec4 1;
    %pushi/vec4 0, 0, 2;
    %assign/vec4 v0x6047d61e0d30_0, 0;
    %pushi/vec4 1, 0, 1;
    %assign/vec4 v0x6047d61e0e10_0, 0;
    %pushi/vec4 1, 0, 2;
    %assign/vec4 v0x6047d61dfe90_0, 0;
T_7.6 ;
    %jmp T_7.5;
T_7.3 ;
    %load/vec4 v0x6047d61e0e10_0;
    %load/vec4 v0x6047d61e0c70_0;
    %and;
    %flag_set/vec4 8;
    %jmp/0xz  T_7.15, 8;
    %pushi/vec4 0, 0, 1;
    %assign/vec4 v0x6047d61e0e10_0, 0;
    %pushi/vec4 0, 0, 2;
    %assign/vec4 v0x6047d61dfe90_0, 0;
T_7.15 ;
    %jmp T_7.5;
T_7.5 ;
    %pop/vec4 1;
T_7.1 ;
    %jmp T_7;
    .thread T_7;
    .scope S_0x6047d61df3e0;
T_8 ;
    %wait E_0x6047d614a640;
    %load/vec4 v0x6047d61e03d0_0;
    %flag_set/vec4 8;
    %jmp/0xz  T_8.0, 8;
    %pushi/vec4 0, 0, 8;
    %assign/vec4 v0x6047d61dfdc0_0, 0;
    %pushi/vec4 0, 0, 8;
    %assign/vec4 v0x6047d61e12d0_0, 0;
    %jmp T_8.1;
T_8.0 ;
    %load/vec4 v0x6047d61e0050_0;
    %parti/s 8, 0, 2;
    %assign/vec4 v0x6047d61dfdc0_0, 0;
    %load/vec4 v0x6047d61e0210_0;
    %parti/s 8, 0, 2;
    %assign/vec4 v0x6047d61e12d0_0, 0;
T_8.1 ;
    %jmp T_8;
    .thread T_8;
    .scope S_0x6047d61d8cb0;
T_9 ;
    %wait E_0x6047d614a640;
    %load/vec4 v0x6047d61d99e0_0;
    %flag_set/vec4 8;
    %jmp/0xz  T_9.0, 8;
    %pushi/vec4 0, 0, 32;
    %assign/vec4 v0x6047d61d95a0_0, 0;
    %pushi/vec4 0, 0, 32;
    %assign/vec4 v0x6047d61d9470_0, 0;
    %pushi/vec4 0, 0, 4;
    %assign/vec4 v0x6047d61d9aa0_0, 0;
    %pushi/vec4 0, 0, 1;
    %assign/vec4 v0x6047d61d9c40_0, 0;
    %jmp T_9.1;
T_9.0 ;
    %pushi/vec4 0, 0, 1;
    %assign/vec4 v0x6047d61d9c40_0, 0;
    %load/vec4 v0x6047d61d9b80_0;
    %flag_set/vec4 8;
    %jmp/0xz  T_9.2, 8;
    %load/vec4 v0x6047d61d9aa0_0;
    %pad/u 32;
    %cmpi/e 8, 0, 32;
    %jmp/0xz  T_9.4, 4;
    %load/vec4 v0x6047d61d95a0_0;
    %load/vec4 v0x6047d61d9900_0;
    %add;
    %assign/vec4 v0x6047d61d9470_0, 0;
    %pushi/vec4 1, 0, 1;
    %assign/vec4 v0x6047d61d9c40_0, 0;
    %pushi/vec4 0, 0, 4;
    %assign/vec4 v0x6047d61d9aa0_0, 0;
    %pushi/vec4 0, 0, 32;
    %assign/vec4 v0x6047d61d95a0_0, 0;
    %jmp T_9.5;
T_9.4 ;
    %load/vec4 v0x6047d61d95a0_0;
    %load/vec4 v0x6047d61d9900_0;
    %add;
    %assign/vec4 v0x6047d61d95a0_0, 0;
    %load/vec4 v0x6047d61d9aa0_0;
    %addi 1, 0, 4;
    %assign/vec4 v0x6047d61d9aa0_0, 0;
T_9.5 ;
T_9.2 ;
T_9.1 ;
    %jmp T_9;
    .thread T_9;
    .scope S_0x6047d61da150;
T_10 ;
    %wait E_0x6047d614a640;
    %load/vec4 v0x6047d61dae00_0;
    %flag_set/vec4 8;
    %jmp/0xz  T_10.0, 8;
    %pushi/vec4 0, 0, 32;
    %assign/vec4 v0x6047d61daa10_0, 0;
    %pushi/vec4 0, 0, 32;
    %assign/vec4 v0x6047d61da8e0_0, 0;
    %pushi/vec4 0, 0, 4;
    %assign/vec4 v0x6047d61daed0_0, 0;
    %pushi/vec4 0, 0, 1;
    %assign/vec4 v0x6047d61db060_0, 0;
    %jmp T_10.1;
T_10.0 ;
    %pushi/vec4 0, 0, 1;
    %assign/vec4 v0x6047d61db060_0, 0;
    %load/vec4 v0x6047d61daf90_0;
    %flag_set/vec4 8;
    %jmp/0xz  T_10.2, 8;
    %load/vec4 v0x6047d61daed0_0;
    %pad/u 32;
    %cmpi/e 8, 0, 32;
    %jmp/0xz  T_10.4, 4;
    %load/vec4 v0x6047d61daa10_0;
    %load/vec4 v0x6047d61dad20_0;
    %add;
    %assign/vec4 v0x6047d61da8e0_0, 0;
    %pushi/vec4 1, 0, 1;
    %assign/vec4 v0x6047d61db060_0, 0;
    %pushi/vec4 0, 0, 4;
    %assign/vec4 v0x6047d61daed0_0, 0;
    %pushi/vec4 0, 0, 32;
    %assign/vec4 v0x6047d61daa10_0, 0;
    %jmp T_10.5;
T_10.4 ;
    %load/vec4 v0x6047d61daa10_0;
    %load/vec4 v0x6047d61dad20_0;
    %add;
    %assign/vec4 v0x6047d61daa10_0, 0;
    %load/vec4 v0x6047d61daed0_0;
    %addi 1, 0, 4;
    %assign/vec4 v0x6047d61daed0_0, 0;
T_10.5 ;
T_10.2 ;
T_10.1 ;
    %jmp T_10;
    .thread T_10;
    .scope S_0x6047d61db560;
T_11 ;
    %wait E_0x6047d614a640;
    %load/vec4 v0x6047d61dc380_0;
    %flag_set/vec4 8;
    %jmp/0xz  T_11.0, 8;
    %pushi/vec4 0, 0, 32;
    %assign/vec4 v0x6047d61dbee0_0, 0;
    %pushi/vec4 0, 0, 32;
    %assign/vec4 v0x6047d61dbdb0_0, 0;
    %pushi/vec4 0, 0, 4;
    %assign/vec4 v0x6047d61dc420_0, 0;
    %pushi/vec4 0, 0, 1;
    %assign/vec4 v0x6047d61dc5f0_0, 0;
    %jmp T_11.1;
T_11.0 ;
    %pushi/vec4 0, 0, 1;
    %assign/vec4 v0x6047d61dc5f0_0, 0;
    %load/vec4 v0x6047d61dc500_0;
    %flag_set/vec4 8;
    %jmp/0xz  T_11.2, 8;
    %load/vec4 v0x6047d61dc420_0;
    %pad/u 32;
    %cmpi/e 8, 0, 32;
    %jmp/0xz  T_11.4, 4;
    %load/vec4 v0x6047d61dbee0_0;
    %load/vec4 v0x6047d61dc2a0_0;
    %add;
    %assign/vec4 v0x6047d61dbdb0_0, 0;
    %pushi/vec4 1, 0, 1;
    %assign/vec4 v0x6047d61dc5f0_0, 0;
    %pushi/vec4 0, 0, 4;
    %assign/vec4 v0x6047d61dc420_0, 0;
    %pushi/vec4 0, 0, 32;
    %assign/vec4 v0x6047d61dbee0_0, 0;
    %jmp T_11.5;
T_11.4 ;
    %load/vec4 v0x6047d61dbee0_0;
    %load/vec4 v0x6047d61dc2a0_0;
    %add;
    %assign/vec4 v0x6047d61dbee0_0, 0;
    %load/vec4 v0x6047d61dc420_0;
    %addi 1, 0, 4;
    %assign/vec4 v0x6047d61dc420_0, 0;
T_11.5 ;
T_11.2 ;
T_11.1 ;
    %jmp T_11;
    .thread T_11;
    .scope S_0x6047d61dcb50;
T_12 ;
    %wait E_0x6047d614a640;
    %load/vec4 v0x6047d61dd810_0;
    %flag_set/vec4 8;
    %jmp/0xz  T_12.0, 8;
    %pushi/vec4 0, 0, 32;
    %assign/vec4 v0x6047d61dd410_0, 0;
    %pushi/vec4 0, 0, 32;
    %assign/vec4 v0x6047d61dd2e0_0, 0;
    %pushi/vec4 0, 0, 4;
    %assign/vec4 v0x6047d61dd8b0_0, 0;
    %pushi/vec4 0, 0, 1;
    %assign/vec4 v0x6047d61dda30_0, 0;
    %jmp T_12.1;
T_12.0 ;
    %pushi/vec4 0, 0, 1;
    %assign/vec4 v0x6047d61dda30_0, 0;
    %load/vec4 v0x6047d61dd990_0;
    %flag_set/vec4 8;
    %jmp/0xz  T_12.2, 8;
    %load/vec4 v0x6047d61dd8b0_0;
    %pad/u 32;
    %cmpi/e 8, 0, 32;
    %jmp/0xz  T_12.4, 4;
    %load/vec4 v0x6047d61dd410_0;
    %load/vec4 v0x6047d61dd730_0;
    %add;
    %assign/vec4 v0x6047d61dd2e0_0, 0;
    %pushi/vec4 1, 0, 1;
    %assign/vec4 v0x6047d61dda30_0, 0;
    %pushi/vec4 0, 0, 4;
    %assign/vec4 v0x6047d61dd8b0_0, 0;
    %pushi/vec4 0, 0, 32;
    %assign/vec4 v0x6047d61dd410_0, 0;
    %jmp T_12.5;
T_12.4 ;
    %load/vec4 v0x6047d61dd410_0;
    %load/vec4 v0x6047d61dd730_0;
    %add;
    %assign/vec4 v0x6047d61dd410_0, 0;
    %load/vec4 v0x6047d61dd8b0_0;
    %addi 1, 0, 4;
    %assign/vec4 v0x6047d61dd8b0_0, 0;
T_12.5 ;
T_12.2 ;
T_12.1 ;
    %jmp T_12;
    .thread T_12;
    .scope S_0x6047d61d84a0;
T_13 ;
    %wait E_0x6047d614a640;
    %load/vec4 v0x6047d61de440_0;
    %flag_set/vec4 8;
    %jmp/0xz  T_13.0, 8;
    %pushi/vec4 0, 0, 32;
    %store/vec4 v0x6047d61dea90_0, 0, 32;
T_13.2 ;
    %load/vec4 v0x6047d61dea90_0;
    %cmpi/s 4, 0, 32;
    %jmp/0xz T_13.3, 5;
    %pushi/vec4 0, 0, 8;
    %ix/getv/s 3, v0x6047d61dea90_0;
    %ix/load 4, 0, 0; Constant delay
    %assign/vec4/a/d v0x6047d61de870, 0, 4;
    %load/vec4 v0x6047d61dea90_0;
    %addi 1, 0, 32;
    %store/vec4 v0x6047d61dea90_0, 0, 32;
    %jmp T_13.2;
T_13.3 ;
    %jmp T_13.1;
T_13.0 ;
    %load/vec4 v0x6047d61de9f0_0;
    %flag_set/vec4 8;
    %jmp/0xz  T_13.4, 8;
    %load/vec4 v0x6047d61de7d0_0;
    %load/vec4 v0x6047d61de730_0;
    %pad/u 4;
    %ix/vec4 3;
    %ix/load 4, 0, 0; Constant delay
    %assign/vec4/a/d v0x6047d61de870, 0, 4;
T_13.4 ;
T_13.1 ;
    %jmp T_13;
    .thread T_13;
    .scope S_0x6047d61d84a0;
T_14 ;
    %wait E_0x6047d614a640;
    %load/vec4 v0x6047d61de440_0;
    %flag_set/vec4 8;
    %jmp/0xz  T_14.0, 8;
    %pushi/vec4 0, 0, 1;
    %assign/vec4 v0x6047d61de3a0_0, 0;
    %pushi/vec4 0, 0, 128;
    %assign/vec4 v0x6047d61de300_0, 0;
    %jmp T_14.1;
T_14.0 ;
    %ix/load 4, 0, 0;
    %flag_set/imm 4, 0;
    %load/vec4a v0x6047d61de040, 4;
    %assign/vec4 v0x6047d61de3a0_0, 0;
    %pushi/vec4 0, 0, 32;
    %store/vec4 v0x6047d61dde00_0, 0, 32;
T_14.2 ;
    %load/vec4 v0x6047d61dde00_0;
    %cmpi/s 4, 0, 32;
    %jmp/0xz T_14.3, 5;
    %ix/getv/s 4, v0x6047d61dde00_0;
    %load/vec4a v0x6047d61ddee0, 4;
    %ix/load 5, 0, 0;
    %load/vec4 v0x6047d61dde00_0;
    %muli 32, 0, 32;
    %ix/vec4/s 4;
    %assign/vec4/off/d v0x6047d61de300_0, 4, 5;
    %load/vec4 v0x6047d61dde00_0;
    %addi 1, 0, 32;
    %store/vec4 v0x6047d61dde00_0, 0, 32;
    %jmp T_14.2;
T_14.3 ;
T_14.1 ;
    %jmp T_14;
    .thread T_14;
    .scope S_0x6047d61d7970;
T_15 ;
    %wait E_0x6047d614a640;
    %load/vec4 v0x6047d61e33c0_0;
    %flag_set/vec4 8;
    %jmp/0xz  T_15.0, 8;
    %pushi/vec4 0, 0, 2;
    %assign/vec4 v0x6047d61e45d0_0, 0;
    %pushi/vec4 0, 0, 2;
    %assign/vec4 v0x6047d61e4840_0, 0;
    %pushi/vec4 0, 0, 2;
    %assign/vec4 v0x6047d61e4920_0, 0;
    %pushi/vec4 0, 0, 4;
    %assign/vec4 v0x6047d61e3010_0, 0;
    %pushi/vec4 0, 0, 1;
    %assign/vec4 v0x6047d61e4a80_0, 0;
    %pushi/vec4 0, 0, 1;
    %assign/vec4 v0x6047d61e47a0_0, 0;
    %pushi/vec4 0, 0, 32;
    %assign/vec4 v0x6047d61e3230_0, 0;
    %pushi/vec4 0, 0, 1;
    %assign/vec4 v0x6047d61e2f50_0, 0;
    %jmp T_15.1;
T_15.0 ;
    %pushi/vec4 0, 0, 1;
    %assign/vec4 v0x6047d61e4a80_0, 0;
    %pushi/vec4 0, 0, 1;
    %assign/vec4 v0x6047d61e47a0_0, 0;
    %pushi/vec4 0, 0, 1;
    %assign/vec4 v0x6047d61e2f50_0, 0;
    %load/vec4 v0x6047d61e45d0_0;
    %dup/vec4;
    %pushi/vec4 0, 0, 2;
    %cmp/u;
    %jmp/1 T_15.2, 6;
    %dup/vec4;
    %pushi/vec4 1, 0, 2;
    %cmp/u;
    %jmp/1 T_15.3, 6;
    %dup/vec4;
    %pushi/vec4 2, 0, 2;
    %cmp/u;
    %jmp/1 T_15.4, 6;
    %dup/vec4;
    %pushi/vec4 3, 0, 2;
    %cmp/u;
    %jmp/1 T_15.5, 6;
    %pushi/vec4 0, 0, 2;
    %assign/vec4 v0x6047d61e45d0_0, 0;
    %jmp T_15.7;
T_15.2 ;
    %load/vec4 v0x6047d61e46b0_0;
    %flag_set/vec4 8;
    %jmp/0xz  T_15.8, 8;
    %pushi/vec4 1, 0, 1;
    %assign/vec4 v0x6047d61e4a80_0, 0;
    %load/vec4 v0x6047d61e4840_0;
    %assign/vec4 v0x6047d61e4920_0, 0;
    %load/vec4 v0x6047d61e4840_0;
    %pad/u 32;
    %cmpi/e 3, 0, 32;
    %jmp/0xz  T_15.10, 4;
    %pushi/vec4 0, 0, 2;
    %assign/vec4 v0x6047d61e4840_0, 0;
    %pushi/vec4 1, 0, 2;
    %assign/vec4 v0x6047d61e45d0_0, 0;
    %jmp T_15.11;
T_15.10 ;
    %load/vec4 v0x6047d61e4840_0;
    %addi 1, 0, 2;
    %assign/vec4 v0x6047d61e4840_0, 0;
T_15.11 ;
T_15.8 ;
    %jmp T_15.7;
T_15.3 ;
    %load/vec4 v0x6047d61e46b0_0;
    %flag_set/vec4 8;
    %jmp/0xz  T_15.12, 8;
    %pushi/vec4 1, 0, 1;
    %assign/vec4 v0x6047d61e47a0_0, 0;
    %load/vec4 v0x6047d61e3010_0;
    %pad/u 32;
    %cmpi/e 8, 0, 32;
    %jmp/0xz  T_15.14, 4;
    %pushi/vec4 0, 0, 4;
    %assign/vec4 v0x6047d61e3010_0, 0;
    %pushi/vec4 2, 0, 2;
    %assign/vec4 v0x6047d61e45d0_0, 0;
    %jmp T_15.15;
T_15.14 ;
    %load/vec4 v0x6047d61e3010_0;
    %addi 1, 0, 4;
    %assign/vec4 v0x6047d61e3010_0, 0;
T_15.15 ;
T_15.12 ;
    %jmp T_15.7;
T_15.4 ;
    %load/vec4 v0x6047d61e3320_0;
    %flag_set/vec4 8;
    %jmp/0xz  T_15.16, 8;
    %load/vec4 v0x6047d61e3170_0;
    %parti/s 32, 0, 2;
    %assign/vec4 v0x6047d61e3230_0, 0;
    %pushi/vec4 1, 0, 1;
    %assign/vec4 v0x6047d61e2f50_0, 0;
    %pushi/vec4 3, 0, 2;
    %assign/vec4 v0x6047d61e45d0_0, 0;
T_15.16 ;
    %jmp T_15.7;
T_15.5 ;
    %jmp T_15.7;
T_15.7 ;
    %pop/vec4 1;
T_15.1 ;
    %jmp T_15;
    .thread T_15;
    .scope S_0x6047d61b0a80;
T_16 ;
    %pushi/vec4 0, 0, 1;
    %store/vec4 v0x6047d61e5d80_0, 0, 1;
    %pushi/vec4 0, 0, 1;
    %store/vec4 v0x6047d61e60f0_0, 0, 1;
    %pushi/vec4 0, 0, 1;
    %store/vec4 v0x6047d61e6650_0, 0, 1;
    %pushi/vec4 0, 0, 32;
    %store/vec4 v0x6047d61e64f0_0, 0, 32;
    %pushi/vec4 0, 0, 1;
    %store/vec4 v0x6047d61e6ee0_0, 0, 1;
    %pushi/vec4 0, 0, 32;
    %store/vec4 v0x6047d61e6cc0_0, 0, 32;
    %pushi/vec4 15, 0, 4;
    %store/vec4 v0x6047d61e6e20_0, 0, 4;
    %pushi/vec4 1, 0, 1;
    %store/vec4 v0x6047d61e66f0_0, 0, 1;
    %pushi/vec4 0, 0, 1;
    %store/vec4 v0x6047d61e6450_0, 0, 1;
    %pushi/vec4 0, 0, 32;
    %store/vec4 v0x6047d61e62a0_0, 0, 32;
    %pushi/vec4 1, 0, 1;
    %store/vec4 v0x6047d61e69b0_0, 0, 1;
    %pushi/vec4 0, 0, 32;
    %store/vec4 v0x6047d61e6030_0, 0, 32;
    %pushi/vec4 0, 0, 32;
    %store/vec4 v0x6047d61e5f50_0, 0, 32;
    %end;
    .thread T_16, $init;
    .scope S_0x6047d61b0a80;
T_17 ;
    %delay 5000, 0;
    %load/vec4 v0x6047d61e5d80_0;
    %inv;
    %store/vec4 v0x6047d61e5d80_0, 0, 1;
    %jmp T_17;
    .thread T_17;
    .scope S_0x6047d61b0a80;
T_18 ;
    %vpi_call/w 3 102 "$dumpfile", "cosim.vcd" {0 0 0};
    %vpi_call/w 3 103 "$dumpvars", 32'sb00000000000000000000000000000001, S_0x6047d61b0a80 {0 0 0};
    %vpi_call/w 3 104 "$dumpvars", 32'sb00000000000000000000000000000001, S_0x6047d61d7970 {0 0 0};
    %vpi_call/w 3 105 "$dumpvars", 32'sb00000000000000000000000000000001, S_0x6047d61df3e0 {0 0 0};
    %vpi_call/w 3 106 "$dumpvars", 32'sb00000000000000000000000000000001, S_0x6047d61d84a0 {0 0 0};
    %end;
    .thread T_18;
    .scope S_0x6047d61b0a80;
T_19 ;
    %pushi/vec4 1, 0, 8;
    %store/vec4 v0x6047d61e5530_0, 0, 8;
    %pushi/vec4 1, 0, 8;
    %store/vec4 v0x6047d61e58e0_0, 0, 8;
    %pushi/vec4 9, 0, 32;
    %store/vec4 v0x6047d61e5350_0, 0, 32;
    %pushi/vec4 0, 0, 32; draw_string_vec4
    %pushi/vec4 0, 0, 32; draw_string_vec4
    %concat/vec4; draw_string_vec4
    %pushi/vec4 85, 0, 32; draw_string_vec4
    %concat/vec4; draw_string_vec4
    %pushi/vec4 1852404857, 0, 32; draw_string_vec4
    %concat/vec4; draw_string_vec4
    %pushi/vec4 538976288, 0, 32; draw_string_vec4
    %concat/vec4; draw_string_vec4
    %pushi/vec4 538976313, 0, 32; draw_string_vec4
    %concat/vec4; draw_string_vec4
    %pushi/vec4 707277098, 0, 32; draw_string_vec4
    %concat/vec4; draw_string_vec4
    %pushi/vec4 824786233, 0, 32; draw_string_vec4
    %concat/vec4; draw_string_vec4
    %store/vec4 v0x6047d61e5450_0, 0, 256;
    %fork TD_tb_top.run_test, S_0x6047d61e5120;
    %join;
    %pushi/vec4 3, 0, 8;
    %store/vec4 v0x6047d61e5530_0, 0, 8;
    %pushi/vec4 7, 0, 8;
    %store/vec4 v0x6047d61e58e0_0, 0, 8;
    %pushi/vec4 189, 0, 32;
    %store/vec4 v0x6047d61e5350_0, 0, 32;
    %pushi/vec4 0, 0, 32; draw_string_vec4
    %pushi/vec4 21093, 0, 32; draw_string_vec4
    %concat/vec4; draw_string_vec4
    %pushi/vec4 1886545267, 0, 32; draw_string_vec4
    %concat/vec4; draw_string_vec4
    %pushi/vec4 1701737569, 0, 32; draw_string_vec4
    %concat/vec4; draw_string_vec4
    %pushi/vec4 1953068645, 0, 32; draw_string_vec4
    %concat/vec4; draw_string_vec4
    %pushi/vec4 540617256, 0, 32; draw_string_vec4
    %concat/vec4; draw_string_vec4
    %pushi/vec4 858404649, 0, 32; draw_string_vec4
    %concat/vec4; draw_string_vec4
    %pushi/vec4 1026635833, 0, 32; draw_string_vec4
    %concat/vec4; draw_string_vec4
    %store/vec4 v0x6047d61e5450_0, 0, 256;
    %fork TD_tb_top.run_test, S_0x6047d61e5120;
    %join;
    %pushi/vec4 5, 0, 8;
    %store/vec4 v0x6047d61e5530_0, 0, 8;
    %pushi/vec4 253, 0, 8;
    %store/vec4 v0x6047d61e58e0_0, 0, 8;
    %pushi/vec4 4294967161, 0, 32;
    %store/vec4 v0x6047d61e5350_0, 0, 32;
    %pushi/vec4 0, 0, 32; draw_string_vec4
    %pushi/vec4 78, 0, 32; draw_string_vec4
    %concat/vec4; draw_string_vec4
    %pushi/vec4 1701273972, 0, 32; draw_string_vec4
    %concat/vec4; draw_string_vec4
    %pushi/vec4 1769366816, 0, 32; draw_string_vec4
    %concat/vec4; draw_string_vec4
    %pushi/vec4 538976313, 0, 32; draw_string_vec4
    %concat/vec4; draw_string_vec4
    %pushi/vec4 707278122, 0, 32; draw_string_vec4
    %concat/vec4; draw_string_vec4
    %pushi/vec4 758327613, 0, 32; draw_string_vec4
    %concat/vec4; draw_string_vec4
    %pushi/vec4 758199093, 0, 32; draw_string_vec4
    %concat/vec4; draw_string_vec4
    %store/vec4 v0x6047d61e5450_0, 0, 256;
    %fork TD_tb_top.run_test, S_0x6047d61e5120;
    %join;
    %vpi_call/w 3 263 "$display", "--------------------------------------------" {0 0 0};
    %load/vec4 v0x6047d61e6030_0;
    %load/vec4 v0x6047d61e5f50_0;
    %add;
    %vpi_call/w 3 264 "$display", "Tests passed: %0d / %0d", v0x6047d61e6030_0, S<0,vec4,s32> {1 0 0};
    %load/vec4 v0x6047d61e5f50_0;
    %cmpi/e 0, 0, 32;
    %jmp/0xz  T_19.0, 4;
    %vpi_call/w 3 267 "$display", "PASS" {0 0 0};
    %jmp T_19.1;
T_19.0 ;
    %vpi_call/w 3 269 "$display", "FAIL  (%0d test(s) failed)", v0x6047d61e5f50_0 {0 0 0};
T_19.1 ;
    %vpi_call/w 3 270 "$display", "--------------------------------------------" {0 0 0};
    %vpi_call/w 3 271 "$finish" {0 0 0};
    %end;
    .thread T_19;
# The file index is used to find the file name in the following table.
:file_names 8;
    "N/A";
    "<interactive>";
    "-";
    "tb/tb_top.sv";
    "rtl/top.sv";
    "../m2/rtl/compute_core.sv";
    "../m2/rtl/conv_pe.sv";
    "rtl/interface.sv";
