VCD info: dumpfile cosim_waveform.vcd opened for output.
[REGION 1] Writing 4 PE weights
[REGION 1] PE0 weight=3
[REGION 1] PE1 weight=7
[REGION 1] PE2 weight=-2
[REGION 1] PE3 weight=5
[REGION 2] Streaming 9 pixel taps
[REGION 2] Tap 0 done
[REGION 2] Tap 1 done
[REGION 2] Tap 2 done
[REGION 2] Tap 3 done
[REGION 2] Tap 4 done
[REGION 2] Tap 5 done
[REGION 2] Tap 6 done
[REGION 2] Tap 7 done
[REGION 2] Tap 8 done
[REGION 3] Reading results
[REGION 3] PE0: got=108 expected=108       OK
[REGION 3] PE1: got=252 expected=252       OK
[REGION 3] PE2: got=-72 expected=-72       OK
[REGION 3] PE3: got=180 expected=180       OK
PASS
../tb/tb_top.sv:53: $finish called at 1845000 (1ps)
